   1               		.file	"action_util.c"
   2               	__SP_H__ = 0x3e
   3               	__SP_L__ = 0x3d
   4               	__SREG__ = 0x3f
   5               	__RAMPZ__ = 0x3b
   6               	__tmp_reg__ = 0
   7               	__zero_reg__ = 1
   8               		.text
   9               	.Ltext0:
  10               		.cfi_sections	.debug_frame
  11               		.section	.text.get_oneshot_locked_mods,"ax",@progbits
  12               	.global	get_oneshot_locked_mods
  14               	get_oneshot_locked_mods:
  15               	.LFB103:
  16               		.file 1 "./tmk_core/common/action_util.c"
   1:./tmk_core/common/action_util.c **** /*
   2:./tmk_core/common/action_util.c **** Copyright 2013 Jun Wako <wakojun@gmail.com>
   3:./tmk_core/common/action_util.c **** 
   4:./tmk_core/common/action_util.c **** This program is free software: you can redistribute it and/or modify
   5:./tmk_core/common/action_util.c **** it under the terms of the GNU General Public License as published by
   6:./tmk_core/common/action_util.c **** the Free Software Foundation, either version 2 of the License, or
   7:./tmk_core/common/action_util.c **** (at your option) any later version.
   8:./tmk_core/common/action_util.c **** 
   9:./tmk_core/common/action_util.c **** This program is distributed in the hope that it will be useful,
  10:./tmk_core/common/action_util.c **** but WITHOUT ANY WARRANTY; without even the implied warranty of
  11:./tmk_core/common/action_util.c **** MERCHANTABILITY or FITNESS FOR A PARTICULAR PURPOSE.  See the
  12:./tmk_core/common/action_util.c **** GNU General Public License for more details.
  13:./tmk_core/common/action_util.c **** 
  14:./tmk_core/common/action_util.c **** You should have received a copy of the GNU General Public License
  15:./tmk_core/common/action_util.c **** along with this program.  If not, see <http://www.gnu.org/licenses/>.
  16:./tmk_core/common/action_util.c **** */
  17:./tmk_core/common/action_util.c **** #include "host.h"
  18:./tmk_core/common/action_util.c **** #include "report.h"
  19:./tmk_core/common/action_util.c **** #include "debug.h"
  20:./tmk_core/common/action_util.c **** #include "action_util.h"
  21:./tmk_core/common/action_util.c **** #include "action_layer.h"
  22:./tmk_core/common/action_util.c **** #include "timer.h"
  23:./tmk_core/common/action_util.c **** #include "keycode_config.h"
  24:./tmk_core/common/action_util.c **** 
  25:./tmk_core/common/action_util.c **** extern keymap_config_t keymap_config;
  26:./tmk_core/common/action_util.c **** 
  27:./tmk_core/common/action_util.c **** 
  28:./tmk_core/common/action_util.c **** static inline void add_key_byte(uint8_t code);
  29:./tmk_core/common/action_util.c **** static inline void del_key_byte(uint8_t code);
  30:./tmk_core/common/action_util.c **** #ifdef NKRO_ENABLE
  31:./tmk_core/common/action_util.c **** static inline void add_key_bit(uint8_t code);
  32:./tmk_core/common/action_util.c **** static inline void del_key_bit(uint8_t code);
  33:./tmk_core/common/action_util.c **** #endif
  34:./tmk_core/common/action_util.c **** 
  35:./tmk_core/common/action_util.c **** static uint8_t real_mods = 0;
  36:./tmk_core/common/action_util.c **** static uint8_t weak_mods = 0;
  37:./tmk_core/common/action_util.c **** static uint8_t macro_mods = 0;
  38:./tmk_core/common/action_util.c **** 
  39:./tmk_core/common/action_util.c **** #ifdef USB_6KRO_ENABLE
  40:./tmk_core/common/action_util.c **** #define RO_ADD(a, b) ((a + b) % KEYBOARD_REPORT_KEYS)
  41:./tmk_core/common/action_util.c **** #define RO_SUB(a, b) ((a - b + KEYBOARD_REPORT_KEYS) % KEYBOARD_REPORT_KEYS)
  42:./tmk_core/common/action_util.c **** #define RO_INC(a) RO_ADD(a, 1)
  43:./tmk_core/common/action_util.c **** #define RO_DEC(a) RO_SUB(a, 1)
  44:./tmk_core/common/action_util.c **** static int8_t cb_head = 0;
  45:./tmk_core/common/action_util.c **** static int8_t cb_tail = 0;
  46:./tmk_core/common/action_util.c **** static int8_t cb_count = 0;
  47:./tmk_core/common/action_util.c **** #endif
  48:./tmk_core/common/action_util.c **** 
  49:./tmk_core/common/action_util.c **** // TODO: pointer variable is not needed
  50:./tmk_core/common/action_util.c **** //report_keyboard_t keyboard_report = {};
  51:./tmk_core/common/action_util.c **** report_keyboard_t *keyboard_report = &(report_keyboard_t){};
  52:./tmk_core/common/action_util.c **** 
  53:./tmk_core/common/action_util.c **** #ifndef NO_ACTION_ONESHOT
  54:./tmk_core/common/action_util.c **** static int8_t oneshot_mods = 0;
  55:./tmk_core/common/action_util.c **** static int8_t oneshot_locked_mods = 0;
  56:./tmk_core/common/action_util.c **** int8_t get_oneshot_locked_mods(void) { return oneshot_locked_mods; }
  17               		.loc 1 56 38 view -0
  18               		.cfi_startproc
  19               	/* prologue: function */
  20               	/* frame size = 0 */
  21               	/* stack size = 0 */
  22               	.L__stack_usage = 0
  23               		.loc 1 56 40 view .LVU1
  24               		.loc 1 56 68 is_stmt 0 view .LVU2
  25 0000 8091 0000 		lds r24,oneshot_locked_mods
  26               	/* epilogue start */
  27 0004 0895      		ret
  28               		.cfi_endproc
  29               	.LFE103:
  31               		.section	.text.set_oneshot_locked_mods,"ax",@progbits
  32               	.global	set_oneshot_locked_mods
  34               	set_oneshot_locked_mods:
  35               	.LVL0:
  36               	.LFB104:
  57:./tmk_core/common/action_util.c **** void set_oneshot_locked_mods(int8_t mods) { oneshot_locked_mods = mods; }
  37               		.loc 1 57 43 is_stmt 1 view -0
  38               		.cfi_startproc
  39               	/* prologue: function */
  40               	/* frame size = 0 */
  41               	/* stack size = 0 */
  42               	.L__stack_usage = 0
  43               		.loc 1 57 45 view .LVU4
  44               		.loc 1 57 65 is_stmt 0 view .LVU5
  45 0000 8093 0000 		sts oneshot_locked_mods,r24
  46               	/* epilogue start */
  47               		.loc 1 57 73 view .LVU6
  48 0004 0895      		ret
  49               		.cfi_endproc
  50               	.LFE104:
  52               		.section	.text.clear_oneshot_locked_mods,"ax",@progbits
  53               	.global	clear_oneshot_locked_mods
  55               	clear_oneshot_locked_mods:
  56               	.LFB105:
  58:./tmk_core/common/action_util.c **** void clear_oneshot_locked_mods(void) { oneshot_locked_mods = 0; }
  57               		.loc 1 58 38 is_stmt 1 view -0
  58               		.cfi_startproc
  59               	/* prologue: function */
  60               	/* frame size = 0 */
  61               	/* stack size = 0 */
  62               	.L__stack_usage = 0
  63               		.loc 1 58 40 view .LVU8
  64               		.loc 1 58 60 is_stmt 0 view .LVU9
  65 0000 1092 0000 		sts oneshot_locked_mods,__zero_reg__
  66               	/* epilogue start */
  67               		.loc 1 58 65 view .LVU10
  68 0004 0895      		ret
  69               		.cfi_endproc
  70               	.LFE105:
  72               		.section	.text.get_oneshot_layer,"ax",@progbits
  73               	.global	get_oneshot_layer
  75               	get_oneshot_layer:
  76               	.LFB106:
  59:./tmk_core/common/action_util.c **** #if (defined(ONESHOT_TIMEOUT) && (ONESHOT_TIMEOUT > 0))
  60:./tmk_core/common/action_util.c **** static int16_t oneshot_time = 0;
  61:./tmk_core/common/action_util.c **** inline bool has_oneshot_mods_timed_out() {
  62:./tmk_core/common/action_util.c ****   return TIMER_DIFF_16(timer_read(), oneshot_time) >= ONESHOT_TIMEOUT;
  63:./tmk_core/common/action_util.c **** }
  64:./tmk_core/common/action_util.c **** #endif
  65:./tmk_core/common/action_util.c **** #endif
  66:./tmk_core/common/action_util.c **** 
  67:./tmk_core/common/action_util.c **** /* oneshot layer */
  68:./tmk_core/common/action_util.c **** #ifndef NO_ACTION_ONESHOT
  69:./tmk_core/common/action_util.c **** /* oneshot_layer_data bits
  70:./tmk_core/common/action_util.c **** * LLLL LSSS
  71:./tmk_core/common/action_util.c **** * where:
  72:./tmk_core/common/action_util.c **** *   L => are layer bits
  73:./tmk_core/common/action_util.c **** *   S => oneshot state bits
  74:./tmk_core/common/action_util.c **** */
  75:./tmk_core/common/action_util.c **** static int8_t oneshot_layer_data = 0;
  76:./tmk_core/common/action_util.c **** 
  77:./tmk_core/common/action_util.c **** inline uint8_t get_oneshot_layer(void) { return oneshot_layer_data >> 3; }
  77               		.loc 1 77 40 is_stmt 1 view -0
  78               		.cfi_startproc
  79               	/* prologue: function */
  80               	/* frame size = 0 */
  81               	/* stack size = 0 */
  82               	.L__stack_usage = 0
  83               		.loc 1 77 42 view .LVU12
  84               		.loc 1 77 68 is_stmt 0 view .LVU13
  85 0000 8091 0000 		lds r24,oneshot_layer_data
  86               		.loc 1 77 74 view .LVU14
  87 0004 8595      		asr r24
  88 0006 8595      		asr r24
  89 0008 8595      		asr r24
  90               	/* epilogue start */
  91 000a 0895      		ret
  92               		.cfi_endproc
  93               	.LFE106:
  95               		.section	.text.get_oneshot_layer_state,"ax",@progbits
  96               	.global	get_oneshot_layer_state
  98               	get_oneshot_layer_state:
  99               	.LFB107:
  78:./tmk_core/common/action_util.c **** inline uint8_t get_oneshot_layer_state(void) { return oneshot_layer_data & 0b111; }
 100               		.loc 1 78 46 is_stmt 1 view -0
 101               		.cfi_startproc
 102               	/* prologue: function */
 103               	/* frame size = 0 */
 104               	/* stack size = 0 */
 105               	.L__stack_usage = 0
 106               		.loc 1 78 48 view .LVU16
 107               		.loc 1 78 74 is_stmt 0 view .LVU17
 108 0000 8091 0000 		lds r24,oneshot_layer_data
 109               		.loc 1 78 83 view .LVU18
 110 0004 8770      		andi r24,lo8(7)
 111               	/* epilogue start */
 112 0006 0895      		ret
 113               		.cfi_endproc
 114               	.LFE107:
 116               		.section	.text.set_oneshot_layer,"ax",@progbits
 117               	.global	set_oneshot_layer
 119               	set_oneshot_layer:
 120               	.LVL1:
 121               	.LFB108:
  79:./tmk_core/common/action_util.c **** 
  80:./tmk_core/common/action_util.c **** #if (defined(ONESHOT_TIMEOUT) && (ONESHOT_TIMEOUT > 0))
  81:./tmk_core/common/action_util.c **** static int16_t oneshot_layer_time = 0;
  82:./tmk_core/common/action_util.c **** inline bool has_oneshot_layer_timed_out() {
  83:./tmk_core/common/action_util.c ****     return TIMER_DIFF_16(timer_read(), oneshot_layer_time) >= ONESHOT_TIMEOUT &&
  84:./tmk_core/common/action_util.c ****         !(get_oneshot_layer_state() & ONESHOT_TOGGLED);
  85:./tmk_core/common/action_util.c **** }
  86:./tmk_core/common/action_util.c **** #endif
  87:./tmk_core/common/action_util.c **** 
  88:./tmk_core/common/action_util.c **** /* Oneshot layer */
  89:./tmk_core/common/action_util.c **** void set_oneshot_layer(uint8_t layer, uint8_t state)
  90:./tmk_core/common/action_util.c **** {
 122               		.loc 1 90 1 is_stmt 1 view -0
 123               		.cfi_startproc
 124               	/* prologue: function */
 125               	/* frame size = 0 */
 126               	/* stack size = 0 */
 127               	.L__stack_usage = 0
  91:./tmk_core/common/action_util.c ****     oneshot_layer_data = layer << 3 | state;
 128               		.loc 1 91 5 view .LVU20
 129               		.loc 1 91 32 is_stmt 0 view .LVU21
 130 0000 98E0      		ldi r25,lo8(8)
 131 0002 899F      		mul r24,r25
 132 0004 9001      		movw r18,r0
 133 0006 1124      		clr __zero_reg__
 134               		.loc 1 91 37 view .LVU22
 135 0008 622B      		or r22,r18
 136               	.LVL2:
 137               		.loc 1 91 24 view .LVU23
 138 000a 6093 0000 		sts oneshot_layer_data,r22
  92:./tmk_core/common/action_util.c ****     layer_on(layer);
 139               		.loc 1 92 5 is_stmt 1 view .LVU24
 140 000e 0C94 0000 		jmp layer_on
 141               	.LVL3:
 142               		.loc 1 92 5 is_stmt 0 view .LVU25
 143               		.cfi_endproc
 144               	.LFE108:
 146               		.section	.text.reset_oneshot_layer,"ax",@progbits
 147               	.global	reset_oneshot_layer
 149               	reset_oneshot_layer:
 150               	.LFB109:
  93:./tmk_core/common/action_util.c **** #if (defined(ONESHOT_TIMEOUT) && (ONESHOT_TIMEOUT > 0))
  94:./tmk_core/common/action_util.c ****     oneshot_layer_time = timer_read();
  95:./tmk_core/common/action_util.c **** #endif
  96:./tmk_core/common/action_util.c **** }
  97:./tmk_core/common/action_util.c **** void reset_oneshot_layer(void) {
 151               		.loc 1 97 32 is_stmt 1 view -0
 152               		.cfi_startproc
 153               	/* prologue: function */
 154               	/* frame size = 0 */
 155               	/* stack size = 0 */
 156               	.L__stack_usage = 0
  98:./tmk_core/common/action_util.c ****     oneshot_layer_data = 0;
 157               		.loc 1 98 5 view .LVU27
 158               		.loc 1 98 24 is_stmt 0 view .LVU28
 159 0000 1092 0000 		sts oneshot_layer_data,__zero_reg__
 160               	/* epilogue start */
  99:./tmk_core/common/action_util.c **** #if (defined(ONESHOT_TIMEOUT) && (ONESHOT_TIMEOUT > 0))
 100:./tmk_core/common/action_util.c ****     oneshot_layer_time = 0;
 101:./tmk_core/common/action_util.c **** #endif
 102:./tmk_core/common/action_util.c **** }
 161               		.loc 1 102 1 view .LVU29
 162 0004 0895      		ret
 163               		.cfi_endproc
 164               	.LFE109:
 166               		.section	.text.clear_oneshot_layer_state,"ax",@progbits
 167               	.global	clear_oneshot_layer_state
 169               	clear_oneshot_layer_state:
 170               	.LVL4:
 171               	.LFB110:
 103:./tmk_core/common/action_util.c **** void clear_oneshot_layer_state(oneshot_fullfillment_t state)
 104:./tmk_core/common/action_util.c **** {
 172               		.loc 1 104 1 is_stmt 1 view -0
 173               		.cfi_startproc
 174               	/* prologue: function */
 175               	/* frame size = 0 */
 176               	/* stack size = 0 */
 177               	.L__stack_usage = 0
 105:./tmk_core/common/action_util.c ****     uint8_t start_state = oneshot_layer_data;
 178               		.loc 1 105 5 view .LVU31
 179               		.loc 1 105 13 is_stmt 0 view .LVU32
 180 0000 9091 0000 		lds r25,oneshot_layer_data
 181               	.LVL5:
 106:./tmk_core/common/action_util.c ****     oneshot_layer_data &= ~state;
 182               		.loc 1 106 5 is_stmt 1 view .LVU33
 183               		.loc 1 106 24 is_stmt 0 view .LVU34
 184 0004 8095      		com r24
 185               	.LVL6:
 186               		.loc 1 106 24 view .LVU35
 187 0006 8923      		and r24,r25
 188               	.LVL7:
 189               		.loc 1 106 24 view .LVU36
 190 0008 8093 0000 		sts oneshot_layer_data,r24
 107:./tmk_core/common/action_util.c ****     if (!get_oneshot_layer_state() && start_state != oneshot_layer_data) {
 191               		.loc 1 107 5 is_stmt 1 view .LVU37
 192               	.LBB8:
 193               	.LBI8:
  78:./tmk_core/common/action_util.c **** 
 194               		.loc 1 78 16 view .LVU38
 195               	.LBB9:
  78:./tmk_core/common/action_util.c **** 
 196               		.loc 1 78 48 view .LVU39
  78:./tmk_core/common/action_util.c **** 
 197               		.loc 1 78 74 is_stmt 0 view .LVU40
 198 000c 282F      		mov r18,r24
 199 000e 2770      		andi r18,lo8(7)
 200               	.LBE9:
 201               	.LBE8:
 202               		.loc 1 107 8 view .LVU41
 203 0010 01F4      		brne .L8
 204               		.loc 1 107 51 discriminator 1 view .LVU42
 205 0012 282F      		mov r18,r24
 206 0014 082E      		mov __tmp_reg__,r24
 207 0016 000C      		lsl r0
 208 0018 330B      		sbc r19,r19
 209               		.loc 1 107 36 discriminator 1 view .LVU43
 210 001a 9217      		cp r25,r18
 211 001c 1306      		cpc __zero_reg__,r19
 212 001e 01F0      		breq .L8
 108:./tmk_core/common/action_util.c ****         layer_off(get_oneshot_layer());
 213               		.loc 1 108 9 is_stmt 1 view .LVU44
 214               	.LBB10:
 215               	.LBI10:
  77:./tmk_core/common/action_util.c **** inline uint8_t get_oneshot_layer_state(void) { return oneshot_layer_data & 0b111; }
 216               		.loc 1 77 16 view .LVU45
 217               	.LBB11:
  77:./tmk_core/common/action_util.c **** inline uint8_t get_oneshot_layer_state(void) { return oneshot_layer_data & 0b111; }
 218               		.loc 1 77 42 view .LVU46
 219               	.LBE11:
 220               	.LBE10:
 221               		.loc 1 108 9 is_stmt 0 view .LVU47
 222 0020 8595      		asr r24
 223 0022 8595      		asr r24
 224 0024 8595      		asr r24
 225 0026 0C94 0000 		jmp layer_off
 226               	.LVL8:
 227               	.L8:
 228               	/* epilogue start */
 109:./tmk_core/common/action_util.c **** #if (defined(ONESHOT_TIMEOUT) && (ONESHOT_TIMEOUT > 0))
 110:./tmk_core/common/action_util.c ****     oneshot_layer_time = 0;
 111:./tmk_core/common/action_util.c **** #endif
 112:./tmk_core/common/action_util.c ****     }
 113:./tmk_core/common/action_util.c **** }
 229               		.loc 1 113 1 view .LVU48
 230 002a 0895      		ret
 231               		.cfi_endproc
 232               	.LFE110:
 234               		.section	.text.is_oneshot_layer_active,"ax",@progbits
 235               	.global	is_oneshot_layer_active
 237               	is_oneshot_layer_active:
 238               	.LFB111:
 114:./tmk_core/common/action_util.c **** bool is_oneshot_layer_active(void)
 115:./tmk_core/common/action_util.c **** {
 239               		.loc 1 115 1 is_stmt 1 view -0
 240               		.cfi_startproc
 241               	/* prologue: function */
 242               	/* frame size = 0 */
 243               	/* stack size = 0 */
 244               	.L__stack_usage = 0
 116:./tmk_core/common/action_util.c ****     return get_oneshot_layer_state();
 245               		.loc 1 116 5 view .LVU50
 246               	.LBB12:
 247               	.LBI12:
  78:./tmk_core/common/action_util.c **** 
 248               		.loc 1 78 16 view .LVU51
 249               	.LBB13:
  78:./tmk_core/common/action_util.c **** 
 250               		.loc 1 78 48 view .LVU52
  78:./tmk_core/common/action_util.c **** 
 251               		.loc 1 78 74 is_stmt 0 view .LVU53
 252 0000 9091 0000 		lds r25,oneshot_layer_data
 253 0004 9770      		andi r25,lo8(7)
 254               	.LBE13:
 255               	.LBE12:
 256               		.loc 1 116 12 view .LVU54
 257 0006 81E0      		ldi r24,lo8(1)
 258 0008 01F4      		brne .L11
 259 000a 80E0      		ldi r24,0
 260               	.L11:
 261               	/* epilogue start */
 117:./tmk_core/common/action_util.c **** }
 262               		.loc 1 117 1 view .LVU55
 263 000c 0895      		ret
 264               		.cfi_endproc
 265               	.LFE111:
 267               		.section	.text.add_key,"ax",@progbits
 268               	.global	add_key
 270               	add_key:
 271               	.LVL9:
 272               	.LFB113:
 118:./tmk_core/common/action_util.c **** #endif
 119:./tmk_core/common/action_util.c **** 
 120:./tmk_core/common/action_util.c **** void send_keyboard_report(void) {
 121:./tmk_core/common/action_util.c ****     keyboard_report->mods  = real_mods;
 122:./tmk_core/common/action_util.c ****     keyboard_report->mods |= weak_mods;
 123:./tmk_core/common/action_util.c ****     keyboard_report->mods |= macro_mods;
 124:./tmk_core/common/action_util.c **** #ifndef NO_ACTION_ONESHOT
 125:./tmk_core/common/action_util.c ****     if (oneshot_mods) {
 126:./tmk_core/common/action_util.c **** #if (defined(ONESHOT_TIMEOUT) && (ONESHOT_TIMEOUT > 0))
 127:./tmk_core/common/action_util.c ****         if (has_oneshot_mods_timed_out()) {
 128:./tmk_core/common/action_util.c ****             dprintf("Oneshot: timeout\n");
 129:./tmk_core/common/action_util.c ****             clear_oneshot_mods();
 130:./tmk_core/common/action_util.c ****         }
 131:./tmk_core/common/action_util.c **** #endif
 132:./tmk_core/common/action_util.c ****         keyboard_report->mods |= oneshot_mods;
 133:./tmk_core/common/action_util.c ****         if (has_anykey()) {
 134:./tmk_core/common/action_util.c ****             clear_oneshot_mods();
 135:./tmk_core/common/action_util.c ****         }
 136:./tmk_core/common/action_util.c ****     }
 137:./tmk_core/common/action_util.c **** 
 138:./tmk_core/common/action_util.c **** #endif
 139:./tmk_core/common/action_util.c ****     host_keyboard_send(keyboard_report);
 140:./tmk_core/common/action_util.c **** }
 141:./tmk_core/common/action_util.c **** 
 142:./tmk_core/common/action_util.c **** /* key */
 143:./tmk_core/common/action_util.c **** void add_key(uint8_t key)
 144:./tmk_core/common/action_util.c **** {
 273               		.loc 1 144 1 is_stmt 1 view -0
 274               		.cfi_startproc
 275               	/* prologue: function */
 276               	/* frame size = 0 */
 277               	/* stack size = 0 */
 278               	.L__stack_usage = 0
 145:./tmk_core/common/action_util.c **** #ifdef NKRO_ENABLE
 146:./tmk_core/common/action_util.c ****     if (keyboard_protocol && keymap_config.nkro) {
 279               		.loc 1 146 5 view .LVU57
 280               		.loc 1 146 8 is_stmt 0 view .LVU58
 281 0000 9091 0000 		lds r25,keyboard_protocol
 282 0004 9923      		tst r25
 283 0006 01F0      		breq .L13
 284               		.loc 1 146 27 discriminator 1 view .LVU59
 285 0008 9091 0000 		lds r25,keymap_config
 286 000c 97FF      		sbrs r25,7
 287 000e 00C0      		rjmp .L13
 147:./tmk_core/common/action_util.c ****         add_key_bit(key);
 288               		.loc 1 147 9 is_stmt 1 view .LVU60
 289               	.LVL10:
 290               	.LBB18:
 291               	.LBI18:
 148:./tmk_core/common/action_util.c ****         return;
 149:./tmk_core/common/action_util.c ****     }
 150:./tmk_core/common/action_util.c **** #endif
 151:./tmk_core/common/action_util.c ****     add_key_byte(key);
 152:./tmk_core/common/action_util.c **** }
 153:./tmk_core/common/action_util.c **** 
 154:./tmk_core/common/action_util.c **** void del_key(uint8_t key)
 155:./tmk_core/common/action_util.c **** {
 156:./tmk_core/common/action_util.c **** #ifdef NKRO_ENABLE
 157:./tmk_core/common/action_util.c ****     if (keyboard_protocol && keymap_config.nkro) {
 158:./tmk_core/common/action_util.c ****         del_key_bit(key);
 159:./tmk_core/common/action_util.c ****         return;
 160:./tmk_core/common/action_util.c ****     }
 161:./tmk_core/common/action_util.c **** #endif
 162:./tmk_core/common/action_util.c ****     del_key_byte(key);
 163:./tmk_core/common/action_util.c **** }
 164:./tmk_core/common/action_util.c **** 
 165:./tmk_core/common/action_util.c **** void clear_keys(void)
 166:./tmk_core/common/action_util.c **** {
 167:./tmk_core/common/action_util.c ****     // not clear mods
 168:./tmk_core/common/action_util.c ****     for (int8_t i = 1; i < KEYBOARD_REPORT_SIZE; i++) {
 169:./tmk_core/common/action_util.c ****         keyboard_report->raw[i] = 0;
 170:./tmk_core/common/action_util.c ****     }
 171:./tmk_core/common/action_util.c **** }
 172:./tmk_core/common/action_util.c **** 
 173:./tmk_core/common/action_util.c **** 
 174:./tmk_core/common/action_util.c **** /* modifier */
 175:./tmk_core/common/action_util.c **** uint8_t get_mods(void) { return real_mods; }
 176:./tmk_core/common/action_util.c **** void add_mods(uint8_t mods) { real_mods |= mods; }
 177:./tmk_core/common/action_util.c **** void del_mods(uint8_t mods) { real_mods &= ~mods; }
 178:./tmk_core/common/action_util.c **** void set_mods(uint8_t mods) { real_mods = mods; }
 179:./tmk_core/common/action_util.c **** void clear_mods(void) { real_mods = 0; }
 180:./tmk_core/common/action_util.c **** 
 181:./tmk_core/common/action_util.c **** /* weak modifier */
 182:./tmk_core/common/action_util.c **** uint8_t get_weak_mods(void) { return weak_mods; }
 183:./tmk_core/common/action_util.c **** void add_weak_mods(uint8_t mods) { weak_mods |= mods; }
 184:./tmk_core/common/action_util.c **** void del_weak_mods(uint8_t mods) { weak_mods &= ~mods; }
 185:./tmk_core/common/action_util.c **** void set_weak_mods(uint8_t mods) { weak_mods = mods; }
 186:./tmk_core/common/action_util.c **** void clear_weak_mods(void) { weak_mods = 0; }
 187:./tmk_core/common/action_util.c **** 
 188:./tmk_core/common/action_util.c **** /* macro modifier */
 189:./tmk_core/common/action_util.c **** uint8_t get_macro_mods(void) { return macro_mods; }
 190:./tmk_core/common/action_util.c **** void add_macro_mods(uint8_t mods) { macro_mods |= mods; }
 191:./tmk_core/common/action_util.c **** void del_macro_mods(uint8_t mods) { macro_mods &= ~mods; }
 192:./tmk_core/common/action_util.c **** void set_macro_mods(uint8_t mods) { macro_mods = mods; }
 193:./tmk_core/common/action_util.c **** void clear_macro_mods(void) { macro_mods = 0; }
 194:./tmk_core/common/action_util.c **** 
 195:./tmk_core/common/action_util.c **** /* Oneshot modifier */
 196:./tmk_core/common/action_util.c **** #ifndef NO_ACTION_ONESHOT
 197:./tmk_core/common/action_util.c **** void set_oneshot_mods(uint8_t mods)
 198:./tmk_core/common/action_util.c **** {
 199:./tmk_core/common/action_util.c ****     oneshot_mods = mods;
 200:./tmk_core/common/action_util.c **** #if (defined(ONESHOT_TIMEOUT) && (ONESHOT_TIMEOUT > 0))
 201:./tmk_core/common/action_util.c ****     oneshot_time = timer_read();
 202:./tmk_core/common/action_util.c **** #endif
 203:./tmk_core/common/action_util.c **** }
 204:./tmk_core/common/action_util.c **** void clear_oneshot_mods(void)
 205:./tmk_core/common/action_util.c **** {
 206:./tmk_core/common/action_util.c ****     oneshot_mods = 0;
 207:./tmk_core/common/action_util.c **** #if (defined(ONESHOT_TIMEOUT) && (ONESHOT_TIMEOUT > 0))
 208:./tmk_core/common/action_util.c ****     oneshot_time = 0;
 209:./tmk_core/common/action_util.c **** #endif
 210:./tmk_core/common/action_util.c **** }
 211:./tmk_core/common/action_util.c **** uint8_t get_oneshot_mods(void)
 212:./tmk_core/common/action_util.c **** {
 213:./tmk_core/common/action_util.c ****     return oneshot_mods;
 214:./tmk_core/common/action_util.c **** }
 215:./tmk_core/common/action_util.c **** #endif
 216:./tmk_core/common/action_util.c **** 
 217:./tmk_core/common/action_util.c **** /*
 218:./tmk_core/common/action_util.c ****  * inspect keyboard state
 219:./tmk_core/common/action_util.c ****  */
 220:./tmk_core/common/action_util.c **** uint8_t has_anykey(void)
 221:./tmk_core/common/action_util.c **** {
 222:./tmk_core/common/action_util.c ****     uint8_t cnt = 0;
 223:./tmk_core/common/action_util.c ****     for (uint8_t i = 1; i < KEYBOARD_REPORT_SIZE; i++) {
 224:./tmk_core/common/action_util.c ****         if (keyboard_report->raw[i])
 225:./tmk_core/common/action_util.c ****             cnt++;
 226:./tmk_core/common/action_util.c ****     }
 227:./tmk_core/common/action_util.c ****     return cnt;
 228:./tmk_core/common/action_util.c **** }
 229:./tmk_core/common/action_util.c **** 
 230:./tmk_core/common/action_util.c **** uint8_t has_anymod(void)
 231:./tmk_core/common/action_util.c **** {
 232:./tmk_core/common/action_util.c ****     return bitpop(real_mods);
 233:./tmk_core/common/action_util.c **** }
 234:./tmk_core/common/action_util.c **** 
 235:./tmk_core/common/action_util.c **** uint8_t get_first_key(void)
 236:./tmk_core/common/action_util.c **** {
 237:./tmk_core/common/action_util.c **** #ifdef NKRO_ENABLE
 238:./tmk_core/common/action_util.c ****     if (keyboard_protocol && keymap_config.nkro) {
 239:./tmk_core/common/action_util.c ****         uint8_t i = 0;
 240:./tmk_core/common/action_util.c ****         for (; i < KEYBOARD_REPORT_BITS && !keyboard_report->nkro.bits[i]; i++)
 241:./tmk_core/common/action_util.c ****             ;
 242:./tmk_core/common/action_util.c ****         return i<<3 | biton(keyboard_report->nkro.bits[i]);
 243:./tmk_core/common/action_util.c ****     }
 244:./tmk_core/common/action_util.c **** #endif
 245:./tmk_core/common/action_util.c **** #ifdef USB_6KRO_ENABLE
 246:./tmk_core/common/action_util.c ****     uint8_t i = cb_head;
 247:./tmk_core/common/action_util.c ****     do {
 248:./tmk_core/common/action_util.c ****         if (keyboard_report->keys[i] != 0) {
 249:./tmk_core/common/action_util.c ****             break;
 250:./tmk_core/common/action_util.c ****         }
 251:./tmk_core/common/action_util.c ****         i = RO_INC(i);
 252:./tmk_core/common/action_util.c ****     } while (i != cb_tail);
 253:./tmk_core/common/action_util.c ****     return keyboard_report->keys[i];
 254:./tmk_core/common/action_util.c **** #else
 255:./tmk_core/common/action_util.c ****     return keyboard_report->keys[0];
 256:./tmk_core/common/action_util.c **** #endif
 257:./tmk_core/common/action_util.c **** }
 258:./tmk_core/common/action_util.c **** 
 259:./tmk_core/common/action_util.c **** 
 260:./tmk_core/common/action_util.c **** 
 261:./tmk_core/common/action_util.c **** /* local functions */
 262:./tmk_core/common/action_util.c **** static inline void add_key_byte(uint8_t code)
 263:./tmk_core/common/action_util.c **** {
 264:./tmk_core/common/action_util.c **** #ifdef USB_6KRO_ENABLE
 265:./tmk_core/common/action_util.c ****     int8_t i = cb_head;
 266:./tmk_core/common/action_util.c ****     int8_t empty = -1;
 267:./tmk_core/common/action_util.c ****     if (cb_count) {
 268:./tmk_core/common/action_util.c ****         do {
 269:./tmk_core/common/action_util.c ****             if (keyboard_report->keys[i] == code) {
 270:./tmk_core/common/action_util.c ****                 return;
 271:./tmk_core/common/action_util.c ****             }
 272:./tmk_core/common/action_util.c ****             if (empty == -1 && keyboard_report->keys[i] == 0) {
 273:./tmk_core/common/action_util.c ****                 empty = i;
 274:./tmk_core/common/action_util.c ****             }
 275:./tmk_core/common/action_util.c ****             i = RO_INC(i);
 276:./tmk_core/common/action_util.c ****         } while (i != cb_tail);
 277:./tmk_core/common/action_util.c ****         if (i == cb_tail) {
 278:./tmk_core/common/action_util.c ****             if (cb_tail == cb_head) {
 279:./tmk_core/common/action_util.c ****                 // buffer is full
 280:./tmk_core/common/action_util.c ****                 if (empty == -1) {
 281:./tmk_core/common/action_util.c ****                     // pop head when has no empty space
 282:./tmk_core/common/action_util.c ****                     cb_head = RO_INC(cb_head);
 283:./tmk_core/common/action_util.c ****                     cb_count--;
 284:./tmk_core/common/action_util.c ****                 }
 285:./tmk_core/common/action_util.c ****                 else {
 286:./tmk_core/common/action_util.c ****                     // left shift when has empty space
 287:./tmk_core/common/action_util.c ****                     uint8_t offset = 1;
 288:./tmk_core/common/action_util.c ****                     i = RO_INC(empty);
 289:./tmk_core/common/action_util.c ****                     do {
 290:./tmk_core/common/action_util.c ****                         if (keyboard_report->keys[i] != 0) {
 291:./tmk_core/common/action_util.c ****                             keyboard_report->keys[empty] = keyboard_report->keys[i];
 292:./tmk_core/common/action_util.c ****                             keyboard_report->keys[i] = 0;
 293:./tmk_core/common/action_util.c ****                             empty = RO_INC(empty);
 294:./tmk_core/common/action_util.c ****                         }
 295:./tmk_core/common/action_util.c ****                         else {
 296:./tmk_core/common/action_util.c ****                             offset++;
 297:./tmk_core/common/action_util.c ****                         }
 298:./tmk_core/common/action_util.c ****                         i = RO_INC(i);
 299:./tmk_core/common/action_util.c ****                     } while (i != cb_tail);
 300:./tmk_core/common/action_util.c ****                     cb_tail = RO_SUB(cb_tail, offset);
 301:./tmk_core/common/action_util.c ****                 }
 302:./tmk_core/common/action_util.c ****             }
 303:./tmk_core/common/action_util.c ****         }
 304:./tmk_core/common/action_util.c ****     }
 305:./tmk_core/common/action_util.c ****     // add to tail
 306:./tmk_core/common/action_util.c ****     keyboard_report->keys[cb_tail] = code;
 307:./tmk_core/common/action_util.c ****     cb_tail = RO_INC(cb_tail);
 308:./tmk_core/common/action_util.c ****     cb_count++;
 309:./tmk_core/common/action_util.c **** #else
 310:./tmk_core/common/action_util.c ****     int8_t i = 0;
 311:./tmk_core/common/action_util.c ****     int8_t empty = -1;
 312:./tmk_core/common/action_util.c ****     for (; i < KEYBOARD_REPORT_KEYS; i++) {
 313:./tmk_core/common/action_util.c ****         if (keyboard_report->keys[i] == code) {
 314:./tmk_core/common/action_util.c ****             break;
 315:./tmk_core/common/action_util.c ****         }
 316:./tmk_core/common/action_util.c ****         if (empty == -1 && keyboard_report->keys[i] == 0) {
 317:./tmk_core/common/action_util.c ****             empty = i;
 318:./tmk_core/common/action_util.c ****         }
 319:./tmk_core/common/action_util.c ****     }
 320:./tmk_core/common/action_util.c ****     if (i == KEYBOARD_REPORT_KEYS) {
 321:./tmk_core/common/action_util.c ****         if (empty != -1) {
 322:./tmk_core/common/action_util.c ****             keyboard_report->keys[empty] = code;
 323:./tmk_core/common/action_util.c ****         }
 324:./tmk_core/common/action_util.c ****     }
 325:./tmk_core/common/action_util.c **** #endif
 326:./tmk_core/common/action_util.c **** }
 327:./tmk_core/common/action_util.c **** 
 328:./tmk_core/common/action_util.c **** static inline void del_key_byte(uint8_t code)
 329:./tmk_core/common/action_util.c **** {
 330:./tmk_core/common/action_util.c **** #ifdef USB_6KRO_ENABLE
 331:./tmk_core/common/action_util.c ****     uint8_t i = cb_head;
 332:./tmk_core/common/action_util.c ****     if (cb_count) {
 333:./tmk_core/common/action_util.c ****         do {
 334:./tmk_core/common/action_util.c ****             if (keyboard_report->keys[i] == code) {
 335:./tmk_core/common/action_util.c ****                 keyboard_report->keys[i] = 0;
 336:./tmk_core/common/action_util.c ****                 cb_count--;
 337:./tmk_core/common/action_util.c ****                 if (cb_count == 0) {
 338:./tmk_core/common/action_util.c ****                     // reset head and tail
 339:./tmk_core/common/action_util.c ****                     cb_tail = cb_head = 0;
 340:./tmk_core/common/action_util.c ****                 }
 341:./tmk_core/common/action_util.c ****                 if (i == RO_DEC(cb_tail)) {
 342:./tmk_core/common/action_util.c ****                     // left shift when next to tail
 343:./tmk_core/common/action_util.c ****                     do {
 344:./tmk_core/common/action_util.c ****                         cb_tail = RO_DEC(cb_tail);
 345:./tmk_core/common/action_util.c ****                         if (keyboard_report->keys[RO_DEC(cb_tail)] != 0) {
 346:./tmk_core/common/action_util.c ****                             break;
 347:./tmk_core/common/action_util.c ****                         }
 348:./tmk_core/common/action_util.c ****                     } while (cb_tail != cb_head);
 349:./tmk_core/common/action_util.c ****                 }
 350:./tmk_core/common/action_util.c ****                 break;
 351:./tmk_core/common/action_util.c ****             }
 352:./tmk_core/common/action_util.c ****             i = RO_INC(i);
 353:./tmk_core/common/action_util.c ****         } while (i != cb_tail);
 354:./tmk_core/common/action_util.c ****     }
 355:./tmk_core/common/action_util.c **** #else
 356:./tmk_core/common/action_util.c ****     for (uint8_t i = 0; i < KEYBOARD_REPORT_KEYS; i++) {
 357:./tmk_core/common/action_util.c ****         if (keyboard_report->keys[i] == code) {
 358:./tmk_core/common/action_util.c ****             keyboard_report->keys[i] = 0;
 359:./tmk_core/common/action_util.c ****         }
 360:./tmk_core/common/action_util.c ****     }
 361:./tmk_core/common/action_util.c **** #endif
 362:./tmk_core/common/action_util.c **** }
 363:./tmk_core/common/action_util.c **** 
 364:./tmk_core/common/action_util.c **** #ifdef NKRO_ENABLE
 365:./tmk_core/common/action_util.c **** static inline void add_key_bit(uint8_t code)
 292               		.loc 1 365 20 view .LVU61
 293               	.LBB19:
 366:./tmk_core/common/action_util.c **** {
 367:./tmk_core/common/action_util.c ****     if ((code>>3) < KEYBOARD_REPORT_BITS) {
 294               		.loc 1 367 5 view .LVU62
 295               		.loc 1 367 19 is_stmt 0 view .LVU63
 296 0010 982F      		mov r25,r24
 297 0012 9695      		lsr r25
 298 0014 9695      		lsr r25
 299 0016 9695      		lsr r25
 300               		.loc 1 367 8 view .LVU64
 301 0018 9F31      		cpi r25,lo8(31)
 302 001a 01F0      		breq .L12
 368:./tmk_core/common/action_util.c ****         keyboard_report->nkro.bits[code>>3] |= 1<<(code&7);
 303               		.loc 1 368 9 is_stmt 1 view .LVU65
 304               		.loc 1 368 45 is_stmt 0 view .LVU66
 305 001c E091 0000 		lds r30,keyboard_report
 306 0020 F091 0000 		lds r31,keyboard_report+1
 307 0024 E90F      		add r30,r25
 308 0026 F11D      		adc r31,__zero_reg__
 309               		.loc 1 368 56 view .LVU67
 310 0028 8770      		andi r24,lo8(7)
 311               	.LVL11:
 312               		.loc 1 368 49 view .LVU68
 313 002a 21E0      		ldi r18,lo8(1)
 314 002c 30E0      		ldi r19,0
 315 002e 00C0      		rjmp 2f
 316               		1:
 317 0030 220F      		lsl r18
 318               		2:
 319 0032 8A95      		dec r24
 320 0034 02F4      		brpl 1b
 321               		.loc 1 368 45 view .LVU69
 322 0036 8181      		ldd r24,Z+1
 323 0038 822B      		or r24,r18
 324 003a 8183      		std Z+1,r24
 325 003c 0895      		ret
 326               	.LVL12:
 327               	.L13:
 328               		.loc 1 368 45 view .LVU70
 329               	.LBE19:
 330               	.LBE18:
 331               	.LBB20:
 332               	.LBB21:
 313:./tmk_core/common/action_util.c ****             break;
 333               		.loc 1 313 28 view .LVU71
 334 003e 2091 0000 		lds r18,keyboard_report
 335 0042 3091 0000 		lds r19,keyboard_report+1
 336 0046 F901      		movw r30,r18
 337 0048 3296      		adiw r30,2
 338 004a 9FEF      		ldi r25,lo8(-1)
 339 004c 40E0      		ldi r20,0
 340               	.L16:
 341               	.LVL13:
 313:./tmk_core/common/action_util.c ****             break;
 342               		.loc 1 313 9 is_stmt 1 view .LVU72
 313:./tmk_core/common/action_util.c ****             break;
 343               		.loc 1 313 34 is_stmt 0 view .LVU73
 344 004e 5191      		ld r21,Z+
 313:./tmk_core/common/action_util.c ****             break;
 345               		.loc 1 313 12 view .LVU74
 346 0050 8517      		cp r24,r21
 347 0052 01F0      		breq .L12
 316:./tmk_core/common/action_util.c ****             empty = i;
 348               		.loc 1 316 9 is_stmt 1 view .LVU75
 316:./tmk_core/common/action_util.c ****             empty = i;
 349               		.loc 1 316 12 is_stmt 0 view .LVU76
 350 0054 9F3F      		cpi r25,lo8(-1)
 351 0056 01F4      		brne .L15
 316:./tmk_core/common/action_util.c ****             empty = i;
 352               		.loc 1 316 25 view .LVU77
 353 0058 5111      		cpse r21,__zero_reg__
 354 005a 00C0      		rjmp .L15
 355 005c 942F      		mov r25,r20
 356               	.LVL14:
 357               	.L15:
 312:./tmk_core/common/action_util.c ****         if (keyboard_report->keys[i] == code) {
 358               		.loc 1 312 39 is_stmt 1 view .LVU78
 359 005e 4F5F      		subi r20,lo8(-(1))
 360               	.LVL15:
 312:./tmk_core/common/action_util.c ****         if (keyboard_report->keys[i] == code) {
 361               		.loc 1 312 14 view .LVU79
 362 0060 4E31      		cpi r20,lo8(30)
 363 0062 01F4      		brne .L16
 320:./tmk_core/common/action_util.c ****         if (empty != -1) {
 364               		.loc 1 320 5 view .LVU80
 321:./tmk_core/common/action_util.c ****             keyboard_report->keys[empty] = code;
 365               		.loc 1 321 9 view .LVU81
 321:./tmk_core/common/action_util.c ****             keyboard_report->keys[empty] = code;
 366               		.loc 1 321 12 is_stmt 0 view .LVU82
 367 0064 9F3F      		cpi r25,lo8(-1)
 368 0066 01F4      		brne .L18
 369               	.LVL16:
 370               	.L12:
 371               	/* epilogue start */
 321:./tmk_core/common/action_util.c ****             keyboard_report->keys[empty] = code;
 372               		.loc 1 321 12 view .LVU83
 373               	.LBE21:
 374               	.LBE20:
 152:./tmk_core/common/action_util.c **** 
 375               		.loc 1 152 1 view .LVU84
 376 0068 0895      		ret
 377               	.LVL17:
 378               	.L18:
 379               	.LBB23:
 380               	.LBB22:
 322:./tmk_core/common/action_util.c ****         }
 381               		.loc 1 322 13 is_stmt 1 view .LVU85
 322:./tmk_core/common/action_util.c ****         }
 382               		.loc 1 322 42 is_stmt 0 view .LVU86
 383 006a 290F      		add r18,r25
 384 006c 311D      		adc r19,__zero_reg__
 385 006e 97FD      		sbrc r25,7
 386 0070 3A95      		dec r19
 387 0072 F901      		movw r30,r18
 388 0074 8283      		std Z+2,r24
 389               	.LVL18:
 322:./tmk_core/common/action_util.c ****         }
 390               		.loc 1 322 42 view .LVU87
 391 0076 0895      		ret
 392               	.LBE22:
 393               	.LBE23:
 394               		.cfi_endproc
 395               	.LFE113:
 397               		.section	.text.del_key,"ax",@progbits
 398               	.global	del_key
 400               	del_key:
 401               	.LVL19:
 402               	.LFB114:
 155:./tmk_core/common/action_util.c **** #ifdef NKRO_ENABLE
 403               		.loc 1 155 1 is_stmt 1 view -0
 404               		.cfi_startproc
 405               	/* prologue: function */
 406               	/* frame size = 0 */
 407               	/* stack size = 0 */
 408               	.L__stack_usage = 0
 157:./tmk_core/common/action_util.c ****         del_key_bit(key);
 409               		.loc 1 157 5 view .LVU89
 157:./tmk_core/common/action_util.c ****         del_key_bit(key);
 410               		.loc 1 157 8 is_stmt 0 view .LVU90
 411 0000 9091 0000 		lds r25,keyboard_protocol
 412 0004 9923      		tst r25
 413 0006 01F0      		breq .L28
 157:./tmk_core/common/action_util.c ****         del_key_bit(key);
 414               		.loc 1 157 27 discriminator 1 view .LVU91
 415 0008 9091 0000 		lds r25,keymap_config
 416 000c 97FF      		sbrs r25,7
 417 000e 00C0      		rjmp .L28
 158:./tmk_core/common/action_util.c ****         return;
 418               		.loc 1 158 9 is_stmt 1 view .LVU92
 419               	.LVL20:
 420               	.LBB29:
 421               	.LBI29:
 369:./tmk_core/common/action_util.c ****     } else {
 370:./tmk_core/common/action_util.c ****         dprintf("add_key_bit: can't add: %02X\n", code);
 371:./tmk_core/common/action_util.c ****     }
 372:./tmk_core/common/action_util.c **** }
 373:./tmk_core/common/action_util.c **** 
 374:./tmk_core/common/action_util.c **** static inline void del_key_bit(uint8_t code)
 422               		.loc 1 374 20 view .LVU93
 423               	.LBB30:
 375:./tmk_core/common/action_util.c **** {
 376:./tmk_core/common/action_util.c ****     if ((code>>3) < KEYBOARD_REPORT_BITS) {
 424               		.loc 1 376 5 view .LVU94
 425               		.loc 1 376 19 is_stmt 0 view .LVU95
 426 0010 982F      		mov r25,r24
 427 0012 9695      		lsr r25
 428 0014 9695      		lsr r25
 429 0016 9695      		lsr r25
 430               		.loc 1 376 8 view .LVU96
 431 0018 9F31      		cpi r25,lo8(31)
 432 001a 01F0      		breq .L27
 377:./tmk_core/common/action_util.c ****         keyboard_report->nkro.bits[code>>3] &= ~(1<<(code&7));
 433               		.loc 1 377 9 is_stmt 1 view .LVU97
 434               		.loc 1 377 45 is_stmt 0 view .LVU98
 435 001c E091 0000 		lds r30,keyboard_report
 436 0020 F091 0000 		lds r31,keyboard_report+1
 437 0024 E90F      		add r30,r25
 438 0026 F11D      		adc r31,__zero_reg__
 439               		.loc 1 377 58 view .LVU99
 440 0028 8770      		andi r24,lo8(7)
 441               	.LVL21:
 442               		.loc 1 377 51 view .LVU100
 443 002a 21E0      		ldi r18,lo8(1)
 444 002c 30E0      		ldi r19,0
 445 002e A901      		movw r20,r18
 446 0030 00C0      		rjmp 2f
 447               		1:
 448 0032 440F      		lsl r20
 449 0034 551F      		rol r21
 450               		2:
 451 0036 8A95      		dec r24
 452 0038 02F4      		brpl 1b
 453 003a CA01      		movw r24,r20
 454               		.loc 1 377 45 view .LVU101
 455 003c 8095      		com r24
 456 003e 9181      		ldd r25,Z+1
 457 0040 8923      		and r24,r25
 458 0042 8183      		std Z+1,r24
 459 0044 0895      		ret
 460               	.LVL22:
 461               	.L28:
 462               		.loc 1 377 45 view .LVU102
 463               	.LBE30:
 464               	.LBE29:
 465               	.LBB31:
 466               	.LBB32:
 357:./tmk_core/common/action_util.c ****             keyboard_report->keys[i] = 0;
 467               		.loc 1 357 28 view .LVU103
 468 0046 2091 0000 		lds r18,keyboard_report
 469 004a 3091 0000 		lds r19,keyboard_report+1
 470 004e F901      		movw r30,r18
 471 0050 3296      		adiw r30,2
 472 0052 205E      		subi r18,-32
 473 0054 3F4F      		sbci r19,-1
 474               	.L32:
 475               	.LVL23:
 357:./tmk_core/common/action_util.c ****             keyboard_report->keys[i] = 0;
 476               		.loc 1 357 9 is_stmt 1 view .LVU104
 357:./tmk_core/common/action_util.c ****             keyboard_report->keys[i] = 0;
 477               		.loc 1 357 34 is_stmt 0 view .LVU105
 478 0056 9191      		ld r25,Z+
 479               	.LVL24:
 357:./tmk_core/common/action_util.c ****             keyboard_report->keys[i] = 0;
 480               		.loc 1 357 12 view .LVU106
 481 0058 8913      		cpse r24,r25
 482 005a 00C0      		rjmp .L31
 358:./tmk_core/common/action_util.c ****         }
 483               		.loc 1 358 13 is_stmt 1 view .LVU107
 358:./tmk_core/common/action_util.c ****         }
 484               		.loc 1 358 38 is_stmt 0 view .LVU108
 485 005c DF01      		movw r26,r30
 486 005e 1197      		sbiw r26,1
 487 0060 1C92      		st X,__zero_reg__
 488               	.L31:
 356:./tmk_core/common/action_util.c ****         if (keyboard_report->keys[i] == code) {
 489               		.loc 1 356 52 is_stmt 1 view .LVU109
 490               	.LVL25:
 356:./tmk_core/common/action_util.c ****         if (keyboard_report->keys[i] == code) {
 491               		.loc 1 356 27 view .LVU110
 492 0062 E217      		cp r30,r18
 493 0064 F307      		cpc r31,r19
 494 0066 01F4      		brne .L32
 495               	.LVL26:
 496               	.L27:
 497               	/* epilogue start */
 356:./tmk_core/common/action_util.c ****         if (keyboard_report->keys[i] == code) {
 498               		.loc 1 356 27 is_stmt 0 view .LVU111
 499               	.LBE32:
 500               	.LBE31:
 163:./tmk_core/common/action_util.c **** 
 501               		.loc 1 163 1 view .LVU112
 502 0068 0895      		ret
 503               		.cfi_endproc
 504               	.LFE114:
 506               		.section	.text.clear_keys,"ax",@progbits
 507               	.global	clear_keys
 509               	clear_keys:
 510               	.LFB115:
 166:./tmk_core/common/action_util.c ****     // not clear mods
 511               		.loc 1 166 1 is_stmt 1 view -0
 512               		.cfi_startproc
 513               	/* prologue: function */
 514               	/* frame size = 0 */
 515               	/* stack size = 0 */
 516               	.L__stack_usage = 0
 168:./tmk_core/common/action_util.c ****         keyboard_report->raw[i] = 0;
 517               		.loc 1 168 5 view .LVU114
 518               	.LBB33:
 168:./tmk_core/common/action_util.c ****         keyboard_report->raw[i] = 0;
 519               		.loc 1 168 10 view .LVU115
 520               	.LVL27:
 168:./tmk_core/common/action_util.c ****         keyboard_report->raw[i] = 0;
 521               		.loc 1 168 26 view .LVU116
 522               	.LBE33:
 166:./tmk_core/common/action_util.c ****     // not clear mods
 523               		.loc 1 166 1 is_stmt 0 view .LVU117
 524 0000 81E0      		ldi r24,lo8(1)
 525 0002 90E0      		ldi r25,0
 526               	.LVL28:
 527               	.L41:
 528               	.LBB34:
 169:./tmk_core/common/action_util.c ****     }
 529               		.loc 1 169 9 is_stmt 1 discriminator 3 view .LVU118
 169:./tmk_core/common/action_util.c ****     }
 530               		.loc 1 169 24 is_stmt 0 discriminator 3 view .LVU119
 531 0004 E091 0000 		lds r30,keyboard_report
 532 0008 F091 0000 		lds r31,keyboard_report+1
 169:./tmk_core/common/action_util.c ****     }
 533               		.loc 1 169 33 discriminator 3 view .LVU120
 534 000c E80F      		add r30,r24
 535 000e F91F      		adc r31,r25
 536 0010 1082      		st Z,__zero_reg__
 168:./tmk_core/common/action_util.c ****         keyboard_report->raw[i] = 0;
 537               		.loc 1 168 51 is_stmt 1 discriminator 3 view .LVU121
 538               	.LVL29:
 168:./tmk_core/common/action_util.c ****         keyboard_report->raw[i] = 0;
 539               		.loc 1 168 26 discriminator 3 view .LVU122
 540 0012 0196      		adiw r24,1
 541               	.LVL30:
 168:./tmk_core/common/action_util.c ****         keyboard_report->raw[i] = 0;
 542               		.loc 1 168 26 is_stmt 0 discriminator 3 view .LVU123
 543 0014 8032      		cpi r24,32
 544 0016 9105      		cpc r25,__zero_reg__
 545 0018 01F4      		brne .L41
 546               	/* epilogue start */
 547               	.LBE34:
 171:./tmk_core/common/action_util.c **** 
 548               		.loc 1 171 1 view .LVU124
 549 001a 0895      		ret
 550               		.cfi_endproc
 551               	.LFE115:
 553               		.section	.text.get_mods,"ax",@progbits
 554               	.global	get_mods
 556               	get_mods:
 557               	.LFB116:
 175:./tmk_core/common/action_util.c **** void add_mods(uint8_t mods) { real_mods |= mods; }
 558               		.loc 1 175 24 is_stmt 1 view -0
 559               		.cfi_startproc
 560               	/* prologue: function */
 561               	/* frame size = 0 */
 562               	/* stack size = 0 */
 563               	.L__stack_usage = 0
 175:./tmk_core/common/action_util.c **** void add_mods(uint8_t mods) { real_mods |= mods; }
 564               		.loc 1 175 26 view .LVU126
 175:./tmk_core/common/action_util.c **** void add_mods(uint8_t mods) { real_mods |= mods; }
 565               		.loc 1 175 44 is_stmt 0 view .LVU127
 566 0000 8091 0000 		lds r24,real_mods
 567               	/* epilogue start */
 568 0004 0895      		ret
 569               		.cfi_endproc
 570               	.LFE116:
 572               		.section	.text.add_mods,"ax",@progbits
 573               	.global	add_mods
 575               	add_mods:
 576               	.LVL31:
 577               	.LFB117:
 176:./tmk_core/common/action_util.c **** void del_mods(uint8_t mods) { real_mods &= ~mods; }
 578               		.loc 1 176 29 is_stmt 1 view -0
 579               		.cfi_startproc
 580               	/* prologue: function */
 581               	/* frame size = 0 */
 582               	/* stack size = 0 */
 583               	.L__stack_usage = 0
 176:./tmk_core/common/action_util.c **** void del_mods(uint8_t mods) { real_mods &= ~mods; }
 584               		.loc 1 176 31 view .LVU129
 176:./tmk_core/common/action_util.c **** void del_mods(uint8_t mods) { real_mods &= ~mods; }
 585               		.loc 1 176 41 is_stmt 0 view .LVU130
 586 0000 9091 0000 		lds r25,real_mods
 587 0004 982B      		or r25,r24
 588 0006 9093 0000 		sts real_mods,r25
 589               	/* epilogue start */
 176:./tmk_core/common/action_util.c **** void del_mods(uint8_t mods) { real_mods &= ~mods; }
 590               		.loc 1 176 50 view .LVU131
 591 000a 0895      		ret
 592               		.cfi_endproc
 593               	.LFE117:
 595               		.section	.text.del_mods,"ax",@progbits
 596               	.global	del_mods
 598               	del_mods:
 599               	.LVL32:
 600               	.LFB118:
 177:./tmk_core/common/action_util.c **** void set_mods(uint8_t mods) { real_mods = mods; }
 601               		.loc 1 177 29 is_stmt 1 view -0
 602               		.cfi_startproc
 603               	/* prologue: function */
 604               	/* frame size = 0 */
 605               	/* stack size = 0 */
 606               	.L__stack_usage = 0
 177:./tmk_core/common/action_util.c **** void set_mods(uint8_t mods) { real_mods = mods; }
 607               		.loc 1 177 31 view .LVU133
 177:./tmk_core/common/action_util.c **** void set_mods(uint8_t mods) { real_mods = mods; }
 608               		.loc 1 177 41 is_stmt 0 view .LVU134
 609 0000 982F      		mov r25,r24
 610 0002 9095      		com r25
 611 0004 8091 0000 		lds r24,real_mods
 612               	.LVL33:
 177:./tmk_core/common/action_util.c **** void set_mods(uint8_t mods) { real_mods = mods; }
 613               		.loc 1 177 41 view .LVU135
 614 0008 8923      		and r24,r25
 615 000a 8093 0000 		sts real_mods,r24
 616               	/* epilogue start */
 177:./tmk_core/common/action_util.c **** void set_mods(uint8_t mods) { real_mods = mods; }
 617               		.loc 1 177 51 view .LVU136
 618 000e 0895      		ret
 619               		.cfi_endproc
 620               	.LFE118:
 622               		.section	.text.set_mods,"ax",@progbits
 623               	.global	set_mods
 625               	set_mods:
 626               	.LVL34:
 627               	.LFB119:
 178:./tmk_core/common/action_util.c **** void clear_mods(void) { real_mods = 0; }
 628               		.loc 1 178 29 is_stmt 1 view -0
 629               		.cfi_startproc
 630               	/* prologue: function */
 631               	/* frame size = 0 */
 632               	/* stack size = 0 */
 633               	.L__stack_usage = 0
 178:./tmk_core/common/action_util.c **** void clear_mods(void) { real_mods = 0; }
 634               		.loc 1 178 31 view .LVU138
 178:./tmk_core/common/action_util.c **** void clear_mods(void) { real_mods = 0; }
 635               		.loc 1 178 41 is_stmt 0 view .LVU139
 636 0000 8093 0000 		sts real_mods,r24
 637               	/* epilogue start */
 178:./tmk_core/common/action_util.c **** void clear_mods(void) { real_mods = 0; }
 638               		.loc 1 178 49 view .LVU140
 639 0004 0895      		ret
 640               		.cfi_endproc
 641               	.LFE119:
 643               		.section	.text.clear_mods,"ax",@progbits
 644               	.global	clear_mods
 646               	clear_mods:
 647               	.LFB120:
 179:./tmk_core/common/action_util.c **** 
 648               		.loc 1 179 23 is_stmt 1 view -0
 649               		.cfi_startproc
 650               	/* prologue: function */
 651               	/* frame size = 0 */
 652               	/* stack size = 0 */
 653               	.L__stack_usage = 0
 179:./tmk_core/common/action_util.c **** 
 654               		.loc 1 179 25 view .LVU142
 179:./tmk_core/common/action_util.c **** 
 655               		.loc 1 179 35 is_stmt 0 view .LVU143
 656 0000 1092 0000 		sts real_mods,__zero_reg__
 657               	/* epilogue start */
 179:./tmk_core/common/action_util.c **** 
 658               		.loc 1 179 40 view .LVU144
 659 0004 0895      		ret
 660               		.cfi_endproc
 661               	.LFE120:
 663               		.section	.text.get_weak_mods,"ax",@progbits
 664               	.global	get_weak_mods
 666               	get_weak_mods:
 667               	.LFB121:
 182:./tmk_core/common/action_util.c **** void add_weak_mods(uint8_t mods) { weak_mods |= mods; }
 668               		.loc 1 182 29 is_stmt 1 view -0
 669               		.cfi_startproc
 670               	/* prologue: function */
 671               	/* frame size = 0 */
 672               	/* stack size = 0 */
 673               	.L__stack_usage = 0
 182:./tmk_core/common/action_util.c **** void add_weak_mods(uint8_t mods) { weak_mods |= mods; }
 674               		.loc 1 182 31 view .LVU146
 182:./tmk_core/common/action_util.c **** void add_weak_mods(uint8_t mods) { weak_mods |= mods; }
 675               		.loc 1 182 49 is_stmt 0 view .LVU147
 676 0000 8091 0000 		lds r24,weak_mods
 677               	/* epilogue start */
 678 0004 0895      		ret
 679               		.cfi_endproc
 680               	.LFE121:
 682               		.section	.text.add_weak_mods,"ax",@progbits
 683               	.global	add_weak_mods
 685               	add_weak_mods:
 686               	.LVL35:
 687               	.LFB122:
 183:./tmk_core/common/action_util.c **** void del_weak_mods(uint8_t mods) { weak_mods &= ~mods; }
 688               		.loc 1 183 34 is_stmt 1 view -0
 689               		.cfi_startproc
 690               	/* prologue: function */
 691               	/* frame size = 0 */
 692               	/* stack size = 0 */
 693               	.L__stack_usage = 0
 183:./tmk_core/common/action_util.c **** void del_weak_mods(uint8_t mods) { weak_mods &= ~mods; }
 694               		.loc 1 183 36 view .LVU149
 183:./tmk_core/common/action_util.c **** void del_weak_mods(uint8_t mods) { weak_mods &= ~mods; }
 695               		.loc 1 183 46 is_stmt 0 view .LVU150
 696 0000 9091 0000 		lds r25,weak_mods
 697 0004 982B      		or r25,r24
 698 0006 9093 0000 		sts weak_mods,r25
 699               	/* epilogue start */
 183:./tmk_core/common/action_util.c **** void del_weak_mods(uint8_t mods) { weak_mods &= ~mods; }
 700               		.loc 1 183 55 view .LVU151
 701 000a 0895      		ret
 702               		.cfi_endproc
 703               	.LFE122:
 705               		.section	.text.del_weak_mods,"ax",@progbits
 706               	.global	del_weak_mods
 708               	del_weak_mods:
 709               	.LVL36:
 710               	.LFB123:
 184:./tmk_core/common/action_util.c **** void set_weak_mods(uint8_t mods) { weak_mods = mods; }
 711               		.loc 1 184 34 is_stmt 1 view -0
 712               		.cfi_startproc
 713               	/* prologue: function */
 714               	/* frame size = 0 */
 715               	/* stack size = 0 */
 716               	.L__stack_usage = 0
 184:./tmk_core/common/action_util.c **** void set_weak_mods(uint8_t mods) { weak_mods = mods; }
 717               		.loc 1 184 36 view .LVU153
 184:./tmk_core/common/action_util.c **** void set_weak_mods(uint8_t mods) { weak_mods = mods; }
 718               		.loc 1 184 46 is_stmt 0 view .LVU154
 719 0000 982F      		mov r25,r24
 720 0002 9095      		com r25
 721 0004 8091 0000 		lds r24,weak_mods
 722               	.LVL37:
 184:./tmk_core/common/action_util.c **** void set_weak_mods(uint8_t mods) { weak_mods = mods; }
 723               		.loc 1 184 46 view .LVU155
 724 0008 8923      		and r24,r25
 725 000a 8093 0000 		sts weak_mods,r24
 726               	/* epilogue start */
 184:./tmk_core/common/action_util.c **** void set_weak_mods(uint8_t mods) { weak_mods = mods; }
 727               		.loc 1 184 56 view .LVU156
 728 000e 0895      		ret
 729               		.cfi_endproc
 730               	.LFE123:
 732               		.section	.text.set_weak_mods,"ax",@progbits
 733               	.global	set_weak_mods
 735               	set_weak_mods:
 736               	.LVL38:
 737               	.LFB124:
 185:./tmk_core/common/action_util.c **** void clear_weak_mods(void) { weak_mods = 0; }
 738               		.loc 1 185 34 is_stmt 1 view -0
 739               		.cfi_startproc
 740               	/* prologue: function */
 741               	/* frame size = 0 */
 742               	/* stack size = 0 */
 743               	.L__stack_usage = 0
 185:./tmk_core/common/action_util.c **** void clear_weak_mods(void) { weak_mods = 0; }
 744               		.loc 1 185 36 view .LVU158
 185:./tmk_core/common/action_util.c **** void clear_weak_mods(void) { weak_mods = 0; }
 745               		.loc 1 185 46 is_stmt 0 view .LVU159
 746 0000 8093 0000 		sts weak_mods,r24
 747               	/* epilogue start */
 185:./tmk_core/common/action_util.c **** void clear_weak_mods(void) { weak_mods = 0; }
 748               		.loc 1 185 54 view .LVU160
 749 0004 0895      		ret
 750               		.cfi_endproc
 751               	.LFE124:
 753               		.section	.text.clear_weak_mods,"ax",@progbits
 754               	.global	clear_weak_mods
 756               	clear_weak_mods:
 757               	.LFB125:
 186:./tmk_core/common/action_util.c **** 
 758               		.loc 1 186 28 is_stmt 1 view -0
 759               		.cfi_startproc
 760               	/* prologue: function */
 761               	/* frame size = 0 */
 762               	/* stack size = 0 */
 763               	.L__stack_usage = 0
 186:./tmk_core/common/action_util.c **** 
 764               		.loc 1 186 30 view .LVU162
 186:./tmk_core/common/action_util.c **** 
 765               		.loc 1 186 40 is_stmt 0 view .LVU163
 766 0000 1092 0000 		sts weak_mods,__zero_reg__
 767               	/* epilogue start */
 186:./tmk_core/common/action_util.c **** 
 768               		.loc 1 186 45 view .LVU164
 769 0004 0895      		ret
 770               		.cfi_endproc
 771               	.LFE125:
 773               		.section	.text.get_macro_mods,"ax",@progbits
 774               	.global	get_macro_mods
 776               	get_macro_mods:
 777               	.LFB126:
 189:./tmk_core/common/action_util.c **** void add_macro_mods(uint8_t mods) { macro_mods |= mods; }
 778               		.loc 1 189 30 is_stmt 1 view -0
 779               		.cfi_startproc
 780               	/* prologue: function */
 781               	/* frame size = 0 */
 782               	/* stack size = 0 */
 783               	.L__stack_usage = 0
 189:./tmk_core/common/action_util.c **** void add_macro_mods(uint8_t mods) { macro_mods |= mods; }
 784               		.loc 1 189 32 view .LVU166
 189:./tmk_core/common/action_util.c **** void add_macro_mods(uint8_t mods) { macro_mods |= mods; }
 785               		.loc 1 189 51 is_stmt 0 view .LVU167
 786 0000 8091 0000 		lds r24,macro_mods
 787               	/* epilogue start */
 788 0004 0895      		ret
 789               		.cfi_endproc
 790               	.LFE126:
 792               		.section	.text.add_macro_mods,"ax",@progbits
 793               	.global	add_macro_mods
 795               	add_macro_mods:
 796               	.LVL39:
 797               	.LFB127:
 190:./tmk_core/common/action_util.c **** void del_macro_mods(uint8_t mods) { macro_mods &= ~mods; }
 798               		.loc 1 190 35 is_stmt 1 view -0
 799               		.cfi_startproc
 800               	/* prologue: function */
 801               	/* frame size = 0 */
 802               	/* stack size = 0 */
 803               	.L__stack_usage = 0
 190:./tmk_core/common/action_util.c **** void del_macro_mods(uint8_t mods) { macro_mods &= ~mods; }
 804               		.loc 1 190 37 view .LVU169
 190:./tmk_core/common/action_util.c **** void del_macro_mods(uint8_t mods) { macro_mods &= ~mods; }
 805               		.loc 1 190 48 is_stmt 0 view .LVU170
 806 0000 9091 0000 		lds r25,macro_mods
 807 0004 982B      		or r25,r24
 808 0006 9093 0000 		sts macro_mods,r25
 809               	/* epilogue start */
 190:./tmk_core/common/action_util.c **** void del_macro_mods(uint8_t mods) { macro_mods &= ~mods; }
 810               		.loc 1 190 57 view .LVU171
 811 000a 0895      		ret
 812               		.cfi_endproc
 813               	.LFE127:
 815               		.section	.text.del_macro_mods,"ax",@progbits
 816               	.global	del_macro_mods
 818               	del_macro_mods:
 819               	.LVL40:
 820               	.LFB128:
 191:./tmk_core/common/action_util.c **** void set_macro_mods(uint8_t mods) { macro_mods = mods; }
 821               		.loc 1 191 35 is_stmt 1 view -0
 822               		.cfi_startproc
 823               	/* prologue: function */
 824               	/* frame size = 0 */
 825               	/* stack size = 0 */
 826               	.L__stack_usage = 0
 191:./tmk_core/common/action_util.c **** void set_macro_mods(uint8_t mods) { macro_mods = mods; }
 827               		.loc 1 191 37 view .LVU173
 191:./tmk_core/common/action_util.c **** void set_macro_mods(uint8_t mods) { macro_mods = mods; }
 828               		.loc 1 191 48 is_stmt 0 view .LVU174
 829 0000 982F      		mov r25,r24
 830 0002 9095      		com r25
 831 0004 8091 0000 		lds r24,macro_mods
 832               	.LVL41:
 191:./tmk_core/common/action_util.c **** void set_macro_mods(uint8_t mods) { macro_mods = mods; }
 833               		.loc 1 191 48 view .LVU175
 834 0008 8923      		and r24,r25
 835 000a 8093 0000 		sts macro_mods,r24
 836               	/* epilogue start */
 191:./tmk_core/common/action_util.c **** void set_macro_mods(uint8_t mods) { macro_mods = mods; }
 837               		.loc 1 191 58 view .LVU176
 838 000e 0895      		ret
 839               		.cfi_endproc
 840               	.LFE128:
 842               		.section	.text.set_macro_mods,"ax",@progbits
 843               	.global	set_macro_mods
 845               	set_macro_mods:
 846               	.LVL42:
 847               	.LFB129:
 192:./tmk_core/common/action_util.c **** void clear_macro_mods(void) { macro_mods = 0; }
 848               		.loc 1 192 35 is_stmt 1 view -0
 849               		.cfi_startproc
 850               	/* prologue: function */
 851               	/* frame size = 0 */
 852               	/* stack size = 0 */
 853               	.L__stack_usage = 0
 192:./tmk_core/common/action_util.c **** void clear_macro_mods(void) { macro_mods = 0; }
 854               		.loc 1 192 37 view .LVU178
 192:./tmk_core/common/action_util.c **** void clear_macro_mods(void) { macro_mods = 0; }
 855               		.loc 1 192 48 is_stmt 0 view .LVU179
 856 0000 8093 0000 		sts macro_mods,r24
 857               	/* epilogue start */
 192:./tmk_core/common/action_util.c **** void clear_macro_mods(void) { macro_mods = 0; }
 858               		.loc 1 192 56 view .LVU180
 859 0004 0895      		ret
 860               		.cfi_endproc
 861               	.LFE129:
 863               		.section	.text.clear_macro_mods,"ax",@progbits
 864               	.global	clear_macro_mods
 866               	clear_macro_mods:
 867               	.LFB130:
 193:./tmk_core/common/action_util.c **** 
 868               		.loc 1 193 29 is_stmt 1 view -0
 869               		.cfi_startproc
 870               	/* prologue: function */
 871               	/* frame size = 0 */
 872               	/* stack size = 0 */
 873               	.L__stack_usage = 0
 193:./tmk_core/common/action_util.c **** 
 874               		.loc 1 193 31 view .LVU182
 193:./tmk_core/common/action_util.c **** 
 875               		.loc 1 193 42 is_stmt 0 view .LVU183
 876 0000 1092 0000 		sts macro_mods,__zero_reg__
 877               	/* epilogue start */
 193:./tmk_core/common/action_util.c **** 
 878               		.loc 1 193 47 view .LVU184
 879 0004 0895      		ret
 880               		.cfi_endproc
 881               	.LFE130:
 883               		.section	.text.set_oneshot_mods,"ax",@progbits
 884               	.global	set_oneshot_mods
 886               	set_oneshot_mods:
 887               	.LVL43:
 888               	.LFB131:
 198:./tmk_core/common/action_util.c ****     oneshot_mods = mods;
 889               		.loc 1 198 1 is_stmt 1 view -0
 890               		.cfi_startproc
 891               	/* prologue: function */
 892               	/* frame size = 0 */
 893               	/* stack size = 0 */
 894               	.L__stack_usage = 0
 199:./tmk_core/common/action_util.c **** #if (defined(ONESHOT_TIMEOUT) && (ONESHOT_TIMEOUT > 0))
 895               		.loc 1 199 5 view .LVU186
 199:./tmk_core/common/action_util.c **** #if (defined(ONESHOT_TIMEOUT) && (ONESHOT_TIMEOUT > 0))
 896               		.loc 1 199 18 is_stmt 0 view .LVU187
 897 0000 8093 0000 		sts oneshot_mods,r24
 898               	/* epilogue start */
 203:./tmk_core/common/action_util.c **** void clear_oneshot_mods(void)
 899               		.loc 1 203 1 view .LVU188
 900 0004 0895      		ret
 901               		.cfi_endproc
 902               	.LFE131:
 904               		.section	.text.clear_oneshot_mods,"ax",@progbits
 905               	.global	clear_oneshot_mods
 907               	clear_oneshot_mods:
 908               	.LFB132:
 205:./tmk_core/common/action_util.c ****     oneshot_mods = 0;
 909               		.loc 1 205 1 is_stmt 1 view -0
 910               		.cfi_startproc
 911               	/* prologue: function */
 912               	/* frame size = 0 */
 913               	/* stack size = 0 */
 914               	.L__stack_usage = 0
 206:./tmk_core/common/action_util.c **** #if (defined(ONESHOT_TIMEOUT) && (ONESHOT_TIMEOUT > 0))
 915               		.loc 1 206 5 view .LVU190
 206:./tmk_core/common/action_util.c **** #if (defined(ONESHOT_TIMEOUT) && (ONESHOT_TIMEOUT > 0))
 916               		.loc 1 206 18 is_stmt 0 view .LVU191
 917 0000 1092 0000 		sts oneshot_mods,__zero_reg__
 918               	/* epilogue start */
 210:./tmk_core/common/action_util.c **** uint8_t get_oneshot_mods(void)
 919               		.loc 1 210 1 view .LVU192
 920 0004 0895      		ret
 921               		.cfi_endproc
 922               	.LFE132:
 924               		.section	.text.get_oneshot_mods,"ax",@progbits
 925               	.global	get_oneshot_mods
 927               	get_oneshot_mods:
 928               	.LFB133:
 212:./tmk_core/common/action_util.c ****     return oneshot_mods;
 929               		.loc 1 212 1 is_stmt 1 view -0
 930               		.cfi_startproc
 931               	/* prologue: function */
 932               	/* frame size = 0 */
 933               	/* stack size = 0 */
 934               	.L__stack_usage = 0
 213:./tmk_core/common/action_util.c **** }
 935               		.loc 1 213 5 view .LVU194
 214:./tmk_core/common/action_util.c **** #endif
 936               		.loc 1 214 1 is_stmt 0 view .LVU195
 937 0000 8091 0000 		lds r24,oneshot_mods
 938               	/* epilogue start */
 939 0004 0895      		ret
 940               		.cfi_endproc
 941               	.LFE133:
 943               		.section	.text.has_anykey,"ax",@progbits
 944               	.global	has_anykey
 946               	has_anykey:
 947               	.LFB134:
 221:./tmk_core/common/action_util.c ****     uint8_t cnt = 0;
 948               		.loc 1 221 1 is_stmt 1 view -0
 949               		.cfi_startproc
 950               	/* prologue: function */
 951               	/* frame size = 0 */
 952               	/* stack size = 0 */
 953               	.L__stack_usage = 0
 222:./tmk_core/common/action_util.c ****     for (uint8_t i = 1; i < KEYBOARD_REPORT_SIZE; i++) {
 954               		.loc 1 222 5 view .LVU197
 955               	.LVL44:
 223:./tmk_core/common/action_util.c ****         if (keyboard_report->raw[i])
 956               		.loc 1 223 5 view .LVU198
 957               	.LBB35:
 223:./tmk_core/common/action_util.c ****         if (keyboard_report->raw[i])
 958               		.loc 1 223 10 view .LVU199
 223:./tmk_core/common/action_util.c ****         if (keyboard_report->raw[i])
 959               		.loc 1 223 27 view .LVU200
 224:./tmk_core/common/action_util.c ****             cnt++;
 960               		.loc 1 224 28 is_stmt 0 view .LVU201
 961 0000 2091 0000 		lds r18,keyboard_report
 962 0004 3091 0000 		lds r19,keyboard_report+1
 963 0008 F901      		movw r30,r18
 964 000a 3196      		adiw r30,1
 965 000c 205E      		subi r18,-32
 966 000e 3F4F      		sbci r19,-1
 967               	.LBE35:
 222:./tmk_core/common/action_util.c ****     for (uint8_t i = 1; i < KEYBOARD_REPORT_SIZE; i++) {
 968               		.loc 1 222 13 view .LVU202
 969 0010 80E0      		ldi r24,0
 970               	.LVL45:
 971               	.L63:
 972               	.LBB36:
 224:./tmk_core/common/action_util.c ****             cnt++;
 973               		.loc 1 224 9 is_stmt 1 view .LVU203
 224:./tmk_core/common/action_util.c ****             cnt++;
 974               		.loc 1 224 33 is_stmt 0 view .LVU204
 975 0012 9191      		ld r25,Z+
 976               	.LVL46:
 224:./tmk_core/common/action_util.c ****             cnt++;
 977               		.loc 1 224 12 view .LVU205
 978 0014 9111      		cpse r25,__zero_reg__
 225:./tmk_core/common/action_util.c ****     }
 979               		.loc 1 225 13 is_stmt 1 view .LVU206
 225:./tmk_core/common/action_util.c ****     }
 980               		.loc 1 225 16 is_stmt 0 view .LVU207
 981 0016 8F5F      		subi r24,lo8(-(1))
 982               	.LVL47:
 983               	.L62:
 223:./tmk_core/common/action_util.c ****         if (keyboard_report->raw[i])
 984               		.loc 1 223 52 is_stmt 1 discriminator 2 view .LVU208
 223:./tmk_core/common/action_util.c ****         if (keyboard_report->raw[i])
 985               		.loc 1 223 27 discriminator 2 view .LVU209
 986 0018 E217      		cp r30,r18
 987 001a F307      		cpc r31,r19
 988 001c 01F4      		brne .L63
 223:./tmk_core/common/action_util.c ****         if (keyboard_report->raw[i])
 989               		.loc 1 223 27 is_stmt 0 discriminator 2 view .LVU210
 990               	.LBE36:
 227:./tmk_core/common/action_util.c **** }
 991               		.loc 1 227 5 is_stmt 1 view .LVU211
 992               	/* epilogue start */
 228:./tmk_core/common/action_util.c **** 
 993               		.loc 1 228 1 is_stmt 0 view .LVU212
 994 001e 0895      		ret
 995               		.cfi_endproc
 996               	.LFE134:
 998               		.section	.text.send_keyboard_report,"ax",@progbits
 999               	.global	send_keyboard_report
 1001               	send_keyboard_report:
 1002               	.LFB112:
 120:./tmk_core/common/action_util.c ****     keyboard_report->mods  = real_mods;
 1003               		.loc 1 120 33 is_stmt 1 view -0
 1004               		.cfi_startproc
 1005               	/* prologue: function */
 1006               	/* frame size = 0 */
 1007               	/* stack size = 0 */
 1008               	.L__stack_usage = 0
 121:./tmk_core/common/action_util.c ****     keyboard_report->mods |= weak_mods;
 1009               		.loc 1 121 5 view .LVU214
 121:./tmk_core/common/action_util.c ****     keyboard_report->mods |= weak_mods;
 1010               		.loc 1 121 20 is_stmt 0 view .LVU215
 1011 0000 E091 0000 		lds r30,keyboard_report
 1012 0004 F091 0000 		lds r31,keyboard_report+1
 121:./tmk_core/common/action_util.c ****     keyboard_report->mods |= weak_mods;
 1013               		.loc 1 121 28 view .LVU216
 1014 0008 8091 0000 		lds r24,real_mods
 1015 000c 8083      		st Z,r24
 122:./tmk_core/common/action_util.c ****     keyboard_report->mods |= macro_mods;
 1016               		.loc 1 122 5 is_stmt 1 view .LVU217
 122:./tmk_core/common/action_util.c ****     keyboard_report->mods |= macro_mods;
 1017               		.loc 1 122 27 is_stmt 0 view .LVU218
 1018 000e E091 0000 		lds r30,keyboard_report
 1019 0012 F091 0000 		lds r31,keyboard_report+1
 1020 0016 8081      		ld r24,Z
 1021 0018 9091 0000 		lds r25,weak_mods
 1022 001c 892B      		or r24,r25
 1023 001e 8083      		st Z,r24
 123:./tmk_core/common/action_util.c **** #ifndef NO_ACTION_ONESHOT
 1024               		.loc 1 123 5 is_stmt 1 view .LVU219
 123:./tmk_core/common/action_util.c **** #ifndef NO_ACTION_ONESHOT
 1025               		.loc 1 123 27 is_stmt 0 view .LVU220
 1026 0020 E091 0000 		lds r30,keyboard_report
 1027 0024 F091 0000 		lds r31,keyboard_report+1
 1028 0028 8081      		ld r24,Z
 1029 002a 9091 0000 		lds r25,macro_mods
 1030 002e 892B      		or r24,r25
 1031 0030 8083      		st Z,r24
 125:./tmk_core/common/action_util.c **** #if (defined(ONESHOT_TIMEOUT) && (ONESHOT_TIMEOUT > 0))
 1032               		.loc 1 125 5 is_stmt 1 view .LVU221
 125:./tmk_core/common/action_util.c **** #if (defined(ONESHOT_TIMEOUT) && (ONESHOT_TIMEOUT > 0))
 1033               		.loc 1 125 9 is_stmt 0 view .LVU222
 1034 0032 9091 0000 		lds r25,oneshot_mods
 125:./tmk_core/common/action_util.c **** #if (defined(ONESHOT_TIMEOUT) && (ONESHOT_TIMEOUT > 0))
 1035               		.loc 1 125 8 view .LVU223
 1036 0036 9923      		tst r25
 1037 0038 01F0      		breq .L70
 132:./tmk_core/common/action_util.c ****         if (has_anykey()) {
 1038               		.loc 1 132 9 is_stmt 1 view .LVU224
 132:./tmk_core/common/action_util.c ****         if (has_anykey()) {
 1039               		.loc 1 132 31 is_stmt 0 view .LVU225
 1040 003a E091 0000 		lds r30,keyboard_report
 1041 003e F091 0000 		lds r31,keyboard_report+1
 1042 0042 8081      		ld r24,Z
 1043 0044 892B      		or r24,r25
 1044 0046 8083      		st Z,r24
 133:./tmk_core/common/action_util.c ****             clear_oneshot_mods();
 1045               		.loc 1 133 9 is_stmt 1 view .LVU226
 133:./tmk_core/common/action_util.c ****             clear_oneshot_mods();
 1046               		.loc 1 133 13 is_stmt 0 view .LVU227
 1047 0048 0E94 0000 		call has_anykey
 1048               	.LVL48:
 133:./tmk_core/common/action_util.c ****             clear_oneshot_mods();
 1049               		.loc 1 133 12 view .LVU228
 1050 004c 8111      		cpse r24,__zero_reg__
 134:./tmk_core/common/action_util.c ****         }
 1051               		.loc 1 134 13 is_stmt 1 view .LVU229
 1052               	.LBB39:
 1053               	.LBI39:
 204:./tmk_core/common/action_util.c **** {
 1054               		.loc 1 204 6 view .LVU230
 1055               	.LBB40:
 206:./tmk_core/common/action_util.c **** #if (defined(ONESHOT_TIMEOUT) && (ONESHOT_TIMEOUT > 0))
 1056               		.loc 1 206 5 view .LVU231
 206:./tmk_core/common/action_util.c **** #if (defined(ONESHOT_TIMEOUT) && (ONESHOT_TIMEOUT > 0))
 1057               		.loc 1 206 18 is_stmt 0 view .LVU232
 1058 004e 1092 0000 		sts oneshot_mods,__zero_reg__
 1059               	.L70:
 1060               	.LBE40:
 1061               	.LBE39:
 139:./tmk_core/common/action_util.c **** }
 1062               		.loc 1 139 5 is_stmt 1 view .LVU233
 1063 0052 8091 0000 		lds r24,keyboard_report
 1064 0056 9091 0000 		lds r25,keyboard_report+1
 1065 005a 0C94 0000 		jmp host_keyboard_send
 1066               	.LVL49:
 1067               		.cfi_endproc
 1068               	.LFE112:
 1070               		.section	.text.has_anymod,"ax",@progbits
 1071               	.global	has_anymod
 1073               	has_anymod:
 1074               	.LFB135:
 231:./tmk_core/common/action_util.c ****     return bitpop(real_mods);
 1075               		.loc 1 231 1 view -0
 1076               		.cfi_startproc
 1077               	/* prologue: function */
 1078               	/* frame size = 0 */
 1079               	/* stack size = 0 */
 1080               	.L__stack_usage = 0
 232:./tmk_core/common/action_util.c **** }
 1081               		.loc 1 232 5 view .LVU235
 232:./tmk_core/common/action_util.c **** }
 1082               		.loc 1 232 12 is_stmt 0 view .LVU236
 1083 0000 8091 0000 		lds r24,real_mods
 1084 0004 0C94 0000 		jmp bitpop
 1085               	.LVL50:
 1086               		.cfi_endproc
 1087               	.LFE135:
 1089               		.section	.text.get_first_key,"ax",@progbits
 1090               	.global	get_first_key
 1092               	get_first_key:
 1093               	.LFB136:
 236:./tmk_core/common/action_util.c **** #ifdef NKRO_ENABLE
 1094               		.loc 1 236 1 is_stmt 1 view -0
 1095               		.cfi_startproc
 1096 0000 CF93      		push r28
 1097               	.LCFI0:
 1098               		.cfi_def_cfa_offset 3
 1099               		.cfi_offset 28, -2
 1100 0002 DF93      		push r29
 1101               	.LCFI1:
 1102               		.cfi_def_cfa_offset 4
 1103               		.cfi_offset 29, -3
 1104               	/* prologue: function */
 1105               	/* frame size = 0 */
 1106               	/* stack size = 2 */
 1107               	.L__stack_usage = 2
 238:./tmk_core/common/action_util.c ****         uint8_t i = 0;
 1108               		.loc 1 238 5 view .LVU238
 1109               	.LBB41:
 240:./tmk_core/common/action_util.c ****             ;
 1110               		.loc 1 240 60 is_stmt 0 view .LVU239
 1111 0004 E091 0000 		lds r30,keyboard_report
 1112 0008 F091 0000 		lds r31,keyboard_report+1
 1113               	.LBE41:
 238:./tmk_core/common/action_util.c ****         uint8_t i = 0;
 1114               		.loc 1 238 8 view .LVU240
 1115 000c 8091 0000 		lds r24,keyboard_protocol
 1116 0010 8823      		tst r24
 1117 0012 01F0      		breq .L77
 238:./tmk_core/common/action_util.c ****         uint8_t i = 0;
 1118               		.loc 1 238 27 discriminator 1 view .LVU241
 1119 0014 8091 0000 		lds r24,keymap_config
 1120 0018 DF01      		movw r26,r30
 1121 001a 1196      		adiw r26,1
 1122               	.LBB42:
 239:./tmk_core/common/action_util.c ****         for (; i < KEYBOARD_REPORT_BITS && !keyboard_report->nkro.bits[i]; i++)
 1123               		.loc 1 239 17 discriminator 1 view .LVU242
 1124 001c C0E0      		ldi r28,0
 1125               	.LBE42:
 238:./tmk_core/common/action_util.c ****         uint8_t i = 0;
 1126               		.loc 1 238 27 discriminator 1 view .LVU243
 1127 001e 87FD      		sbrc r24,7
 1128 0020 00C0      		rjmp .L78
 1129               	.L77:
 255:./tmk_core/common/action_util.c **** #endif
 1130               		.loc 1 255 5 is_stmt 1 view .LVU244
 255:./tmk_core/common/action_util.c **** #endif
 1131               		.loc 1 255 33 is_stmt 0 view .LVU245
 1132 0022 8281      		ldd r24,Z+2
 1133 0024 00C0      		rjmp .L76
 1134               	.LVL51:
 1135               	.L80:
 1136               	.LBB43:
 240:./tmk_core/common/action_util.c ****             ;
 1137               		.loc 1 240 77 is_stmt 1 discriminator 3 view .LVU246
 1138 0026 CF5F      		subi r28,lo8(-(1))
 1139               	.LVL52:
 240:./tmk_core/common/action_util.c ****             ;
 1140               		.loc 1 240 41 discriminator 3 view .LVU247
 1141 0028 CF31      		cpi r28,lo8(31)
 1142 002a 01F0      		breq .L79
 1143               	.LVL53:
 1144               	.L78:
 240:./tmk_core/common/action_util.c ****             ;
 1145               		.loc 1 240 71 is_stmt 0 discriminator 2 view .LVU248
 1146 002c 8D91      		ld r24,X+
 240:./tmk_core/common/action_util.c ****             ;
 1147               		.loc 1 240 41 discriminator 2 view .LVU249
 1148 002e 8823      		tst r24
 1149 0030 01F0      		breq .L80
 1150               	.L79:
 242:./tmk_core/common/action_util.c ****     }
 1151               		.loc 1 242 9 is_stmt 1 view .LVU250
 242:./tmk_core/common/action_util.c ****     }
 1152               		.loc 1 242 17 is_stmt 0 view .LVU251
 1153 0032 D0E0      		ldi r29,0
 242:./tmk_core/common/action_util.c ****     }
 1154               		.loc 1 242 23 view .LVU252
 1155 0034 EC0F      		add r30,r28
 1156 0036 FD1F      		adc r31,r29
 1157 0038 8181      		ldd r24,Z+1
 1158 003a 0E94 0000 		call biton
 1159               	.LVL54:
 242:./tmk_core/common/action_util.c ****     }
 1160               		.loc 1 242 17 view .LVU253
 1161 003e 93E0      		ldi r25,3
 1162               		1:
 1163 0040 CC0F      		lsl r28
 1164 0042 DD1F      		rol r29
 1165 0044 9A95      		dec r25
 1166 0046 01F4      		brne 1b
 1167               	.LVL55:
 242:./tmk_core/common/action_util.c ****     }
 1168               		.loc 1 242 21 view .LVU254
 1169 0048 8C2B      		or r24,r28
 1170               	.L76:
 1171               	/* epilogue start */
 242:./tmk_core/common/action_util.c ****     }
 1172               		.loc 1 242 21 view .LVU255
 1173               	.LBE43:
 257:./tmk_core/common/action_util.c **** 
 1174               		.loc 1 257 1 view .LVU256
 1175 004a DF91      		pop r29
 1176 004c CF91      		pop r28
 1177 004e 0895      		ret
 1178               		.cfi_endproc
 1179               	.LFE136:
 1181               		.section	.bss.oneshot_layer_data,"aw",@nobits
 1184               	oneshot_layer_data:
 1185 0000 00        		.zero	1
 1186               		.section	.bss.oneshot_locked_mods,"aw",@nobits
 1189               	oneshot_locked_mods:
 1190 0000 00        		.zero	1
 1191               		.section	.bss.oneshot_mods,"aw",@nobits
 1194               	oneshot_mods:
 1195 0000 00        		.zero	1
 1196               	.global	keyboard_report
 1197               		.section	.data.keyboard_report,"aw"
 1200               	keyboard_report:
 1201 0000 0000      		.word	__compound_literal.0
 1202               		.section	.bss.__compound_literal.0,"aw",@nobits
 1205               	__compound_literal.0:
 1206 0000 0000 0000 		.zero	32
 1206      0000 0000 
 1206      0000 0000 
 1206      0000 0000 
 1206      0000 0000 
 1207               		.section	.bss.macro_mods,"aw",@nobits
 1210               	macro_mods:
 1211 0000 00        		.zero	1
 1212               		.section	.bss.weak_mods,"aw",@nobits
 1215               	weak_mods:
 1216 0000 00        		.zero	1
 1217               		.section	.bss.real_mods,"aw",@nobits
 1220               	real_mods:
 1221 0000 00        		.zero	1
 1222               		.text
 1223               	.Letext0:
 1224               		.file 2 "/usr/avr/include/stdint.h"
 1225               		.file 3 "./tmk_core/common/report.h"
 1226               		.file 4 "./tmk_core/common/host.h"
 1227               		.file 5 "./tmk_core/common/action_util.h"
 1228               		.file 6 "./quantum/keycode_config.h"
 1229               		.file 7 "./tmk_core/common/util.h"
 1230               		.file 8 "./tmk_core/common/action_layer.h"
DEFINED SYMBOLS
                            *ABS*:0000000000000000 action_util.c
     /tmp/cclq5ylG.s:2      *ABS*:000000000000003e __SP_H__
     /tmp/cclq5ylG.s:3      *ABS*:000000000000003d __SP_L__
     /tmp/cclq5ylG.s:4      *ABS*:000000000000003f __SREG__
     /tmp/cclq5ylG.s:5      *ABS*:000000000000003b __RAMPZ__
     /tmp/cclq5ylG.s:6      *ABS*:0000000000000000 __tmp_reg__
     /tmp/cclq5ylG.s:7      *ABS*:0000000000000001 __zero_reg__
     /tmp/cclq5ylG.s:14     .text.get_oneshot_locked_mods:0000000000000000 get_oneshot_locked_mods
     /tmp/cclq5ylG.s:1189   .bss.oneshot_locked_mods:0000000000000000 oneshot_locked_mods
     /tmp/cclq5ylG.s:34     .text.set_oneshot_locked_mods:0000000000000000 set_oneshot_locked_mods
     /tmp/cclq5ylG.s:55     .text.clear_oneshot_locked_mods:0000000000000000 clear_oneshot_locked_mods
     /tmp/cclq5ylG.s:75     .text.get_oneshot_layer:0000000000000000 get_oneshot_layer
     /tmp/cclq5ylG.s:1184   .bss.oneshot_layer_data:0000000000000000 oneshot_layer_data
     /tmp/cclq5ylG.s:98     .text.get_oneshot_layer_state:0000000000000000 get_oneshot_layer_state
     /tmp/cclq5ylG.s:119    .text.set_oneshot_layer:0000000000000000 set_oneshot_layer
     /tmp/cclq5ylG.s:149    .text.reset_oneshot_layer:0000000000000000 reset_oneshot_layer
     /tmp/cclq5ylG.s:169    .text.clear_oneshot_layer_state:0000000000000000 clear_oneshot_layer_state
     /tmp/cclq5ylG.s:237    .text.is_oneshot_layer_active:0000000000000000 is_oneshot_layer_active
     /tmp/cclq5ylG.s:270    .text.add_key:0000000000000000 add_key
     /tmp/cclq5ylG.s:1200   .data.keyboard_report:0000000000000000 keyboard_report
     /tmp/cclq5ylG.s:400    .text.del_key:0000000000000000 del_key
     /tmp/cclq5ylG.s:509    .text.clear_keys:0000000000000000 clear_keys
     /tmp/cclq5ylG.s:556    .text.get_mods:0000000000000000 get_mods
     /tmp/cclq5ylG.s:1220   .bss.real_mods:0000000000000000 real_mods
     /tmp/cclq5ylG.s:575    .text.add_mods:0000000000000000 add_mods
     /tmp/cclq5ylG.s:598    .text.del_mods:0000000000000000 del_mods
     /tmp/cclq5ylG.s:625    .text.set_mods:0000000000000000 set_mods
     /tmp/cclq5ylG.s:646    .text.clear_mods:0000000000000000 clear_mods
     /tmp/cclq5ylG.s:666    .text.get_weak_mods:0000000000000000 get_weak_mods
     /tmp/cclq5ylG.s:1215   .bss.weak_mods:0000000000000000 weak_mods
     /tmp/cclq5ylG.s:685    .text.add_weak_mods:0000000000000000 add_weak_mods
     /tmp/cclq5ylG.s:708    .text.del_weak_mods:0000000000000000 del_weak_mods
     /tmp/cclq5ylG.s:735    .text.set_weak_mods:0000000000000000 set_weak_mods
     /tmp/cclq5ylG.s:756    .text.clear_weak_mods:0000000000000000 clear_weak_mods
     /tmp/cclq5ylG.s:776    .text.get_macro_mods:0000000000000000 get_macro_mods
     /tmp/cclq5ylG.s:1210   .bss.macro_mods:0000000000000000 macro_mods
     /tmp/cclq5ylG.s:795    .text.add_macro_mods:0000000000000000 add_macro_mods
     /tmp/cclq5ylG.s:818    .text.del_macro_mods:0000000000000000 del_macro_mods
     /tmp/cclq5ylG.s:845    .text.set_macro_mods:0000000000000000 set_macro_mods
     /tmp/cclq5ylG.s:866    .text.clear_macro_mods:0000000000000000 clear_macro_mods
     /tmp/cclq5ylG.s:886    .text.set_oneshot_mods:0000000000000000 set_oneshot_mods
     /tmp/cclq5ylG.s:1194   .bss.oneshot_mods:0000000000000000 oneshot_mods
     /tmp/cclq5ylG.s:907    .text.clear_oneshot_mods:0000000000000000 clear_oneshot_mods
     /tmp/cclq5ylG.s:927    .text.get_oneshot_mods:0000000000000000 get_oneshot_mods
     /tmp/cclq5ylG.s:946    .text.has_anykey:0000000000000000 has_anykey
     /tmp/cclq5ylG.s:1001   .text.send_keyboard_report:0000000000000000 send_keyboard_report
     /tmp/cclq5ylG.s:1073   .text.has_anymod:0000000000000000 has_anymod
     /tmp/cclq5ylG.s:1092   .text.get_first_key:0000000000000000 get_first_key
     /tmp/cclq5ylG.s:1205   .bss.__compound_literal.0:0000000000000000 __compound_literal.0

UNDEFINED SYMBOLS
layer_on
layer_off
keyboard_protocol
keymap_config
host_keyboard_send
bitpop
biton
__do_copy_data
__do_clear_bss
