Archive member included to satisfy reference by file (symbol)

/usr/lib/gcc/avr/8.3.0/../../../../avr/lib/avr5/libm.a(fixsfsi.o)
                              obj_pc98_usb_32u4/common/mousekey.o (__fixsfsi)
/usr/lib/gcc/avr/8.3.0/../../../../avr/lib/avr5/libm.a(fixunssfsi.o)
                              /usr/lib/gcc/avr/8.3.0/../../../../avr/lib/avr5/libm.a(fixsfsi.o) (__fixunssfsi)
/usr/lib/gcc/avr/8.3.0/../../../../avr/lib/avr5/libm.a(floatsisf.o)
                              obj_pc98_usb_32u4/common/mousekey.o (__floatsisf)
/usr/lib/gcc/avr/8.3.0/../../../../avr/lib/avr5/libm.a(fp_split3.o)
                              /usr/lib/gcc/avr/8.3.0/../../../../avr/lib/avr5/libm.a(fixunssfsi.o) (__fp_splitA)
/usr/lib/gcc/avr/8.3.0/../../../../avr/lib/avr5/libm.a(fp_zero.o)
                              /usr/lib/gcc/avr/8.3.0/../../../../avr/lib/avr5/libm.a(fixunssfsi.o) (__fp_zero)
/usr/lib/gcc/avr/8.3.0/../../../../avr/lib/avr5/libm.a(mulsf3.o)
                              obj_pc98_usb_32u4/common/mousekey.o (__mulsf3)
/usr/lib/gcc/avr/8.3.0/../../../../avr/lib/avr5/libm.a(mulsf3x.o)
                              /usr/lib/gcc/avr/8.3.0/../../../../avr/lib/avr5/libm.a(mulsf3.o) (__mulsf3x)
/usr/lib/gcc/avr/8.3.0/../../../../avr/lib/avr5/libm.a(fp_inf.o)
                              /usr/lib/gcc/avr/8.3.0/../../../../avr/lib/avr5/libm.a(mulsf3x.o) (__fp_inf)
/usr/lib/gcc/avr/8.3.0/../../../../avr/lib/avr5/libm.a(fp_nan.o)
                              /usr/lib/gcc/avr/8.3.0/../../../../avr/lib/avr5/libm.a(mulsf3x.o) (__fp_nan)
/usr/lib/gcc/avr/8.3.0/../../../../avr/lib/avr5/libm.a(fp_pscA.o)
                              /usr/lib/gcc/avr/8.3.0/../../../../avr/lib/avr5/libm.a(mulsf3x.o) (__fp_pscA)
/usr/lib/gcc/avr/8.3.0/../../../../avr/lib/avr5/libm.a(fp_pscB.o)
                              /usr/lib/gcc/avr/8.3.0/../../../../avr/lib/avr5/libm.a(mulsf3x.o) (__fp_pscB)
/usr/lib/gcc/avr/8.3.0/../../../../avr/lib/avr5/libm.a(fp_round.o)
                              /usr/lib/gcc/avr/8.3.0/../../../../avr/lib/avr5/libm.a(mulsf3.o) (__fp_round)
/usr/lib/gcc/avr/8.3.0/avr5/libgcc.a(_divmodhi4.o)
                              obj_pc98_usb_32u4/common/mousekey.o (__divmodhi4)
/usr/lib/gcc/avr/8.3.0/avr5/libgcc.a(_exit.o)
                              /usr/lib/gcc/avr/8.3.0/../../../../avr/lib/avr5/crtatmega32u4.o (exit)
/usr/lib/gcc/avr/8.3.0/avr5/libgcc.a(_tablejump2.o)
                              obj_pc98_usb_32u4/protocol/lufa/lufa-abcminiuser/LUFA/Drivers/USB/Core/DeviceStandardReq.o (__tablejump2__)
/usr/lib/gcc/avr/8.3.0/avr5/libgcc.a(_copy_data.o)
                              obj_pc98_usb_32u4/protocol/lufa/lufa.o (__do_copy_data)
/usr/lib/gcc/avr/8.3.0/avr5/libgcc.a(_clear_bss.o)
                              obj_pc98_usb_32u4/matrix.o (__do_clear_bss)
/usr/lib/gcc/avr/8.3.0/avr5/libgcc.a(_udivmodhi4.o)
                              /usr/lib/gcc/avr/8.3.0/avr5/libgcc.a(_divmodhi4.o) (__udivmodhi4)
/usr/lib/gcc/avr/8.3.0/../../../../avr/lib/avr5/libatmega32u4.a(eerd_byte.o)
                              obj_pc98_usb_32u4/protocol/lufa/lufa-abcminiuser/LUFA/Drivers/USB/Core/AVR8/EndpointStream_AVR8.o (eeprom_read_byte)
/usr/lib/gcc/avr/8.3.0/../../../../avr/lib/avr5/libatmega32u4.a(eeupd_byte.o)
                              obj_pc98_usb_32u4/protocol/lufa/lufa-abcminiuser/LUFA/Drivers/USB/Core/AVR8/EndpointStream_AVR8.o (eeprom_update_byte)

Allocating common symbols
Common symbol       size              file

USB_IsInitialized   0x1               obj_pc98_usb_32u4/protocol/lufa/lufa-abcminiuser/LUFA/Drivers/USB/Core/USBTask.o
USB_DeviceState     0x1               obj_pc98_usb_32u4/protocol/lufa/lufa-abcminiuser/LUFA/Drivers/USB/Core/USBTask.o
USB_Device_ConfigurationNumber
                    0x1               obj_pc98_usb_32u4/protocol/lufa/lufa-abcminiuser/LUFA/Drivers/USB/Core/DeviceStandardReq.o
USB_Device_CurrentlySelfPowered
                    0x1               obj_pc98_usb_32u4/protocol/lufa/lufa-abcminiuser/LUFA/Drivers/USB/Core/DeviceStandardReq.o
USB_ControlRequest  0x8               obj_pc98_usb_32u4/protocol/lufa/lufa-abcminiuser/LUFA/Drivers/USB/Core/USBTask.o
USB_Device_RemoteWakeupEnabled
                    0x1               obj_pc98_usb_32u4/protocol/lufa/lufa-abcminiuser/LUFA/Drivers/USB/Core/DeviceStandardReq.o

Discarded input sections

 .data          0x0000000000000000        0x0 /usr/lib/gcc/avr/8.3.0/../../../../avr/lib/avr5/crtatmega32u4.o
 .bss           0x0000000000000000        0x0 /usr/lib/gcc/avr/8.3.0/../../../../avr/lib/avr5/crtatmega32u4.o
 .text          0x0000000000000000        0x0 obj_pc98_usb_32u4/unimap.o
 .data          0x0000000000000000        0x0 obj_pc98_usb_32u4/unimap.o
 .bss           0x0000000000000000        0x0 obj_pc98_usb_32u4/unimap.o
 .text          0x0000000000000000        0x0 obj_pc98_usb_32u4/matrix.o
 .data          0x0000000000000000        0x0 obj_pc98_usb_32u4/matrix.o
 .bss           0x0000000000000000        0x0 obj_pc98_usb_32u4/matrix.o
[...]
Memory Configuration

Name             Origin             Length             Attributes
text             0x0000000000000000 0x0000000000020000 xr
data             0x0000000000800060 0x000000000000ffa0 rw !x
eeprom           0x0000000000810000 0x0000000000010000 rw !x
fuse             0x0000000000820000 0x0000000000000400 rw !x
lock             0x0000000000830000 0x0000000000000400 rw !x
signature        0x0000000000840000 0x0000000000000400 rw !x
user_signatures  0x0000000000850000 0x0000000000000400 rw !x
*default*        0x0000000000000000 0xffffffffffffffff

Linker script and memory map

Address of section .data set to 0x800100
LOAD /usr/lib/gcc/avr/8.3.0/../../../../avr/lib/avr5/crtatmega32u4.o
LOAD obj_pc98_usb_32u4/unimap.o
LOAD obj_pc98_usb_32u4/matrix.o
LOAD obj_pc98_usb_32u4/protocol/serial_uart.o
LOAD obj_pc98_usb_32u4/protocol/lufa/lufa.o
LOAD obj_pc98_usb_32u4/protocol/lufa/descriptor.o
LOAD obj_pc98_usb_32u4/protocol/lufa/lufa-abcminiuser/LUFA/Drivers/USB/Core/AVR8/Device_AVR8.o
LOAD obj_pc98_usb_32u4/protocol/lufa/lufa-abcminiuser/LUFA/Drivers/USB/Core/AVR8/Endpoint_AVR8.o
LOAD obj_pc98_usb_32u4/protocol/lufa/lufa-abcminiuser/LUFA/Drivers/USB/Core/AVR8/EndpointStream_AVR8.o
LOAD obj_pc98_usb_32u4/protocol/lufa/lufa-abcminiuser/LUFA/Drivers/USB/Core/DeviceStandardReq.o
LOAD obj_pc98_usb_32u4/protocol/lufa/lufa-abcminiuser/LUFA/Drivers/USB/Core/AVR8/USBController_AVR8.o
LOAD obj_pc98_usb_32u4/protocol/lufa/lufa-abcminiuser/LUFA/Drivers/USB/Core/AVR8/USBInterrupt_AVR8.o
LOAD obj_pc98_usb_32u4/protocol/lufa/lufa-abcminiuser/LUFA/Drivers/USB/Core/ConfigDescriptors.o
LOAD obj_pc98_usb_32u4/protocol/lufa/lufa-abcminiuser/LUFA/Drivers/USB/Core/Events.o
LOAD obj_pc98_usb_32u4/protocol/lufa/lufa-abcminiuser/LUFA/Drivers/USB/Core/USBTask.o
LOAD obj_pc98_usb_32u4/protocol/lufa/lufa-abcminiuser/LUFA/Drivers/USB/Class/Common/HIDParser.o
LOAD obj_pc98_usb_32u4/common/host.o
LOAD obj_pc98_usb_32u4/common/keyboard.o
LOAD obj_pc98_usb_32u4/common/matrix.o
LOAD obj_pc98_usb_32u4/common/action.o
LOAD obj_pc98_usb_32u4/common/action_tapping.o
LOAD obj_pc98_usb_32u4/common/action_macro.o
LOAD obj_pc98_usb_32u4/common/action_layer.o
LOAD obj_pc98_usb_32u4/common/action_util.o
LOAD obj_pc98_usb_32u4/common/print.o
LOAD obj_pc98_usb_32u4/common/debug.o
LOAD obj_pc98_usb_32u4/common/util.o
LOAD obj_pc98_usb_32u4/common/hook.o
LOAD obj_pc98_usb_32u4/common/avr/suspend.o
LOAD obj_pc98_usb_32u4/common/avr/xprintf.o
LOAD obj_pc98_usb_32u4/common/avr/timer.o
LOAD obj_pc98_usb_32u4/common/avr/bootloader.o
LOAD obj_pc98_usb_32u4/common/unimap.o
LOAD obj_pc98_usb_32u4/common/mousekey.o
LOAD obj_pc98_usb_32u4/common/command.o
LOAD /usr/lib/gcc/avr/8.3.0/../../../../avr/lib/avr5/libm.a
START GROUP
LOAD /usr/lib/gcc/avr/8.3.0/avr5/libgcc.a
LOAD /usr/lib/gcc/avr/8.3.0/../../../../avr/lib/avr5/libm.a
LOAD /usr/lib/gcc/avr/8.3.0/../../../../avr/lib/avr5/libc.a
LOAD /usr/lib/gcc/avr/8.3.0/../../../../avr/lib/avr5/libatmega32u4.a
END GROUP
                0x0000000000020000                __TEXT_REGION_LENGTH__ = DEFINED (__TEXT_REGION_LENGTH__)?__TEXT_REGION_LENGTH__:0x20000
                0x000000000000ffa0                __DATA_REGION_LENGTH__ = DEFINED (__DATA_REGION_LENGTH__)?__DATA_REGION_LENGTH__:0xffa0
                0x0000000000010000                __EEPROM_REGION_LENGTH__ = DEFINED (__EEPROM_REGION_LENGTH__)?__EEPROM_REGION_LENGTH__:0x10000
                0x0000000000000400                __FUSE_REGION_LENGTH__ = DEFINED (__FUSE_REGION_LENGTH__)?__FUSE_REGION_LENGTH__:0x400
                0x0000000000000400                __LOCK_REGION_LENGTH__ = DEFINED (__LOCK_REGION_LENGTH__)?__LOCK_REGION_LENGTH__:0x400
                0x0000000000000400                __SIGNATURE_REGION_LENGTH__ = DEFINED (__SIGNATURE_REGION_LENGTH__)?__SIGNATURE_REGION_LENGTH__:0x400
                0x0000000000000400                __USER_SIGNATURE_REGION_LENGTH__ = DEFINED (__USER_SIGNATURE_REGION_LENGTH__)?__USER_SIGNATURE_REGION_LENGTH__:0x400

.hash
 *(.hash)

.dynsym
 *(.dynsym)

.dynstr
 *(.dynstr)

.gnu.version
 *(.gnu.version)

.gnu.version_d
 *(.gnu.version_d)

.gnu.version_r
 *(.gnu.version_r)

.rel.init
 *(.rel.init)

.rela.init
 *(.rela.init)

.rel.text
 *(.rel.text)
 *(.rel.text.*)
 *(.rel.gnu.linkonce.t*)

.rela.text
 *(.rela.text)
 *(.rela.text.*)
 *(.rela.gnu.linkonce.t*)

.rel.fini
 *(.rel.fini)

.rela.fini
 *(.rela.fini)

.rel.rodata
 *(.rel.rodata)
 *(.rel.rodata.*)
 *(.rel.gnu.linkonce.r*)

.rela.rodata
 *(.rela.rodata)
 *(.rela.rodata.*)
 *(.rela.gnu.linkonce.r*)

.rel.data
 *(.rel.data)
 *(.rel.data.*)
 *(.rel.gnu.linkonce.d*)

.rela.data
 *(.rela.data)
 *(.rela.data.*)
 *(.rela.gnu.linkonce.d*)

.rel.ctors
 *(.rel.ctors)

.rela.ctors
 *(.rela.ctors)

.rel.dtors
 *(.rel.dtors)

.rela.dtors
 *(.rela.dtors)

.rel.got
 *(.rel.got)

.rela.got
 *(.rela.got)

.rel.bss
 *(.rel.bss)

.rela.bss
 *(.rela.bss)

.rel.plt
 *(.rel.plt)

.rela.plt
 *(.rela.plt)

.text           0x0000000000000000     0x4c6c
 *(.vectors)
 .vectors       0x0000000000000000       0xac /usr/lib/gcc/avr/8.3.0/../../../../avr/lib/avr5/crtatmega32u4.o
                0x0000000000000000                __vectors
                0x0000000000000000                __vector_default
 *(.vectors)
 *(.progmem.gcc*)
                0x00000000000000ac                . = ALIGN (0x2)
                0x00000000000000ac                __trampolines_start = .
 *(.trampolines)
 .trampolines   0x00000000000000ac        0x0 linker stubs
 *(.trampolines*)
                0x00000000000000ac                __trampolines_end = .
 *libprintf_flt.a:*(.progmem.data)
 *libc.a:*(.progmem.data)
 *(.progmem.*)
 .progmem.data.actionmaps
                0x00000000000000ac      0x100 obj_pc98_usb_32u4/unimap.o
                0x00000000000000ac                actionmaps
 .progmem.data.unimap_trans
                0x00000000000001ac       0x80 obj_pc98_usb_32u4/unimap.o
                0x00000000000001ac                unimap_trans
 .progmem.data.__c.1973
                0x000000000000022c       0x10 obj_pc98_usb_32u4/matrix.o
 .progmem.data.__c.1971
                0x000000000000023c        0xf obj_pc98_usb_32u4/matrix.o
 .progmem.data.__c.1950
                0x000000000000024b       0x11 obj_pc98_usb_32u4/matrix.o
 .progmem.data.__c.1948
                0x000000000000025c        0xf obj_pc98_usb_32u4/matrix.o
 .progmem.data.__c.1963
                0x000000000000026b        0x6 obj_pc98_usb_32u4/matrix.o
 .progmem.data.__c.1940
                0x0000000000000271        0xf obj_pc98_usb_32u4/matrix.o
 .progmem.data.__c.1938
                0x0000000000000280        0xf obj_pc98_usb_32u4/matrix.o
 .progmem.data.__c.5253
                0x000000000000028f       0x12 obj_pc98_usb_32u4/protocol/lufa/lufa.o
 .progmem.data.__c.5251
                0x00000000000002a1       0x12 obj_pc98_usb_32u4/protocol/lufa/lufa.o
 .progmem.data.__c.5246
                0x00000000000002b3       0x16 obj_pc98_usb_32u4/protocol/lufa/lufa.o
 .progmem.data.ProductString
                0x00000000000002c9       0x32 obj_pc98_usb_32u4/protocol/lufa/descriptor.o
                0x00000000000002c9                ProductString
 .progmem.data.ManufacturerString
                0x00000000000002fb       0x10 obj_pc98_usb_32u4/protocol/lufa/descriptor.o
                0x00000000000002fb                ManufacturerString
 .progmem.data.LanguageString
                0x000000000000030b        0x4 obj_pc98_usb_32u4/protocol/lufa/descriptor.o
                0x000000000000030b                LanguageString
 .progmem.data.ConfigurationDescriptor
                0x000000000000030f       0x74 obj_pc98_usb_32u4/protocol/lufa/descriptor.o
                0x000000000000030f                ConfigurationDescriptor
 .progmem.data.DeviceDescriptor
                0x0000000000000383       0x12 obj_pc98_usb_32u4/protocol/lufa/descriptor.o
                0x0000000000000383                DeviceDescriptor
 .progmem.data.ConsoleReport
                0x0000000000000395       0x22 obj_pc98_usb_32u4/protocol/lufa/descriptor.o
                0x0000000000000395                ConsoleReport
 .progmem.data.ExtrakeyReport
                0x00000000000003b7       0x36 obj_pc98_usb_32u4/protocol/lufa/descriptor.o
                0x00000000000003b7                ExtrakeyReport
 .progmem.data.MouseReport
                0x00000000000003ed       0x4d obj_pc98_usb_32u4/protocol/lufa/descriptor.o
                0x00000000000003ed                MouseReport
 .progmem.data.KeyboardReport
                0x000000000000043a       0x40 obj_pc98_usb_32u4/protocol/lufa/descriptor.o
                0x000000000000043a                KeyboardReport
 .progmem.data.__c.2134
                0x000000000000047a       0x10 obj_pc98_usb_32u4/common/host.o
 .progmem.data.__c.2129
                0x000000000000048a        0xe obj_pc98_usb_32u4/common/host.o
 .progmem.data.__c.2121
                0x0000000000000498        0x2 obj_pc98_usb_32u4/common/host.o
 .progmem.data.__c.2116
                0x000000000000049a        0x6 obj_pc98_usb_32u4/common/host.o
 .progmem.data.__c.2113
                0x00000000000004a0        0xb obj_pc98_usb_32u4/common/host.o
 .progmem.data.__c.2471
                0x00000000000004ab        0xb obj_pc98_usb_32u4/common/keyboard.o
 .progmem.data.__c.1793
                0x00000000000004b6        0xe obj_pc98_usb_32u4/common/matrix.o
 .progmem.data.__c.1790
                0x00000000000004c4        0xe obj_pc98_usb_32u4/common/matrix.o
 .progmem.data.__c.2194
                0x00000000000004d2        0x3 obj_pc98_usb_32u4/common/mousekey.o
 .progmem.data.__c.2192
                0x00000000000004d5        0x3 obj_pc98_usb_32u4/common/mousekey.o
 .progmem.data.__c.2190
                0x00000000000004d8        0x2 obj_pc98_usb_32u4/common/mousekey.o
 .progmem.data.__c.2188
                0x00000000000004da        0x3 obj_pc98_usb_32u4/common/mousekey.o
 .progmem.data.__c.2186
                0x00000000000004dd        0x3 obj_pc98_usb_32u4/common/mousekey.o
 .progmem.data.__c.2184
                0x00000000000004e0        0x3 obj_pc98_usb_32u4/common/mousekey.o
 .progmem.data.__c.2182
                0x00000000000004e3        0x2 obj_pc98_usb_32u4/common/mousekey.o
 .progmem.data.__c.2180
                0x00000000000004e5        0x3 obj_pc98_usb_32u4/common/mousekey.o
 .progmem.data.__c.2178
                0x00000000000004e8        0x2 obj_pc98_usb_32u4/common/mousekey.o
 .progmem.data.__c.2176
                0x00000000000004ea        0x3 obj_pc98_usb_32u4/common/mousekey.o
 .progmem.data.__c.2174
                0x00000000000004ed        0x2 obj_pc98_usb_32u4/common/mousekey.o
 .progmem.data.__c.2172
                0x00000000000004ef        0x3 obj_pc98_usb_32u4/common/mousekey.o
 .progmem.data.__c.2170
                0x00000000000004f2        0x2 obj_pc98_usb_32u4/common/mousekey.o
 .progmem.data.__c.2168
                0x00000000000004f4        0x5 obj_pc98_usb_32u4/common/mousekey.o
 .progmem.data.__c.2166
                0x00000000000004f9       0x23 obj_pc98_usb_32u4/common/mousekey.o
 .progmem.data.__c.2820
                0x000000000000051c       0x1b obj_pc98_usb_32u4/common/command.o
 .progmem.data.__c.2817
                0x0000000000000537       0x19 obj_pc98_usb_32u4/common/command.o
 .progmem.data.__c.2814
                0x0000000000000550       0x15 obj_pc98_usb_32u4/common/command.o
 .progmem.data.__c.2811
                0x0000000000000565       0x13 obj_pc98_usb_32u4/common/command.o
 .progmem.data.__c.2808
                0x0000000000000578       0x12 obj_pc98_usb_32u4/common/command.o
 .progmem.data.__c.2804
                0x000000000000058a        0xf obj_pc98_usb_32u4/common/command.o
 .progmem.data.__c.2797
                0x0000000000000599       0x1b obj_pc98_usb_32u4/common/command.o
 .progmem.data.__c.2794
                0x00000000000005b4       0x19 obj_pc98_usb_32u4/common/command.o
 .progmem.data.__c.2791
                0x00000000000005cd       0x15 obj_pc98_usb_32u4/common/command.o
 .progmem.data.__c.2788
                0x00000000000005e2       0x13 obj_pc98_usb_32u4/common/command.o
 .progmem.data.__c.2785
                0x00000000000005f5       0x12 obj_pc98_usb_32u4/common/command.o
 .progmem.data.__c.2781
                0x0000000000000607        0xf obj_pc98_usb_32u4/common/command.o
 .progmem.data.__c.2774
                0x0000000000000616        0x2 obj_pc98_usb_32u4/common/command.o
 .progmem.data.__c.2772
                0x0000000000000618        0x3 obj_pc98_usb_32u4/common/command.o
 .progmem.data.__c.2770
                0x000000000000061b       0x17 obj_pc98_usb_32u4/common/command.o
 .progmem.data.__c.2768
                0x0000000000000632        0x2 obj_pc98_usb_32u4/common/command.o
 .progmem.data.__c.2766
                0x0000000000000634        0x3 obj_pc98_usb_32u4/common/command.o
 .progmem.data.__c.2764
                0x0000000000000637       0x15 obj_pc98_usb_32u4/common/command.o
 .progmem.data.__c.2762
                0x000000000000064c        0x2 obj_pc98_usb_32u4/common/command.o
 .progmem.data.__c.2760
                0x000000000000064e        0x3 obj_pc98_usb_32u4/common/command.o
 .progmem.data.__c.2758
                0x0000000000000651       0x11 obj_pc98_usb_32u4/common/command.o
 .progmem.data.__c.2756
                0x0000000000000662        0x2 obj_pc98_usb_32u4/common/command.o
 .progmem.data.__c.2754
                0x0000000000000664        0x3 obj_pc98_usb_32u4/common/command.o
 .progmem.data.__c.2752
                0x0000000000000667        0xf obj_pc98_usb_32u4/common/command.o
 .progmem.data.__c.2750
                0x0000000000000676        0x2 obj_pc98_usb_32u4/common/command.o
 .progmem.data.__c.2748
                0x0000000000000678        0x3 obj_pc98_usb_32u4/common/command.o
 .progmem.data.__c.2746
                0x000000000000067b       0x12 obj_pc98_usb_32u4/common/command.o
 .progmem.data.__c.2744
                0x000000000000068d        0x2 obj_pc98_usb_32u4/common/command.o
 .progmem.data.__c.2742
                0x000000000000068f        0x3 obj_pc98_usb_32u4/common/command.o
 .progmem.data.__c.2740
                0x0000000000000692       0x12 obj_pc98_usb_32u4/common/command.o
 .progmem.data.__c.2738
                0x00000000000006a4        0xe obj_pc98_usb_32u4/common/command.o
 .progmem.data.__c.2858
                0x00000000000006b2        0x3 obj_pc98_usb_32u4/common/command.o
 .progmem.data.__c.2856
                0x00000000000006b5        0x6 obj_pc98_usb_32u4/common/command.o
 .progmem.data.__c.2854
                0x00000000000006bb        0x2 obj_pc98_usb_32u4/common/command.o
 .progmem.data.__c.2851
                0x00000000000006bd        0xd obj_pc98_usb_32u4/common/command.o
 .progmem.data.__c.2837
                0x00000000000006ca        0x4 obj_pc98_usb_32u4/common/command.o
 .progmem.data.__c.2827
                0x00000000000006ce       0x4e obj_pc98_usb_32u4/common/command.o
 .progmem.data.__c.2825
                0x000000000000071c       0xfb obj_pc98_usb_32u4/common/command.o
 .progmem.data.__c.2730
                0x0000000000000817        0x2 obj_pc98_usb_32u4/common/command.o
 .progmem.data.__c.2727
                0x0000000000000819        0x4 obj_pc98_usb_32u4/common/command.o
 .progmem.data.__c.2732
                0x000000000000081d        0x4 obj_pc98_usb_32u4/common/command.o
 .progmem.data.__c.2876
                0x0000000000000821        0x5 obj_pc98_usb_32u4/common/command.o
 .progmem.data.__c.2716
                0x0000000000000826       0x27 obj_pc98_usb_32u4/common/command.o
 .progmem.data.__c.2646
                0x000000000000084d       0x93 obj_pc98_usb_32u4/common/command.o
 .progmem.data.__c.2711
                0x00000000000008e0        0x2 obj_pc98_usb_32u4/common/command.o
 .progmem.data.__c.2702
                0x00000000000008e2       0x17 obj_pc98_usb_32u4/common/command.o
 .progmem.data.__c.2700
                0x00000000000008f9       0x13 obj_pc98_usb_32u4/common/command.o
 .progmem.data.__c.2698
                0x000000000000090c       0x17 obj_pc98_usb_32u4/common/command.o
 .progmem.data.__c.2696
                0x0000000000000923       0x1a obj_pc98_usb_32u4/common/command.o
 .progmem.data.__c.2694
                0x000000000000093d        0xe obj_pc98_usb_32u4/common/command.o
 .progmem.data.__c.2691
                0x000000000000094b       0x2b obj_pc98_usb_32u4/common/command.o
 .progmem.data.__c.2689
                0x0000000000000976       0x36 obj_pc98_usb_32u4/common/command.o
 .progmem.data.__c.2687
                0x00000000000009ac       0x28 obj_pc98_usb_32u4/common/command.o
 .progmem.data.__c.2685
                0x00000000000009d4       0x46 obj_pc98_usb_32u4/common/command.o
 .progmem.data.__c.2683
                0x0000000000000a1a       0x30 obj_pc98_usb_32u4/common/command.o
 .progmem.data.__c.2681
                0x0000000000000a4a        0xf obj_pc98_usb_32u4/common/command.o
 .progmem.data.__c.2678
                0x0000000000000a59        0xd obj_pc98_usb_32u4/common/command.o
 .progmem.data.__c.2676
                0x0000000000000a66        0xc obj_pc98_usb_32u4/common/command.o
 .progmem.data.__c.2673
                0x0000000000000a72       0x10 obj_pc98_usb_32u4/common/command.o
 .progmem.data.__c.2671
                0x0000000000000a82        0xf obj_pc98_usb_32u4/common/command.o
 .progmem.data.__c.2668
                0x0000000000000a91        0xe obj_pc98_usb_32u4/common/command.o
 .progmem.data.__c.2666
                0x0000000000000a9f        0xd obj_pc98_usb_32u4/common/command.o
 .progmem.data.__c.2663
                0x0000000000000aac        0xc obj_pc98_usb_32u4/common/command.o
 .progmem.data.__c.2661
                0x0000000000000ab8        0xd obj_pc98_usb_32u4/common/command.o
 .progmem.data.__c.2658
                0x0000000000000ac5       0x11 obj_pc98_usb_32u4/common/command.o
 .progmem.data.__c.2655
                0x0000000000000ad6        0x4 obj_pc98_usb_32u4/common/command.o
                0x0000000000000ada                . = ALIGN (0x2)
 *(.lowtext)
 *(.lowtext*)
                0x0000000000000ada                __ctors_start = .
 *(.ctors)
                0x0000000000000ada                __ctors_end = .
                0x0000000000000ada                __dtors_start = .
 *(.dtors)
                0x0000000000000ada                __dtors_end = .
 SORT_BY_NAME(*)(.ctors)
 SORT_BY_NAME(*)(.dtors)
 *(.init0)
 .init0         0x0000000000000ada        0x0 /usr/lib/gcc/avr/8.3.0/../../../../avr/lib/avr5/crtatmega32u4.o
                0x0000000000000ada                __init
 *(.init0)
 *(.init1)
 *(.init1)
 *(.init2)
 .init2         0x0000000000000ada        0xc /usr/lib/gcc/avr/8.3.0/../../../../avr/lib/avr5/crtatmega32u4.o
 *(.init2)
 *(.init3)
 .init3         0x0000000000000ae6       0x56 obj_pc98_usb_32u4/common/avr/bootloader.o
                0x0000000000000ae6                bootloader_jump_after_watchdog_reset
 *(.init3)
 *(.init4)
 .init4         0x0000000000000b3c       0x16 /usr/lib/gcc/avr/8.3.0/avr5/libgcc.a(_copy_data.o)
                0x0000000000000b3c                __do_copy_data
 .init4         0x0000000000000b52       0x10 /usr/lib/gcc/avr/8.3.0/avr5/libgcc.a(_clear_bss.o)
                0x0000000000000b52                __do_clear_bss
 *(.init4)
 *(.init5)
 *(.init5)
 *(.init6)
 *(.init6)
 *(.init7)
 *(.init7)
 *(.init8)
 *(.init8)
 *(.init9)
 .init9         0x0000000000000b62        0x8 /usr/lib/gcc/avr/8.3.0/../../../../avr/lib/avr5/crtatmega32u4.o
 *(.init9)
 *(.text)
 .text          0x0000000000000b6a        0x4 /usr/lib/gcc/avr/8.3.0/../../../../avr/lib/avr5/crtatmega32u4.o
                0x0000000000000b6a                __vector_38
                0x0000000000000b6a                __vector_22
                0x0000000000000b6a                __vector_28
                0x0000000000000b6a                __vector_1
                0x0000000000000b6a                __vector_32
                0x0000000000000b6a                __vector_34
                0x0000000000000b6a                __vector_24
                0x0000000000000b6a                __bad_interrupt
                0x0000000000000b6a                __vector_6
                0x0000000000000b6a                __vector_31
                0x0000000000000b6a                __vector_35
                0x0000000000000b6a                __vector_39
                0x0000000000000b6a                __vector_3
                0x0000000000000b6a                __vector_23
                0x0000000000000b6a                __vector_30
                0x0000000000000b6a                __vector_11
                0x0000000000000b6a                __vector_13
                0x0000000000000b6a                __vector_17
                0x0000000000000b6a                __vector_19
                0x0000000000000b6a                __vector_7
                0x0000000000000b6a                __vector_41
                0x0000000000000b6a                __vector_27
                0x0000000000000b6a                __vector_5
                0x0000000000000b6a                __vector_33
                0x0000000000000b6a                __vector_37
                0x0000000000000b6a                __vector_4
                0x0000000000000b6a                __vector_9
                0x0000000000000b6a                __vector_2
                0x0000000000000b6a                __vector_15
                0x0000000000000b6a                __vector_36
                0x0000000000000b6a                __vector_29
                0x0000000000000b6a                __vector_40
                0x0000000000000b6a                __vector_8
                0x0000000000000b6a                __vector_26
                0x0000000000000b6a                __vector_14
                0x0000000000000b6a                __vector_16
                0x0000000000000b6a                __vector_18
                0x0000000000000b6a                __vector_20
                0x0000000000000b6a                __vector_42
 .text          0x0000000000000b6e      0x15c obj_pc98_usb_32u4/common/avr/xprintf.o
                0x0000000000000b6e                xputc
                0x0000000000000b86                xputs
                0x0000000000000b94                xitoa
                0x0000000000000cb8                __xprintf
                0x0000000000000cca                . = ALIGN (0x2)
 *(.text.*)
 .text.pc98_send
                0x0000000000000cca       0x22 obj_pc98_usb_32u4/matrix.o
 .text.pc98_wait_response
                0x0000000000000cec       0x24 obj_pc98_usb_32u4/matrix.o
 .text.matrix_init
                0x0000000000000d10       0xcc obj_pc98_usb_32u4/matrix.o
                0x0000000000000d10                matrix_init
 .text.matrix_scan
                0x0000000000000ddc      0x156 obj_pc98_usb_32u4/matrix.o
                0x0000000000000ddc                matrix_scan
 .text.matrix_get_row
                0x0000000000000f32        0xc obj_pc98_usb_32u4/matrix.o
                0x0000000000000f32                matrix_get_row
 .text.led_set  0x0000000000000f3e       0x5e obj_pc98_usb_32u4/matrix.o
                0x0000000000000f3e                led_set
 .text.serial_init
                0x0000000000000f9c       0x2c obj_pc98_usb_32u4/protocol/serial_uart.o
                0x0000000000000f9c                serial_init
 .text.serial_recv2
                0x0000000000000fc8       0x26 obj_pc98_usb_32u4/protocol/serial_uart.o
                0x0000000000000fc8                serial_recv2
 .text.serial_send
                0x0000000000000fee        0xe obj_pc98_usb_32u4/protocol/serial_uart.o
                0x0000000000000fee                serial_send
 .text.__vector_25
                0x0000000000000ffc       0x3a obj_pc98_usb_32u4/protocol/serial_uart.o
                0x0000000000000ffc                __vector_25
 .text.keyboard_leds
                0x0000000000001036        0x6 obj_pc98_usb_32u4/protocol/lufa/lufa.o
 .text.send_consumer
                0x000000000000103c       0x68 obj_pc98_usb_32u4/protocol/lufa/lufa.o
 .text.send_system
                0x00000000000010a4       0x6c obj_pc98_usb_32u4/protocol/lufa/lufa.o
 .text.send_mouse
                0x0000000000001110       0x4a obj_pc98_usb_32u4/protocol/lufa/lufa.o
 .text.send_keyboard
                0x000000000000115a       0x66 obj_pc98_usb_32u4/protocol/lufa/lufa.o
 .text.console_is_ready
                0x00000000000011c0       0x26 obj_pc98_usb_32u4/protocol/lufa/lufa.o
 .text.sendchar
                0x00000000000011e6      0x1c6 obj_pc98_usb_32u4/protocol/lufa/lufa.o
                0x00000000000011e6                sendchar
 .text.EVENT_USB_Device_Connect
                0x00000000000013ac       0x12 obj_pc98_usb_32u4/protocol/lufa/lufa.o
                0x00000000000013ac                EVENT_USB_Device_Connect
 .text.EVENT_USB_Device_Disconnect
                0x00000000000013be        0x6 obj_pc98_usb_32u4/protocol/lufa/lufa.o
                0x00000000000013be                EVENT_USB_Device_Disconnect
 .text.EVENT_USB_Device_Reset
                0x00000000000013c4        0x2 obj_pc98_usb_32u4/protocol/lufa/lufa.o
                0x00000000000013c4                EVENT_USB_Device_Reset
 .text.EVENT_USB_Device_ConfigurationChanged
                0x00000000000013c6       0x28 obj_pc98_usb_32u4/protocol/lufa/lufa.o
                0x00000000000013c6                EVENT_USB_Device_ConfigurationChanged
 .text.EVENT_USB_Device_ControlRequest
                0x00000000000013ee      0x154 obj_pc98_usb_32u4/protocol/lufa/lufa.o
                0x00000000000013ee                EVENT_USB_Device_ControlRequest
 .text.hook_early_init
                0x0000000000001542        0x2 obj_pc98_usb_32u4/protocol/lufa/lufa.o
                0x0000000000001542                hook_early_init
 .text.hook_late_init
                0x0000000000001544        0x2 obj_pc98_usb_32u4/protocol/lufa/lufa.o
                0x0000000000001544                hook_late_init
 .text.hook_usb_suspend_entry
                0x0000000000001546       0x14 obj_pc98_usb_32u4/protocol/lufa/lufa.o
                0x0000000000001546                hook_usb_suspend_entry
 .text.EVENT_USB_Device_Suspend
                0x000000000000155a        0x4 obj_pc98_usb_32u4/protocol/lufa/lufa.o
                0x000000000000155a                EVENT_USB_Device_Suspend
 .text.hook_usb_suspend_loop
                0x000000000000155e       0x18 obj_pc98_usb_32u4/protocol/lufa/lufa.o
                0x000000000000155e                hook_usb_suspend_loop
 .text.hook_usb_wakeup
                0x0000000000001576        0xe obj_pc98_usb_32u4/protocol/lufa/lufa.o
                0x0000000000001576                hook_usb_wakeup
 .text.EVENT_USB_Device_WakeUp
                0x0000000000001584        0x4 obj_pc98_usb_32u4/protocol/lufa/lufa.o
                0x0000000000001584                EVENT_USB_Device_WakeUp
 .text.hook_usb_startup_wait_loop
                0x0000000000001588        0x2 obj_pc98_usb_32u4/protocol/lufa/lufa.o
                0x0000000000001588                hook_usb_startup_wait_loop
 .text.startup.main
                0x000000000000158a      0x17e obj_pc98_usb_32u4/protocol/lufa/lufa.o
                0x000000000000158a                main
 .text.CALLBACK_USB_GetDescriptor
                0x0000000000001708       0xae obj_pc98_usb_32u4/protocol/lufa/descriptor.o
                0x0000000000001708                CALLBACK_USB_GetDescriptor
 .text.USB_Device_SendRemoteWakeup
                0x00000000000017b6       0x2c obj_pc98_usb_32u4/protocol/lufa/lufa-abcminiuser/LUFA/Drivers/USB/Core/AVR8/Device_AVR8.o
                0x00000000000017b6                USB_Device_SendRemoteWakeup
 .text.Endpoint_ConfigureEndpoint_Prv
                0x00000000000017e2       0x68 obj_pc98_usb_32u4/protocol/lufa/lufa-abcminiuser/LUFA/Drivers/USB/Core/AVR8/Endpoint_AVR8.o
                0x00000000000017e2                Endpoint_ConfigureEndpoint_Prv
 .text.Endpoint_ClearStatusStage
                0x000000000000184a       0x3e obj_pc98_usb_32u4/protocol/lufa/lufa-abcminiuser/LUFA/Drivers/USB/Core/AVR8/Endpoint_AVR8.o
                0x000000000000184a                Endpoint_ClearStatusStage
 .text.Endpoint_WaitUntilReady
                0x0000000000001888       0x62 obj_pc98_usb_32u4/protocol/lufa/lufa-abcminiuser/LUFA/Drivers/USB/Core/AVR8/Endpoint_AVR8.o
                0x0000000000001888                Endpoint_WaitUntilReady
 .text.Endpoint_Write_Stream_LE
                0x00000000000018ea       0xa2 obj_pc98_usb_32u4/protocol/lufa/lufa-abcminiuser/LUFA/Drivers/USB/Core/AVR8/EndpointStream_AVR8.o
                0x00000000000018ea                Endpoint_Write_Stream_LE
 .text.Endpoint_Write_Control_Stream_LE
                0x000000000000198c       0xbc obj_pc98_usb_32u4/protocol/lufa/lufa-abcminiuser/LUFA/Drivers/USB/Core/AVR8/EndpointStream_AVR8.o
                0x000000000000198c                Endpoint_Write_Control_Stream_LE
 .text.Endpoint_Write_Control_PStream_LE
                0x0000000000001a48       0xbe obj_pc98_usb_32u4/protocol/lufa/lufa-abcminiuser/LUFA/Drivers/USB/Core/AVR8/EndpointStream_AVR8.o
                0x0000000000001a48                Endpoint_Write_Control_PStream_LE
 .text.USB_Device_ProcessControlRequest
                0x0000000000001b06      0x2a4 obj_pc98_usb_32u4/protocol/lufa/lufa-abcminiuser/LUFA/Drivers/USB/Core/DeviceStandardReq.o
                0x0000000000001b06                USB_Device_ProcessControlRequest
 .text.USB_Disable
                0x0000000000001daa       0x34 obj_pc98_usb_32u4/protocol/lufa/lufa-abcminiuser/LUFA/Drivers/USB/Core/AVR8/USBController_AVR8.o
                0x0000000000001daa                USB_Disable
 .text.USB_ResetInterface
                0x0000000000001dde       0x86 obj_pc98_usb_32u4/protocol/lufa/lufa-abcminiuser/LUFA/Drivers/USB/Core/AVR8/USBController_AVR8.o
                0x0000000000001dde                USB_ResetInterface
 .text.USB_Init
                0x0000000000001e64       0x22 obj_pc98_usb_32u4/protocol/lufa/lufa-abcminiuser/LUFA/Drivers/USB/Core/AVR8/USBController_AVR8.o
                0x0000000000001e64                USB_Init
 .text.USB_INT_DisableAllInterrupts
                0x0000000000001e86       0x10 obj_pc98_usb_32u4/protocol/lufa/lufa-abcminiuser/LUFA/Drivers/USB/Core/AVR8/USBInterrupt_AVR8.o
                0x0000000000001e86                USB_INT_DisableAllInterrupts
 .text.USB_INT_ClearAllInterrupts
                0x0000000000001e96        0xa obj_pc98_usb_32u4/protocol/lufa/lufa-abcminiuser/LUFA/Drivers/USB/Core/AVR8/USBInterrupt_AVR8.o
                0x0000000000001e96                USB_INT_ClearAllInterrupts
 .text.__vector_10
                0x0000000000001ea0      0x19e obj_pc98_usb_32u4/protocol/lufa/lufa-abcminiuser/LUFA/Drivers/USB/Core/AVR8/USBInterrupt_AVR8.o
                0x0000000000001ea0                __vector_10
 .text.USB_Event_Stub
                0x000000000000203e        0x2 obj_pc98_usb_32u4/protocol/lufa/lufa-abcminiuser/LUFA/Drivers/USB/Core/Events.o
                0x000000000000203e                USB_Event_Stub
                0x000000000000203e                EVENT_USB_Device_StartOfFrame
 .text.USB_USBTask
                0x0000000000002040       0x36 obj_pc98_usb_32u4/protocol/lufa/lufa-abcminiuser/LUFA/Drivers/USB/Core/USBTask.o
                0x0000000000002040                USB_USBTask
 .text.host_set_driver
                0x0000000000002076        0xa obj_pc98_usb_32u4/common/host.o
                0x0000000000002076                host_set_driver
 .text.host_keyboard_leds
                0x0000000000002080       0x18 obj_pc98_usb_32u4/common/host.o
                0x0000000000002080                host_keyboard_leds
 .text.host_keyboard_send
                0x0000000000002098       0x98 obj_pc98_usb_32u4/common/host.o
                0x0000000000002098                host_keyboard_send
 .text.host_mouse_send
                0x0000000000002130       0x16 obj_pc98_usb_32u4/common/host.o
                0x0000000000002130                host_mouse_send
 .text.host_system_send
                0x0000000000002146       0x5a obj_pc98_usb_32u4/common/host.o
                0x0000000000002146                host_system_send
 .text.host_consumer_send
                0x00000000000021a0       0x5a obj_pc98_usb_32u4/common/host.o
                0x00000000000021a0                host_consumer_send
 .text.keyboard_setup
                0x00000000000021fa        0x4 obj_pc98_usb_32u4/common/keyboard.o
                0x00000000000021fa                keyboard_setup
 .text.keyboard_init
                0x00000000000021fe        0x8 obj_pc98_usb_32u4/common/keyboard.o
                0x00000000000021fe                keyboard_init
 .text.keyboard_task
                0x0000000000002206      0x156 obj_pc98_usb_32u4/common/keyboard.o
                0x0000000000002206                keyboard_task
 .text.keyboard_set_leds
                0x000000000000235c        0x4 obj_pc98_usb_32u4/common/keyboard.o
                0x000000000000235c                keyboard_set_leds
 .text.matrix_clear
                0x0000000000002360        0x2 obj_pc98_usb_32u4/common/matrix.o
                0x0000000000002360                matrix_clear
 .text.matrix_setup
                0x0000000000002362        0x2 obj_pc98_usb_32u4/common/matrix.o
                0x0000000000002362                matrix_setup
 .text.matrix_is_on
                0x0000000000002364       0x28 obj_pc98_usb_32u4/common/matrix.o
                0x0000000000002364                matrix_is_on
 .text.matrix_print
                0x000000000000238c       0x68 obj_pc98_usb_32u4/common/matrix.o
                0x000000000000238c                matrix_print
 .text.matrix_power_up
                0x00000000000023f4        0x2 obj_pc98_usb_32u4/common/matrix.o
                0x00000000000023f4                matrix_power_up
 .text.matrix_power_down
                0x00000000000023f6        0x2 obj_pc98_usb_32u4/common/matrix.o
                0x00000000000023f6                matrix_power_down
 .text.action_exec
                0x00000000000023f8       0x70 obj_pc98_usb_32u4/common/action.o
                0x00000000000023f8                action_exec
 .text.register_code
                0x0000000000002468      0x14a obj_pc98_usb_32u4/common/action.o
                0x0000000000002468                register_code
 .text.unregister_code
                0x00000000000025b2       0xdc obj_pc98_usb_32u4/common/action.o
                0x00000000000025b2                unregister_code
 .text.register_mods
                0x000000000000268e        0xe obj_pc98_usb_32u4/common/action.o
                0x000000000000268e                register_mods
 .text.unregister_mods
                0x000000000000269c        0xe obj_pc98_usb_32u4/common/action.o
                0x000000000000269c                unregister_mods
 .text.clear_keyboard_but_mods
                0x00000000000026aa       0x24 obj_pc98_usb_32u4/common/action.o
                0x00000000000026aa                clear_keyboard_but_mods
 .text.clear_keyboard
                0x00000000000026ce        0x8 obj_pc98_usb_32u4/common/action.o
                0x00000000000026ce                clear_keyboard
 .text.process_action
                0x00000000000026d6      0x684 obj_pc98_usb_32u4/common/action.o
                0x00000000000026d6                process_action
 .text.is_tap_key
                0x0000000000002d5a       0x94 obj_pc98_usb_32u4/common/action.o
                0x0000000000002d5a                is_tap_key
 .text.debug_event
                0x0000000000002dee       0x1e obj_pc98_usb_32u4/common/action.o
                0x0000000000002dee                debug_event
 .text.debug_record
                0x0000000000002e0c       0x20 obj_pc98_usb_32u4/common/action.o
                0x0000000000002e0c                debug_record
 .text.debug_waiting_buffer
                0x0000000000002e2c       0x42 obj_pc98_usb_32u4/common/action_tapping.o
 .text.debug_tapping_key
                0x0000000000002e6e       0x1c obj_pc98_usb_32u4/common/action_tapping.o
 .text.waiting_buffer_scan_tap
                0x0000000000002e8a       0xc8 obj_pc98_usb_32u4/common/action_tapping.o
 .text.process_tapping
                0x0000000000002f52      0x394 obj_pc98_usb_32u4/common/action_tapping.o
 .text.action_tapping_process
                0x00000000000032e6      0x134 obj_pc98_usb_32u4/common/action_tapping.o
                0x00000000000032e6                action_tapping_process
 .text.action_macro_play
                0x000000000000341a      0x12a obj_pc98_usb_32u4/common/action_macro.o
                0x000000000000341a                action_macro_play
 .text.layer_state_set
                0x0000000000003544       0x14 obj_pc98_usb_32u4/common/action_layer.o
 .text.default_layer_debug
                0x0000000000003558        0x2 obj_pc98_usb_32u4/common/action_layer.o
                0x0000000000003558                default_layer_debug
 .text.default_layer_set
                0x000000000000355a       0x14 obj_pc98_usb_32u4/common/action_layer.o
                0x000000000000355a                default_layer_set
 .text.default_layer_or
                0x000000000000356e       0x34 obj_pc98_usb_32u4/common/action_layer.o
                0x000000000000356e                default_layer_or
 .text.default_layer_and
                0x00000000000035a2       0x34 obj_pc98_usb_32u4/common/action_layer.o
                0x00000000000035a2                default_layer_and
 .text.default_layer_xor
                0x00000000000035d6       0x34 obj_pc98_usb_32u4/common/action_layer.o
                0x00000000000035d6                default_layer_xor
 .text.layer_clear
                0x000000000000360a        0xa obj_pc98_usb_32u4/common/action_layer.o
                0x000000000000360a                layer_clear
 .text.layer_move
                0x0000000000003614       0x2a obj_pc98_usb_32u4/common/action_layer.o
                0x0000000000003614                layer_move
 .text.layer_on
                0x000000000000363e       0x42 obj_pc98_usb_32u4/common/action_layer.o
                0x000000000000363e                layer_on
 .text.layer_off
                0x0000000000003680       0x46 obj_pc98_usb_32u4/common/action_layer.o
                0x0000000000003680                layer_off
 .text.layer_invert
                0x00000000000036c6       0x42 obj_pc98_usb_32u4/common/action_layer.o
                0x00000000000036c6                layer_invert
 .text.layer_or
                0x0000000000003708       0x24 obj_pc98_usb_32u4/common/action_layer.o
                0x0000000000003708                layer_or
 .text.layer_and
                0x000000000000372c       0x24 obj_pc98_usb_32u4/common/action_layer.o
                0x000000000000372c                layer_and
 .text.layer_xor
                0x0000000000003750       0x24 obj_pc98_usb_32u4/common/action_layer.o
                0x0000000000003750                layer_xor
 .text.layer_debug
                0x0000000000003774        0x2 obj_pc98_usb_32u4/common/action_layer.o
                0x0000000000003774                layer_debug
 .text.layer_switch_get_action
                0x0000000000003776      0x144 obj_pc98_usb_32u4/common/action_layer.o
                0x0000000000003776                layer_switch_get_action
 .text.add_key  0x00000000000038ba       0x3a obj_pc98_usb_32u4/common/action_util.o
                0x00000000000038ba                add_key
 .text.del_key  0x00000000000038f4       0x24 obj_pc98_usb_32u4/common/action_util.o
                0x00000000000038f4                del_key
 .text.clear_keys
                0x0000000000003918       0x1c obj_pc98_usb_32u4/common/action_util.o
                0x0000000000003918                clear_keys
 .text.get_mods
                0x0000000000003934        0x6 obj_pc98_usb_32u4/common/action_util.o
                0x0000000000003934                get_mods
 .text.add_mods
                0x000000000000393a        0xc obj_pc98_usb_32u4/common/action_util.o
                0x000000000000393a                add_mods
 .text.del_mods
                0x0000000000003946        0xe obj_pc98_usb_32u4/common/action_util.o
                0x0000000000003946                del_mods
 .text.set_mods
                0x0000000000003954        0x6 obj_pc98_usb_32u4/common/action_util.o
                0x0000000000003954                set_mods
 .text.clear_mods
                0x000000000000395a        0x6 obj_pc98_usb_32u4/common/action_util.o
                0x000000000000395a                clear_mods
 .text.add_weak_mods
                0x0000000000003960        0xc obj_pc98_usb_32u4/common/action_util.o
                0x0000000000003960                add_weak_mods
 .text.del_weak_mods
                0x000000000000396c        0xe obj_pc98_usb_32u4/common/action_util.o
                0x000000000000396c                del_weak_mods
 .text.clear_weak_mods
                0x000000000000397a        0x6 obj_pc98_usb_32u4/common/action_util.o
                0x000000000000397a                clear_weak_mods
 .text.set_oneshot_mods
                0x0000000000003980        0x6 obj_pc98_usb_32u4/common/action_util.o
                0x0000000000003980                set_oneshot_mods
 .text.clear_oneshot_mods
                0x0000000000003986        0x6 obj_pc98_usb_32u4/common/action_util.o
                0x0000000000003986                clear_oneshot_mods
 .text.has_anykey
                0x000000000000398c       0x20 obj_pc98_usb_32u4/common/action_util.o
                0x000000000000398c                has_anykey
 .text.send_keyboard_report
                0x00000000000039ac       0x4c obj_pc98_usb_32u4/common/action_util.o
                0x00000000000039ac                send_keyboard_report
 .text.print_set_sendchar
                0x00000000000039f8        0xa obj_pc98_usb_32u4/common/print.o
                0x00000000000039f8                print_set_sendchar
 .text.bitrev   0x0000000000003a02       0x30 obj_pc98_usb_32u4/common/util.o
                0x0000000000003a02                bitrev
 .text.hook_keyboard_loop
                0x0000000000003a32        0x2 obj_pc98_usb_32u4/common/hook.o
                0x0000000000003a32                hook_keyboard_loop
 .text.hook_matrix_change
                0x0000000000003a34       0x1e obj_pc98_usb_32u4/common/hook.o
                0x0000000000003a34                hook_matrix_change
 .text.hook_default_layer_change
                0x0000000000003a52        0x2 obj_pc98_usb_32u4/common/hook.o
                0x0000000000003a52                hook_default_layer_change
 .text.hook_layer_change
                0x0000000000003a54        0x2 obj_pc98_usb_32u4/common/hook.o
                0x0000000000003a54                hook_layer_change
 .text.hook_keyboard_leds_change
                0x0000000000003a56        0x4 obj_pc98_usb_32u4/common/hook.o
                0x0000000000003a56                hook_keyboard_leds_change
 .text.hook_process_action
                0x0000000000003a5a        0x4 obj_pc98_usb_32u4/common/hook.o
                0x0000000000003a5a                hook_process_action
 .text.suspend_power_down
                0x0000000000003a5e       0x52 obj_pc98_usb_32u4/common/avr/suspend.o
                0x0000000000003a5e                suspend_power_down
 .text.suspend_wakeup_condition
                0x0000000000003ab0       0x28 obj_pc98_usb_32u4/common/avr/suspend.o
                0x0000000000003ab0                suspend_wakeup_condition
 .text.suspend_wakeup_init
                0x0000000000003ad8        0x8 obj_pc98_usb_32u4/common/avr/suspend.o
                0x0000000000003ad8                suspend_wakeup_init
 .text.__vector_12
                0x0000000000003ae0       0x4e obj_pc98_usb_32u4/common/avr/suspend.o
                0x0000000000003ae0                __vector_12
 .text.timer_init
                0x0000000000003b2e       0x12 obj_pc98_usb_32u4/common/avr/timer.o
                0x0000000000003b2e                timer_init
 .text.timer_read
                0x0000000000003b40       0x18 obj_pc98_usb_32u4/common/avr/timer.o
                0x0000000000003b40                timer_read
 .text.timer_read32
                0x0000000000003b58       0x18 obj_pc98_usb_32u4/common/avr/timer.o
                0x0000000000003b58                timer_read32
 .text.timer_elapsed
                0x0000000000003b70       0x54 obj_pc98_usb_32u4/common/avr/timer.o
                0x0000000000003b70                timer_elapsed
 .text.__vector_21
                0x0000000000003bc4       0x46 obj_pc98_usb_32u4/common/avr/timer.o
                0x0000000000003bc4                __vector_21
 .text.bootloader_jump
                0x0000000000003c0a       0x3e obj_pc98_usb_32u4/common/avr/bootloader.o
                0x0000000000003c0a                bootloader_jump
 .text.unimap_translate
                0x0000000000003c48       0x1e obj_pc98_usb_32u4/common/unimap.o
                0x0000000000003c48                unimap_translate
 .text.action_for_key
                0x0000000000003c66       0x52 obj_pc98_usb_32u4/common/unimap.o
                0x0000000000003c66                action_for_key
 .text.action_get_macro
                0x0000000000003cb8        0x6 obj_pc98_usb_32u4/common/unimap.o
                0x0000000000003cb8                action_get_macro
 .text.action_function
                0x0000000000003cbe        0x2 obj_pc98_usb_32u4/common/unimap.o
                0x0000000000003cbe                action_function
 .text.move_unit
                0x0000000000003cc0       0x94 obj_pc98_usb_32u4/common/mousekey.o
 .text.wheel_unit
                0x0000000000003d54       0x72 obj_pc98_usb_32u4/common/mousekey.o
 .text.mousekey_on
                0x0000000000003dc6       0xd0 obj_pc98_usb_32u4/common/mousekey.o
                0x0000000000003dc6                mousekey_on
 .text.mousekey_off
                0x0000000000003e96       0xfe obj_pc98_usb_32u4/common/mousekey.o
                0x0000000000003e96                mousekey_off
 .text.mousekey_send
                0x0000000000003f94      0x11a obj_pc98_usb_32u4/common/mousekey.o
                0x0000000000003f94                mousekey_send
 .text.mousekey_task
                0x00000000000040ae      0x142 obj_pc98_usb_32u4/common/mousekey.o
                0x00000000000040ae                mousekey_task
 .text.mousekey_clear
                0x00000000000041f0       0x18 obj_pc98_usb_32u4/common/mousekey.o
                0x00000000000041f0                mousekey_clear
 .text.mousekey_console_help
                0x0000000000004208       0x2e obj_pc98_usb_32u4/common/command.o
 .text.mousekey_param_inc
                0x0000000000004236      0x148 obj_pc98_usb_32u4/common/command.o
 .text.mousekey_param_dec
                0x000000000000437e       0xfe obj_pc98_usb_32u4/common/command.o
 .text.switch_default_layer
                0x000000000000447c       0x3c obj_pc98_usb_32u4/common/command.o
 .text.command_common
                0x00000000000044b8      0x1f2 obj_pc98_usb_32u4/common/command.o
 .text.command_extra
                0x00000000000046aa        0x4 obj_pc98_usb_32u4/common/command.o
                0x00000000000046aa                command_extra
 .text.command_console_extra
                0x00000000000046ae        0x4 obj_pc98_usb_32u4/common/command.o
                0x00000000000046ae                command_console_extra
 .text.command_proc
                0x00000000000046b2      0x2c4 obj_pc98_usb_32u4/common/command.o
                0x00000000000046b2                command_proc
 .text.avr-libc.fplib
                0x0000000000004976        0xe /usr/lib/gcc/avr/8.3.0/../../../../avr/lib/avr5/libm.a(fixsfsi.o)
                0x0000000000004976                __fixsfsi
 .text.avr-libc.fplib
                0x0000000000004984       0x5e /usr/lib/gcc/avr/8.3.0/../../../../avr/lib/avr5/libm.a(fixunssfsi.o)
                0x0000000000004984                __fixunssfsi
 .text.avr-libc.fplib
                0x00000000000049e2       0x7a /usr/lib/gcc/avr/8.3.0/../../../../avr/lib/avr5/libm.a(floatsisf.o)
                0x00000000000049e2                __floatunsisf
                0x00000000000049e6                __floatsisf
 .text.avr-libc.fplib
                0x0000000000004a5c       0x44 /usr/lib/gcc/avr/8.3.0/../../../../avr/lib/avr5/libm.a(fp_split3.o)
                0x0000000000004a5c                __fp_split3
                0x0000000000004a6c                __fp_splitA
 .text.avr-libc.fplib
                0x0000000000004aa0        0xe /usr/lib/gcc/avr/8.3.0/../../../../avr/lib/avr5/libm.a(fp_zero.o)
                0x0000000000004aa0                __fp_zero
                0x0000000000004aa2                __fp_szero
 .text.avr-libc.fplib
                0x0000000000004aae        0x8 /usr/lib/gcc/avr/8.3.0/../../../../avr/lib/avr5/libm.a(mulsf3.o)
                0x0000000000004aae                __mulsf3
 .text.avr-libc.fplib
                0x0000000000004ab6       0xd2 /usr/lib/gcc/avr/8.3.0/../../../../avr/lib/avr5/libm.a(mulsf3x.o)
                0x0000000000004ad4                __mulsf3x
                0x0000000000004ada                __mulsf3_pse
 .text.avr-libc.fplib
                0x0000000000004b88        0xc /usr/lib/gcc/avr/8.3.0/../../../../avr/lib/avr5/libm.a(fp_inf.o)
                0x0000000000004b88                __fp_inf
 .text.avr-libc.fplib
                0x0000000000004b94        0x6 /usr/lib/gcc/avr/8.3.0/../../../../avr/lib/avr5/libm.a(fp_nan.o)
                0x0000000000004b94                __fp_nan
 .text.avr-libc.fplib
                0x0000000000004b9a        0xe /usr/lib/gcc/avr/8.3.0/../../../../avr/lib/avr5/libm.a(fp_pscA.o)
                0x0000000000004b9a                __fp_pscA
 .text.avr-libc.fplib
                0x0000000000004ba8        0xe /usr/lib/gcc/avr/8.3.0/../../../../avr/lib/avr5/libm.a(fp_pscB.o)
                0x0000000000004ba8                __fp_pscB
 .text.avr-libc.fplib
                0x0000000000004bb6       0x22 /usr/lib/gcc/avr/8.3.0/../../../../avr/lib/avr5/libm.a(fp_round.o)
                0x0000000000004bb6                __fp_round
 .text.libgcc.div
                0x0000000000004bd8       0x28 /usr/lib/gcc/avr/8.3.0/avr5/libgcc.a(_divmodhi4.o)
                0x0000000000004bd8                __divmodhi4
                0x0000000000004bd8                _div
 .text.libgcc   0x0000000000004c00        0xc /usr/lib/gcc/avr/8.3.0/avr5/libgcc.a(_tablejump2.o)
                0x0000000000004c00                __tablejump2__
 .text.libgcc.div
                0x0000000000004c0c       0x28 /usr/lib/gcc/avr/8.3.0/avr5/libgcc.a(_udivmodhi4.o)
                0x0000000000004c0c                __udivmodhi4
                0x0000000000004c34                . = ALIGN (0x2)
 *(.fini9)
 .fini9         0x0000000000004c34        0x0 /usr/lib/gcc/avr/8.3.0/avr5/libgcc.a(_exit.o)
                0x0000000000004c34                exit
                0x0000000000004c34                _exit
 *(.fini9)
 *(.fini8)
 *(.fini8)
 *(.fini7)
 *(.fini7)
 *(.fini6)
 *(.fini6)
 *(.fini5)
 *(.fini5)
 *(.fini4)
 *(.fini4)
 *(.fini3)
 *(.fini3)
 *(.fini2)
 *(.fini2)
 *(.fini1)
 *(.fini1)
 *(.fini0)
 .fini0         0x0000000000004c34        0x4 /usr/lib/gcc/avr/8.3.0/avr5/libgcc.a(_exit.o)
 *(.fini0)
 *(.hightext)
 *(.hightext*)
 *(.progmemx.*)
                0x0000000000004c38                . = ALIGN (0x2)
 *(.jumptables)
 *(.jumptables*)
 .jumptables.gcc.USB_Device_ProcessControlRequest
                0x0000000000004c38       0x14 obj_pc98_usb_32u4/protocol/lufa/lufa-abcminiuser/LUFA/Drivers/USB/Core/DeviceStandardReq.o
 .jumptables.gcc.process_action
                0x0000000000004c4c       0x20 obj_pc98_usb_32u4/common/action.o
                0x0000000000004c6c                _etext = .

.data           0x0000000000800100       0x38 load address 0x0000000000004c6c
                0x0000000000800100                PROVIDE (__data_start = .)
 *(.data)
 *(.data*)
 .data.timeout.5130
                0x0000000000800100        0x1 obj_pc98_usb_32u4/protocol/lufa/lufa.o
 .data.sendbuf  0x0000000000800101        0x5 obj_pc98_usb_32u4/protocol/lufa/lufa.o
 .data.lufa_driver
                0x0000000000800106        0xa obj_pc98_usb_32u4/protocol/lufa/lufa.o
                0x0000000000800106                lufa_driver
 .data.keyboard_protocol
                0x0000000000800110        0x1 obj_pc98_usb_32u4/protocol/lufa/lufa.o
                0x0000000000800110                keyboard_protocol
 .data.keyboard_report
                0x0000000000800111        0x2 obj_pc98_usb_32u4/common/action_util.o
                0x0000000000800111                keyboard_report
 .data.mk_wheel_time_to_max
                0x0000000000800113        0x1 obj_pc98_usb_32u4/common/mousekey.o
                0x0000000000800113                mk_wheel_time_to_max
 .data.mk_wheel_max_speed
                0x0000000000800114        0x1 obj_pc98_usb_32u4/common/mousekey.o
                0x0000000000800114                mk_wheel_max_speed
 .data.mk_time_to_max
                0x0000000000800115        0x1 obj_pc98_usb_32u4/common/mousekey.o
                0x0000000000800115                mk_time_to_max
 .data.mk_max_speed
                0x0000000000800116        0x1 obj_pc98_usb_32u4/common/mousekey.o
                0x0000000000800116                mk_max_speed
 .data.mk_interval
                0x0000000000800117        0x1 obj_pc98_usb_32u4/common/mousekey.o
                0x0000000000800117                mk_interval
 .data.mk_delay
                0x0000000000800118        0x1 obj_pc98_usb_32u4/common/mousekey.o
                0x0000000000800118                mk_delay
 *(.gnu.linkonce.d*)
 *(.rodata)
 *(.rodata*)
 .rodata.CSWTCH.2
                0x0000000000800119        0x4 obj_pc98_usb_32u4/protocol/lufa/descriptor.o
 .rodata.CSWTCH.1
                0x000000000080011d        0x8 obj_pc98_usb_32u4/protocol/lufa/descriptor.o
 .rodata.CSWTCH.0
                0x0000000000800125        0x8 obj_pc98_usb_32u4/protocol/lufa/descriptor.o
 .rodata.matrix_print.str1.1
                0x000000000080012d        0x1 obj_pc98_usb_32u4/common/matrix.o
 .rodata.CSWTCH.57
                0x000000000080012e        0xa obj_pc98_usb_32u4/common/command.o
 *(.gnu.linkonce.r*)
                0x0000000000800138                . = ALIGN (0x2)
                0x0000000000800138                _edata = .
                0x0000000000800138                PROVIDE (__data_end = .)

.bss            0x0000000000800138      0x323
                0x0000000000800138                PROVIDE (__bss_start = .)
 *(.bss)
 .bss           0x0000000000800138        0x2 obj_pc98_usb_32u4/common/avr/xprintf.o
                0x0000000000800138                xfunc_out
 *(.bss*)
 .bss.pc98_led  0x000000000080013a        0x1 obj_pc98_usb_32u4/matrix.o
 .bss.matrix    0x000000000080013b       0x10 obj_pc98_usb_32u4/matrix.o
 .bss.rbuf_tail
                0x000000000080014b        0x1 obj_pc98_usb_32u4/protocol/serial_uart.o
 .bss.rbuf_head
                0x000000000080014c        0x1 obj_pc98_usb_32u4/protocol/serial_uart.o
 .bss.rbuf      0x000000000080014d      0x100 obj_pc98_usb_32u4/protocol/serial_uart.o
 .bss.fn.5156   0x000000000080024d        0x2 obj_pc98_usb_32u4/protocol/lufa/lufa.o
 .bss.hid_listen_ready.5124
                0x000000000080024f        0x1 obj_pc98_usb_32u4/protocol/lufa/lufa.o
 .bss._led_stats
                0x0000000000800250        0x1 obj_pc98_usb_32u4/protocol/lufa/lufa.o
 .bss.sbuf      0x0000000000800251      0x100 obj_pc98_usb_32u4/protocol/lufa/lufa.o
 .bss.keyboard_report_sent
                0x0000000000800351        0x8 obj_pc98_usb_32u4/protocol/lufa/lufa.o
 .bss.keyboard_led_stats
                0x0000000000800359        0x1 obj_pc98_usb_32u4/protocol/lufa/lufa.o
 .bss.keyboard_idle
                0x000000000080035a        0x1 obj_pc98_usb_32u4/protocol/lufa/lufa.o
                0x000000000080035a                keyboard_idle
 .bss.last_consumer_report
                0x000000000080035b        0x2 obj_pc98_usb_32u4/common/host.o
 .bss.last_system_report
                0x000000000080035d        0x2 obj_pc98_usb_32u4/common/host.o
 .bss.driver    0x000000000080035f        0x2 obj_pc98_usb_32u4/common/host.o
 .bss.led_status.2454
                0x0000000000800361        0x1 obj_pc98_usb_32u4/common/keyboard.o
 .bss.matrix_prev.2453
                0x0000000000800362       0x10 obj_pc98_usb_32u4/common/keyboard.o
 .bss.waiting_buffer_tail
                0x0000000000800372        0x1 obj_pc98_usb_32u4/common/action_tapping.o
 .bss.waiting_buffer_head
                0x0000000000800373        0x1 obj_pc98_usb_32u4/common/action_tapping.o
 .bss.waiting_buffer
                0x0000000000800374       0x30 obj_pc98_usb_32u4/common/action_tapping.o
 .bss.tapping_key
                0x00000000008003a4        0x6 obj_pc98_usb_32u4/common/action_tapping.o
 .bss.layer_pressed
                0x00000000008003aa       0x80 obj_pc98_usb_32u4/common/action_layer.o
 .bss.layer_state
                0x000000000080042a        0x4 obj_pc98_usb_32u4/common/action_layer.o
                0x000000000080042a                layer_state
 .bss.default_layer_state
                0x000000000080042e        0x4 obj_pc98_usb_32u4/common/action_layer.o
                0x000000000080042e                default_layer_state
 .bss.oneshot_mods
                0x0000000000800432        0x1 obj_pc98_usb_32u4/common/action_util.o
 .bss.__compound_literal.0
                0x0000000000800433        0x8 obj_pc98_usb_32u4/common/action_util.o
 .bss.weak_mods
                0x000000000080043b        0x1 obj_pc98_usb_32u4/common/action_util.o
 .bss.real_mods
                0x000000000080043c        0x1 obj_pc98_usb_32u4/common/action_util.o
 .bss.debug_config
                0x000000000080043d        0x1 obj_pc98_usb_32u4/common/debug.o
                0x000000000080043d                debug_config
 .bss.wdt_timeout
                0x000000000080043e        0x1 obj_pc98_usb_32u4/common/avr/suspend.o
 .bss.timer_count
                0x000000000080043f        0x4 obj_pc98_usb_32u4/common/avr/timer.o
                0x000000000080043f                timer_count
 .bss.last_timer
                0x0000000000800443        0x2 obj_pc98_usb_32u4/common/mousekey.o
 .bss.mousekey_accel
                0x0000000000800445        0x1 obj_pc98_usb_32u4/common/mousekey.o
 .bss.mousekey_repeat
                0x0000000000800446        0x1 obj_pc98_usb_32u4/common/mousekey.o
 .bss.mouse_report
                0x0000000000800447        0x5 obj_pc98_usb_32u4/common/mousekey.o
 .bss.mousekey_param
                0x000000000080044c        0x1 obj_pc98_usb_32u4/common/command.o
 .bss.command_state
                0x000000000080044d        0x1 obj_pc98_usb_32u4/common/command.o
                0x000000000080044d                command_state
 *(COMMON)
 COMMON         0x000000000080044e        0x3 obj_pc98_usb_32u4/protocol/lufa/lufa-abcminiuser/LUFA/Drivers/USB/Core/DeviceStandardReq.o
                0x000000000080044e                USB_Device_ConfigurationNumber
                0x000000000080044f                USB_Device_CurrentlySelfPowered
                0x0000000000800450                USB_Device_RemoteWakeupEnabled
 COMMON         0x0000000000800451        0xa obj_pc98_usb_32u4/protocol/lufa/lufa-abcminiuser/LUFA/Drivers/USB/Core/USBTask.o
                0x0000000000800451                USB_IsInitialized
                0x0000000000800452                USB_DeviceState
                0x0000000000800453                USB_ControlRequest
                0x000000000080045b                PROVIDE (__bss_end = .)
                0x0000000000004c6c                __data_load_start = LOADADDR (.data)
                0x0000000000004ca4                __data_load_end = (__data_load_start + SIZEOF (.data))

.noinit         0x000000000080045b        0x4
                [!provide]                        PROVIDE (__noinit_start = .)
 *(.noinit*)
 .noinit        0x000000000080045b        0x4 obj_pc98_usb_32u4/common/avr/bootloader.o
                0x000000000080045b                reset_key
                [!provide]                        PROVIDE (__noinit_end = .)
                0x000000000080045f                _end = .
                [!provide]                        PROVIDE (__heap_start = .)

.eeprom         0x0000000000810000        0x0
 *(.eeprom*)
                0x0000000000810000                __eeprom_end = .

.fuse
 *(.fuse)
 *(.lfuse)
 *(.hfuse)
 *(.efuse)

.lock
 *(.lock*)

.signature
 *(.signature*)

.stab           0x0000000000000000      0x8b8
 *(.stab)
 .stab          0x0000000000000000      0x8b8 obj_pc98_usb_32u4/common/avr/xprintf.o

.stabstr        0x0000000000000000       0x73
 *(.stabstr)
 .stabstr       0x0000000000000000       0x73 obj_pc98_usb_32u4/common/avr/xprintf.o

.stab.excl
 *(.stab.excl)

.stab.exclstr
 *(.stab.exclstr)

.stab.index
 *(.stab.index)

.stab.indexstr
 *(.stab.indexstr)

.comment        0x0000000000000000       0x11
 *(.comment)
 .comment       0x0000000000000000       0x11 obj_pc98_usb_32u4/unimap.o
                                         0x12 (size before relaxing)
 .comment       0x0000000000000011       0x12 obj_pc98_usb_32u4/matrix.o
 .comment       0x0000000000000011       0x12 obj_pc98_usb_32u4/protocol/serial_uart.o
 .comment       0x0000000000000011       0x12 obj_pc98_usb_32u4/protocol/lufa/lufa.o
 .comment       0x0000000000000011       0x12 obj_pc98_usb_32u4/protocol/lufa/descriptor.o
 .comment       0x0000000000000011       0x12 obj_pc98_usb_32u4/protocol/lufa/lufa-abcminiuser/LUFA/Drivers/USB/Core/AVR8/Device_AVR8.o
 .comment       0x0000000000000011       0x12 obj_pc98_usb_32u4/protocol/lufa/lufa-abcminiuser/LUFA/Drivers/USB/Core/AVR8/Endpoint_AVR8.o
 .comment       0x0000000000000011       0x12 obj_pc98_usb_32u4/protocol/lufa/lufa-abcminiuser/LUFA/Drivers/USB/Core/AVR8/EndpointStream_AVR8.o
 .comment       0x0000000000000011       0x12 obj_pc98_usb_32u4/protocol/lufa/lufa-abcminiuser/LUFA/Drivers/USB/Core/DeviceStandardReq.o
 .comment       0x0000000000000011       0x12 obj_pc98_usb_32u4/protocol/lufa/lufa-abcminiuser/LUFA/Drivers/USB/Core/AVR8/USBController_AVR8.o
 .comment       0x0000000000000011       0x12 obj_pc98_usb_32u4/protocol/lufa/lufa-abcminiuser/LUFA/Drivers/USB/Core/AVR8/USBInterrupt_AVR8.o
 .comment       0x0000000000000011       0x12 obj_pc98_usb_32u4/protocol/lufa/lufa-abcminiuser/LUFA/Drivers/USB/Core/Events.o
 .comment       0x0000000000000011       0x12 obj_pc98_usb_32u4/protocol/lufa/lufa-abcminiuser/LUFA/Drivers/USB/Core/USBTask.o
 .comment       0x0000000000000011       0x12 obj_pc98_usb_32u4/common/host.o
 .comment       0x0000000000000011       0x12 obj_pc98_usb_32u4/common/keyboard.o
 .comment       0x0000000000000011       0x12 obj_pc98_usb_32u4/common/matrix.o
 .comment       0x0000000000000011       0x12 obj_pc98_usb_32u4/common/action.o
 .comment       0x0000000000000011       0x12 obj_pc98_usb_32u4/common/action_tapping.o
 .comment       0x0000000000000011       0x12 obj_pc98_usb_32u4/common/action_macro.o
 .comment       0x0000000000000011       0x12 obj_pc98_usb_32u4/common/action_layer.o
 .comment       0x0000000000000011       0x12 obj_pc98_usb_32u4/common/action_util.o
 .comment       0x0000000000000011       0x12 obj_pc98_usb_32u4/common/print.o
 .comment       0x0000000000000011       0x12 obj_pc98_usb_32u4/common/debug.o
 .comment       0x0000000000000011       0x12 obj_pc98_usb_32u4/common/util.o
 .comment       0x0000000000000011       0x12 obj_pc98_usb_32u4/common/hook.o
 .comment       0x0000000000000011       0x12 obj_pc98_usb_32u4/common/avr/suspend.o
 .comment       0x0000000000000011       0x12 obj_pc98_usb_32u4/common/avr/timer.o
 .comment       0x0000000000000011       0x12 obj_pc98_usb_32u4/common/avr/bootloader.o
 .comment       0x0000000000000011       0x12 obj_pc98_usb_32u4/common/unimap.o
 .comment       0x0000000000000011       0x12 obj_pc98_usb_32u4/common/mousekey.o
 .comment       0x0000000000000011       0x12 obj_pc98_usb_32u4/common/command.o

.note.gnu.avr.deviceinfo
                0x0000000000000000       0x40
 .note.gnu.avr.deviceinfo
                0x0000000000000000       0x40 /usr/lib/gcc/avr/8.3.0/../../../../avr/lib/avr5/crtatmega32u4.o

.note.gnu.build-id
 *(.note.gnu.build-id)

.debug
 *(.debug)

.line
 *(.line)

.debug_srcinfo
 *(.debug_srcinfo)

.debug_sfnames
 *(.debug_sfnames)

.debug_aranges  0x0000000000000000      0x8c8
 *(.debug_aranges)
 .debug_aranges
                0x0000000000000000       0x18 obj_pc98_usb_32u4/unimap.o
 .debug_aranges
                0x0000000000000018       0x48 obj_pc98_usb_32u4/matrix.o
 .debug_aranges
                0x0000000000000060       0x40 obj_pc98_usb_32u4/protocol/serial_uart.o
 .debug_aranges
                0x00000000000000a0       0xb0 obj_pc98_usb_32u4/protocol/lufa/lufa.o
 .debug_aranges
                0x0000000000000150       0x20 obj_pc98_usb_32u4/protocol/lufa/descriptor.o
 .debug_aranges
                0x0000000000000170       0x20 obj_pc98_usb_32u4/protocol/lufa/lufa-abcminiuser/LUFA/Drivers/USB/Core/AVR8/Device_AVR8.o
 .debug_aranges
                0x0000000000000190       0x40 obj_pc98_usb_32u4/protocol/lufa/lufa-abcminiuser/LUFA/Drivers/USB/Core/AVR8/Endpoint_AVR8.o
 .debug_aranges
                0x00000000000001d0       0xc8 obj_pc98_usb_32u4/protocol/lufa/lufa-abcminiuser/LUFA/Drivers/USB/Core/AVR8/EndpointStream_AVR8.o
 .debug_aranges
                0x0000000000000298       0x20 obj_pc98_usb_32u4/protocol/lufa/lufa-abcminiuser/LUFA/Drivers/USB/Core/DeviceStandardReq.o
 .debug_aranges
                0x00000000000002b8       0x30 obj_pc98_usb_32u4/protocol/lufa/lufa-abcminiuser/LUFA/Drivers/USB/Core/AVR8/USBController_AVR8.o
 .debug_aranges
                0x00000000000002e8       0x30 obj_pc98_usb_32u4/protocol/lufa/lufa-abcminiuser/LUFA/Drivers/USB/Core/AVR8/USBInterrupt_AVR8.o
 .debug_aranges
                0x0000000000000318       0x30 obj_pc98_usb_32u4/protocol/lufa/lufa-abcminiuser/LUFA/Drivers/USB/Core/Events.o
 .debug_aranges
                0x0000000000000348       0x20 obj_pc98_usb_32u4/protocol/lufa/lufa-abcminiuser/LUFA/Drivers/USB/Core/USBTask.o
 .debug_aranges
                0x0000000000000368       0x60 obj_pc98_usb_32u4/common/host.o
 .debug_aranges
                0x00000000000003c8       0x38 obj_pc98_usb_32u4/common/keyboard.o
 .debug_aranges
                0x0000000000000400       0x40 obj_pc98_usb_32u4/common/matrix.o
 .debug_aranges
                0x0000000000000440       0x80 obj_pc98_usb_32u4/common/action.o
 .debug_aranges
                0x00000000000004c0       0x40 obj_pc98_usb_32u4/common/action_tapping.o
 .debug_aranges
                0x0000000000000500       0x20 obj_pc98_usb_32u4/common/action_macro.o
 .debug_aranges
                0x0000000000000520       0x90 obj_pc98_usb_32u4/common/action_layer.o
 .debug_aranges
                0x00000000000005b0       0xb0 obj_pc98_usb_32u4/common/action_util.o
 .debug_aranges
                0x0000000000000660       0x20 obj_pc98_usb_32u4/common/print.o
 .debug_aranges
                0x0000000000000680       0x18 obj_pc98_usb_32u4/common/debug.o
 .debug_aranges
                0x0000000000000698       0x60 obj_pc98_usb_32u4/common/util.o
 .debug_aranges
                0x00000000000006f8       0x40 obj_pc98_usb_32u4/common/hook.o
 .debug_aranges
                0x0000000000000738       0x40 obj_pc98_usb_32u4/common/avr/suspend.o
 .debug_aranges
                0x0000000000000778       0x50 obj_pc98_usb_32u4/common/avr/timer.o
 .debug_aranges
                0x00000000000007c8       0x28 obj_pc98_usb_32u4/common/avr/bootloader.o
 .debug_aranges
                0x00000000000007f0       0x38 obj_pc98_usb_32u4/common/unimap.o
 .debug_aranges
                0x0000000000000828       0x50 obj_pc98_usb_32u4/common/mousekey.o
 .debug_aranges
                0x0000000000000878       0x50 obj_pc98_usb_32u4/common/command.o

.debug_pubnames
 *(.debug_pubnames)

.debug_info     0x0000000000000000    0x11b6b
 *(.debug_info .gnu.linkonce.wi.*)
 .debug_info    0x0000000000000000      0x9f4 /usr/lib/gcc/avr/8.3.0/../../../../avr/lib/avr5/crtatmega32u4.o
 .debug_info    0x00000000000009f4      0xc7c obj_pc98_usb_32u4/unimap.o
 .debug_info    0x0000000000001670      0x822 obj_pc98_usb_32u4/matrix.o
 .debug_info    0x0000000000001e92      0x19f obj_pc98_usb_32u4/protocol/serial_uart.o
 .debug_info    0x0000000000002031     0x1e04 obj_pc98_usb_32u4/protocol/lufa/lufa.o
 .debug_info    0x0000000000003e35      0x9e9 obj_pc98_usb_32u4/protocol/lufa/descriptor.o
 .debug_info    0x000000000000481e      0x1c0 obj_pc98_usb_32u4/protocol/lufa/lufa-abcminiuser/LUFA/Drivers/USB/Core/AVR8/Device_AVR8.o
 .debug_info    0x00000000000049de      0x75d obj_pc98_usb_32u4/protocol/lufa/lufa-abcminiuser/LUFA/Drivers/USB/Core/AVR8/Endpoint_AVR8.o
 .debug_info    0x000000000000513b     0x1e0c obj_pc98_usb_32u4/protocol/lufa/lufa-abcminiuser/LUFA/Drivers/USB/Core/AVR8/EndpointStream_AVR8.o
 .debug_info    0x0000000000006f47      0xc59 obj_pc98_usb_32u4/protocol/lufa/lufa-abcminiuser/LUFA/Drivers/USB/Core/DeviceStandardReq.o
 .debug_info    0x0000000000007ba0      0x606 obj_pc98_usb_32u4/protocol/lufa/lufa-abcminiuser/LUFA/Drivers/USB/Core/AVR8/USBController_AVR8.o
 .debug_info    0x00000000000081a6      0x889 obj_pc98_usb_32u4/protocol/lufa/lufa-abcminiuser/LUFA/Drivers/USB/Core/AVR8/USBInterrupt_AVR8.o
 .debug_info    0x0000000000008a2f       0xe9 obj_pc98_usb_32u4/protocol/lufa/lufa-abcminiuser/LUFA/Drivers/USB/Core/Events.o
 .debug_info    0x0000000000008b18      0x2fb obj_pc98_usb_32u4/protocol/lufa/lufa-abcminiuser/LUFA/Drivers/USB/Core/USBTask.o
 .debug_info    0x0000000000008e13      0x66f obj_pc98_usb_32u4/common/host.o
 .debug_info    0x0000000000009482      0x5a4 obj_pc98_usb_32u4/common/keyboard.o
 .debug_info    0x0000000000009a26      0x1f8 obj_pc98_usb_32u4/common/matrix.o
 .debug_info    0x0000000000009c1e     0x1ba1 obj_pc98_usb_32u4/common/action.o
 .debug_info    0x000000000000b7bf      0xfda obj_pc98_usb_32u4/common/action_tapping.o
 .debug_info    0x000000000000c799      0xac6 obj_pc98_usb_32u4/common/action_macro.o
 .debug_info    0x000000000000d25f      0xa2f obj_pc98_usb_32u4/common/action_layer.o
 .debug_info    0x000000000000dc8e      0x655 obj_pc98_usb_32u4/common/action_util.o
 .debug_info    0x000000000000e2e3       0xdf obj_pc98_usb_32u4/common/print.o
 .debug_info    0x000000000000e3c2      0x130 obj_pc98_usb_32u4/common/debug.o
 .debug_info    0x000000000000e4f2      0x2f9 obj_pc98_usb_32u4/common/util.o
 .debug_info    0x000000000000e7eb      0x2e4 obj_pc98_usb_32u4/common/hook.o
 .debug_info    0x000000000000eacf      0x65a obj_pc98_usb_32u4/common/avr/suspend.o
 .debug_info    0x000000000000f129      0x24a obj_pc98_usb_32u4/common/avr/timer.o
 .debug_info    0x000000000000f373      0x35c obj_pc98_usb_32u4/common/avr/bootloader.o
 .debug_info    0x000000000000f6cf      0x699 obj_pc98_usb_32u4/common/unimap.o
 .debug_info    0x000000000000fd68      0x83e obj_pc98_usb_32u4/common/mousekey.o
 .debug_info    0x00000000000105a6     0x15c5 obj_pc98_usb_32u4/common/command.o

.debug_abbrev   0x0000000000000000     0x4cb1
 *(.debug_abbrev)
 .debug_abbrev  0x0000000000000000      0x96a /usr/lib/gcc/avr/8.3.0/../../../../avr/lib/avr5/crtatmega32u4.o
 .debug_abbrev  0x000000000000096a       0xeb obj_pc98_usb_32u4/unimap.o
 .debug_abbrev  0x0000000000000a55      0x308 obj_pc98_usb_32u4/matrix.o
 .debug_abbrev  0x0000000000000d5d       0xf6 obj_pc98_usb_32u4/protocol/serial_uart.o
 .debug_abbrev  0x0000000000000e53      0x636 obj_pc98_usb_32u4/protocol/lufa/lufa.o
 .debug_abbrev  0x0000000000001489      0x207 obj_pc98_usb_32u4/protocol/lufa/descriptor.o
 .debug_abbrev  0x0000000000001690       0xcb obj_pc98_usb_32u4/protocol/lufa/lufa-abcminiuser/LUFA/Drivers/USB/Core/AVR8/Device_AVR8.o
 .debug_abbrev  0x000000000000175b      0x29d obj_pc98_usb_32u4/protocol/lufa/lufa-abcminiuser/LUFA/Drivers/USB/Core/AVR8/Endpoint_AVR8.o
 .debug_abbrev  0x00000000000019f8      0x23b obj_pc98_usb_32u4/protocol/lufa/lufa-abcminiuser/LUFA/Drivers/USB/Core/AVR8/EndpointStream_AVR8.o
 .debug_abbrev  0x0000000000001c33      0x346 obj_pc98_usb_32u4/protocol/lufa/lufa-abcminiuser/LUFA/Drivers/USB/Core/DeviceStandardReq.o
 .debug_abbrev  0x0000000000001f79      0x1f5 obj_pc98_usb_32u4/protocol/lufa/lufa-abcminiuser/LUFA/Drivers/USB/Core/AVR8/USBController_AVR8.o
 .debug_abbrev  0x000000000000216e      0x21e obj_pc98_usb_32u4/protocol/lufa/lufa-abcminiuser/LUFA/Drivers/USB/Core/AVR8/USBInterrupt_AVR8.o
 .debug_abbrev  0x000000000000238c       0x89 obj_pc98_usb_32u4/protocol/lufa/lufa-abcminiuser/LUFA/Drivers/USB/Core/Events.o
 .debug_abbrev  0x0000000000002415      0x1b3 obj_pc98_usb_32u4/protocol/lufa/lufa-abcminiuser/LUFA/Drivers/USB/Core/USBTask.o
 .debug_abbrev  0x00000000000025c8      0x226 obj_pc98_usb_32u4/common/host.o
 .debug_abbrev  0x00000000000027ee      0x215 obj_pc98_usb_32u4/common/keyboard.o
 .debug_abbrev  0x0000000000002a03      0x184 obj_pc98_usb_32u4/common/matrix.o
 .debug_abbrev  0x0000000000002b87      0x386 obj_pc98_usb_32u4/common/action.o
 .debug_abbrev  0x0000000000002f0d      0x351 obj_pc98_usb_32u4/common/action_tapping.o
 .debug_abbrev  0x000000000000325e      0x23d obj_pc98_usb_32u4/common/action_macro.o
 .debug_abbrev  0x000000000000349b      0x33e obj_pc98_usb_32u4/common/action_layer.o
 .debug_abbrev  0x00000000000037d9      0x2ae obj_pc98_usb_32u4/common/action_util.o
 .debug_abbrev  0x0000000000003a87       0x9f obj_pc98_usb_32u4/common/print.o
 .debug_abbrev  0x0000000000003b26       0xbb obj_pc98_usb_32u4/common/debug.o
 .debug_abbrev  0x0000000000003be1       0xdd obj_pc98_usb_32u4/common/util.o
 .debug_abbrev  0x0000000000003cbe      0x1bb obj_pc98_usb_32u4/common/hook.o
 .debug_abbrev  0x0000000000003e79      0x2dd obj_pc98_usb_32u4/common/avr/suspend.o
 .debug_abbrev  0x0000000000004156      0x13d obj_pc98_usb_32u4/common/avr/timer.o
 .debug_abbrev  0x0000000000004293      0x1f6 obj_pc98_usb_32u4/common/avr/bootloader.o
 .debug_abbrev  0x0000000000004489      0x236 obj_pc98_usb_32u4/common/unimap.o
 .debug_abbrev  0x00000000000046bf      0x239 obj_pc98_usb_32u4/common/mousekey.o
 .debug_abbrev  0x00000000000048f8      0x3b9 obj_pc98_usb_32u4/common/command.o

.debug_line     0x0000000000000000    0x107d7
 *(.debug_line .debug_line.* .debug_line_end)
 .debug_line    0x0000000000000000       0x1d /usr/lib/gcc/avr/8.3.0/../../../../avr/lib/avr5/crtatmega32u4.o
 .debug_line    0x000000000000001d       0x98 obj_pc98_usb_32u4/unimap.o
 .debug_line    0x00000000000000b5      0x8c5 obj_pc98_usb_32u4/matrix.o
 .debug_line    0x000000000000097a      0x29c obj_pc98_usb_32u4/protocol/serial_uart.o
 .debug_line    0x0000000000000c16     0x1dbc obj_pc98_usb_32u4/protocol/lufa/lufa.o
 .debug_line    0x00000000000029d2      0x394 obj_pc98_usb_32u4/protocol/lufa/descriptor.o
 .debug_line    0x0000000000002d66      0x294 obj_pc98_usb_32u4/protocol/lufa/lufa-abcminiuser/LUFA/Drivers/USB/Core/AVR8/Device_AVR8.o
 .debug_line    0x0000000000002ffa      0xa5d obj_pc98_usb_32u4/protocol/lufa/lufa-abcminiuser/LUFA/Drivers/USB/Core/AVR8/Endpoint_AVR8.o
 .debug_line    0x0000000000003a57     0x3428 obj_pc98_usb_32u4/protocol/lufa/lufa-abcminiuser/LUFA/Drivers/USB/Core/AVR8/EndpointStream_AVR8.o
 .debug_line    0x0000000000006e7f      0xdd6 obj_pc98_usb_32u4/protocol/lufa/lufa-abcminiuser/LUFA/Drivers/USB/Core/DeviceStandardReq.o
 .debug_line    0x0000000000007c55      0x72f obj_pc98_usb_32u4/protocol/lufa/lufa-abcminiuser/LUFA/Drivers/USB/Core/AVR8/USBController_AVR8.o
 .debug_line    0x0000000000008384      0xba8 obj_pc98_usb_32u4/protocol/lufa/lufa-abcminiuser/LUFA/Drivers/USB/Core/AVR8/USBInterrupt_AVR8.o
 .debug_line    0x0000000000008f2c       0xfa obj_pc98_usb_32u4/protocol/lufa/lufa-abcminiuser/LUFA/Drivers/USB/Core/Events.o
 .debug_line    0x0000000000009026      0x2be obj_pc98_usb_32u4/protocol/lufa/lufa-abcminiuser/LUFA/Drivers/USB/Core/USBTask.o
 .debug_line    0x00000000000092e4      0x481 obj_pc98_usb_32u4/common/host.o
 .debug_line    0x0000000000009765      0x395 obj_pc98_usb_32u4/common/keyboard.o
 .debug_line    0x0000000000009afa      0x1c2 obj_pc98_usb_32u4/common/matrix.o
 .debug_line    0x0000000000009cbc     0x181e obj_pc98_usb_32u4/common/action.o
 .debug_line    0x000000000000b4da      0xcc8 obj_pc98_usb_32u4/common/action_tapping.o
 .debug_line    0x000000000000c1a2      0x478 obj_pc98_usb_32u4/common/action_macro.o
 .debug_line    0x000000000000c61a      0x65f obj_pc98_usb_32u4/common/action_layer.o
 .debug_line    0x000000000000cc79      0x633 obj_pc98_usb_32u4/common/action_util.o
 .debug_line    0x000000000000d2ac       0xa5 obj_pc98_usb_32u4/common/print.o
 .debug_line    0x000000000000d351       0x8d obj_pc98_usb_32u4/common/debug.o
 .debug_line    0x000000000000d3de      0x6d9 obj_pc98_usb_32u4/common/util.o
 .debug_line    0x000000000000dab7      0x127 obj_pc98_usb_32u4/common/hook.o
 .debug_line    0x000000000000dbde      0x424 obj_pc98_usb_32u4/common/avr/suspend.o
 .debug_line    0x000000000000e002      0x37c obj_pc98_usb_32u4/common/avr/timer.o
 .debug_line    0x000000000000e37e      0x304 obj_pc98_usb_32u4/common/avr/bootloader.o
 .debug_line    0x000000000000e682      0x209 obj_pc98_usb_32u4/common/unimap.o
 .debug_line    0x000000000000e88b      0xf79 obj_pc98_usb_32u4/common/mousekey.o
 .debug_line    0x000000000000f804      0xfd3 obj_pc98_usb_32u4/common/command.o

.debug_frame    0x0000000000000000     0x180c
 *(.debug_frame)
 .debug_frame   0x0000000000000000      0x12c obj_pc98_usb_32u4/matrix.o
 .debug_frame   0x000000000000012c       0x74 obj_pc98_usb_32u4/protocol/serial_uart.o
 .debug_frame   0x00000000000001a0      0x1b4 obj_pc98_usb_32u4/protocol/lufa/lufa.o
 .debug_frame   0x0000000000000354       0x24 obj_pc98_usb_32u4/protocol/lufa/descriptor.o
 .debug_frame   0x0000000000000378       0x24 obj_pc98_usb_32u4/protocol/lufa/lufa-abcminiuser/LUFA/Drivers/USB/Core/AVR8/Device_AVR8.o
 .debug_frame   0x000000000000039c       0x78 obj_pc98_usb_32u4/protocol/lufa/lufa-abcminiuser/LUFA/Drivers/USB/Core/AVR8/Endpoint_AVR8.o
 .debug_frame   0x0000000000000414      0x404 obj_pc98_usb_32u4/protocol/lufa/lufa-abcminiuser/LUFA/Drivers/USB/Core/AVR8/EndpointStream_AVR8.o
 .debug_frame   0x0000000000000818       0x3c obj_pc98_usb_32u4/protocol/lufa/lufa-abcminiuser/LUFA/Drivers/USB/Core/DeviceStandardReq.o
 .debug_frame   0x0000000000000854       0x58 obj_pc98_usb_32u4/protocol/lufa/lufa-abcminiuser/LUFA/Drivers/USB/Core/AVR8/USBController_AVR8.o
 .debug_frame   0x00000000000008ac       0x8c obj_pc98_usb_32u4/protocol/lufa/lufa-abcminiuser/LUFA/Drivers/USB/Core/AVR8/USBInterrupt_AVR8.o
 .debug_frame   0x0000000000000938       0x44 obj_pc98_usb_32u4/protocol/lufa/lufa-abcminiuser/LUFA/Drivers/USB/Core/Events.o
 .debug_frame   0x000000000000097c       0x2c obj_pc98_usb_32u4/protocol/lufa/lufa-abcminiuser/LUFA/Drivers/USB/Core/USBTask.o
 .debug_frame   0x00000000000009a8      0x10c obj_pc98_usb_32u4/common/host.o
 .debug_frame   0x0000000000000ab4       0x94 obj_pc98_usb_32u4/common/keyboard.o
 .debug_frame   0x0000000000000b48       0xd8 obj_pc98_usb_32u4/common/matrix.o
 .debug_frame   0x0000000000000c20      0x16c obj_pc98_usb_32u4/common/action.o
 .debug_frame   0x0000000000000d8c       0xd0 obj_pc98_usb_32u4/common/action_tapping.o
 .debug_frame   0x0000000000000e5c       0x48 obj_pc98_usb_32u4/common/action_macro.o
 .debug_frame   0x0000000000000ea4      0x1e0 obj_pc98_usb_32u4/common/action_layer.o
 .debug_frame   0x0000000000001084      0x144 obj_pc98_usb_32u4/common/action_util.o
 .debug_frame   0x00000000000011c8       0x24 obj_pc98_usb_32u4/common/print.o
 .debug_frame   0x00000000000011ec      0x100 obj_pc98_usb_32u4/common/util.o
 .debug_frame   0x00000000000012ec       0x94 obj_pc98_usb_32u4/common/hook.o
 .debug_frame   0x0000000000001380       0x7c obj_pc98_usb_32u4/common/avr/suspend.o
 .debug_frame   0x00000000000013fc       0xb4 obj_pc98_usb_32u4/common/avr/timer.o
 .debug_frame   0x00000000000014b0       0x34 obj_pc98_usb_32u4/common/avr/bootloader.o
 .debug_frame   0x00000000000014e4       0x5c obj_pc98_usb_32u4/common/unimap.o
 .debug_frame   0x0000000000001540       0xec obj_pc98_usb_32u4/common/mousekey.o
 .debug_frame   0x000000000000162c      0x1e0 obj_pc98_usb_32u4/common/command.o

.debug_str      0x0000000000000000     0x4732
 *(.debug_str)
 .debug_str     0x0000000000000000      0x371 /usr/lib/gcc/avr/8.3.0/../../../../avr/lib/avr5/crtatmega32u4.o
 .debug_str     0x0000000000000371     0x1122 obj_pc98_usb_32u4/unimap.o
                                       0x11a7 (size before relaxing)
 .debug_str     0x0000000000001493      0x148 obj_pc98_usb_32u4/matrix.o
                                        0x326 (size before relaxing)
 .debug_str     0x00000000000015db       0x5c obj_pc98_usb_32u4/protocol/serial_uart.o
                                        0x217 (size before relaxing)
 .debug_str     0x0000000000001637      0x94a obj_pc98_usb_32u4/protocol/lufa/lufa.o
                                        0xc18 (size before relaxing)
 .debug_str     0x0000000000001f81      0x781 obj_pc98_usb_32u4/protocol/lufa/descriptor.o
                                        0xa7b (size before relaxing)
 .debug_str     0x0000000000002702       0x83 obj_pc98_usb_32u4/protocol/lufa/lufa-abcminiuser/LUFA/Drivers/USB/Core/AVR8/Device_AVR8.o
                                        0x30c (size before relaxing)
 .debug_str     0x0000000000002785      0x244 obj_pc98_usb_32u4/protocol/lufa/lufa-abcminiuser/LUFA/Drivers/USB/Core/AVR8/Endpoint_AVR8.o
                                        0x6c0 (size before relaxing)
 .debug_str     0x00000000000029c9      0x4c0 obj_pc98_usb_32u4/protocol/lufa/lufa-abcminiuser/LUFA/Drivers/USB/Core/AVR8/EndpointStream_AVR8.o
                                        0x90c (size before relaxing)
 .debug_str     0x0000000000002e89      0x458 obj_pc98_usb_32u4/protocol/lufa/lufa-abcminiuser/LUFA/Drivers/USB/Core/DeviceStandardReq.o
                                        0x9f1 (size before relaxing)
 .debug_str     0x00000000000032e1      0x228 obj_pc98_usb_32u4/protocol/lufa/lufa-abcminiuser/LUFA/Drivers/USB/Core/AVR8/USBController_AVR8.o
                                        0x5e4 (size before relaxing)
 .debug_str     0x0000000000003509       0xdf obj_pc98_usb_32u4/protocol/lufa/lufa-abcminiuser/LUFA/Drivers/USB/Core/AVR8/USBInterrupt_AVR8.o
                                        0x60a (size before relaxing)
 .debug_str     0x00000000000035e8       0x7e obj_pc98_usb_32u4/protocol/lufa/lufa-abcminiuser/LUFA/Drivers/USB/Core/Events.o
                                        0x207 (size before relaxing)
 .debug_str     0x0000000000003666       0x6a obj_pc98_usb_32u4/protocol/lufa/lufa-abcminiuser/LUFA/Drivers/USB/Core/USBTask.o
                                        0x413 (size before relaxing)
 .debug_str     0x00000000000036d0       0xb9 obj_pc98_usb_32u4/common/host.o
                                        0x3a1 (size before relaxing)
 .debug_str     0x0000000000003789      0x182 obj_pc98_usb_32u4/common/keyboard.o
                                        0x44e (size before relaxing)
 .debug_str     0x000000000000390b       0x59 obj_pc98_usb_32u4/common/matrix.o
                                        0x23a (size before relaxing)
 .debug_str     0x0000000000003964      0x736 obj_pc98_usb_32u4/common/action.o
                                       0x1525 (size before relaxing)
 .debug_str     0x000000000000409a       0xec obj_pc98_usb_32u4/common/action_tapping.o
                                        0xdd1 (size before relaxing)
 .debug_str     0x0000000000004186       0x99 obj_pc98_usb_32u4/common/action_macro.o
                                        0xb9e (size before relaxing)
 .debug_str     0x000000000000421f       0xb5 obj_pc98_usb_32u4/common/action_layer.o
                                        0x4c2 (size before relaxing)
 .debug_str     0x00000000000042d4       0x8f obj_pc98_usb_32u4/common/action_util.o
                                        0x3b6 (size before relaxing)
 .debug_str     0x0000000000004363       0x2c obj_pc98_usb_32u4/common/print.o
                                        0x1d9 (size before relaxing)
 .debug_str     0x000000000000438f       0x1e obj_pc98_usb_32u4/common/debug.o
                                        0x1f9 (size before relaxing)
 .debug_str     0x00000000000043ad       0x5e obj_pc98_usb_32u4/common/util.o
                                        0x205 (size before relaxing)
 .debug_str     0x000000000000440b       0x2c obj_pc98_usb_32u4/common/hook.o
                                        0x2fa (size before relaxing)
 .debug_str     0x0000000000004437       0x4e obj_pc98_usb_32u4/common/avr/suspend.o
                                        0x533 (size before relaxing)
 .debug_str     0x0000000000004485       0x62 obj_pc98_usb_32u4/common/avr/timer.o
                                        0x22c (size before relaxing)
 .debug_str     0x00000000000044e7       0x77 obj_pc98_usb_32u4/common/avr/bootloader.o
                                        0x364 (size before relaxing)
 .debug_str     0x000000000000455e       0x3b obj_pc98_usb_32u4/common/unimap.o
                                        0x388 (size before relaxing)
 .debug_str     0x0000000000004599       0x7c obj_pc98_usb_32u4/common/mousekey.o
                                        0x6bf (size before relaxing)
 .debug_str     0x0000000000004615      0x11d obj_pc98_usb_32u4/common/command.o
                                        0xcc0 (size before relaxing)

.debug_loc      0x0000000000000000     0xa4db
 *(.debug_loc)
 .debug_loc     0x0000000000000000      0x6cb obj_pc98_usb_32u4/matrix.o
 .debug_loc     0x00000000000006cb       0xc8 obj_pc98_usb_32u4/protocol/serial_uart.o
 .debug_loc     0x0000000000000793      0x97f obj_pc98_usb_32u4/protocol/lufa/lufa.o
 .debug_loc     0x0000000000001112      0x30f obj_pc98_usb_32u4/protocol/lufa/descriptor.o
 .debug_loc     0x0000000000001421      0x4a0 obj_pc98_usb_32u4/protocol/lufa/lufa-abcminiuser/LUFA/Drivers/USB/Core/AVR8/Endpoint_AVR8.o
 .debug_loc     0x00000000000018c1     0x2752 obj_pc98_usb_32u4/protocol/lufa/lufa-abcminiuser/LUFA/Drivers/USB/Core/AVR8/EndpointStream_AVR8.o
 .debug_loc     0x0000000000004013      0x386 obj_pc98_usb_32u4/protocol/lufa/lufa-abcminiuser/LUFA/Drivers/USB/Core/DeviceStandardReq.o
 .debug_loc     0x0000000000004399       0xf9 obj_pc98_usb_32u4/protocol/lufa/lufa-abcminiuser/LUFA/Drivers/USB/Core/AVR8/USBController_AVR8.o
 .debug_loc     0x0000000000004492      0x2f1 obj_pc98_usb_32u4/protocol/lufa/lufa-abcminiuser/LUFA/Drivers/USB/Core/AVR8/USBInterrupt_AVR8.o
 .debug_loc     0x0000000000004783       0x62 obj_pc98_usb_32u4/protocol/lufa/lufa-abcminiuser/LUFA/Drivers/USB/Core/USBTask.o
 .debug_loc     0x00000000000047e5      0x2c7 obj_pc98_usb_32u4/common/host.o
 .debug_loc     0x0000000000004aac      0x194 obj_pc98_usb_32u4/common/keyboard.o
 .debug_loc     0x0000000000004c40      0x151 obj_pc98_usb_32u4/common/matrix.o
 .debug_loc     0x0000000000004d91     0x2852 obj_pc98_usb_32u4/common/action.o
 .debug_loc     0x00000000000075e3      0x73b obj_pc98_usb_32u4/common/action_tapping.o
 .debug_loc     0x0000000000007d1e      0x5c0 obj_pc98_usb_32u4/common/action_macro.o
 .debug_loc     0x00000000000082de      0x6f7 obj_pc98_usb_32u4/common/action_layer.o
 .debug_loc     0x00000000000089d5      0x216 obj_pc98_usb_32u4/common/action_util.o
 .debug_loc     0x0000000000008beb      0x58d obj_pc98_usb_32u4/common/util.o
 .debug_loc     0x0000000000009178       0x97 obj_pc98_usb_32u4/common/hook.o
 .debug_loc     0x000000000000920f       0xc9 obj_pc98_usb_32u4/common/avr/suspend.o
 .debug_loc     0x00000000000092d8      0x233 obj_pc98_usb_32u4/common/avr/timer.o
 .debug_loc     0x000000000000950b      0x148 obj_pc98_usb_32u4/common/unimap.o
 .debug_loc     0x0000000000009653      0x5fd obj_pc98_usb_32u4/common/mousekey.o
 .debug_loc     0x0000000000009c50      0x88b obj_pc98_usb_32u4/common/command.o

.debug_macinfo
 *(.debug_macinfo)

.debug_weaknames
 *(.debug_weaknames)

.debug_funcnames
 *(.debug_funcnames)

.debug_typenames
 *(.debug_typenames)

.debug_varnames
 *(.debug_varnames)

.debug_pubtypes
 *(.debug_pubtypes)

.debug_ranges   0x0000000000000000     0x11b0
 *(.debug_ranges)
 .debug_ranges  0x0000000000000000       0x80 obj_pc98_usb_32u4/matrix.o
 .debug_ranges  0x0000000000000080       0x30 obj_pc98_usb_32u4/protocol/serial_uart.o
 .debug_ranges  0x00000000000000b0      0x220 obj_pc98_usb_32u4/protocol/lufa/lufa.o
 .debug_ranges  0x00000000000002d0       0x28 obj_pc98_usb_32u4/protocol/lufa/descriptor.o
 .debug_ranges  0x00000000000002f8       0x10 obj_pc98_usb_32u4/protocol/lufa/lufa-abcminiuser/LUFA/Drivers/USB/Core/AVR8/Device_AVR8.o
 .debug_ranges  0x0000000000000308       0xd8 obj_pc98_usb_32u4/protocol/lufa/lufa-abcminiuser/LUFA/Drivers/USB/Core/AVR8/Endpoint_AVR8.o
 .debug_ranges  0x00000000000003e0      0x1f8 obj_pc98_usb_32u4/protocol/lufa/lufa-abcminiuser/LUFA/Drivers/USB/Core/AVR8/EndpointStream_AVR8.o
 .debug_ranges  0x00000000000005d8       0xf0 obj_pc98_usb_32u4/protocol/lufa/lufa-abcminiuser/LUFA/Drivers/USB/Core/DeviceStandardReq.o
 .debug_ranges  0x00000000000006c8       0x50 obj_pc98_usb_32u4/protocol/lufa/lufa-abcminiuser/LUFA/Drivers/USB/Core/AVR8/USBController_AVR8.o
 .debug_ranges  0x0000000000000718       0x38 obj_pc98_usb_32u4/protocol/lufa/lufa-abcminiuser/LUFA/Drivers/USB/Core/AVR8/USBInterrupt_AVR8.o
 .debug_ranges  0x0000000000000750       0x20 obj_pc98_usb_32u4/protocol/lufa/lufa-abcminiuser/LUFA/Drivers/USB/Core/Events.o
 .debug_ranges  0x0000000000000770       0x10 obj_pc98_usb_32u4/protocol/lufa/lufa-abcminiuser/LUFA/Drivers/USB/Core/USBTask.o
 .debug_ranges  0x0000000000000780       0x50 obj_pc98_usb_32u4/common/host.o
 .debug_ranges  0x00000000000007d0       0x40 obj_pc98_usb_32u4/common/keyboard.o
 .debug_ranges  0x0000000000000810       0x48 obj_pc98_usb_32u4/common/matrix.o
 .debug_ranges  0x0000000000000858      0x120 obj_pc98_usb_32u4/common/action.o
 .debug_ranges  0x0000000000000978       0xe8 obj_pc98_usb_32u4/common/action_tapping.o
 .debug_ranges  0x0000000000000a60       0x40 obj_pc98_usb_32u4/common/action_macro.o
 .debug_ranges  0x0000000000000aa0      0x100 obj_pc98_usb_32u4/common/action_layer.o
 .debug_ranges  0x0000000000000ba0      0x100 obj_pc98_usb_32u4/common/action_util.o
 .debug_ranges  0x0000000000000ca0       0x10 obj_pc98_usb_32u4/common/print.o
 .debug_ranges  0x0000000000000cb0       0x50 obj_pc98_usb_32u4/common/util.o
 .debug_ranges  0x0000000000000d00       0x30 obj_pc98_usb_32u4/common/hook.o
 .debug_ranges  0x0000000000000d30       0x78 obj_pc98_usb_32u4/common/avr/suspend.o
 .debug_ranges  0x0000000000000da8       0x40 obj_pc98_usb_32u4/common/avr/timer.o
 .debug_ranges  0x0000000000000de8       0x30 obj_pc98_usb_32u4/common/avr/bootloader.o
 .debug_ranges  0x0000000000000e18       0x28 obj_pc98_usb_32u4/common/unimap.o
 .debug_ranges  0x0000000000000e40       0xc8 obj_pc98_usb_32u4/common/mousekey.o
 .debug_ranges  0x0000000000000f08      0x2a8 obj_pc98_usb_32u4/common/command.o

.debug_macro
 *(.debug_macro)

.debug_addr
 *(.debug_addr)
OUTPUT(pc98_usb_32u4.elf elf32-avr)
LOAD linker stubs

Cross Reference Table

Symbol                                            File
CALLBACK_HIDParser_FilterHIDReportItem            obj_pc98_usb_32u4/protocol/lufa/lufa-abcminiuser/LUFA/Drivers/USB/Class/Common/HIDParser.o
CALLBACK_USB_GetDescriptor                        obj_pc98_usb_32u4/protocol/lufa/descriptor.o
                                                  obj_pc98_usb_32u4/protocol/lufa/lufa-abcminiuser/LUFA/Drivers/USB/Core/DeviceStandardReq.o
ConfigurationDescriptor                           obj_pc98_usb_32u4/protocol/lufa/descriptor.o
ConsoleReport                                     obj_pc98_usb_32u4/protocol/lufa/descriptor.o
DeviceDescriptor                                  obj_pc98_usb_32u4/protocol/lufa/descriptor.o
EVENT_USB_Device_ConfigurationChanged             obj_pc98_usb_32u4/protocol/lufa/lufa.o
                                                  obj_pc98_usb_32u4/protocol/lufa/lufa-abcminiuser/LUFA/Drivers/USB/Core/DeviceStandardReq.o
EVENT_USB_Device_Connect                          obj_pc98_usb_32u4/protocol/lufa/lufa.o
                                                  obj_pc98_usb_32u4/protocol/lufa/lufa-abcminiuser/LUFA/Drivers/USB/Core/AVR8/USBInterrupt_AVR8.o
EVENT_USB_Device_ControlRequest                   obj_pc98_usb_32u4/protocol/lufa/lufa.o
                                                  obj_pc98_usb_32u4/protocol/lufa/lufa-abcminiuser/LUFA/Drivers/USB/Core/DeviceStandardReq.o
EVENT_USB_Device_Disconnect                       obj_pc98_usb_32u4/protocol/lufa/lufa.o
                                                  obj_pc98_usb_32u4/protocol/lufa/lufa-abcminiuser/LUFA/Drivers/USB/Core/AVR8/USBInterrupt_AVR8.o
EVENT_USB_Device_Reset                            obj_pc98_usb_32u4/protocol/lufa/lufa.o
                                                  obj_pc98_usb_32u4/protocol/lufa/lufa-abcminiuser/LUFA/Drivers/USB/Core/AVR8/USBInterrupt_AVR8.o
EVENT_USB_Device_StartOfFrame                     obj_pc98_usb_32u4/protocol/lufa/lufa-abcminiuser/LUFA/Drivers/USB/Core/Events.o
                                                  obj_pc98_usb_32u4/protocol/lufa/lufa-abcminiuser/LUFA/Drivers/USB/Core/AVR8/USBInterrupt_AVR8.o
EVENT_USB_Device_Suspend                          obj_pc98_usb_32u4/protocol/lufa/lufa.o
                                                  obj_pc98_usb_32u4/protocol/lufa/lufa-abcminiuser/LUFA/Drivers/USB/Core/AVR8/USBInterrupt_AVR8.o
EVENT_USB_Device_WakeUp                           obj_pc98_usb_32u4/protocol/lufa/lufa.o
                                                  obj_pc98_usb_32u4/protocol/lufa/lufa-abcminiuser/LUFA/Drivers/USB/Core/AVR8/USBInterrupt_AVR8.o
Endpoint_ClearEndpoints                           obj_pc98_usb_32u4/protocol/lufa/lufa-abcminiuser/LUFA/Drivers/USB/Core/AVR8/Endpoint_AVR8.o
Endpoint_ClearStatusStage                         obj_pc98_usb_32u4/protocol/lufa/lufa-abcminiuser/LUFA/Drivers/USB/Core/AVR8/Endpoint_AVR8.o
                                                  obj_pc98_usb_32u4/protocol/lufa/lufa-abcminiuser/LUFA/Drivers/USB/Core/DeviceStandardReq.o
                                                  obj_pc98_usb_32u4/protocol/lufa/lufa.o