Archive member included to satisfy reference by file (symbol)

/usr/lib/gcc/avr/8.3.0/avr5/libgcc.a(_udivmodqi4.o)
                              .build/obj_converter_xt_usb_default/lufa.o (__udivmodqi4)
/usr/lib/gcc/avr/8.3.0/avr5/libgcc.a(_divmodhi4.o)
                              .build/obj_converter_xt_usb_default/common/mousekey.o (__divmodhi4)
/usr/lib/gcc/avr/8.3.0/avr5/libgcc.a(_exit.o)
                              /usr/lib/gcc/avr/8.3.0/../../../../avr/lib/avr5/crtatmega32u4.o (exit)
/usr/lib/gcc/avr/8.3.0/avr5/libgcc.a(_tablejump2.o)
                              .build/obj_converter_xt_usb_default/common/action.o (__tablejump2__)
/usr/lib/gcc/avr/8.3.0/avr5/libgcc.a(_copy_data.o)
                              .build/obj_converter_xt_usb_default/matrix.o (__do_copy_data)
/usr/lib/gcc/avr/8.3.0/avr5/libgcc.a(_clear_bss.o)
                              .build/obj_converter_xt_usb_default/matrix.o (__do_clear_bss)
/usr/lib/gcc/avr/8.3.0/avr5/libgcc.a(_udivmodhi4.o)
                              /usr/lib/gcc/avr/8.3.0/avr5/libgcc.a(_divmodhi4.o) (__udivmodhi4)
/usr/lib/gcc/avr/8.3.0/../../../../avr/lib/avr5/libatmega32u4.a(eerd_byte.o)
                              .build/obj_converter_xt_usb_default/common/eeconfig.o (eeprom_read_byte)
/usr/lib/gcc/avr/8.3.0/../../../../avr/lib/avr5/libatmega32u4.a(eerd_dword.o)
                              .build/obj_converter_xt_usb_default/common/eeconfig.o (eeprom_read_dword)
/usr/lib/gcc/avr/8.3.0/../../../../avr/lib/avr5/libatmega32u4.a(eerd_word.o)
                              .build/obj_converter_xt_usb_default/common/eeconfig.o (eeprom_read_word)
/usr/lib/gcc/avr/8.3.0/../../../../avr/lib/avr5/libatmega32u4.a(eeupd_byte.o)
                              .build/obj_converter_xt_usb_default/common/eeconfig.o (eeprom_update_byte)
/usr/lib/gcc/avr/8.3.0/../../../../avr/lib/avr5/libatmega32u4.a(eeupd_dword.o)
                              .build/obj_converter_xt_usb_default/common/eeconfig.o (eeprom_update_dword)
/usr/lib/gcc/avr/8.3.0/../../../../avr/lib/avr5/libatmega32u4.a(eeupd_word.o)
                              .build/obj_converter_xt_usb_default/common/eeconfig.o (eeprom_update_word)
/usr/lib/gcc/avr/8.3.0/../../../../avr/lib/avr5/libatmega32u4.a(eerd_block.o)
                              /usr/lib/gcc/avr/8.3.0/../../../../avr/lib/avr5/libatmega32u4.a(eerd_dword.o) (eeprom_read_blraw)

Allocating common symbols
Common symbol       size              file

USB_IsInitialized   0x1               .build/obj_converter_xt_usb_default/lib/lufa/LUFA/Drivers/USB/Core/USBTask.o
keymap_config       0x2               .build/obj_converter_xt_usb_default/common/magic.o
USB_DeviceState     0x1               .build/obj_converter_xt_usb_default/lib/lufa/LUFA/Drivers/USB/Core/USBTask.o
USB_Device_ConfigurationNumber
                    0x1               .build/obj_converter_xt_usb_default/lib/lufa/LUFA/Drivers/USB/Core/DeviceStandardReq.o
USB_Device_CurrentlySelfPowered
                    0x1               .build/obj_converter_xt_usb_default/lib/lufa/LUFA/Drivers/USB/Core/DeviceStandardReq.o
USB_ControlRequest  0x8               .build/obj_converter_xt_usb_default/lib/lufa/LUFA/Drivers/USB/Core/USBTask.o
tp_buttons          0x2               .build/obj_converter_xt_usb_default/common/action.o
USB_Device_RemoteWakeupEnabled
                    0x1               .build/obj_converter_xt_usb_default/lib/lufa/LUFA/Drivers/USB/Core/DeviceStandardReq.o
timer_count         0x4               .build/obj_converter_xt_usb_default/common/avr/timer.o

Discarded input sections

 .data          0x0000000000000000        0x0 /usr/lib/gcc/avr/8.3.0/../../../../avr/lib/avr5/crtatmega32u4.o
 .bss           0x0000000000000000        0x0 /usr/lib/gcc/avr/8.3.0/../../../../avr/lib/avr5/crtatmega32u4.o
 .text          0x0000000000000000        0x0 .build/obj_converter_xt_usb_default/matrix.o
 .data          0x0000000000000000        0x0 .build/obj_converter_xt_usb_default/matrix.o
 .bss           0x0000000000000000        0x0 .build/obj_converter_xt_usb_default/matrix.o
 .text.matrix_clear
                0x0000000000000000       0x10 .build/obj_converter_xt_usb_default/matrix.o
 .text.matrix_is_on
                0x0000000000000000       0x28 .build/obj_converter_xt_usb_default/matrix.o
 .text          0x0000000000000000        0x0 .build/obj_converter_xt_usb_default/keyboards/converter/xt_usb/xt_usb.o
 .data          0x0000000000000000        0x0 .build/obj_converter_xt_usb_default/keyboards/converter/xt_usb/xt_usb.o
 .bss           0x0000000000000000        0x0 .build/obj_converter_xt_usb_default/keyboards/converter/xt_usb/xt_usb.o
 .debug_info    0x0000000000000000      0x413 .build/obj_converter_xt_usb_default/keyboards/converter/xt_usb/xt_usb.o
 .debug_abbrev  0x0000000000000000       0xf5 .build/obj_converter_xt_usb_default/keyboards/converter/xt_usb/xt_usb.o
 .debug_aranges
[...]
Memory Configuration

Name             Origin             Length             Attributes
text             0x0000000000000000 0x0000000000020000 xr
data             0x0000000000800060 0x000000000000ffa0 rw !x
eeprom           0x0000000000810000 0x0000000000010000 rw !x
fuse             0x0000000000820000 0x0000000000000400 rw !x
lock             0x0000000000830000 0x0000000000000400 rw !x
signature        0x0000000000840000 0x0000000000000400 rw !x
user_signatures  0x0000000000850000 0x0000000000000400 rw !x
*default*        0x0000000000000000 0xffffffffffffffff

Linker script and memory map

Address of section .data set to 0x800100
LOAD /usr/lib/gcc/avr/8.3.0/../../../../avr/lib/avr5/crtatmega32u4.o
LOAD .build/obj_converter_xt_usb_default/matrix.o
LOAD .build/obj_converter_xt_usb_default/keyboards/converter/xt_usb/xt_usb.o
LOAD .build/obj_converter_xt_usb_default/keyboards/converter/xt_usb/keymaps/default/keymap.o
LOAD .build/obj_converter_xt_usb_default/quantum/quantum.o
LOAD .build/obj_converter_xt_usb_default/quantum/led.o
LOAD .build/obj_converter_xt_usb_default/quantum/keymap_common.o
LOAD .build/obj_converter_xt_usb_default/quantum/keycode_config.o
LOAD .build/obj_converter_xt_usb_default/quantum/debounce/sym_defer_g.o
LOAD .build/obj_converter_xt_usb_default/quantum/process_keycode/process_space_cadet.o
LOAD .build/obj_converter_xt_usb_default/quantum/process_keycode/process_magic.o
LOAD .build/obj_converter_xt_usb_default/quantum/process_keycode/process_grave_esc.o
LOAD .build/obj_converter_xt_usb_default/protocol/xt_interrupt.o
LOAD .build/obj_converter_xt_usb_default/common/host.o
LOAD .build/obj_converter_xt_usb_default/common/keyboard.o
LOAD .build/obj_converter_xt_usb_default/common/action.o
LOAD .build/obj_converter_xt_usb_default/common/action_tapping.o
LOAD .build/obj_converter_xt_usb_default/common/action_macro.o
LOAD .build/obj_converter_xt_usb_default/common/action_layer.o
LOAD .build/obj_converter_xt_usb_default/common/action_util.o
LOAD .build/obj_converter_xt_usb_default/common/print.o
LOAD .build/obj_converter_xt_usb_default/common/debug.o
LOAD .build/obj_converter_xt_usb_default/common/sendchar_null.o
LOAD .build/obj_converter_xt_usb_default/common/util.o
LOAD .build/obj_converter_xt_usb_default/common/eeconfig.o
LOAD .build/obj_converter_xt_usb_default/common/report.o
LOAD .build/obj_converter_xt_usb_default/common/avr/suspend.o
LOAD .build/obj_converter_xt_usb_default/common/avr/timer.o
LOAD .build/obj_converter_xt_usb_default/common/avr/bootloader.o
LOAD .build/obj_converter_xt_usb_default/common/avr/xprintf.o
LOAD .build/obj_converter_xt_usb_default/common/magic.o
LOAD .build/obj_converter_xt_usb_default/common/mousekey.o
LOAD .build/obj_converter_xt_usb_default/common/command.o
LOAD .build/obj_converter_xt_usb_default/lufa.o
LOAD .build/obj_converter_xt_usb_default/usb_descriptor.o
LOAD .build/obj_converter_xt_usb_default/lib/lufa/LUFA/Drivers/USB/Class/Common/HIDParser.o
LOAD .build/obj_converter_xt_usb_default/lib/lufa/LUFA/Drivers/USB/Core/AVR8/Device_AVR8.o
LOAD .build/obj_converter_xt_usb_default/lib/lufa/LUFA/Drivers/USB/Core/AVR8/EndpointStream_AVR8.o
LOAD .build/obj_converter_xt_usb_default/lib/lufa/LUFA/Drivers/USB/Core/AVR8/Endpoint_AVR8.o
LOAD .build/obj_converter_xt_usb_default/lib/lufa/LUFA/Drivers/USB/Core/AVR8/Host_AVR8.o
LOAD .build/obj_converter_xt_usb_default/lib/lufa/LUFA/Drivers/USB/Core/AVR8/PipeStream_AVR8.o
LOAD .build/obj_converter_xt_usb_default/lib/lufa/LUFA/Drivers/USB/Core/AVR8/Pipe_AVR8.o
LOAD .build/obj_converter_xt_usb_default/lib/lufa/LUFA/Drivers/USB/Core/AVR8/USBController_AVR8.o
LOAD .build/obj_converter_xt_usb_default/lib/lufa/LUFA/Drivers/USB/Core/AVR8/USBInterrupt_AVR8.o
LOAD .build/obj_converter_xt_usb_default/lib/lufa/LUFA/Drivers/USB/Core/ConfigDescriptors.o
LOAD .build/obj_converter_xt_usb_default/lib/lufa/LUFA/Drivers/USB/Core/DeviceStandardReq.o
LOAD .build/obj_converter_xt_usb_default/lib/lufa/LUFA/Drivers/USB/Core/Events.o
LOAD .build/obj_converter_xt_usb_default/lib/lufa/LUFA/Drivers/USB/Core/HostStandardReq.o
LOAD .build/obj_converter_xt_usb_default/lib/lufa/LUFA/Drivers/USB/Core/USBTask.o
LOAD /usr/lib/gcc/avr/8.3.0/../../../../avr/lib/avr5/libm.a
START GROUP
LOAD /usr/lib/gcc/avr/8.3.0/avr5/libgcc.a
LOAD /usr/lib/gcc/avr/8.3.0/../../../../avr/lib/avr5/libm.a
LOAD /usr/lib/gcc/avr/8.3.0/../../../../avr/lib/avr5/libc.a
LOAD /usr/lib/gcc/avr/8.3.0/../../../../avr/lib/avr5/libatmega32u4.a
END GROUP
                0x0000000000020000                __TEXT_REGION_LENGTH__ = DEFINED (__TEXT_REGION_LENGTH__)?__TEXT_REGION_LENGTH__:0x20000
                0x000000000000ffa0                __DATA_REGION_LENGTH__ = DEFINED (__DATA_REGION_LENGTH__)?__DATA_REGION_LENGTH__:0xffa0
                0x0000000000010000                __EEPROM_REGION_LENGTH__ = DEFINED (__EEPROM_REGION_LENGTH__)?__EEPROM_REGION_LENGTH__:0x10000
                0x0000000000000400                __FUSE_REGION_LENGTH__ = DEFINED (__FUSE_REGION_LENGTH__)?__FUSE_REGION_LENGTH__:0x400
                0x0000000000000400                __LOCK_REGION_LENGTH__ = DEFINED (__LOCK_REGION_LENGTH__)?__LOCK_REGION_LENGTH__:0x400
                0x0000000000000400                __SIGNATURE_REGION_LENGTH__ = DEFINED (__SIGNATURE_REGION_LENGTH__)?__SIGNATURE_REGION_LENGTH__:0x400
                0x0000000000000400                __USER_SIGNATURE_REGION_LENGTH__ = DEFINED (__USER_SIGNATURE_REGION_LENGTH__)?__USER_SIGNATURE_REGION_LENGTH__:0x400

.hash
 *(.hash)

.dynsym
 *(.dynsym)

.dynstr
 *(.dynstr)

.gnu.version
 *(.gnu.version)

.gnu.version_d
 *(.gnu.version_d)

.gnu.version_r
 *(.gnu.version_r)

.rel.init
 *(.rel.init)

.rela.init
 *(.rela.init)

.rel.text
 *(.rel.text)
 *(.rel.text.*)
 *(.rel.gnu.linkonce.t*)

.rela.text
 *(.rela.text)
 *(.rela.text.*)
 *(.rela.gnu.linkonce.t*)

.rel.fini
 *(.rel.fini)

.rela.fini
 *(.rela.fini)

.rel.rodata
 *(.rel.rodata)
 *(.rel.rodata.*)
 *(.rel.gnu.linkonce.r*)

.rela.rodata
 *(.rela.rodata)
 *(.rela.rodata.*)
 *(.rela.gnu.linkonce.r*)

.rel.data
 *(.rel.data)
 *(.rel.data.*)
 *(.rel.gnu.linkonce.d*)

.rela.data
 *(.rela.data)
 *(.rela.data.*)
 *(.rela.gnu.linkonce.d*)

.rel.ctors
 *(.rel.ctors)

.rela.ctors
 *(.rela.ctors)

.rel.dtors
 *(.rel.dtors)

.rela.dtors
 *(.rela.dtors)

.rel.got
 *(.rel.got)

.rela.got
 *(.rela.got)

.rel.bss
 *(.rel.bss)

.rela.bss
 *(.rela.bss)

.rel.plt
 *(.rel.plt)

.rela.plt
 *(.rela.plt)

.text           0x0000000000000000     0x58dc
 *(.vectors)
 .vectors       0x0000000000000000       0xac /usr/lib/gcc/avr/8.3.0/../../../../avr/lib/avr5/crtatmega32u4.o
                0x0000000000000000                __vectors
                0x0000000000000000                __vector_default
 *(.vectors)
 *(.progmem.gcc*)
                0x00000000000000ac                . = ALIGN (0x2)
                0x00000000000000ac                __trampolines_start = .
 *(.trampolines)
 .trampolines   0x00000000000000ac        0x0 linker stubs
 *(.trampolines*)
                0x00000000000000ac                __trampolines_end = .
 *libprintf_flt.a:*(.progmem.data)
 *libc.a:*(.progmem.data)
 *(.progmem.*)
 .progmem.data.__c.2396
                0x00000000000000ac        0x2 .build/obj_converter_xt_usb_default/matrix.o
 .progmem.data.__c.2394
                0x00000000000000ae        0x5 .build/obj_converter_xt_usb_default/matrix.o
 .progmem.data.__c.2392
                0x00000000000000b3        0x3 .build/obj_converter_xt_usb_default/matrix.o
 .progmem.data.__c.2390
                0x00000000000000b6        0x5 .build/obj_converter_xt_usb_default/matrix.o
 .progmem.data.__c.2387
                0x00000000000000bb        0xf .build/obj_converter_xt_usb_default/matrix.o
 .progmem.data.__c.2335
                0x00000000000000ca        0x6 .build/obj_converter_xt_usb_default/matrix.o
 .progmem.data.keymaps
                0x00000000000000d0      0x300 .build/obj_converter_xt_usb_default/keyboards/converter/xt_usb/keymaps/default/keymap.o
                0x00000000000000d0                keymaps
 .progmem.data.__c.3585
                0x00000000000003d0       0x12 .build/obj_converter_xt_usb_default/quantum/quantum.o
 .progmem.data.__c.3583
                0x00000000000003e2       0x11 .build/obj_converter_xt_usb_default/quantum/quantum.o
 .progmem.data.fn_actions
                0x00000000000003f3        0x0 .build/obj_converter_xt_usb_default/quantum/keymap_common.o
                0x00000000000003f3                fn_actions
 .progmem.data.__c.1925
                0x00000000000003f3        0xc .build/obj_converter_xt_usb_default/protocol/xt_interrupt.o
 .progmem.data.__c.2204
                0x00000000000003ff        0x2 .build/obj_converter_xt_usb_default/common/host.o
 .progmem.data.__c.2199
                0x0000000000000401        0x6 .build/obj_converter_xt_usb_default/common/host.o
 .progmem.data.__c.2196
                0x0000000000000407       0x12 .build/obj_converter_xt_usb_default/common/host.o
 .progmem.data.__c.3067
                0x0000000000000419        0x2 .build/obj_converter_xt_usb_default/common/keyboard.o
 .progmem.data.__c.3065
                0x000000000000041b        0x5 .build/obj_converter_xt_usb_default/common/keyboard.o
 .progmem.data.__c.3063
                0x0000000000000420       0x13 .build/obj_converter_xt_usb_default/common/keyboard.o
 .progmem.data.__c.2282
                0x0000000000000433        0x3 .build/obj_converter_xt_usb_default/common/mousekey.o
 .progmem.data.__c.2280
                0x0000000000000436        0x3 .build/obj_converter_xt_usb_default/common/mousekey.o
 .progmem.data.__c.2278
                0x0000000000000439        0x2 .build/obj_converter_xt_usb_default/common/mousekey.o
 .progmem.data.__c.2276
                0x000000000000043b        0x3 .build/obj_converter_xt_usb_default/common/mousekey.o
 .progmem.data.__c.2274
                0x000000000000043e        0x3 .build/obj_converter_xt_usb_default/common/mousekey.o
 .progmem.data.__c.2272
                0x0000000000000441        0x3 .build/obj_converter_xt_usb_default/common/mousekey.o
 .progmem.data.__c.2270
                0x0000000000000444        0x2 .build/obj_converter_xt_usb_default/common/mousekey.o
 .progmem.data.__c.2268
                0x0000000000000446        0x3 .build/obj_converter_xt_usb_default/common/mousekey.o
 .progmem.data.__c.2266
                0x0000000000000449        0x2 .build/obj_converter_xt_usb_default/common/mousekey.o
 .progmem.data.__c.2264
                0x000000000000044b        0x3 .build/obj_converter_xt_usb_default/common/mousekey.o
 .progmem.data.__c.2262
                0x000000000000044e        0x2 .build/obj_converter_xt_usb_default/common/mousekey.o
 .progmem.data.__c.2260
                0x0000000000000450        0x3 .build/obj_converter_xt_usb_default/common/mousekey.o
 .progmem.data.__c.2258
                0x0000000000000453        0x2 .build/obj_converter_xt_usb_default/common/mousekey.o
 .progmem.data.__c.2256
                0x0000000000000455        0x5 .build/obj_converter_xt_usb_default/common/mousekey.o
 .progmem.data.__c.2254
                0x000000000000045a       0x23 .build/obj_converter_xt_usb_default/common/mousekey.o
 .progmem.data.__c.3855
                0x000000000000047d       0x1b .build/obj_converter_xt_usb_default/common/command.o
 .progmem.data.__c.3852
                0x0000000000000498       0x19 .build/obj_converter_xt_usb_default/common/command.o
 .progmem.data.__c.3849
                0x00000000000004b1       0x15 .build/obj_converter_xt_usb_default/common/command.o
 .progmem.data.__c.3846
                0x00000000000004c6       0x13 .build/obj_converter_xt_usb_default/common/command.o
 .progmem.data.__c.3843
                0x00000000000004d9       0x12 .build/obj_converter_xt_usb_default/common/command.o
 .progmem.data.__c.3839
                0x00000000000004eb        0xf .build/obj_converter_xt_usb_default/common/command.o
 .progmem.data.__c.3832
                0x00000000000004fa       0x1b .build/obj_converter_xt_usb_default/common/command.o
 .progmem.data.__c.3829
                0x0000000000000515       0x19 .build/obj_converter_xt_usb_default/common/command.o
 .progmem.data.__c.3826
                0x000000000000052e       0x15 .build/obj_converter_xt_usb_default/common/command.o
 .progmem.data.__c.3823
                0x0000000000000543       0x13 .build/obj_converter_xt_usb_default/common/command.o
 .progmem.data.__c.3820
                0x0000000000000556       0x12 .build/obj_converter_xt_usb_default/common/command.o
 .progmem.data.__c.3816
                0x0000000000000568        0xf .build/obj_converter_xt_usb_default/common/command.o
 .progmem.data.__c.3809
                0x0000000000000577        0x2 .build/obj_converter_xt_usb_default/common/command.o
 .progmem.data.__c.3807
                0x0000000000000579        0x3 .build/obj_converter_xt_usb_default/common/command.o
 .progmem.data.__c.3805
                0x000000000000057c       0x17 .build/obj_converter_xt_usb_default/common/command.o
 .progmem.data.__c.3803
                0x0000000000000593        0x2 .build/obj_converter_xt_usb_default/common/command.o
 .progmem.data.__c.3801
                0x0000000000000595        0x3 .build/obj_converter_xt_usb_default/common/command.o
 .progmem.data.__c.3799
                0x0000000000000598       0x15 .build/obj_converter_xt_usb_default/common/command.o
 .progmem.data.__c.3797
                0x00000000000005ad        0x2 .build/obj_converter_xt_usb_default/common/command.o
 .progmem.data.__c.3795
                0x00000000000005af        0x3 .build/obj_converter_xt_usb_default/common/command.o
 .progmem.data.__c.3793
                0x00000000000005b2       0x11 .build/obj_converter_xt_usb_default/common/command.o
 .progmem.data.__c.3791
                0x00000000000005c3        0x2 .build/obj_converter_xt_usb_default/common/command.o
 .progmem.data.__c.3789
                0x00000000000005c5        0x3 .build/obj_converter_xt_usb_default/common/command.o
 .progmem.data.__c.3787
                0x00000000000005c8        0xf .build/obj_converter_xt_usb_default/common/command.o
 .progmem.data.__c.3785
                0x00000000000005d7        0x2 .build/obj_converter_xt_usb_default/common/command.o
 .progmem.data.__c.3783
                0x00000000000005d9        0x3 .build/obj_converter_xt_usb_default/common/command.o
 .progmem.data.__c.3781
                0x00000000000005dc       0x12 .build/obj_converter_xt_usb_default/common/command.o
 .progmem.data.__c.3779
                0x00000000000005ee        0x2 .build/obj_converter_xt_usb_default/common/command.o
 .progmem.data.__c.3777
                0x00000000000005f0        0x3 .build/obj_converter_xt_usb_default/common/command.o
 .progmem.data.__c.3775
                0x00000000000005f3       0x12 .build/obj_converter_xt_usb_default/common/command.o
 .progmem.data.__c.3773
                0x0000000000000605        0xe .build/obj_converter_xt_usb_default/common/command.o
 .progmem.data.__c.3893
                0x0000000000000613        0x3 .build/obj_converter_xt_usb_default/common/command.o
 .progmem.data.__c.3891
                0x0000000000000616        0x6 .build/obj_converter_xt_usb_default/common/command.o
 .progmem.data.__c.3889
                0x000000000000061c        0x2 .build/obj_converter_xt_usb_default/common/command.o
 .progmem.data.__c.3886
                0x000000000000061e        0xd .build/obj_converter_xt_usb_default/common/command.o
 .progmem.data.__c.3872
                0x000000000000062b        0x4 .build/obj_converter_xt_usb_default/common/command.o
 .progmem.data.__c.3862
                0x000000000000062f       0x4e .build/obj_converter_xt_usb_default/common/command.o
 .progmem.data.__c.3860
                0x000000000000067d       0xfb .build/obj_converter_xt_usb_default/common/command.o
 .progmem.data.__c.3765
                0x0000000000000778        0x2 .build/obj_converter_xt_usb_default/common/command.o
 .progmem.data.__c.3762
                0x000000000000077a        0x4 .build/obj_converter_xt_usb_default/common/command.o
 .progmem.data.__c.3767
                0x000000000000077e        0x4 .build/obj_converter_xt_usb_default/common/command.o
 .progmem.data.__c.3911
                0x0000000000000782        0x5 .build/obj_converter_xt_usb_default/common/command.o
 .progmem.data.__c.3590
                0x0000000000000787       0x17 .build/obj_converter_xt_usb_default/common/command.o
 .progmem.data.__c.3588
                0x000000000000079e       0x13 .build/obj_converter_xt_usb_default/common/command.o
 .progmem.data.__c.3586
                0x00000000000007b1       0x17 .build/obj_converter_xt_usb_default/common/command.o
 .progmem.data.__c.3584
                0x00000000000007c8       0x1a .build/obj_converter_xt_usb_default/common/command.o
 .progmem.data.__c.3582
                0x00000000000007e2        0xe .build/obj_converter_xt_usb_default/common/command.o
 .progmem.data.__c.3577
                0x00000000000007f0       0x2b .build/obj_converter_xt_usb_default/common/command.o
 .progmem.data.__c.3575
                0x000000000000081b       0x36 .build/obj_converter_xt_usb_default/common/command.o
 .progmem.data.__c.3573
                0x0000000000000851       0x39 .build/obj_converter_xt_usb_default/common/command.o
 .progmem.data.__c.3571
                0x000000000000088a       0x5d .build/obj_converter_xt_usb_default/common/command.o
 .progmem.data.__c.3569
                0x00000000000008e7        0xf .build/obj_converter_xt_usb_default/common/command.o
 .progmem.data.__c.3751
                0x00000000000008f6       0x27 .build/obj_converter_xt_usb_default/common/command.o
 .progmem.data.__c.3564
                0x000000000000091d      0x1a3 .build/obj_converter_xt_usb_default/common/command.o
 .progmem.data.__c.3697
                0x0000000000000ac0        0x2 .build/obj_converter_xt_usb_default/common/command.o
 .progmem.data.__c.3695
                0x0000000000000ac2        0x3 .build/obj_converter_xt_usb_default/common/command.o
 .progmem.data.__c.3693
                0x0000000000000ac5        0x8 .build/obj_converter_xt_usb_default/common/command.o
 .progmem.data.__c.3691
                0x0000000000000acd        0x2 .build/obj_converter_xt_usb_default/common/command.o
 .progmem.data.__c.3689
                0x0000000000000acf        0x3 .build/obj_converter_xt_usb_default/common/command.o
 .progmem.data.__c.3687
                0x0000000000000ad2       0x1c .build/obj_converter_xt_usb_default/common/command.o
 .progmem.data.__c.3685
                0x0000000000000aee        0x2 .build/obj_converter_xt_usb_default/common/command.o
 .progmem.data.__c.3683
                0x0000000000000af0        0x3 .build/obj_converter_xt_usb_default/common/command.o
 .progmem.data.__c.3681
                0x0000000000000af3       0x12 .build/obj_converter_xt_usb_default/common/command.o
 .progmem.data.__c.3679
                0x0000000000000b05        0x2 .build/obj_converter_xt_usb_default/common/command.o
 .progmem.data.__c.3677
                0x0000000000000b07        0x3 .build/obj_converter_xt_usb_default/common/command.o
 .progmem.data.__c.3675
                0x0000000000000b0a        0xa .build/obj_converter_xt_usb_default/common/command.o
 .progmem.data.__c.3673
                0x0000000000000b14        0x2 .build/obj_converter_xt_usb_default/common/command.o
 .progmem.data.__c.3671
                0x0000000000000b16        0x3 .build/obj_converter_xt_usb_default/common/command.o
 .progmem.data.__c.3669
                0x0000000000000b19       0x12 .build/obj_converter_xt_usb_default/common/command.o
 .progmem.data.__c.3667
                0x0000000000000b2b        0x2 .build/obj_converter_xt_usb_default/common/command.o
 .progmem.data.__c.3665
                0x0000000000000b2d        0x3 .build/obj_converter_xt_usb_default/common/command.o
 .progmem.data.__c.3663
                0x0000000000000b30       0x12 .build/obj_converter_xt_usb_default/common/command.o
 .progmem.data.__c.3661
                0x0000000000000b42        0x2 .build/obj_converter_xt_usb_default/common/command.o
 .progmem.data.__c.3659
                0x0000000000000b44        0x3 .build/obj_converter_xt_usb_default/common/command.o
 .progmem.data.__c.3657
                0x0000000000000b47       0x12 .build/obj_converter_xt_usb_default/common/command.o
 .progmem.data.__c.3655
                0x0000000000000b59        0x2 .build/obj_converter_xt_usb_default/common/command.o
 .progmem.data.__c.3653
                0x0000000000000b5b        0x3 .build/obj_converter_xt_usb_default/common/command.o
 .progmem.data.__c.3651
                0x0000000000000b5e       0x12 .build/obj_converter_xt_usb_default/common/command.o
 .progmem.data.__c.3649
                0x0000000000000b70        0x2 .build/obj_converter_xt_usb_default/common/command.o
 .progmem.data.__c.3647
                0x0000000000000b72        0x3 .build/obj_converter_xt_usb_default/common/command.o
 .progmem.data.__c.3645
                0x0000000000000b75       0x17 .build/obj_converter_xt_usb_default/common/command.o
 .progmem.data.__c.3643
                0x0000000000000b8c        0x2 .build/obj_converter_xt_usb_default/common/command.o
 .progmem.data.__c.3641
                0x0000000000000b8e        0x3 .build/obj_converter_xt_usb_default/common/command.o
 .progmem.data.__c.3639
                0x0000000000000b91       0x19 .build/obj_converter_xt_usb_default/common/command.o
 .progmem.data.__c.3637
                0x0000000000000baa        0x2 .build/obj_converter_xt_usb_default/common/command.o
 .progmem.data.__c.3635
                0x0000000000000bac        0x5 .build/obj_converter_xt_usb_default/common/command.o
 .progmem.data.__c.3633
                0x0000000000000bb1       0x14 .build/obj_converter_xt_usb_default/common/command.o
 .progmem.data.__c.3630
                0x0000000000000bc5        0x2 .build/obj_converter_xt_usb_default/common/command.o
 .progmem.data.__c.3628
                0x0000000000000bc7        0x3 .build/obj_converter_xt_usb_default/common/command.o
 .progmem.data.__c.3626
                0x0000000000000bca        0x9 .build/obj_converter_xt_usb_default/common/command.o
 .progmem.data.__c.3624
                0x0000000000000bd3        0x2 .build/obj_converter_xt_usb_default/common/command.o
 .progmem.data.__c.3622
                0x0000000000000bd5        0x3 .build/obj_converter_xt_usb_default/common/command.o
 .progmem.data.__c.3620
                0x0000000000000bd8        0xc .build/obj_converter_xt_usb_default/common/command.o
 .progmem.data.__c.3618
                0x0000000000000be4        0x2 .build/obj_converter_xt_usb_default/common/command.o
 .progmem.data.__c.3616
                0x0000000000000be6        0x3 .build/obj_converter_xt_usb_default/common/command.o
 .progmem.data.__c.3614
                0x0000000000000be9        0xa .build/obj_converter_xt_usb_default/common/command.o
 .progmem.data.__c.3612
                0x0000000000000bf3        0x2 .build/obj_converter_xt_usb_default/common/command.o
 .progmem.data.__c.3610
                0x0000000000000bf5        0x3 .build/obj_converter_xt_usb_default/common/command.o
 .progmem.data.__c.3608
                0x0000000000000bf8        0xa .build/obj_converter_xt_usb_default/common/command.o
 .progmem.data.__c.3606
                0x0000000000000c02        0x2 .build/obj_converter_xt_usb_default/common/command.o
 .progmem.data.__c.3604
                0x0000000000000c04        0x5 .build/obj_converter_xt_usb_default/common/command.o
 .progmem.data.__c.3602
                0x0000000000000c09       0x13 .build/obj_converter_xt_usb_default/common/command.o
 .progmem.data.__c.3599
                0x0000000000000c1c        0x2 .build/obj_converter_xt_usb_default/common/command.o
 .progmem.data.__c.3597
                0x0000000000000c1e        0x3 .build/obj_converter_xt_usb_default/common/command.o
 .progmem.data.__c.3595
                0x0000000000000c21       0x10 .build/obj_converter_xt_usb_default/common/command.o
 .progmem.data.__c.3746
                0x0000000000000c31        0x2 .build/obj_converter_xt_usb_default/common/command.o
 .progmem.data.__c.3736
                0x0000000000000c33        0xd .build/obj_converter_xt_usb_default/common/command.o
 .progmem.data.__c.3734
                0x0000000000000c40        0xc .build/obj_converter_xt_usb_default/common/command.o
 .progmem.data.__c.3731
                0x0000000000000c4c       0x10 .build/obj_converter_xt_usb_default/common/command.o
 .progmem.data.__c.3729
                0x0000000000000c5c        0xf .build/obj_converter_xt_usb_default/common/command.o
 .progmem.data.__c.3726
                0x0000000000000c6b        0xe .build/obj_converter_xt_usb_default/common/command.o
 .progmem.data.__c.3724
                0x0000000000000c79        0xd .build/obj_converter_xt_usb_default/common/command.o
 .progmem.data.__c.3721
                0x0000000000000c86        0xd .build/obj_converter_xt_usb_default/common/command.o
 .progmem.data.__c.3719
                0x0000000000000c93        0xc .build/obj_converter_xt_usb_default/common/command.o
 .progmem.data.__c.3716
                0x0000000000000c9f       0x1c .build/obj_converter_xt_usb_default/common/command.o
 .progmem.data.__c.3712
                0x0000000000000cbb        0x4 .build/obj_converter_xt_usb_default/common/command.o
 .progmem.data.__c.3707
                0x0000000000000cbf       0x11 .build/obj_converter_xt_usb_default/common/command.o
 .progmem.data.__c.3703
                0x0000000000000cd0        0xb .build/obj_converter_xt_usb_default/common/command.o
 .progmem.data.__c.6216
                0x0000000000000cdb        0x4 .build/obj_converter_xt_usb_default/lufa.o
 .progmem.data.__c.6214
                0x0000000000000cdf       0x11 .build/obj_converter_xt_usb_default/lufa.o
 .progmem.data.__c.6108
                0x0000000000000cf0        0x4 .build/obj_converter_xt_usb_default/lufa.o
 .progmem.data.__c.6104
                0x0000000000000cf4        0x4 .build/obj_converter_xt_usb_default/lufa.o
 .progmem.data.__c.6100
                0x0000000000000cf8        0x4 .build/obj_converter_xt_usb_default/lufa.o
 .progmem.data.__c.6095
                0x0000000000000cfc        0x4 .build/obj_converter_xt_usb_default/lufa.o
 .progmem.data.__c.6090
                0x0000000000000d00        0x4 .build/obj_converter_xt_usb_default/lufa.o
 .progmem.data.ProductString
                0x0000000000000d04       0x66 .build/obj_converter_xt_usb_default/usb_descriptor.o
                0x0000000000000d04                ProductString
 .progmem.data.ManufacturerString
                0x0000000000000d6a        0xa .build/obj_converter_xt_usb_default/usb_descriptor.o
                0x0000000000000d6a                ManufacturerString
 .progmem.data.LanguageString
                0x0000000000000d74        0x4 .build/obj_converter_xt_usb_default/usb_descriptor.o
                0x0000000000000d74                LanguageString
 .progmem.data.ConfigurationDescriptor
                0x0000000000000d78       0x5b .build/obj_converter_xt_usb_default/usb_descriptor.o
                0x0000000000000d78                ConfigurationDescriptor
 .progmem.data.DeviceDescriptor
                0x0000000000000dd3       0x12 .build/obj_converter_xt_usb_default/usb_descriptor.o
                0x0000000000000dd3                DeviceDescriptor
 .progmem.data.ConsoleReport
                0x0000000000000de5       0x22 .build/obj_converter_xt_usb_default/usb_descriptor.o
                0x0000000000000de5                ConsoleReport
 .progmem.data.SharedReport
                0x0000000000000e07       0x81 .build/obj_converter_xt_usb_default/usb_descriptor.o
                0x0000000000000e07                SharedReport
 .progmem.data.KeyboardReport
                0x0000000000000e88       0x40 .build/obj_converter_xt_usb_default/usb_descriptor.o
                0x0000000000000e88                KeyboardReport
                0x0000000000000ec8                . = ALIGN (0x2)
 *(.lowtext)
 *(.lowtext*)
                0x0000000000000ec8                __ctors_start = .
 *(.ctors)
                0x0000000000000ec8                __ctors_end = .
                0x0000000000000ec8                __dtors_start = .
 *(.dtors)
                0x0000000000000ec8                __dtors_end = .
 SORT_BY_NAME(*)(.ctors)
 SORT_BY_NAME(*)(.dtors)
 *(.init0)
 .init0         0x0000000000000ec8        0x0 /usr/lib/gcc/avr/8.3.0/../../../../avr/lib/avr5/crtatmega32u4.o
                0x0000000000000ec8                __init
 *(.init0)
 *(.init1)
 *(.init1)
 *(.init2)
 .init2         0x0000000000000ec8        0xc /usr/lib/gcc/avr/8.3.0/../../../../avr/lib/avr5/crtatmega32u4.o
 *(.init2)
 *(.init3)
 .init3         0x0000000000000ed4       0x54 .build/obj_converter_xt_usb_default/common/avr/bootloader.o
                0x0000000000000ed4                bootloader_jump_after_watchdog_reset
 *(.init3)
 *(.init4)
 .init4         0x0000000000000f28       0x16 /usr/lib/gcc/avr/8.3.0/avr5/libgcc.a(_copy_data.o)
                0x0000000000000f28                __do_copy_data
 .init4         0x0000000000000f3e       0x10 /usr/lib/gcc/avr/8.3.0/avr5/libgcc.a(_clear_bss.o)
                0x0000000000000f3e                __do_clear_bss
 *(.init4)
 *(.init5)
 *(.init5)
 *(.init6)
 *(.init6)
 *(.init7)
 *(.init7)
 *(.init8)
 *(.init8)
 *(.init9)
 .init9         0x0000000000000f4e        0x8 /usr/lib/gcc/avr/8.3.0/../../../../avr/lib/avr5/crtatmega32u4.o
 *(.init9)
 *(.text)
 .text          0x0000000000000f56        0x4 /usr/lib/gcc/avr/8.3.0/../../../../avr/lib/avr5/crtatmega32u4.o
                0x0000000000000f56                __vector_38
                0x0000000000000f56                __vector_22
                0x0000000000000f56                __vector_28
                0x0000000000000f56                __vector_1
                0x0000000000000f56                __vector_32
                0x0000000000000f56                __vector_34
                0x0000000000000f56                __vector_24
                0x0000000000000f56                __bad_interrupt
                0x0000000000000f56                __vector_6
                0x0000000000000f56                __vector_31
                0x0000000000000f56                __vector_35
                0x0000000000000f56                __vector_39
                0x0000000000000f56                __vector_3
                0x0000000000000f56                __vector_23
                0x0000000000000f56                __vector_30
                0x0000000000000f56                __vector_25
                0x0000000000000f56                __vector_13
                0x0000000000000f56                __vector_17
                0x0000000000000f56                __vector_19
                0x0000000000000f56                __vector_7
                0x0000000000000f56                __vector_41
                0x0000000000000f56                __vector_27
                0x0000000000000f56                __vector_5
                0x0000000000000f56                __vector_33
                0x0000000000000f56                __vector_37
                0x0000000000000f56                __vector_4
                0x0000000000000f56                __vector_9
                0x0000000000000f56                __vector_15
                0x0000000000000f56                __vector_36
                0x0000000000000f56                __vector_29
                0x0000000000000f56                __vector_40
                0x0000000000000f56                __vector_8
                0x0000000000000f56                __vector_26
                0x0000000000000f56                __vector_14
                0x0000000000000f56                __vector_16
                0x0000000000000f56                __vector_18
                0x0000000000000f56                __vector_20
                0x0000000000000f56                __vector_42
 .text          0x0000000000000f5a      0x15c .build/obj_converter_xt_usb_default/common/avr/xprintf.o
                0x0000000000000f5a                xputc
                0x0000000000000f72                xputs
                0x0000000000000f80                xitoa
                0x00000000000010a4                __xprintf
                0x00000000000010b6                . = ALIGN (0x2)
 *(.text.*)
 .text.matrix_break
                0x00000000000010b6       0x36 .build/obj_converter_xt_usb_default/matrix.o
 .text.matrix_make
                0x00000000000010ec       0x32 .build/obj_converter_xt_usb_default/matrix.o
 .text.matrix_init_user
                0x000000000000111e        0x2 .build/obj_converter_xt_usb_default/matrix.o
                0x000000000000111e                matrix_init_user
 .text.matrix_init_kb
                0x0000000000001120        0x4 .build/obj_converter_xt_usb_default/matrix.o
                0x0000000000001120                matrix_init_kb
 .text.matrix_scan_user
                0x0000000000001124        0x2 .build/obj_converter_xt_usb_default/matrix.o
                0x0000000000001124                matrix_scan_user
 .text.matrix_scan_kb
                0x0000000000001126        0x4 .build/obj_converter_xt_usb_default/matrix.o
                0x0000000000001126                matrix_scan_kb
 .text.matrix_init
                0x000000000000112a       0x20 .build/obj_converter_xt_usb_default/matrix.o
                0x000000000000112a                matrix_init
 .text.matrix_scan
                0x000000000000114a       0xe8 .build/obj_converter_xt_usb_default/matrix.o
                0x000000000000114a                matrix_scan
 .text.matrix_get_row
                0x0000000000001232        0xc .build/obj_converter_xt_usb_default/matrix.o
                0x0000000000001232                matrix_get_row
 .text.matrix_print
                0x000000000000123e       0x8c .build/obj_converter_xt_usb_default/matrix.o
                0x000000000000123e                matrix_print
 .text.process_action_kb
                0x00000000000012ca        0x4 .build/obj_converter_xt_usb_default/quantum/quantum.o
                0x00000000000012ca                process_action_kb
 .text.process_record_user
                0x00000000000012ce        0x4 .build/obj_converter_xt_usb_default/quantum/quantum.o
                0x00000000000012ce                process_record_user
 .text.process_record_kb
                0x00000000000012d2        0x4 .build/obj_converter_xt_usb_default/quantum/quantum.o
                0x00000000000012d2                process_record_kb
 .text.post_process_record_user
                0x00000000000012d6        0x2 .build/obj_converter_xt_usb_default/quantum/quantum.o
                0x00000000000012d6                post_process_record_user
 .text.post_process_record_kb
                0x00000000000012d8        0x4 .build/obj_converter_xt_usb_default/quantum/quantum.o
                0x00000000000012d8                post_process_record_kb
 .text.get_event_keycode
                0x00000000000012dc       0x66 .build/obj_converter_xt_usb_default/quantum/quantum.o
                0x00000000000012dc                get_event_keycode
 .text.get_record_keycode
                0x0000000000001342       0x12 .build/obj_converter_xt_usb_default/quantum/quantum.o
                0x0000000000001342                get_record_keycode
 .text.post_process_record_quantum
                0x0000000000001354       0x16 .build/obj_converter_xt_usb_default/quantum/quantum.o
                0x0000000000001354                post_process_record_quantum
 .text.matrix_init_quantum
                0x000000000000136a       0x10 .build/obj_converter_xt_usb_default/quantum/quantum.o
                0x000000000000136a                matrix_init_quantum
 .text.matrix_scan_quantum
                0x000000000000137a        0x4 .build/obj_converter_xt_usb_default/quantum/quantum.o
                0x000000000000137a                matrix_scan_quantum
 .text.shutdown_user
                0x000000000000137e        0x2 .build/obj_converter_xt_usb_default/quantum/quantum.o
                0x000000000000137e                shutdown_user
 .text.reset_keyboard
                0x0000000000001380       0x1e .build/obj_converter_xt_usb_default/quantum/quantum.o
                0x0000000000001380                reset_keyboard
 .text.process_record_quantum
                0x000000000000139e       0xa4 .build/obj_converter_xt_usb_default/quantum/quantum.o
                0x000000000000139e                process_record_quantum
 .text.led_set_user
                0x0000000000001442        0x2 .build/obj_converter_xt_usb_default/quantum/led.o
                0x0000000000001442                led_set_user
 .text.led_set_kb
                0x0000000000001444        0x4 .build/obj_converter_xt_usb_default/quantum/led.o
                0x0000000000001444                led_set_kb
 .text.led_update_user
                0x0000000000001448        0x4 .build/obj_converter_xt_usb_default/quantum/led.o
                0x0000000000001448                led_update_user
 .text.led_update_kb
                0x000000000000144c        0x4 .build/obj_converter_xt_usb_default/quantum/led.o
                0x000000000000144c                led_update_kb
 .text.led_set  0x0000000000001450       0x10 .build/obj_converter_xt_usb_default/quantum/led.o
                0x0000000000001450                led_set
 .text.action_get_macro
                0x0000000000001460        0x6 .build/obj_converter_xt_usb_default/quantum/keymap_common.o
                0x0000000000001460                action_get_macro
 .text.action_function
                0x0000000000001466        0x2 .build/obj_converter_xt_usb_default/quantum/keymap_common.o
                0x0000000000001466                action_function
 .text.keymap_key_to_keycode
                0x0000000000001468       0x2a .build/obj_converter_xt_usb_default/quantum/keymap_common.o
                0x0000000000001468                keymap_key_to_keycode
 .text.keymap_function_id_to_action
                0x0000000000001492       0x10 .build/obj_converter_xt_usb_default/quantum/keymap_common.o
                0x0000000000001492                keymap_function_id_to_action
 .text.action_for_key
                0x00000000000014a2      0x22a .build/obj_converter_xt_usb_default/quantum/keymap_common.o
                0x00000000000014a2                action_for_key
 .text.keycode_config
                0x00000000000016cc      0x12e .build/obj_converter_xt_usb_default/quantum/keycode_config.o
                0x00000000000016cc                keycode_config
 .text.mod_config
                0x00000000000017fa       0x86 .build/obj_converter_xt_usb_default/quantum/keycode_config.o
                0x00000000000017fa                mod_config
 .text.perform_space_cadet
                0x0000000000001880      0x116 .build/obj_converter_xt_usb_default/quantum/process_keycode/process_space_cadet.o
                0x0000000000001880                perform_space_cadet
 .text.process_space_cadet
                0x0000000000001996       0xa4 .build/obj_converter_xt_usb_default/quantum/process_keycode/process_space_cadet.o
                0x0000000000001996                process_space_cadet
 .text.process_magic
                0x0000000000001a3a      0x246 .build/obj_converter_xt_usb_default/quantum/process_keycode/process_magic.o
                0x0000000000001a3a                process_magic
 .text.process_grave_esc
                0x0000000000001c80       0x54 .build/obj_converter_xt_usb_default/quantum/process_keycode/process_grave_esc.o
                0x0000000000001c80                process_grave_esc
 .text.xt_host_init
                0x0000000000001cd4       0x4c .build/obj_converter_xt_usb_default/protocol/xt_interrupt.o
                0x0000000000001cd4                xt_host_init
 .text.xt_host_recv
                0x0000000000001d20       0x44 .build/obj_converter_xt_usb_default/protocol/xt_interrupt.o
                0x0000000000001d20                xt_host_recv
 .text.__vector_2
                0x0000000000001d64       0xcc .build/obj_converter_xt_usb_default/protocol/xt_interrupt.o
                0x0000000000001d64                __vector_2
 .text.host_set_driver
                0x0000000000001e30        0xa .build/obj_converter_xt_usb_default/common/host.o
                0x0000000000001e30                host_set_driver
 .text.host_keyboard_leds
                0x0000000000001e3a       0x18 .build/obj_converter_xt_usb_default/common/host.o
                0x0000000000001e3a                host_keyboard_leds
 .text.host_keyboard_send
                0x0000000000001e52       0x98 .build/obj_converter_xt_usb_default/common/host.o
                0x0000000000001e52                host_keyboard_send
 .text.host_mouse_send
                0x0000000000001eea       0x1c .build/obj_converter_xt_usb_default/common/host.o
                0x0000000000001eea                host_mouse_send
 .text.host_system_send
                0x0000000000001f06       0x2c .build/obj_converter_xt_usb_default/common/host.o
                0x0000000000001f06                host_system_send
 .text.host_consumer_send
                0x0000000000001f32       0x2c .build/obj_converter_xt_usb_default/common/host.o
                0x0000000000001f32                host_consumer_send
 .text.disable_jtag
                0x0000000000001f5e        0xe .build/obj_converter_xt_usb_default/common/keyboard.o
                0x0000000000001f5e                disable_jtag
 .text.keyboard_pre_init_user
                0x0000000000001f6c        0x2 .build/obj_converter_xt_usb_default/common/keyboard.o
                0x0000000000001f6c                keyboard_pre_init_user
 .text.matrix_setup
                0x0000000000001f6e        0x2 .build/obj_converter_xt_usb_default/common/keyboard.o
                0x0000000000001f6e                matrix_setup
 .text.keyboard_pre_init_kb
                0x0000000000001f70        0x4 .build/obj_converter_xt_usb_default/common/keyboard.o
                0x0000000000001f70                keyboard_pre_init_kb
 .text.keyboard_post_init_user
                0x0000000000001f74        0x2 .build/obj_converter_xt_usb_default/common/keyboard.o
                0x0000000000001f74                keyboard_post_init_user
 .text.keyboard_post_init_kb
                0x0000000000001f76        0x4 .build/obj_converter_xt_usb_default/common/keyboard.o
                0x0000000000001f76                keyboard_post_init_kb
 .text.keyboard_setup
                0x0000000000001f7a        0xc .build/obj_converter_xt_usb_default/common/keyboard.o
                0x0000000000001f7a                keyboard_setup
 .text.is_keyboard_master
                0x0000000000001f86        0x4 .build/obj_converter_xt_usb_default/common/keyboard.o
                0x0000000000001f86                is_keyboard_master
 .text.should_process_keypress
                0x0000000000001f8a        0x4 .build/obj_converter_xt_usb_default/common/keyboard.o
                0x0000000000001f8a                should_process_keypress
 .text.housekeeping_task_kb
                0x0000000000001f8e        0x2 .build/obj_converter_xt_usb_default/common/keyboard.o
                0x0000000000001f8e                housekeeping_task_kb
 .text.housekeeping_task_user
                0x0000000000001f90        0x2 .build/obj_converter_xt_usb_default/common/keyboard.o
                0x0000000000001f90                housekeeping_task_user
 .text.keyboard_init
                0x0000000000001f92       0x10 .build/obj_converter_xt_usb_default/common/keyboard.o
                0x0000000000001f92                keyboard_init
 .text.keyboard_set_leds
                0x0000000000001fa2       0x50 .build/obj_converter_xt_usb_default/common/keyboard.o
                0x0000000000001fa2                keyboard_set_leds
 .text.keyboard_task
                0x0000000000001ff2      0x13c .build/obj_converter_xt_usb_default/common/keyboard.o
                0x0000000000001ff2                keyboard_task
 .text.action_exec
                0x000000000000212e       0x54 .build/obj_converter_xt_usb_default/common/action.o
                0x000000000000212e                action_exec
 .text.process_record_tap_hint
                0x0000000000002182        0xa .build/obj_converter_xt_usb_default/common/action.o
                0x0000000000002182                process_record_tap_hint
 .text.register_code
                0x000000000000218c       0xa6 .build/obj_converter_xt_usb_default/common/action.o
                0x000000000000218c                register_code
 .text.unregister_code
                0x0000000000002232       0x5e .build/obj_converter_xt_usb_default/common/action.o
                0x0000000000002232                unregister_code
 .text.tap_code
                0x0000000000002290       0x26 .build/obj_converter_xt_usb_default/common/action.o
                0x0000000000002290                tap_code
 .text.register_mods
                0x00000000000022b6        0xe .build/obj_converter_xt_usb_default/common/action.o
                0x00000000000022b6                register_mods
 .text.unregister_mods
                0x00000000000022c4        0xe .build/obj_converter_xt_usb_default/common/action.o
                0x00000000000022c4                unregister_mods
 .text.process_action
                0x00000000000022d2      0x432 .build/obj_converter_xt_usb_default/common/action.o
                0x00000000000022d2                process_action
 .text.process_record_handler
                0x0000000000002704       0x2e .build/obj_converter_xt_usb_default/common/action.o
                0x0000000000002704                process_record_handler
 .text.process_record
                0x0000000000002732       0x50 .build/obj_converter_xt_usb_default/common/action.o
                0x0000000000002732                process_record
 .text.clear_keyboard_but_mods_and_keys
                0x0000000000002782       0x24 .build/obj_converter_xt_usb_default/common/action.o
                0x0000000000002782                clear_keyboard_but_mods_and_keys
 .text.clear_keyboard_but_mods
                0x00000000000027a6        0x8 .build/obj_converter_xt_usb_default/common/action.o
                0x00000000000027a6                clear_keyboard_but_mods
 .text.clear_keyboard
                0x00000000000027ae        0x8 .build/obj_converter_xt_usb_default/common/action.o
                0x00000000000027ae                clear_keyboard
 .text.is_tap_action
                0x00000000000027b6       0x3e .build/obj_converter_xt_usb_default/common/action.o
                0x00000000000027b6                is_tap_action
 .text.is_tap_key
                0x00000000000027f4        0x8 .build/obj_converter_xt_usb_default/common/action.o
                0x00000000000027f4                is_tap_key
 .text.debug_event
                0x00000000000027fc       0x1e .build/obj_converter_xt_usb_default/common/action.o
                0x00000000000027fc                debug_event
 .text.debug_record
                0x000000000000281a       0x20 .build/obj_converter_xt_usb_default/common/action.o
                0x000000000000281a                debug_record
 .text.debug_waiting_buffer
                0x000000000000283a       0x42 .build/obj_converter_xt_usb_default/common/action_tapping.o
 .text.debug_tapping_key
                0x000000000000287c       0x1c .build/obj_converter_xt_usb_default/common/action_tapping.o
 .text.waiting_buffer_scan_tap
                0x0000000000002898       0xac .build/obj_converter_xt_usb_default/common/action_tapping.o
 .text.process_tapping
                0x0000000000002944      0x356 .build/obj_converter_xt_usb_default/common/action_tapping.o
 .text.get_tapping_term
                0x0000000000002c9a        0x6 .build/obj_converter_xt_usb_default/common/action_tapping.o
                0x0000000000002c9a                get_tapping_term
 .text.action_tapping_process
                0x0000000000002ca0      0x134 .build/obj_converter_xt_usb_default/common/action_tapping.o
                0x0000000000002ca0                action_tapping_process
 .text.action_macro_play
                0x0000000000002dd4       0xf0 .build/obj_converter_xt_usb_default/common/action_macro.o
                0x0000000000002dd4                action_macro_play
 .text.default_layer_state_set_user
                0x0000000000002ec4        0x2 .build/obj_converter_xt_usb_default/common/action_layer.o
                0x0000000000002ec4                default_layer_state_set_user
 .text.default_layer_state_set_kb
                0x0000000000002ec6        0x4 .build/obj_converter_xt_usb_default/common/action_layer.o
                0x0000000000002ec6                default_layer_state_set_kb
 .text.default_layer_state_set
                0x0000000000002eca       0x18 .build/obj_converter_xt_usb_default/common/action_layer.o
 .text.default_layer_debug
                0x0000000000002ee2        0x2 .build/obj_converter_xt_usb_default/common/action_layer.o
                0x0000000000002ee2                default_layer_debug
 .text.default_layer_set
                0x0000000000002ee4        0x4 .build/obj_converter_xt_usb_default/common/action_layer.o
                0x0000000000002ee4                default_layer_set
 .text.default_layer_or
                0x0000000000002ee8       0x24 .build/obj_converter_xt_usb_default/common/action_layer.o
                0x0000000000002ee8                default_layer_or
 .text.default_layer_and
                0x0000000000002f0c       0x24 .build/obj_converter_xt_usb_default/common/action_layer.o
                0x0000000000002f0c                default_layer_and
 .text.default_layer_xor
                0x0000000000002f30       0x24 .build/obj_converter_xt_usb_default/common/action_layer.o
                0x0000000000002f30                default_layer_xor
 .text.layer_state_set_user
                0x0000000000002f54        0x4 .build/obj_converter_xt_usb_default/common/action_layer.o
                0x0000000000002f54                layer_state_set_user
 .text.layer_state_set_kb
                0x0000000000002f58        0x4 .build/obj_converter_xt_usb_default/common/action_layer.o
                0x0000000000002f58                layer_state_set_kb
 .text.layer_state_set
                0x0000000000002f5c       0x18 .build/obj_converter_xt_usb_default/common/action_layer.o
                0x0000000000002f5c                layer_state_set
 .text.layer_clear
                0x0000000000002f74        0xa .build/obj_converter_xt_usb_default/common/action_layer.o
                0x0000000000002f74                layer_clear
 .text.layer_move
                0x0000000000002f7e       0x2a .build/obj_converter_xt_usb_default/common/action_layer.o
                0x0000000000002f7e                layer_move
 .text.layer_on
                0x0000000000002fa8       0x42 .build/obj_converter_xt_usb_default/common/action_layer.o
                0x0000000000002fa8                layer_on
 .text.layer_off
                0x0000000000002fea       0x46 .build/obj_converter_xt_usb_default/common/action_layer.o
                0x0000000000002fea                layer_off
 .text.layer_invert
                0x0000000000003030       0x42 .build/obj_converter_xt_usb_default/common/action_layer.o
                0x0000000000003030                layer_invert
 .text.layer_or
                0x0000000000003072       0x24 .build/obj_converter_xt_usb_default/common/action_layer.o
                0x0000000000003072                layer_or
 .text.layer_and
                0x0000000000003096       0x24 .build/obj_converter_xt_usb_default/common/action_layer.o
                0x0000000000003096                layer_and
 .text.layer_xor
                0x00000000000030ba       0x24 .build/obj_converter_xt_usb_default/common/action_layer.o
                0x00000000000030ba                layer_xor
 .text.layer_debug
                0x00000000000030de        0x2 .build/obj_converter_xt_usb_default/common/action_layer.o
                0x00000000000030de                layer_debug
 .text.update_source_layers_cache
                0x00000000000030e0       0x5a .build/obj_converter_xt_usb_default/common/action_layer.o
                0x00000000000030e0                update_source_layers_cache
 .text.read_source_layers_cache
                0x000000000000313a       0x50 .build/obj_converter_xt_usb_default/common/action_layer.o
                0x000000000000313a                read_source_layers_cache
 .text.layer_switch_get_layer
                0x000000000000318a       0x84 .build/obj_converter_xt_usb_default/common/action_layer.o
                0x000000000000318a                layer_switch_get_layer
 .text.layer_switch_get_action
                0x000000000000320e       0x14 .build/obj_converter_xt_usb_default/common/action_layer.o
                0x000000000000320e                layer_switch_get_action
 .text.store_or_get_action
                0x0000000000003222       0x48 .build/obj_converter_xt_usb_default/common/action_layer.o
                0x0000000000003222                store_or_get_action
 .text.add_key  0x000000000000326a        0xe .build/obj_converter_xt_usb_default/common/action_util.o
                0x000000000000326a                add_key
 .text.del_key  0x0000000000003278        0xe .build/obj_converter_xt_usb_default/common/action_util.o
                0x0000000000003278                del_key
 .text.clear_keys
                0x0000000000003286        0xc .build/obj_converter_xt_usb_default/common/action_util.o
                0x0000000000003286                clear_keys
 .text.get_oneshot_layer
                0x0000000000003292        0xc .build/obj_converter_xt_usb_default/common/action_util.o
                0x0000000000003292                get_oneshot_layer
 .text.get_oneshot_layer_state
                0x000000000000329e        0x8 .build/obj_converter_xt_usb_default/common/action_util.o
                0x000000000000329e                get_oneshot_layer_state
 .text.is_oneshot_layer_active
                0x00000000000032a6        0xe .build/obj_converter_xt_usb_default/common/action_util.o
                0x00000000000032a6                is_oneshot_layer_active
 .text.get_mods
                0x00000000000032b4        0x6 .build/obj_converter_xt_usb_default/common/action_util.o
                0x00000000000032b4                get_mods
 .text.add_mods
                0x00000000000032ba        0xc .build/obj_converter_xt_usb_default/common/action_util.o
                0x00000000000032ba                add_mods
 .text.del_mods
                0x00000000000032c6        0xe .build/obj_converter_xt_usb_default/common/action_util.o
                0x00000000000032c6                del_mods
 .text.clear_mods
                0x00000000000032d4        0x6 .build/obj_converter_xt_usb_default/common/action_util.o
                0x00000000000032d4                clear_mods
 .text.add_weak_mods
                0x00000000000032da        0xc .build/obj_converter_xt_usb_default/common/action_util.o
                0x00000000000032da                add_weak_mods
 .text.del_weak_mods
                0x00000000000032e6        0xe .build/obj_converter_xt_usb_default/common/action_util.o
                0x00000000000032e6                del_weak_mods
 .text.clear_weak_mods
                0x00000000000032f4        0x6 .build/obj_converter_xt_usb_default/common/action_util.o
                0x00000000000032f4                clear_weak_mods
 .text.add_macro_mods
                0x00000000000032fa        0xc .build/obj_converter_xt_usb_default/common/action_util.o
                0x00000000000032fa                add_macro_mods
 .text.del_macro_mods
                0x0000000000003306        0xe .build/obj_converter_xt_usb_default/common/action_util.o
                0x0000000000003306                del_macro_mods
 .text.clear_macro_mods
                0x0000000000003314        0x6 .build/obj_converter_xt_usb_default/common/action_util.o
                0x0000000000003314                clear_macro_mods
 .text.get_oneshot_mods
                0x000000000000331a        0x6 .build/obj_converter_xt_usb_default/common/action_util.o
                0x000000000000331a                get_oneshot_mods
 .text.oneshot_mods_changed_user
                0x0000000000003320        0x2 .build/obj_converter_xt_usb_default/common/action_util.o
                0x0000000000003320                oneshot_mods_changed_user
 .text.oneshot_mods_changed_kb
                0x0000000000003322        0x4 .build/obj_converter_xt_usb_default/common/action_util.o
                0x0000000000003322                oneshot_mods_changed_kb
 .text.set_oneshot_mods
                0x0000000000003326       0x12 .build/obj_converter_xt_usb_default/common/action_util.o
                0x0000000000003326                set_oneshot_mods
 .text.clear_oneshot_mods
                0x0000000000003338       0x14 .build/obj_converter_xt_usb_default/common/action_util.o
                0x0000000000003338                clear_oneshot_mods
 .text.send_keyboard_report
                0x000000000000334c       0x66 .build/obj_converter_xt_usb_default/common/action_util.o
                0x000000000000334c                send_keyboard_report
 .text.oneshot_layer_changed_user
                0x00000000000033b2        0x2 .build/obj_converter_xt_usb_default/common/action_util.o
                0x00000000000033b2                oneshot_layer_changed_user
 .text.oneshot_layer_changed_kb
                0x00000000000033b4        0x4 .build/obj_converter_xt_usb_default/common/action_util.o
                0x00000000000033b4                oneshot_layer_changed_kb
 .text.set_oneshot_layer
                0x00000000000033b8       0x20 .build/obj_converter_xt_usb_default/common/action_util.o
                0x00000000000033b8                set_oneshot_layer
 .text.reset_oneshot_layer
                0x00000000000033d8        0xa .build/obj_converter_xt_usb_default/common/action_util.o
                0x00000000000033d8                reset_oneshot_layer
 .text.clear_oneshot_layer_state
                0x00000000000033e2       0x30 .build/obj_converter_xt_usb_default/common/action_util.o
                0x00000000000033e2                clear_oneshot_layer_state
 .text.print_set_sendchar
                0x0000000000003412        0xa .build/obj_converter_xt_usb_default/common/print.o
                0x0000000000003412                print_set_sendchar
 .text.bitrev   0x000000000000341c       0x30 .build/obj_converter_xt_usb_default/common/util.o
                0x000000000000341c                bitrev
 .text.eeconfig_is_enabled
                0x000000000000344c       0x16 .build/obj_converter_xt_usb_default/common/eeconfig.o
                0x000000000000344c                eeconfig_is_enabled
 .text.eeconfig_read_debug
                0x0000000000003462        0x8 .build/obj_converter_xt_usb_default/common/eeconfig.o
                0x0000000000003462                eeconfig_read_debug
 .text.eeconfig_read_default_layer
                0x000000000000346a        0x8 .build/obj_converter_xt_usb_default/common/eeconfig.o
                0x000000000000346a                eeconfig_read_default_layer
 .text.eeconfig_read_keymap
                0x0000000000003472       0x1c .build/obj_converter_xt_usb_default/common/eeconfig.o
                0x0000000000003472                eeconfig_read_keymap
 .text.eeconfig_update_keymap
                0x000000000000348e       0x1a .build/obj_converter_xt_usb_default/common/eeconfig.o
                0x000000000000348e                eeconfig_update_keymap
 .text.eeconfig_update_kb
                0x00000000000034a8        0xc .build/obj_converter_xt_usb_default/common/eeconfig.o
                0x00000000000034a8                eeconfig_update_kb
 .text.eeconfig_update_user
                0x00000000000034b4        0xc .build/obj_converter_xt_usb_default/common/eeconfig.o
                0x00000000000034b4                eeconfig_update_user
 .text.eeconfig_init_user
                0x00000000000034c0        0xa .build/obj_converter_xt_usb_default/common/eeconfig.o
                0x00000000000034c0                eeconfig_init_user
 .text.eeconfig_init_kb
                0x00000000000034ca        0xe .build/obj_converter_xt_usb_default/common/eeconfig.o
                0x00000000000034ca                eeconfig_init_kb
 .text.eeconfig_init_quantum
                0x00000000000034d8       0xbc .build/obj_converter_xt_usb_default/common/eeconfig.o
                0x00000000000034d8                eeconfig_init_quantum
 .text.eeconfig_init
                0x0000000000003594        0x4 .build/obj_converter_xt_usb_default/common/eeconfig.o
                0x0000000000003594                eeconfig_init
 .text.eeconfig_update_handedness
                0x0000000000003598        0xa .build/obj_converter_xt_usb_default/common/eeconfig.o
                0x0000000000003598                eeconfig_update_handedness
 .text.has_anykey
                0x00000000000035a2       0x24 .build/obj_converter_xt_usb_default/common/report.o
                0x00000000000035a2                has_anykey
 .text.is_key_pressed
                0x00000000000035c6       0x1e .build/obj_converter_xt_usb_default/common/report.o
                0x00000000000035c6                is_key_pressed
 .text.add_key_byte
                0x00000000000035e4       0x34 .build/obj_converter_xt_usb_default/common/report.o
                0x00000000000035e4                add_key_byte
 .text.del_key_byte
                0x0000000000003618       0x1a .build/obj_converter_xt_usb_default/common/report.o
                0x0000000000003618                del_key_byte
 .text.add_key_to_report
                0x0000000000003632        0x4 .build/obj_converter_xt_usb_default/common/report.o
                0x0000000000003632                add_key_to_report
 .text.del_key_from_report
                0x0000000000003636        0x4 .build/obj_converter_xt_usb_default/common/report.o
                0x0000000000003636                del_key_from_report
 .text.clear_keys_from_report
                0x000000000000363a        0xe .build/obj_converter_xt_usb_default/common/report.o
                0x000000000000363a                clear_keys_from_report
 .text.matrix_power_up
                0x0000000000003648        0x2 .build/obj_converter_xt_usb_default/common/avr/suspend.o
                0x0000000000003648                matrix_power_up
 .text.suspend_power_down_user
                0x000000000000364a        0x2 .build/obj_converter_xt_usb_default/common/avr/suspend.o
                0x000000000000364a                suspend_power_down_user
 .text.suspend_power_down_kb
                0x000000000000364c        0x4 .build/obj_converter_xt_usb_default/common/avr/suspend.o
                0x000000000000364c                suspend_power_down_kb
 .text.suspend_power_down
                0x0000000000003650       0x60 .build/obj_converter_xt_usb_default/common/avr/suspend.o
                0x0000000000003650                suspend_power_down
 .text.matrix_power_down
                0x00000000000036b0        0x2 .build/obj_converter_xt_usb_default/common/avr/suspend.o
                0x00000000000036b0                matrix_power_down
 .text.suspend_wakeup_condition
                0x00000000000036b2       0x28 .build/obj_converter_xt_usb_default/common/avr/suspend.o
                0x00000000000036b2                suspend_wakeup_condition
 .text.suspend_wakeup_init_user
                0x00000000000036da        0x2 .build/obj_converter_xt_usb_default/common/avr/suspend.o
                0x00000000000036da                suspend_wakeup_init_user
 .text.suspend_wakeup_init_kb
                0x00000000000036dc        0x4 .build/obj_converter_xt_usb_default/common/avr/suspend.o
                0x00000000000036dc                suspend_wakeup_init_kb
 .text.suspend_wakeup_init
                0x00000000000036e0       0x10 .build/obj_converter_xt_usb_default/common/avr/suspend.o
                0x00000000000036e0                suspend_wakeup_init
 .text.__vector_12
                0x00000000000036f0       0x4e .build/obj_converter_xt_usb_default/common/avr/suspend.o
                0x00000000000036f0                __vector_12
 .text.timer_init
                0x000000000000373e       0x12 .build/obj_converter_xt_usb_default/common/avr/timer.o
                0x000000000000373e                timer_init
 .text.timer_read
                0x0000000000003750       0x18 .build/obj_converter_xt_usb_default/common/avr/timer.o
                0x0000000000003750                timer_read
 .text.timer_read32
                0x0000000000003768       0x18 .build/obj_converter_xt_usb_default/common/avr/timer.o
                0x0000000000003768                timer_read32
 .text.timer_elapsed
                0x0000000000003780       0x1e .build/obj_converter_xt_usb_default/common/avr/timer.o
                0x0000000000003780                timer_elapsed
 .text.__vector_21
                0x000000000000379e       0x48 .build/obj_converter_xt_usb_default/common/avr/timer.o
                0x000000000000379e                __vector_21
 .text.bootloader_jump
                0x00000000000037e6       0x22 .build/obj_converter_xt_usb_default/common/avr/bootloader.o
                0x00000000000037e6                bootloader_jump
 .text.magic    0x0000000000003808       0x44 .build/obj_converter_xt_usb_default/common/magic.o
                0x0000000000003808                magic
 .text.move_unit
                0x000000000000384c       0x94 .build/obj_converter_xt_usb_default/common/mousekey.o
 .text.wheel_unit
                0x00000000000038e0       0x72 .build/obj_converter_xt_usb_default/common/mousekey.o
 .text.mousekey_on
                0x0000000000003952       0xd0 .build/obj_converter_xt_usb_default/common/mousekey.o
                0x0000000000003952                mousekey_on
 .text.mousekey_off
                0x0000000000003a22      0x106 .build/obj_converter_xt_usb_default/common/mousekey.o
                0x0000000000003a22                mousekey_off
 .text.mousekey_send
                0x0000000000003b28      0x13a .build/obj_converter_xt_usb_default/common/mousekey.o
                0x0000000000003b28                mousekey_send
 .text.mousekey_task
                0x0000000000003c62      0x218 .build/obj_converter_xt_usb_default/common/mousekey.o
                0x0000000000003c62                mousekey_task
 .text.mousekey_clear
                0x0000000000003e7a       0x1c .build/obj_converter_xt_usb_default/common/mousekey.o
                0x0000000000003e7a                mousekey_clear
 .text.mousekey_console_help
                0x0000000000003e96       0x2e .build/obj_converter_xt_usb_default/common/command.o
 .text.mousekey_param_inc
                0x0000000000003ec4      0x148 .build/obj_converter_xt_usb_default/common/command.o
 .text.mousekey_param_dec
                0x000000000000400c       0xfe .build/obj_converter_xt_usb_default/common/command.o
 .text.switch_default_layer
                0x000000000000410a       0x3c .build/obj_converter_xt_usb_default/common/command.o
 .text.command_common
                0x0000000000004146      0x4c0 .build/obj_converter_xt_usb_default/common/command.o
 .text.command_extra
                0x0000000000004606        0x4 .build/obj_converter_xt_usb_default/common/command.o
                0x0000000000004606                command_extra
 .text.command_console_extra
                0x000000000000460a        0x4 .build/obj_converter_xt_usb_default/common/command.o
                0x000000000000460a                command_console_extra
 .text.numkey2num
                0x000000000000460e       0x16 .build/obj_converter_xt_usb_default/common/command.o
                0x000000000000460e                numkey2num
 .text.command_proc
                0x0000000000004624      0x298 .build/obj_converter_xt_usb_default/common/command.o
                0x0000000000004624                command_proc
 .text.keyboard_leds
                0x00000000000048bc        0x6 .build/obj_converter_xt_usb_default/lufa.o
 .text.sendchar
                0x00000000000048c2       0xc4 .build/obj_converter_xt_usb_default/lufa.o
                0x00000000000048c2                sendchar
 .text.send_extra
                0x0000000000004986       0x66 .build/obj_converter_xt_usb_default/lufa.o
 .text.send_consumer
                0x00000000000049ec        0x8 .build/obj_converter_xt_usb_default/lufa.o
 .text.send_system
                0x00000000000049f4        0x8 .build/obj_converter_xt_usb_default/lufa.o
 .text.send_mouse
                0x00000000000049fc       0x42 .build/obj_converter_xt_usb_default/lufa.o
 .text.send_keyboard
                0x0000000000004a3e       0x5a .build/obj_converter_xt_usb_default/lufa.o
 .text.EVENT_USB_Device_Connect
                0x0000000000004a98       0x24 .build/obj_converter_xt_usb_default/lufa.o
                0x0000000000004a98                EVENT_USB_Device_Connect
 .text.EVENT_USB_Device_Disconnect
                0x0000000000004abc        0xe .build/obj_converter_xt_usb_default/lufa.o
                0x0000000000004abc                EVENT_USB_Device_Disconnect
 .text.EVENT_USB_Device_Reset
                0x0000000000004aca        0x8 .build/obj_converter_xt_usb_default/lufa.o
                0x0000000000004aca                EVENT_USB_Device_Reset
 .text.EVENT_USB_Device_Suspend
                0x0000000000004ad2        0x8 .build/obj_converter_xt_usb_default/lufa.o
                0x0000000000004ad2                EVENT_USB_Device_Suspend
 .text.EVENT_USB_Device_WakeUp
                0x0000000000004ada        0xc .build/obj_converter_xt_usb_default/lufa.o
                0x0000000000004ada                EVENT_USB_Device_WakeUp
 .text.EVENT_USB_Device_StartOfFrame
                0x0000000000004ae6       0x82 .build/obj_converter_xt_usb_default/lufa.o
                0x0000000000004ae6                EVENT_USB_Device_StartOfFrame
 .text.EVENT_USB_Device_ConfigurationChanged
                0x0000000000004b68       0x1e .build/obj_converter_xt_usb_default/lufa.o
                0x0000000000004b68                EVENT_USB_Device_ConfigurationChanged
 .text.EVENT_USB_Device_ControlRequest
                0x0000000000004b86      0x16e .build/obj_converter_xt_usb_default/lufa.o
                0x0000000000004b86                EVENT_USB_Device_ControlRequest
 .text.startup.main
                0x0000000000004cf4       0x9e .build/obj_converter_xt_usb_default/lufa.o
                0x0000000000004cf4                main
 .text.CALLBACK_USB_GetDescriptor
                0x0000000000004d92        0x4 .build/obj_converter_xt_usb_default/lufa.o
                0x0000000000004d92                CALLBACK_USB_GetDescriptor
 .text.get_usb_descriptor
                0x0000000000004d96       0xae .build/obj_converter_xt_usb_default/usb_descriptor.o
                0x0000000000004d96                get_usb_descriptor
 .text.USB_Device_SendRemoteWakeup
                0x0000000000004e44       0x2c .build/obj_converter_xt_usb_default/lib/lufa/LUFA/Drivers/USB/Core/AVR8/Device_AVR8.o
                0x0000000000004e44                USB_Device_SendRemoteWakeup
 .text.Endpoint_Write_Stream_LE
                0x0000000000004e70       0x9e .build/obj_converter_xt_usb_default/lib/lufa/LUFA/Drivers/USB/Core/AVR8/EndpointStream_AVR8.o
                0x0000000000004e70                Endpoint_Write_Stream_LE
 .text.Endpoint_Write_Control_Stream_LE
                0x0000000000004f0e       0xbc .build/obj_converter_xt_usb_default/lib/lufa/LUFA/Drivers/USB/Core/AVR8/EndpointStream_AVR8.o
                0x0000000000004f0e                Endpoint_Write_Control_Stream_LE
 .text.Endpoint_Write_Control_PStream_LE
                0x0000000000004fca       0xbe .build/obj_converter_xt_usb_default/lib/lufa/LUFA/Drivers/USB/Core/AVR8/EndpointStream_AVR8.o
                0x0000000000004fca                Endpoint_Write_Control_PStream_LE
 .text.Endpoint_ConfigureEndpoint_Prv
                0x0000000000005088       0x68 .build/obj_converter_xt_usb_default/lib/lufa/LUFA/Drivers/USB/Core/AVR8/Endpoint_AVR8.o
                0x0000000000005088                Endpoint_ConfigureEndpoint_Prv
 .text.Endpoint_ClearStatusStage
                0x00000000000050f0       0x3e .build/obj_converter_xt_usb_default/lib/lufa/LUFA/Drivers/USB/Core/AVR8/Endpoint_AVR8.o
                0x00000000000050f0                Endpoint_ClearStatusStage
 .text.Endpoint_WaitUntilReady
                0x000000000000512e       0x62 .build/obj_converter_xt_usb_default/lib/lufa/LUFA/Drivers/USB/Core/AVR8/Endpoint_AVR8.o
                0x000000000000512e                Endpoint_WaitUntilReady
 .text.USB_Disable
                0x0000000000005190       0x34 .build/obj_converter_xt_usb_default/lib/lufa/LUFA/Drivers/USB/Core/AVR8/USBController_AVR8.o
                0x0000000000005190                USB_Disable
 .text.USB_ResetInterface
                0x00000000000051c4       0x86 .build/obj_converter_xt_usb_default/lib/lufa/LUFA/Drivers/USB/Core/AVR8/USBController_AVR8.o
                0x00000000000051c4                USB_ResetInterface
 .text.USB_Init
                0x000000000000524a       0x22 .build/obj_converter_xt_usb_default/lib/lufa/LUFA/Drivers/USB/Core/AVR8/USBController_AVR8.o
                0x000000000000524a                USB_Init
 .text.USB_INT_DisableAllInterrupts
                0x000000000000526c       0x10 .build/obj_converter_xt_usb_default/lib/lufa/LUFA/Drivers/USB/Core/AVR8/USBInterrupt_AVR8.o
                0x000000000000526c                USB_INT_DisableAllInterrupts
 .text.USB_INT_ClearAllInterrupts
                0x000000000000527c        0xa .build/obj_converter_xt_usb_default/lib/lufa/LUFA/Drivers/USB/Core/AVR8/USBInterrupt_AVR8.o
                0x000000000000527c                USB_INT_ClearAllInterrupts
 .text.__vector_10
                0x0000000000005286      0x1a8 .build/obj_converter_xt_usb_default/lib/lufa/LUFA/Drivers/USB/Core/AVR8/USBInterrupt_AVR8.o
                0x0000000000005286                __vector_10
 .text.__vector_11
                0x000000000000542e       0x88 .build/obj_converter_xt_usb_default/lib/lufa/LUFA/Drivers/USB/Core/AVR8/USBInterrupt_AVR8.o
                0x000000000000542e                __vector_11
 .text.USB_Device_ProcessControlRequest
                0x00000000000054b6      0x2a4 .build/obj_converter_xt_usb_default/lib/lufa/LUFA/Drivers/USB/Core/DeviceStandardReq.o
                0x00000000000054b6                USB_Device_ProcessControlRequest
 .text.USB_USBTask
                0x000000000000575a       0x36 .build/obj_converter_xt_usb_default/lib/lufa/LUFA/Drivers/USB/Core/USBTask.o
                0x000000000000575a                USB_USBTask
 .text.libgcc.div
                0x0000000000005790       0x18 /usr/lib/gcc/avr/8.3.0/avr5/libgcc.a(_udivmodqi4.o)
                0x0000000000005790                __udivmodqi4
 .text.libgcc.div
                0x00000000000057a8       0x28 /usr/lib/gcc/avr/8.3.0/avr5/libgcc.a(_divmodhi4.o)
                0x00000000000057a8                __divmodhi4
                0x00000000000057a8                _div
 .text.libgcc   0x00000000000057d0        0xc /usr/lib/gcc/avr/8.3.0/avr5/libgcc.a(_tablejump2.o)
                0x00000000000057d0                __tablejump2__
 .text.libgcc.div
                0x00000000000057dc       0x28 /usr/lib/gcc/avr/8.3.0/avr5/libgcc.a(_udivmodhi4.o)
                0x00000000000057dc                __udivmodhi4
 .text.avr-libc
                0x0000000000005804       0x10 /usr/lib/gcc/avr/8.3.0/../../../../avr/lib/avr5/libatmega32u4.a(eerd_byte.o)
                0x0000000000005804                eeprom_read_byte
 .text.avr-libc
                0x0000000000005814        0xc /usr/lib/gcc/avr/8.3.0/../../../../avr/lib/avr5/libatmega32u4.a(eerd_word.o)
                0x0000000000005814                eeprom_read_word
 .text.avr-libc
                0x0000000000005820       0x24 /usr/lib/gcc/avr/8.3.0/../../../../avr/lib/avr5/libatmega32u4.a(eeupd_byte.o)
                0x0000000000005820                eeprom_update_byte
                0x0000000000005822                eeprom_update_r18
 .text.avr-libc
                0x0000000000005844       0x18 /usr/lib/gcc/avr/8.3.0/../../../../avr/lib/avr5/libatmega32u4.a(eeupd_dword.o)
                0x0000000000005844                eeprom_update_dword
                0x0000000000005844                eeprom_update_float
 .text.avr-libc
                0x000000000000585c        0xc /usr/lib/gcc/avr/8.3.0/../../../../avr/lib/avr5/libatmega32u4.a(eeupd_word.o)
                0x000000000000585c                eeprom_update_word
 .text.avr-libc
                0x0000000000005868       0x20 /usr/lib/gcc/avr/8.3.0/../../../../avr/lib/avr5/libatmega32u4.a(eerd_block.o)
                0x0000000000005868                eeprom_read_block
                0x000000000000586c                eeprom_read_blraw
                0x0000000000005888                . = ALIGN (0x2)
 *(.fini9)
 .fini9         0x0000000000005888        0x0 /usr/lib/gcc/avr/8.3.0/avr5/libgcc.a(_exit.o)
                0x0000000000005888                exit
                0x0000000000005888                _exit
 *(.fini9)
 *(.fini8)
 *(.fini8)
 *(.fini7)
 *(.fini7)
 *(.fini6)
 *(.fini6)
 *(.fini5)
 *(.fini5)
 *(.fini4)
 *(.fini4)
 *(.fini3)
 *(.fini3)
 *(.fini2)
 *(.fini2)
 *(.fini1)
 *(.fini1)
 *(.fini0)
 .fini0         0x0000000000005888        0x4 /usr/lib/gcc/avr/8.3.0/avr5/libgcc.a(_exit.o)
 *(.fini0)
 *(.hightext)
 *(.hightext*)
 *(.progmemx.*)
                0x000000000000588c                . = ALIGN (0x2)
 *(.jumptables)
 *(.jumptables*)
 .jumptables.gcc.process_action
                0x000000000000588c       0x20 .build/obj_converter_xt_usb_default/common/action.o
 .jumptables.gcc.is_tap_action
                0x00000000000058ac       0x1c .build/obj_converter_xt_usb_default/common/action.o
 .jumptables.gcc.USB_Device_ProcessControlRequest
                0x00000000000058c8       0x14 .build/obj_converter_xt_usb_default/lib/lufa/LUFA/Drivers/USB/Core/DeviceStandardReq.o
                0x00000000000058dc                _etext = .

.data           0x0000000000800100       0xd8 load address 0x00000000000058dc
                0x0000000000800100                PROVIDE (__data_start = .)
 *(.data)
 *(.data*)
 .data.keyboard_report
                0x0000000000800100        0x2 .build/obj_converter_xt_usb_default/common/action_util.o
                0x0000000000800100                keyboard_report
 .data.mk_wheel_time_to_max
                0x0000000000800102        0x1 .build/obj_converter_xt_usb_default/common/mousekey.o
                0x0000000000800102                mk_wheel_time_to_max
 .data.mk_wheel_max_speed
                0x0000000000800103        0x1 .build/obj_converter_xt_usb_default/common/mousekey.o
                0x0000000000800103                mk_wheel_max_speed
 .data.mk_wheel_interval
                0x0000000000800104        0x1 .build/obj_converter_xt_usb_default/common/mousekey.o
                0x0000000000800104                mk_wheel_interval
 .data.mk_wheel_delay
                0x0000000000800105        0x1 .build/obj_converter_xt_usb_default/common/mousekey.o
                0x0000000000800105                mk_wheel_delay
 .data.mk_time_to_max
                0x0000000000800106        0x1 .build/obj_converter_xt_usb_default/common/mousekey.o
                0x0000000000800106                mk_time_to_max
 .data.mk_max_speed
                0x0000000000800107        0x1 .build/obj_converter_xt_usb_default/common/mousekey.o
                0x0000000000800107                mk_max_speed
 .data.mk_interval
                0x0000000000800108        0x1 .build/obj_converter_xt_usb_default/common/mousekey.o
                0x0000000000800108                mk_interval
 .data.mk_delay
                0x0000000000800109        0x1 .build/obj_converter_xt_usb_default/common/mousekey.o
                0x0000000000800109                mk_delay
 .data.lufa_driver
                0x000000000080010a        0xa .build/obj_converter_xt_usb_default/lufa.o
                0x000000000080010a                lufa_driver
 .data.keyboard_protocol
                0x0000000000800114        0x1 .build/obj_converter_xt_usb_default/lufa.o
                0x0000000000800114                keyboard_protocol
 *(.gnu.linkonce.d*)
 *(.rodata)
 *(.rodata*)
 .rodata.CSWTCH.6
                0x0000000000800115       0x48 .build/obj_converter_xt_usb_default/matrix.o
 .rodata.CSWTCH.1
                0x000000000080015d       0x2e .build/obj_converter_xt_usb_default/quantum/keymap_common.o
 .rodata.CSWTCH.0
                0x000000000080018b        0x3 .build/obj_converter_xt_usb_default/quantum/keymap_common.o
 .rodata.CSWTCH.11
                0x000000000080018e       0x2e .build/obj_converter_xt_usb_default/common/action.o
 .rodata.CSWTCH.10
                0x00000000008001bc        0x3 .build/obj_converter_xt_usb_default/common/action.o
 .rodata.CSWTCH.55
                0x00000000008001bf        0xa .build/obj_converter_xt_usb_default/common/command.o
 .rodata.CSWTCH.2
                0x00000000008001c9        0x3 .build/obj_converter_xt_usb_default/usb_descriptor.o
 .rodata.CSWTCH.1
                0x00000000008001cc        0x6 .build/obj_converter_xt_usb_default/usb_descriptor.o
 .rodata.CSWTCH.0
                0x00000000008001d2        0x6 .build/obj_converter_xt_usb_default/usb_descriptor.o
 *(.gnu.linkonce.r*)
                0x00000000008001d8                . = ALIGN (0x2)
                0x00000000008001d8                _edata = .
                0x00000000008001d8                PROVIDE (__data_end = .)

.bss            0x00000000008001d8      0x121
                0x00000000008001d8                PROVIDE (__bss_start = .)
 *(.bss)
 .bss           0x00000000008001d8        0x2 .build/obj_converter_xt_usb_default/common/avr/xprintf.o
                0x00000000008001d8                xfunc_out
 *(.bss*)
 .bss.state.2333
                0x00000000008001da        0x1 .build/obj_converter_xt_usb_default/matrix.o
 .bss.matrix    0x00000000008001db       0x10 .build/obj_converter_xt_usb_default/matrix.o
 .bss.sc_timer  0x00000000008001eb        0x2 .build/obj_converter_xt_usb_default/quantum/process_keycode/process_space_cadet.o
 .bss.sc_last   0x00000000008001ed        0x1 .build/obj_converter_xt_usb_default/quantum/process_keycode/process_space_cadet.o
 .bss.grave_esc_was_shifted
                0x00000000008001ee        0x1 .build/obj_converter_xt_usb_default/quantum/process_keycode/process_grave_esc.o
 .bss.data.1912
                0x00000000008001ef        0x1 .build/obj_converter_xt_usb_default/protocol/xt_interrupt.o
 .bss.state.1911
                0x00000000008001f0        0x1 .build/obj_converter_xt_usb_default/protocol/xt_interrupt.o
 .bss.pbuf_tail
                0x00000000008001f1        0x1 .build/obj_converter_xt_usb_default/protocol/xt_interrupt.o
 .bss.pbuf_head
                0x00000000008001f2        0x1 .build/obj_converter_xt_usb_default/protocol/xt_interrupt.o
 .bss.pbuf      0x00000000008001f3       0x20 .build/obj_converter_xt_usb_default/protocol/xt_interrupt.o
 .bss.last_consumer_report
                0x0000000000800213        0x2 .build/obj_converter_xt_usb_default/common/host.o
 .bss.last_system_report
                0x0000000000800215        0x2 .build/obj_converter_xt_usb_default/common/host.o
 .bss.driver    0x0000000000800217        0x2 .build/obj_converter_xt_usb_default/common/host.o
 .bss.led_status.3043
                0x0000000000800219        0x1 .build/obj_converter_xt_usb_default/common/keyboard.o
 .bss.matrix_prev.3042
                0x000000000080021a       0x10 .build/obj_converter_xt_usb_default/common/keyboard.o
 .bss.disable_action_cache
                0x000000000080022a        0x1 .build/obj_converter_xt_usb_default/common/action.o
                0x000000000080022a                disable_action_cache
 .bss.waiting_buffer_tail
                0x000000000080022b        0x1 .build/obj_converter_xt_usb_default/common/action_tapping.o
 .bss.waiting_buffer_head
                0x000000000080022c        0x1 .build/obj_converter_xt_usb_default/common/action_tapping.o
 .bss.waiting_buffer
                0x000000000080022d       0x30 .build/obj_converter_xt_usb_default/common/action_tapping.o
 .bss.tapping_key
                0x000000000080025d        0x6 .build/obj_converter_xt_usb_default/common/action_tapping.o
 .bss.source_layers_cache
                0x0000000000800263       0x50 .build/obj_converter_xt_usb_default/common/action_layer.o
                0x0000000000800263                source_layers_cache
 .bss.layer_state
                0x00000000008002b3        0x4 .build/obj_converter_xt_usb_default/common/action_layer.o
                0x00000000008002b3                layer_state
 .bss.default_layer_state
                0x00000000008002b7        0x4 .build/obj_converter_xt_usb_default/common/action_layer.o
                0x00000000008002b7                default_layer_state
 .bss.oneshot_layer_data
                0x00000000008002bb        0x1 .build/obj_converter_xt_usb_default/common/action_util.o
 .bss.oneshot_mods
                0x00000000008002bc        0x1 .build/obj_converter_xt_usb_default/common/action_util.o
 .bss.__compound_literal.0
                0x00000000008002bd        0x8 .build/obj_converter_xt_usb_default/common/action_util.o
 .bss.macro_mods
                0x00000000008002c5        0x1 .build/obj_converter_xt_usb_default/common/action_util.o
 .bss.weak_mods
                0x00000000008002c6        0x1 .build/obj_converter_xt_usb_default/common/action_util.o
 .bss.real_mods
                0x00000000008002c7        0x1 .build/obj_converter_xt_usb_default/common/action_util.o
 .bss.debug_config
                0x00000000008002c8        0x1 .build/obj_converter_xt_usb_default/common/debug.o
                0x00000000008002c8                debug_config
 .bss.wdt_timeout
                0x00000000008002c9        0x1 .build/obj_converter_xt_usb_default/common/avr/suspend.o
 .bss.last_timer_w
                0x00000000008002ca        0x2 .build/obj_converter_xt_usb_default/common/mousekey.o
 .bss.last_timer_c
                0x00000000008002cc        0x2 .build/obj_converter_xt_usb_default/common/mousekey.o
 .bss.mousekey_wheel_repeat
                0x00000000008002ce        0x1 .build/obj_converter_xt_usb_default/common/mousekey.o
 .bss.mousekey_repeat
                0x00000000008002cf        0x1 .build/obj_converter_xt_usb_default/common/mousekey.o
 .bss.mousekey_accel
                0x00000000008002d0        0x1 .build/obj_converter_xt_usb_default/common/mousekey.o
 .bss.mouse_report
                0x00000000008002d1        0x6 .build/obj_converter_xt_usb_default/common/mousekey.o
 .bss.mousekey_param
                0x00000000008002d7        0x1 .build/obj_converter_xt_usb_default/common/command.o
 .bss.command_state
                0x00000000008002d8        0x1 .build/obj_converter_xt_usb_default/common/command.o
                0x00000000008002d8                command_state
 .bss.timeouted.6183
                0x00000000008002d9        0x1 .build/obj_converter_xt_usb_default/lufa.o
 .bss.count.6114
                0x00000000008002da        0x1 .build/obj_converter_xt_usb_default/lufa.o
 .bss.console_flush
                0x00000000008002db        0x1 .build/obj_converter_xt_usb_default/lufa.o
 .bss.keyboard_report_sent
                0x00000000008002dc        0x8 .build/obj_converter_xt_usb_default/lufa.o
 .bss.keyboard_led_state
                0x00000000008002e4        0x1 .build/obj_converter_xt_usb_default/lufa.o
 .bss.keyboard_idle
                0x00000000008002e5        0x1 .build/obj_converter_xt_usb_default/lufa.o
                0x00000000008002e5                keyboard_idle
 *(COMMON)
 COMMON         0x00000000008002e6        0x4 .build/obj_converter_xt_usb_default/common/avr/timer.o
                0x00000000008002e6                timer_count
 COMMON         0x00000000008002ea        0x2 .build/obj_converter_xt_usb_default/common/magic.o
                0x00000000008002ea                keymap_config
 COMMON         0x00000000008002ec        0x3 .build/obj_converter_xt_usb_default/lib/lufa/LUFA/Drivers/USB/Core/DeviceStandardReq.o
                0x00000000008002ec                USB_Device_ConfigurationNumber
                0x00000000008002ed                USB_Device_CurrentlySelfPowered
                0x00000000008002ee                USB_Device_RemoteWakeupEnabled
 COMMON         0x00000000008002ef        0xa .build/obj_converter_xt_usb_default/lib/lufa/LUFA/Drivers/USB/Core/USBTask.o
                0x00000000008002ef                USB_IsInitialized
                0x00000000008002f0                USB_DeviceState
                0x00000000008002f1                USB_ControlRequest
                0x00000000008002f9                PROVIDE (__bss_end = .)
                0x00000000000058dc                __data_load_start = LOADADDR (.data)
                0x00000000000059b4                __data_load_end = (__data_load_start + SIZEOF (.data))

.noinit         0x00000000008002f9        0x4
                [!provide]                        PROVIDE (__noinit_start = .)
 *(.noinit*)
 .noinit        0x00000000008002f9        0x4 .build/obj_converter_xt_usb_default/common/avr/bootloader.o
                0x00000000008002f9                reset_key
                [!provide]                        PROVIDE (__noinit_end = .)
                0x00000000008002fd                _end = .
                [!provide]                        PROVIDE (__heap_start = .)

.eeprom         0x0000000000810000        0x0
 *(.eeprom*)
                0x0000000000810000                __eeprom_end = .

.fuse
 *(.fuse)
 *(.lfuse)
 *(.hfuse)
 *(.efuse)

.lock
 *(.lock*)

.signature
 *(.signature*)

.stab           0x0000000000000000      0x8b8
 *(.stab)
 .stab          0x0000000000000000      0x8b8 .build/obj_converter_xt_usb_default/common/avr/xprintf.o

.stabstr        0x0000000000000000       0x6d
 *(.stabstr)
 .stabstr       0x0000000000000000       0x6d .build/obj_converter_xt_usb_default/common/avr/xprintf.o

.stab.excl
 *(.stab.excl)

.stab.exclstr
 *(.stab.exclstr)

.stab.index
 *(.stab.index)

.stab.indexstr
 *(.stab.indexstr)

.comment        0x0000000000000000       0x11
 *(.comment)
 .comment       0x0000000000000000       0x11 .build/obj_converter_xt_usb_default/matrix.o
                                         0x12 (size before relaxing)
 .comment       0x0000000000000011       0x12 .build/obj_converter_xt_usb_default/keyboards/converter/xt_usb/keymaps/default/keymap.o
 .comment       0x0000000000000011       0x12 .build/obj_converter_xt_usb_default/quantum/quantum.o
 .comment       0x0000000000000011       0x12 .build/obj_converter_xt_usb_default/quantum/led.o
 .comment       0x0000000000000011       0x12 .build/obj_converter_xt_usb_default/quantum/keymap_common.o
 .comment       0x0000000000000011       0x12 .build/obj_converter_xt_usb_default/quantum/keycode_config.o
 .comment       0x0000000000000011       0x12 .build/obj_converter_xt_usb_default/quantum/process_keycode/process_space_cadet.o
 .comment       0x0000000000000011       0x12 .build/obj_converter_xt_usb_default/quantum/process_keycode/process_magic.o
 .comment       0x0000000000000011       0x12 .build/obj_converter_xt_usb_default/quantum/process_keycode/process_grave_esc.o
 .comment       0x0000000000000011       0x12 .build/obj_converter_xt_usb_default/protocol/xt_interrupt.o
 .comment       0x0000000000000011       0x12 .build/obj_converter_xt_usb_default/common/host.o
 .comment       0x0000000000000011       0x12 .build/obj_converter_xt_usb_default/common/keyboard.o
 .comment       0x0000000000000011       0x12 .build/obj_converter_xt_usb_default/common/action.o
 .comment       0x0000000000000011       0x12 .build/obj_converter_xt_usb_default/common/action_tapping.o
 .comment       0x0000000000000011       0x12 .build/obj_converter_xt_usb_default/common/action_macro.o
 .comment       0x0000000000000011       0x12 .build/obj_converter_xt_usb_default/common/action_layer.o
 .comment       0x0000000000000011       0x12 .build/obj_converter_xt_usb_default/common/action_util.o
 .comment       0x0000000000000011       0x12 .build/obj_converter_xt_usb_default/common/print.o
 .comment       0x0000000000000011       0x12 .build/obj_converter_xt_usb_default/common/debug.o
 .comment       0x0000000000000011       0x12 .build/obj_converter_xt_usb_default/common/util.o
 .comment       0x0000000000000011       0x12 .build/obj_converter_xt_usb_default/common/eeconfig.o
 .comment       0x0000000000000011       0x12 .build/obj_converter_xt_usb_default/common/report.o
 .comment       0x0000000000000011       0x12 .build/obj_converter_xt_usb_default/common/avr/suspend.o
 .comment       0x0000000000000011       0x12 .build/obj_converter_xt_usb_default/common/avr/timer.o
 .comment       0x0000000000000011       0x12 .build/obj_converter_xt_usb_default/common/avr/bootloader.o
 .comment       0x0000000000000011       0x12 .build/obj_converter_xt_usb_default/common/magic.o
 .comment       0x0000000000000011       0x12 .build/obj_converter_xt_usb_default/common/mousekey.o
 .comment       0x0000000000000011       0x12 .build/obj_converter_xt_usb_default/common/command.o
 .comment       0x0000000000000011       0x12 .build/obj_converter_xt_usb_default/lufa.o
 .comment       0x0000000000000011       0x12 .build/obj_converter_xt_usb_default/usb_descriptor.o
 .comment       0x0000000000000011       0x12 .build/obj_converter_xt_usb_default/lib/lufa/LUFA/Drivers/USB/Core/AVR8/Device_AVR8.o
 .comment       0x0000000000000011       0x12 .build/obj_converter_xt_usb_default/lib/lufa/LUFA/Drivers/USB/Core/AVR8/EndpointStream_AVR8.o
 .comment       0x0000000000000011       0x12 .build/obj_converter_xt_usb_default/lib/lufa/LUFA/Drivers/USB/Core/AVR8/Endpoint_AVR8.o
 .comment       0x0000000000000011       0x12 .build/obj_converter_xt_usb_default/lib/lufa/LUFA/Drivers/USB/Core/AVR8/USBController_AVR8.o
 .comment       0x0000000000000011       0x12 .build/obj_converter_xt_usb_default/lib/lufa/LUFA/Drivers/USB/Core/AVR8/USBInterrupt_AVR8.o