Archive member included to satisfy reference by file (symbol)

/usr/lib/gcc/avr/8.3.0/avr51/libgcc.a(_divmodhi4.o)
                              .build/obj_NECOvalCreamPC98_default/quantum/quantum.o (__divmodhi4)
/usr/lib/gcc/avr/8.3.0/avr51/libgcc.a(_exit.o)
                              /usr/lib/gcc/avr/8.3.0/../../../../avr/lib/avr51/crtat90usb1286.o (exit)
/usr/lib/gcc/avr/8.3.0/avr51/libgcc.a(_tablejump2.o)
                              .build/obj_NECOvalCreamPC98_default/common/action.o (__tablejump2__)
/usr/lib/gcc/avr/8.3.0/avr51/libgcc.a(_copy_data.o)
                              .build/obj_NECOvalCreamPC98_default/quantum/keymap_common.o (__do_copy_data)
/usr/lib/gcc/avr/8.3.0/avr51/libgcc.a(_clear_bss.o)
                              .build/obj_NECOvalCreamPC98_default/quantum/matrix_common.o (__do_clear_bss)
/usr/lib/gcc/avr/8.3.0/avr51/libgcc.a(_udivmodhi4.o)
                              /usr/lib/gcc/avr/8.3.0/avr51/libgcc.a(_divmodhi4.o) (__udivmodhi4)
/usr/lib/gcc/avr/8.3.0/../../../../avr/lib/avr51/libc.a(rand.o)
                              .build/obj_NECOvalCreamPC98_default/quantum/quantum.o (rand)
/usr/lib/gcc/avr/8.3.0/../../../../avr/lib/avr51/libat90usb1286.a(eerd_byte.o)
                              .build/obj_NECOvalCreamPC98_default/common/eeconfig.o (eeprom_read_byte)
/usr/lib/gcc/avr/8.3.0/../../../../avr/lib/avr51/libat90usb1286.a(eerd_dword.o)
                              .build/obj_NECOvalCreamPC98_default/common/eeconfig.o (eeprom_read_dword)
/usr/lib/gcc/avr/8.3.0/../../../../avr/lib/avr51/libat90usb1286.a(eerd_word.o)
                              .build/obj_NECOvalCreamPC98_default/common/eeconfig.o (eeprom_read_word)
/usr/lib/gcc/avr/8.3.0/../../../../avr/lib/avr51/libat90usb1286.a(eeupd_byte.o)
                              .build/obj_NECOvalCreamPC98_default/common/eeconfig.o (eeprom_update_byte)
/usr/lib/gcc/avr/8.3.0/../../../../avr/lib/avr51/libat90usb1286.a(eeupd_dword.o)
                              .build/obj_NECOvalCreamPC98_default/common/eeconfig.o (eeprom_update_dword)
/usr/lib/gcc/avr/8.3.0/../../../../avr/lib/avr51/libat90usb1286.a(eeupd_word.o)
                              .build/obj_NECOvalCreamPC98_default/common/eeconfig.o (eeprom_update_word)
/usr/lib/gcc/avr/8.3.0/../../../../avr/lib/avr51/libat90usb1286.a(eerd_block.o)
                              /usr/lib/gcc/avr/8.3.0/../../../../avr/lib/avr51/libat90usb1286.a(eerd_dword.o) (eeprom_read_blraw)
/usr/lib/gcc/avr/8.3.0/avr51/libgcc.a(_divmodsi4.o)
                              /usr/lib/gcc/avr/8.3.0/../../../../avr/lib/avr51/libc.a(rand.o) (__divmodsi4)
/usr/lib/gcc/avr/8.3.0/avr51/libgcc.a(_negsi2.o)
                              /usr/lib/gcc/avr/8.3.0/avr51/libgcc.a(_divmodsi4.o) (__negsi2)
/usr/lib/gcc/avr/8.3.0/avr51/libgcc.a(_muluhisi3.o)
                              /usr/lib/gcc/avr/8.3.0/../../../../avr/lib/avr51/libc.a(rand.o) (__muluhisi3)
/usr/lib/gcc/avr/8.3.0/avr51/libgcc.a(_mulshisi3.o)
                              /usr/lib/gcc/avr/8.3.0/../../../../avr/lib/avr51/libc.a(rand.o) (__mulohisi3)
/usr/lib/gcc/avr/8.3.0/avr51/libgcc.a(_udivmodsi4.o)
                              /usr/lib/gcc/avr/8.3.0/avr51/libgcc.a(_divmodsi4.o) (__udivmodsi4)
/usr/lib/gcc/avr/8.3.0/avr51/libgcc.a(_umulhisi3.o)
                              /usr/lib/gcc/avr/8.3.0/avr51/libgcc.a(_muluhisi3.o) (__umulhisi3)

Allocating common symbols
Common symbol       size              file

USB_IsInitialized   0x1               .build/obj_NECOvalCreamPC98_default/lib/lufa/LUFA/Drivers/USB/Core/USBTask.o
keymap_config       0x2               .build/obj_NECOvalCreamPC98_default/common/bootmagic.o
USB_DeviceState     0x1               .build/obj_NECOvalCreamPC98_default/lib/lufa/LUFA/Drivers/USB/Core/USBTask.o
USB_Device_ConfigurationNumber
                    0x1               .build/obj_NECOvalCreamPC98_default/lib/lufa/LUFA/Drivers/USB/Core/DeviceStandardReq.o
raw_matrix          0x10              .build/obj_NECOvalCreamPC98_default/quantum/matrix_common.o
USB_Device_CurrentlySelfPowered
                    0x1               .build/obj_NECOvalCreamPC98_default/lib/lufa/LUFA/Drivers/USB/Core/DeviceStandardReq.o
matrix              0x10              .build/obj_NECOvalCreamPC98_default/quantum/matrix_common.o
USB_ControlRequest  0x8               .build/obj_NECOvalCreamPC98_default/lib/lufa/LUFA/Drivers/USB/Core/USBTask.o
tp_buttons          0x2               .build/obj_NECOvalCreamPC98_default/common/action.o
USB_Device_RemoteWakeupEnabled
                    0x1               .build/obj_NECOvalCreamPC98_default/lib/lufa/LUFA/Drivers/USB/Core/DeviceStandardReq.o
timer_count         0x4               .build/obj_NECOvalCreamPC98_default/common/avr/timer.o

Discarded input sections

 .data          0x0000000000000000        0x0 /usr/lib/gcc/avr/8.3.0/../../../../avr/lib/avr51/crtat90usb1286.o
 .bss           0x0000000000000000        0x0 /usr/lib/gcc/avr/8.3.0/../../../../avr/lib/avr51/crtat90usb1286.o
[...]
Memory Configuration

Name             Origin             Length             Attributes
text             0x0000000000000000 0x0000000000020000 xr
data             0x0000000000800100 0x000000000000ff00 rw !x
eeprom           0x0000000000810000 0x0000000000010000 rw !x
fuse             0x0000000000820000 0x0000000000000400 rw !x
lock             0x0000000000830000 0x0000000000000400 rw !x
signature        0x0000000000840000 0x0000000000000400 rw !x
user_signatures  0x0000000000850000 0x0000000000000400 rw !x
*default*        0x0000000000000000 0xffffffffffffffff

Linker script and memory map

Address of section .data set to 0x800100
LOAD /usr/lib/gcc/avr/8.3.0/../../../../avr/lib/avr51/crtat90usb1286.o
LOAD .build/obj_NECOvalCreamPC98_default/keyboards/NECOvalCreamPC98/keymaps/default/keymap.o
LOAD .build/obj_NECOvalCreamPC98_default/quantum/quantum.o
LOAD .build/obj_NECOvalCreamPC98_default/quantum/led.o
LOAD .build/obj_NECOvalCreamPC98_default/quantum/keymap_common.o
LOAD .build/obj_NECOvalCreamPC98_default/quantum/keycode_config.o
LOAD .build/obj_NECOvalCreamPC98_default/quantum/matrix_common.o
LOAD .build/obj_NECOvalCreamPC98_default/quantum/matrix.o
LOAD .build/obj_NECOvalCreamPC98_default/quantum/debounce/sym_defer_g.o
LOAD .build/obj_NECOvalCreamPC98_default/quantum/process_keycode/process_space_cadet.o
LOAD .build/obj_NECOvalCreamPC98_default/quantum/process_keycode/process_magic.o
LOAD .build/obj_NECOvalCreamPC98_default/quantum/process_keycode/process_grave_esc.o
LOAD .build/obj_NECOvalCreamPC98_default/common/host.o
LOAD .build/obj_NECOvalCreamPC98_default/common/keyboard.o
LOAD .build/obj_NECOvalCreamPC98_default/common/action.o
LOAD .build/obj_NECOvalCreamPC98_default/common/action_tapping.o
LOAD .build/obj_NECOvalCreamPC98_default/common/action_macro.o
LOAD .build/obj_NECOvalCreamPC98_default/common/action_layer.o
LOAD .build/obj_NECOvalCreamPC98_default/common/action_util.o
LOAD .build/obj_NECOvalCreamPC98_default/common/print.o
LOAD .build/obj_NECOvalCreamPC98_default/common/debug.o
LOAD .build/obj_NECOvalCreamPC98_default/common/sendchar_null.o
LOAD .build/obj_NECOvalCreamPC98_default/common/util.o
LOAD .build/obj_NECOvalCreamPC98_default/common/eeconfig.o
LOAD .build/obj_NECOvalCreamPC98_default/common/report.o
LOAD .build/obj_NECOvalCreamPC98_default/common/avr/suspend.o
LOAD .build/obj_NECOvalCreamPC98_default/common/avr/timer.o
LOAD .build/obj_NECOvalCreamPC98_default/common/avr/bootloader.o
LOAD .build/obj_NECOvalCreamPC98_default/common/avr/xprintf.o
LOAD .build/obj_NECOvalCreamPC98_default/common/bootmagic.o
LOAD .build/obj_NECOvalCreamPC98_default/common/mousekey.o
LOAD .build/obj_NECOvalCreamPC98_default/lufa.o
LOAD .build/obj_NECOvalCreamPC98_default/usb_descriptor.o
LOAD .build/obj_NECOvalCreamPC98_default/lib/lufa/LUFA/Drivers/USB/Class/Common/HIDParser.o
LOAD .build/obj_NECOvalCreamPC98_default/lib/lufa/LUFA/Drivers/USB/Core/AVR8/Device_AVR8.o
LOAD .build/obj_NECOvalCreamPC98_default/lib/lufa/LUFA/Drivers/USB/Core/AVR8/EndpointStream_AVR8.o
LOAD .build/obj_NECOvalCreamPC98_default/lib/lufa/LUFA/Drivers/USB/Core/AVR8/Endpoint_AVR8.o
LOAD .build/obj_NECOvalCreamPC98_default/lib/lufa/LUFA/Drivers/USB/Core/AVR8/Host_AVR8.o
LOAD .build/obj_NECOvalCreamPC98_default/lib/lufa/LUFA/Drivers/USB/Core/AVR8/PipeStream_AVR8.o
LOAD .build/obj_NECOvalCreamPC98_default/lib/lufa/LUFA/Drivers/USB/Core/AVR8/Pipe_AVR8.o
LOAD .build/obj_NECOvalCreamPC98_default/lib/lufa/LUFA/Drivers/USB/Core/AVR8/USBController_AVR8.o
LOAD .build/obj_NECOvalCreamPC98_default/lib/lufa/LUFA/Drivers/USB/Core/AVR8/USBInterrupt_AVR8.o
LOAD .build/obj_NECOvalCreamPC98_default/lib/lufa/LUFA/Drivers/USB/Core/ConfigDescriptors.o
LOAD .build/obj_NECOvalCreamPC98_default/lib/lufa/LUFA/Drivers/USB/Core/DeviceStandardReq.o
LOAD .build/obj_NECOvalCreamPC98_default/lib/lufa/LUFA/Drivers/USB/Core/Events.o
LOAD .build/obj_NECOvalCreamPC98_default/lib/lufa/LUFA/Drivers/USB/Core/HostStandardReq.o
LOAD .build/obj_NECOvalCreamPC98_default/lib/lufa/LUFA/Drivers/USB/Core/USBTask.o
LOAD /usr/lib/gcc/avr/8.3.0/../../../../avr/lib/avr51/libm.a
START GROUP
LOAD /usr/lib/gcc/avr/8.3.0/avr51/libgcc.a
LOAD /usr/lib/gcc/avr/8.3.0/../../../../avr/lib/avr51/libm.a
LOAD /usr/lib/gcc/avr/8.3.0/../../../../avr/lib/avr51/libc.a
LOAD /usr/lib/gcc/avr/8.3.0/../../../../avr/lib/avr51/libat90usb1286.a
END GROUP
                0x0000000000020000                __TEXT_REGION_LENGTH__ = DEFINED (__TEXT_REGION_LENGTH__)?__TEXT_REGION_LENGTH__:0x20000
                0x000000000000ff00                __DATA_REGION_LENGTH__ = DEFINED (__DATA_REGION_LENGTH__)?__DATA_REGION_LENGTH__:0xff00
                0x0000000000010000                __EEPROM_REGION_LENGTH__ = DEFINED (__EEPROM_REGION_LENGTH__)?__EEPROM_REGION_LENGTH__:0x10000
                0x0000000000000400                __FUSE_REGION_LENGTH__ = DEFINED (__FUSE_REGION_LENGTH__)?__FUSE_REGION_LENGTH__:0x400
                0x0000000000000400                __LOCK_REGION_LENGTH__ = DEFINED (__LOCK_REGION_LENGTH__)?__LOCK_REGION_LENGTH__:0x400
                0x0000000000000400                __SIGNATURE_REGION_LENGTH__ = DEFINED (__SIGNATURE_REGION_LENGTH__)?__SIGNATURE_REGION_LENGTH__:0x400
                0x0000000000000400                __USER_SIGNATURE_REGION_LENGTH__ = DEFINED (__USER_SIGNATURE_REGION_LENGTH__)?__USER_SIGNATURE_REGION_LENGTH__:0x400

.hash
 *(.hash)

.dynsym
 *(.dynsym)

.dynstr
 *(.dynstr)

.gnu.version
 *(.gnu.version)

.gnu.version_d
 *(.gnu.version_d)

.gnu.version_r
 *(.gnu.version_r)

.rel.init
 *(.rel.init)

.rela.init
 *(.rela.init)

.rel.text
 *(.rel.text)
 *(.rel.text.*)
 *(.rel.gnu.linkonce.t*)

.rela.text
 *(.rela.text)
 *(.rela.text.*)
 *(.rela.gnu.linkonce.t*)

.rel.fini
 *(.rel.fini)

.rela.fini
 *(.rela.fini)

.rel.rodata
 *(.rel.rodata)
 *(.rel.rodata.*)
 *(.rel.gnu.linkonce.r*)

.rela.rodata
 *(.rela.rodata)
 *(.rela.rodata.*)
 *(.rela.gnu.linkonce.r*)

.rel.data
 *(.rel.data)
 *(.rel.data.*)
 *(.rel.gnu.linkonce.d*)

.rela.data
 *(.rela.data)
 *(.rela.data.*)
 *(.rela.gnu.linkonce.d*)

.rel.ctors
 *(.rel.ctors)

.rela.ctors
 *(.rela.ctors)

.rel.dtors
 *(.rel.dtors)

.rela.dtors
 *(.rela.dtors)

.rel.got
 *(.rel.got)

.rela.got
 *(.rela.got)

.rel.bss
 *(.rel.bss)

.rela.bss
 *(.rela.bss)

.rel.plt
 *(.rel.plt)

.rela.plt
 *(.rela.plt)

.text           0x0000000000000000     0x4f56
 *(.vectors)
 .vectors       0x0000000000000000       0x98 /usr/lib/gcc/avr/8.3.0/../../../../avr/lib/avr51/crtat90usb1286.o
                0x0000000000000000                __vectors
                0x0000000000000000                __vector_default
 *(.vectors)
 *(.progmem.gcc*)
                0x0000000000000098                . = ALIGN (0x2)
                0x0000000000000098                __trampolines_start = .
 *(.trampolines)
 .trampolines   0x0000000000000098        0x0 linker stubs
 *(.trampolines*)
                0x0000000000000098                __trampolines_end = .
 *libprintf_flt.a:*(.progmem.data)
 *libc.a:*(.progmem.data)
 *(.progmem.*)
 .progmem.data.keymaps
                0x0000000000000098      0xf00 .build/obj_NECOvalCreamPC98_default/keyboards/NECOvalCreamPC98/keymaps/default/keymap.o
                0x0000000000000098                keymaps
 .progmem.data.fn_actions
                0x0000000000000f98        0x0 .build/obj_NECOvalCreamPC98_default/quantum/keymap_common.o
                0x0000000000000f98                fn_actions
 .progmem.data.ProductString
                0x0000000000000f98       0x14 .build/obj_NECOvalCreamPC98_default/usb_descriptor.o
                0x0000000000000f98                ProductString
 .progmem.data.ManufacturerString
                0x0000000000000fac       0x18 .build/obj_NECOvalCreamPC98_default/usb_descriptor.o
                0x0000000000000fac                ManufacturerString
 .progmem.data.LanguageString
                0x0000000000000fc4        0x4 .build/obj_NECOvalCreamPC98_default/usb_descriptor.o
                0x0000000000000fc4                LanguageString
 .progmem.data.ConfigurationDescriptor
                0x0000000000000fc8       0x3b .build/obj_NECOvalCreamPC98_default/usb_descriptor.o
                0x0000000000000fc8                ConfigurationDescriptor
 .progmem.data.DeviceDescriptor
                0x0000000000001003       0x12 .build/obj_NECOvalCreamPC98_default/usb_descriptor.o
                0x0000000000001003                DeviceDescriptor
 .progmem.data.SharedReport
                0x0000000000001015       0xbc .build/obj_NECOvalCreamPC98_default/usb_descriptor.o
                0x0000000000001015                SharedReport
 .progmem.data.KeyboardReport
                0x00000000000010d1       0x40 .build/obj_NECOvalCreamPC98_default/usb_descriptor.o
                0x00000000000010d1                KeyboardReport
                0x0000000000001112                . = ALIGN (0x2)
 *fill*         0x0000000000001111        0x1 
 *(.lowtext)
 *(.lowtext*)
                0x0000000000001112                __ctors_start = .
 *(.ctors)
                0x0000000000001112                __ctors_end = .
                0x0000000000001112                __dtors_start = .
 *(.dtors)
                0x0000000000001112                __dtors_end = .
 SORT_BY_NAME(*)(.ctors)
 SORT_BY_NAME(*)(.dtors)
 *(.init0)
 .init0         0x0000000000001112        0x0 /usr/lib/gcc/avr/8.3.0/../../../../avr/lib/avr51/crtat90usb1286.o
                0x0000000000001112                __init
 *(.init0)
 *(.init1)
 *(.init1)
 *(.init2)
 .init2         0x0000000000001112        0xc /usr/lib/gcc/avr/8.3.0/../../../../avr/lib/avr51/crtat90usb1286.o
 *(.init2)
 *(.init3)
 .init3         0x000000000000111e       0x54 .build/obj_NECOvalCreamPC98_default/common/avr/bootloader.o
                0x000000000000111e                bootloader_jump_after_watchdog_reset
 *(.init3)
 *(.init4)
 .init4         0x0000000000001172       0x1a /usr/lib/gcc/avr/8.3.0/avr51/libgcc.a(_copy_data.o)
                0x0000000000001172                __do_copy_data
 .init4         0x000000000000118c       0x10 /usr/lib/gcc/avr/8.3.0/avr51/libgcc.a(_clear_bss.o)
                0x000000000000118c                __do_clear_bss
 *(.init4)
 *(.init5)
 *(.init5)
 *(.init6)
 *(.init6)
 *(.init7)
 *(.init7)
 *(.init8)
 *(.init8)
 *(.init9)
 .init9         0x000000000000119c        0x8 /usr/lib/gcc/avr/8.3.0/../../../../avr/lib/avr51/crtat90usb1286.o
 *(.init9)
 *(.text)
 .text          0x00000000000011a4        0x4 /usr/lib/gcc/avr/8.3.0/../../../../avr/lib/avr51/crtat90usb1286.o
                0x00000000000011a4                __vector_22
                0x00000000000011a4                __vector_28
                0x00000000000011a4                __vector_1
                0x00000000000011a4                __vector_32
                0x00000000000011a4                __vector_34
                0x00000000000011a4                __vector_24
                0x00000000000011a4                __bad_interrupt
                0x00000000000011a4                __vector_6
                0x00000000000011a4                __vector_31
                0x00000000000011a4                __vector_35
                0x00000000000011a4                __vector_3
                0x00000000000011a4                __vector_23
                0x00000000000011a4                __vector_30
                0x00000000000011a4                __vector_25
                0x00000000000011a4                __vector_13
                0x00000000000011a4                __vector_17
                0x00000000000011a4                __vector_19
                0x00000000000011a4                __vector_7
                0x00000000000011a4                __vector_27
                0x00000000000011a4                __vector_5
                0x00000000000011a4                __vector_33
                0x00000000000011a4                __vector_37
                0x00000000000011a4                __vector_4
                0x00000000000011a4                __vector_9
                0x00000000000011a4                __vector_2
                0x00000000000011a4                __vector_15
                0x00000000000011a4                __vector_36
                0x00000000000011a4                __vector_29
                0x00000000000011a4                __vector_8
                0x00000000000011a4                __vector_26
                0x00000000000011a4                __vector_14
                0x00000000000011a4                __vector_16
                0x00000000000011a4                __vector_18
                0x00000000000011a4                __vector_20
                0x00000000000011a8                . = ALIGN (0x2)
 *(.text.*)
 .text.matrix_init_user
                0x00000000000011a8        0x2 .build/obj_NECOvalCreamPC98_default/keyboards/NECOvalCreamPC98/keymaps/default/keymap.o
                0x00000000000011a8                matrix_init_user
 .text.matrix_scan_user
                0x00000000000011aa        0x2 .build/obj_NECOvalCreamPC98_default/keyboards/NECOvalCreamPC98/keymaps/default/keymap.o
                0x00000000000011aa                matrix_scan_user
 .text.process_record_user
                0x00000000000011ac        0x4 .build/obj_NECOvalCreamPC98_default/keyboards/NECOvalCreamPC98/keymaps/default/keymap.o
                0x00000000000011ac                process_record_user
 .text.led_set_user
                0x00000000000011b0        0x2 .build/obj_NECOvalCreamPC98_default/keyboards/NECOvalCreamPC98/keymaps/default/keymap.o
                0x00000000000011b0                led_set_user
 .text.process_action_kb
                0x00000000000011b2        0x4 .build/obj_NECOvalCreamPC98_default/quantum/quantum.o
                0x00000000000011b2                process_action_kb
 .text.process_record_kb
                0x00000000000011b6        0x4 .build/obj_NECOvalCreamPC98_default/quantum/quantum.o
                0x00000000000011b6                process_record_kb
 .text.post_process_record_user
                0x00000000000011ba        0x2 .build/obj_NECOvalCreamPC98_default/quantum/quantum.o
                0x00000000000011ba                post_process_record_user
 .text.post_process_record_kb
                0x00000000000011bc        0x4 .build/obj_NECOvalCreamPC98_default/quantum/quantum.o
                0x00000000000011bc                post_process_record_kb
 .text.get_event_keycode
                0x00000000000011c0       0x66 .build/obj_NECOvalCreamPC98_default/quantum/quantum.o
                0x00000000000011c0                get_event_keycode
 .text.get_record_keycode
                0x0000000000001226       0x12 .build/obj_NECOvalCreamPC98_default/quantum/quantum.o
                0x0000000000001226                get_record_keycode
 .text.post_process_record_quantum
                0x0000000000001238       0x16 .build/obj_NECOvalCreamPC98_default/quantum/quantum.o
                0x0000000000001238                post_process_record_quantum
 .text.matrix_init_quantum
                0x000000000000124e       0x10 .build/obj_NECOvalCreamPC98_default/quantum/quantum.o
                0x000000000000124e                matrix_init_quantum
 .text.matrix_scan_quantum
                0x000000000000125e        0x4 .build/obj_NECOvalCreamPC98_default/quantum/quantum.o
                0x000000000000125e                matrix_scan_quantum
 .text.shutdown_user
                0x0000000000001262        0x2 .build/obj_NECOvalCreamPC98_default/quantum/quantum.o
                0x0000000000001262                shutdown_user
 .text.reset_keyboard
                0x0000000000001264       0x1e .build/obj_NECOvalCreamPC98_default/quantum/quantum.o
                0x0000000000001264                reset_keyboard
 .text.process_record_quantum
                0x0000000000001282       0x78 .build/obj_NECOvalCreamPC98_default/quantum/quantum.o
                0x0000000000001282                process_record_quantum
 .text.led_set_kb
                0x00000000000012fa        0x4 .build/obj_NECOvalCreamPC98_default/quantum/led.o
                0x00000000000012fa                led_set_kb
 .text.led_update_user
                0x00000000000012fe        0x4 .build/obj_NECOvalCreamPC98_default/quantum/led.o
                0x00000000000012fe                led_update_user
 .text.led_update_kb
                0x0000000000001302        0x4 .build/obj_NECOvalCreamPC98_default/quantum/led.o
                0x0000000000001302                led_update_kb
 .text.led_set  0x0000000000001306       0x10 .build/obj_NECOvalCreamPC98_default/quantum/led.o
                0x0000000000001306                led_set
 .text.action_get_macro
                0x0000000000001316        0x6 .build/obj_NECOvalCreamPC98_default/quantum/keymap_common.o
                0x0000000000001316                action_get_macro
 .text.action_function
                0x000000000000131c        0x2 .build/obj_NECOvalCreamPC98_default/quantum/keymap_common.o
                0x000000000000131c                action_function
 .text.keymap_key_to_keycode
                0x000000000000131e       0x28 .build/obj_NECOvalCreamPC98_default/quantum/keymap_common.o
                0x000000000000131e                keymap_key_to_keycode
 .text.keymap_function_id_to_action
                0x0000000000001346       0x10 .build/obj_NECOvalCreamPC98_default/quantum/keymap_common.o
                0x0000000000001346                keymap_function_id_to_action
 .text.action_for_key
                0x0000000000001356      0x22a .build/obj_NECOvalCreamPC98_default/quantum/keymap_common.o
                0x0000000000001356                action_for_key
 .text.keycode_config
                0x0000000000001580      0x12e .build/obj_NECOvalCreamPC98_default/quantum/keycode_config.o
                0x0000000000001580                keycode_config
 .text.mod_config
                0x00000000000016ae       0x86 .build/obj_NECOvalCreamPC98_default/quantum/keycode_config.o
                0x00000000000016ae                mod_config
 .text.matrix_init_kb
                0x0000000000001734        0x4 .build/obj_NECOvalCreamPC98_default/quantum/matrix_common.o
                0x0000000000001734                matrix_init_kb
 .text.matrix_scan_kb
                0x0000000000001738        0x4 .build/obj_NECOvalCreamPC98_default/quantum/matrix_common.o
                0x0000000000001738                matrix_scan_kb
 .text.matrix_get_row
                0x000000000000173c       0x12 .build/obj_NECOvalCreamPC98_default/quantum/matrix_common.o
                0x000000000000173c                matrix_get_row
 .text.matrix_print
                0x000000000000174e        0x2 .build/obj_NECOvalCreamPC98_default/quantum/matrix_common.o
                0x000000000000174e                matrix_print
 .text.matrix_io_delay
                0x0000000000001750        0x8 .build/obj_NECOvalCreamPC98_default/quantum/matrix_common.o
                0x0000000000001750                matrix_io_delay
 .text.setPinInputHigh_atomic
                0x0000000000001758       0x2e .build/obj_NECOvalCreamPC98_default/quantum/matrix.o
 .text.matrix_init
                0x0000000000001786       0x4e .build/obj_NECOvalCreamPC98_default/quantum/matrix.o
                0x0000000000001786                matrix_init
 .text.matrix_scan
                0x00000000000017d4       0xfc .build/obj_NECOvalCreamPC98_default/quantum/matrix.o
                0x00000000000017d4                matrix_scan
 .text.debounce_init
                0x00000000000018d0        0x2 .build/obj_NECOvalCreamPC98_default/quantum/debounce/sym_defer_g.o
                0x00000000000018d0                debounce_init
 .text.debounce
                0x00000000000018d2       0x72 .build/obj_NECOvalCreamPC98_default/quantum/debounce/sym_defer_g.o
                0x00000000000018d2                debounce
 .text.perform_space_cadet
                0x0000000000001944      0x116 .build/obj_NECOvalCreamPC98_default/quantum/process_keycode/process_space_cadet.o
                0x0000000000001944                perform_space_cadet
 .text.process_space_cadet
                0x0000000000001a5a       0xa4 .build/obj_NECOvalCreamPC98_default/quantum/process_keycode/process_space_cadet.o
                0x0000000000001a5a                process_space_cadet
 .text.process_magic
                0x0000000000001afe      0x246 .build/obj_NECOvalCreamPC98_default/quantum/process_keycode/process_magic.o
                0x0000000000001afe                process_magic
 .text.process_grave_esc
                0x0000000000001d44       0x54 .build/obj_NECOvalCreamPC98_default/quantum/process_keycode/process_grave_esc.o
                0x0000000000001d44                process_grave_esc
 .text.host_set_driver
                0x0000000000001d98        0xa .build/obj_NECOvalCreamPC98_default/common/host.o
                0x0000000000001d98                host_set_driver
 .text.host_keyboard_leds
                0x0000000000001da2       0x18 .build/obj_NECOvalCreamPC98_default/common/host.o
                0x0000000000001da2                host_keyboard_leds
 .text.host_keyboard_send
                0x0000000000001dba       0x34 .build/obj_NECOvalCreamPC98_default/common/host.o
                0x0000000000001dba                host_keyboard_send
 .text.host_mouse_send
                0x0000000000001dee       0x1c .build/obj_NECOvalCreamPC98_default/common/host.o
                0x0000000000001dee                host_mouse_send
 .text.host_system_send
                0x0000000000001e0a       0x2c .build/obj_NECOvalCreamPC98_default/common/host.o
                0x0000000000001e0a                host_system_send
 .text.host_consumer_send
                0x0000000000001e36       0x2c .build/obj_NECOvalCreamPC98_default/common/host.o
                0x0000000000001e36                host_consumer_send
 .text.disable_jtag
                0x0000000000001e62        0xe .build/obj_NECOvalCreamPC98_default/common/keyboard.o
                0x0000000000001e62                disable_jtag
 .text.keyboard_pre_init_user
                0x0000000000001e70        0x2 .build/obj_NECOvalCreamPC98_default/common/keyboard.o
                0x0000000000001e70                keyboard_pre_init_user
 .text.matrix_setup
                0x0000000000001e72        0x2 .build/obj_NECOvalCreamPC98_default/common/keyboard.o
                0x0000000000001e72                matrix_setup
 .text.keyboard_pre_init_kb
                0x0000000000001e74        0x4 .build/obj_NECOvalCreamPC98_default/common/keyboard.o
                0x0000000000001e74                keyboard_pre_init_kb
 .text.keyboard_post_init_user
                0x0000000000001e78        0x2 .build/obj_NECOvalCreamPC98_default/common/keyboard.o
                0x0000000000001e78                keyboard_post_init_user
 .text.keyboard_post_init_kb
                0x0000000000001e7a        0x4 .build/obj_NECOvalCreamPC98_default/common/keyboard.o
                0x0000000000001e7a                keyboard_post_init_kb
 .text.keyboard_setup
                0x0000000000001e7e        0xc .build/obj_NECOvalCreamPC98_default/common/keyboard.o
                0x0000000000001e7e                keyboard_setup
 .text.is_keyboard_master
                0x0000000000001e8a        0x4 .build/obj_NECOvalCreamPC98_default/common/keyboard.o
                0x0000000000001e8a                is_keyboard_master
 .text.should_process_keypress
                0x0000000000001e8e        0x4 .build/obj_NECOvalCreamPC98_default/common/keyboard.o
                0x0000000000001e8e                should_process_keypress
 .text.housekeeping_task_kb
                0x0000000000001e92        0x2 .build/obj_NECOvalCreamPC98_default/common/keyboard.o
                0x0000000000001e92                housekeeping_task_kb
 .text.housekeeping_task_user
                0x0000000000001e94        0x2 .build/obj_NECOvalCreamPC98_default/common/keyboard.o
                0x0000000000001e94                housekeeping_task_user
 .text.keyboard_init
                0x0000000000001e96       0x10 .build/obj_NECOvalCreamPC98_default/common/keyboard.o
                0x0000000000001e96                keyboard_init
 .text.keyboard_task
                0x0000000000001ea6      0x16c .build/obj_NECOvalCreamPC98_default/common/keyboard.o
                0x0000000000001ea6                keyboard_task
 .text.action_exec
                0x0000000000002012       0x54 .build/obj_NECOvalCreamPC98_default/common/action.o
                0x0000000000002012                action_exec
 .text.process_record_tap_hint
                0x0000000000002066        0xa .build/obj_NECOvalCreamPC98_default/common/action.o
                0x0000000000002066                process_record_tap_hint
 .text.register_code
                0x0000000000002070      0x124 .build/obj_NECOvalCreamPC98_default/common/action.o
                0x0000000000002070                register_code
 .text.unregister_code
                0x0000000000002194       0xac .build/obj_NECOvalCreamPC98_default/common/action.o
                0x0000000000002194                unregister_code
 .text.tap_code
                0x0000000000002240       0x26 .build/obj_NECOvalCreamPC98_default/common/action.o
                0x0000000000002240                tap_code
 .text.register_mods
                0x0000000000002266        0xe .build/obj_NECOvalCreamPC98_default/common/action.o
                0x0000000000002266                register_mods
 .text.unregister_mods
                0x0000000000002274        0xe .build/obj_NECOvalCreamPC98_default/common/action.o
                0x0000000000002274                unregister_mods
 .text.process_action
                0x0000000000002282      0x432 .build/obj_NECOvalCreamPC98_default/common/action.o
                0x0000000000002282                process_action
 .text.process_record_handler
                0x00000000000026b4       0x2e .build/obj_NECOvalCreamPC98_default/common/action.o
                0x00000000000026b4                process_record_handler
 .text.process_record
                0x00000000000026e2       0x50 .build/obj_NECOvalCreamPC98_default/common/action.o
                0x00000000000026e2                process_record
 .text.clear_keyboard_but_mods_and_keys
                0x0000000000002732       0x24 .build/obj_NECOvalCreamPC98_default/common/action.o
                0x0000000000002732                clear_keyboard_but_mods_and_keys
 .text.clear_keyboard_but_mods
                0x0000000000002756        0x8 .build/obj_NECOvalCreamPC98_default/common/action.o
                0x0000000000002756                clear_keyboard_but_mods
 .text.clear_keyboard
                0x000000000000275e        0x8 .build/obj_NECOvalCreamPC98_default/common/action.o
                0x000000000000275e                clear_keyboard
 .text.is_tap_action
                0x0000000000002766       0x3e .build/obj_NECOvalCreamPC98_default/common/action.o
                0x0000000000002766                is_tap_action
 .text.is_tap_key
                0x00000000000027a4        0x8 .build/obj_NECOvalCreamPC98_default/common/action.o
                0x00000000000027a4                is_tap_key
 .text.debug_event
                0x00000000000027ac       0x1e .build/obj_NECOvalCreamPC98_default/common/action.o
                0x00000000000027ac                debug_event
 .text.debug_record
                0x00000000000027ca       0x20 .build/obj_NECOvalCreamPC98_default/common/action.o
                0x00000000000027ca                debug_record
 .text.debug_waiting_buffer
                0x00000000000027ea       0x42 .build/obj_NECOvalCreamPC98_default/common/action_tapping.o
 .text.debug_tapping_key
                0x000000000000282c       0x1c .build/obj_NECOvalCreamPC98_default/common/action_tapping.o
 .text.waiting_buffer_scan_tap
                0x0000000000002848       0xac .build/obj_NECOvalCreamPC98_default/common/action_tapping.o
 .text.process_tapping
                0x00000000000028f4      0x356 .build/obj_NECOvalCreamPC98_default/common/action_tapping.o
 .text.get_tapping_term
                0x0000000000002c4a        0x6 .build/obj_NECOvalCreamPC98_default/common/action_tapping.o
                0x0000000000002c4a                get_tapping_term
 .text.action_tapping_process
                0x0000000000002c50      0x134 .build/obj_NECOvalCreamPC98_default/common/action_tapping.o
                0x0000000000002c50                action_tapping_process
 .text.action_macro_play
                0x0000000000002d84       0xf0 .build/obj_NECOvalCreamPC98_default/common/action_macro.o
                0x0000000000002d84                action_macro_play
 .text.default_layer_state_set_user
                0x0000000000002e74        0x2 .build/obj_NECOvalCreamPC98_default/common/action_layer.o
                0x0000000000002e74                default_layer_state_set_user
 .text.default_layer_state_set_kb
                0x0000000000002e76        0x4 .build/obj_NECOvalCreamPC98_default/common/action_layer.o
                0x0000000000002e76                default_layer_state_set_kb
 .text.default_layer_state_set
                0x0000000000002e7a       0x18 .build/obj_NECOvalCreamPC98_default/common/action_layer.o
 .text.default_layer_debug
                0x0000000000002e92        0x2 .build/obj_NECOvalCreamPC98_default/common/action_layer.o
                0x0000000000002e92                default_layer_debug
 .text.default_layer_set
                0x0000000000002e94        0x4 .build/obj_NECOvalCreamPC98_default/common/action_layer.o
                0x0000000000002e94                default_layer_set
 .text.default_layer_or
                0x0000000000002e98       0x24 .build/obj_NECOvalCreamPC98_default/common/action_layer.o
                0x0000000000002e98                default_layer_or
 .text.default_layer_and
                0x0000000000002ebc       0x24 .build/obj_NECOvalCreamPC98_default/common/action_layer.o
                0x0000000000002ebc                default_layer_and
 .text.default_layer_xor
                0x0000000000002ee0       0x24 .build/obj_NECOvalCreamPC98_default/common/action_layer.o
                0x0000000000002ee0                default_layer_xor
 .text.layer_state_set_user
                0x0000000000002f04        0x4 .build/obj_NECOvalCreamPC98_default/common/action_layer.o
                0x0000000000002f04                layer_state_set_user
 .text.layer_state_set_kb
                0x0000000000002f08        0x4 .build/obj_NECOvalCreamPC98_default/common/action_layer.o
                0x0000000000002f08                layer_state_set_kb
 .text.layer_state_set
                0x0000000000002f0c       0x18 .build/obj_NECOvalCreamPC98_default/common/action_layer.o
                0x0000000000002f0c                layer_state_set
 .text.layer_clear
                0x0000000000002f24        0xa .build/obj_NECOvalCreamPC98_default/common/action_layer.o
                0x0000000000002f24                layer_clear
 .text.layer_move
                0x0000000000002f2e       0x2a .build/obj_NECOvalCreamPC98_default/common/action_layer.o
                0x0000000000002f2e                layer_move
 .text.layer_on
                0x0000000000002f58       0x42 .build/obj_NECOvalCreamPC98_default/common/action_layer.o
                0x0000000000002f58                layer_on
 .text.layer_off
                0x0000000000002f9a       0x46 .build/obj_NECOvalCreamPC98_default/common/action_layer.o
                0x0000000000002f9a                layer_off
 .text.layer_invert
                0x0000000000002fe0       0x42 .build/obj_NECOvalCreamPC98_default/common/action_layer.o
                0x0000000000002fe0                layer_invert
 .text.layer_or
                0x0000000000003022       0x24 .build/obj_NECOvalCreamPC98_default/common/action_layer.o
                0x0000000000003022                layer_or
 .text.layer_and
                0x0000000000003046       0x24 .build/obj_NECOvalCreamPC98_default/common/action_layer.o
                0x0000000000003046                layer_and
 .text.layer_xor
                0x000000000000306a       0x24 .build/obj_NECOvalCreamPC98_default/common/action_layer.o
                0x000000000000306a                layer_xor
 .text.layer_debug
                0x000000000000308e        0x2 .build/obj_NECOvalCreamPC98_default/common/action_layer.o
                0x000000000000308e                layer_debug
 .text.update_source_layers_cache
                0x0000000000003090       0x58 .build/obj_NECOvalCreamPC98_default/common/action_layer.o
                0x0000000000003090                update_source_layers_cache
 .text.read_source_layers_cache
                0x00000000000030e8       0x50 .build/obj_NECOvalCreamPC98_default/common/action_layer.o
                0x00000000000030e8                read_source_layers_cache
 .text.layer_switch_get_layer
                0x0000000000003138       0x84 .build/obj_NECOvalCreamPC98_default/common/action_layer.o
                0x0000000000003138                layer_switch_get_layer
 .text.layer_switch_get_action
                0x00000000000031bc       0x14 .build/obj_NECOvalCreamPC98_default/common/action_layer.o
                0x00000000000031bc                layer_switch_get_action
 .text.store_or_get_action
                0x00000000000031d0       0x48 .build/obj_NECOvalCreamPC98_default/common/action_layer.o
                0x00000000000031d0                store_or_get_action
 .text.add_key  0x0000000000003218        0xe .build/obj_NECOvalCreamPC98_default/common/action_util.o
                0x0000000000003218                add_key
 .text.del_key  0x0000000000003226        0xe .build/obj_NECOvalCreamPC98_default/common/action_util.o
                0x0000000000003226                del_key
 .text.clear_keys
                0x0000000000003234        0xc .build/obj_NECOvalCreamPC98_default/common/action_util.o
                0x0000000000003234                clear_keys
 .text.get_oneshot_layer
                0x0000000000003240        0xc .build/obj_NECOvalCreamPC98_default/common/action_util.o
                0x0000000000003240                get_oneshot_layer
 .text.get_oneshot_layer_state
                0x000000000000324c        0x8 .build/obj_NECOvalCreamPC98_default/common/action_util.o
                0x000000000000324c                get_oneshot_layer_state
 .text.is_oneshot_layer_active
                0x0000000000003254        0xe .build/obj_NECOvalCreamPC98_default/common/action_util.o
                0x0000000000003254                is_oneshot_layer_active
 .text.get_mods
                0x0000000000003262        0x6 .build/obj_NECOvalCreamPC98_default/common/action_util.o
                0x0000000000003262                get_mods
 .text.add_mods
                0x0000000000003268        0xc .build/obj_NECOvalCreamPC98_default/common/action_util.o
                0x0000000000003268                add_mods
 .text.del_mods
                0x0000000000003274        0xe .build/obj_NECOvalCreamPC98_default/common/action_util.o
                0x0000000000003274                del_mods
 .text.clear_mods
                0x0000000000003282        0x6 .build/obj_NECOvalCreamPC98_default/common/action_util.o
                0x0000000000003282                clear_mods
 .text.add_weak_mods
                0x0000000000003288        0xc .build/obj_NECOvalCreamPC98_default/common/action_util.o
                0x0000000000003288                add_weak_mods
 .text.del_weak_mods
                0x0000000000003294        0xe .build/obj_NECOvalCreamPC98_default/common/action_util.o
                0x0000000000003294                del_weak_mods
 .text.clear_weak_mods
                0x00000000000032a2        0x6 .build/obj_NECOvalCreamPC98_default/common/action_util.o
                0x00000000000032a2                clear_weak_mods
 .text.add_macro_mods
                0x00000000000032a8        0xc .build/obj_NECOvalCreamPC98_default/common/action_util.o
                0x00000000000032a8                add_macro_mods
 .text.del_macro_mods
                0x00000000000032b4        0xe .build/obj_NECOvalCreamPC98_default/common/action_util.o
                0x00000000000032b4                del_macro_mods
 .text.clear_macro_mods
                0x00000000000032c2        0x6 .build/obj_NECOvalCreamPC98_default/common/action_util.o
                0x00000000000032c2                clear_macro_mods
 .text.get_oneshot_mods
                0x00000000000032c8        0x6 .build/obj_NECOvalCreamPC98_default/common/action_util.o
                0x00000000000032c8                get_oneshot_mods
 .text.oneshot_mods_changed_user
                0x00000000000032ce        0x2 .build/obj_NECOvalCreamPC98_default/common/action_util.o
                0x00000000000032ce                oneshot_mods_changed_user
 .text.oneshot_mods_changed_kb
                0x00000000000032d0        0x4 .build/obj_NECOvalCreamPC98_default/common/action_util.o
                0x00000000000032d0                oneshot_mods_changed_kb
 .text.set_oneshot_mods
                0x00000000000032d4       0x12 .build/obj_NECOvalCreamPC98_default/common/action_util.o
                0x00000000000032d4                set_oneshot_mods
 .text.clear_oneshot_mods
                0x00000000000032e6       0x14 .build/obj_NECOvalCreamPC98_default/common/action_util.o
                0x00000000000032e6                clear_oneshot_mods
 .text.send_keyboard_report
                0x00000000000032fa       0x66 .build/obj_NECOvalCreamPC98_default/common/action_util.o
                0x00000000000032fa                send_keyboard_report
 .text.oneshot_layer_changed_user
                0x0000000000003360        0x2 .build/obj_NECOvalCreamPC98_default/common/action_util.o
                0x0000000000003360                oneshot_layer_changed_user
 .text.oneshot_layer_changed_kb
                0x0000000000003362        0x4 .build/obj_NECOvalCreamPC98_default/common/action_util.o
                0x0000000000003362                oneshot_layer_changed_kb
 .text.set_oneshot_layer
                0x0000000000003366       0x20 .build/obj_NECOvalCreamPC98_default/common/action_util.o
                0x0000000000003366                set_oneshot_layer
 .text.reset_oneshot_layer
                0x0000000000003386        0xa .build/obj_NECOvalCreamPC98_default/common/action_util.o
                0x0000000000003386                reset_oneshot_layer
 .text.clear_oneshot_layer_state
                0x0000000000003390       0x30 .build/obj_NECOvalCreamPC98_default/common/action_util.o
                0x0000000000003390                clear_oneshot_layer_state
 .text.eeconfig_is_enabled
                0x00000000000033c0       0x16 .build/obj_NECOvalCreamPC98_default/common/eeconfig.o
                0x00000000000033c0                eeconfig_is_enabled
 .text.eeconfig_read_debug
                0x00000000000033d6        0x8 .build/obj_NECOvalCreamPC98_default/common/eeconfig.o
                0x00000000000033d6                eeconfig_read_debug
 .text.eeconfig_update_debug
                0x00000000000033de        0xa .build/obj_NECOvalCreamPC98_default/common/eeconfig.o
                0x00000000000033de                eeconfig_update_debug
 .text.eeconfig_read_default_layer
                0x00000000000033e8        0x8 .build/obj_NECOvalCreamPC98_default/common/eeconfig.o
                0x00000000000033e8                eeconfig_read_default_layer
 .text.eeconfig_update_default_layer
                0x00000000000033f0        0xa .build/obj_NECOvalCreamPC98_default/common/eeconfig.o
                0x00000000000033f0                eeconfig_update_default_layer
 .text.eeconfig_read_keymap
                0x00000000000033fa       0x1c .build/obj_NECOvalCreamPC98_default/common/eeconfig.o
                0x00000000000033fa                eeconfig_read_keymap
 .text.eeconfig_update_keymap
                0x0000000000003416       0x1a .build/obj_NECOvalCreamPC98_default/common/eeconfig.o
                0x0000000000003416                eeconfig_update_keymap
 .text.eeconfig_update_kb
                0x0000000000003430        0xc .build/obj_NECOvalCreamPC98_default/common/eeconfig.o
                0x0000000000003430                eeconfig_update_kb
 .text.eeconfig_update_user
                0x000000000000343c        0xc .build/obj_NECOvalCreamPC98_default/common/eeconfig.o
                0x000000000000343c                eeconfig_update_user
 .text.eeconfig_init_user
                0x0000000000003448        0xa .build/obj_NECOvalCreamPC98_default/common/eeconfig.o
                0x0000000000003448                eeconfig_init_user
 .text.eeconfig_init_kb
                0x0000000000003452        0xe .build/obj_NECOvalCreamPC98_default/common/eeconfig.o
                0x0000000000003452                eeconfig_init_kb
 .text.eeconfig_init_quantum
                0x0000000000003460       0xbc .build/obj_NECOvalCreamPC98_default/common/eeconfig.o
                0x0000000000003460                eeconfig_init_quantum
 .text.eeconfig_init
                0x000000000000351c        0x4 .build/obj_NECOvalCreamPC98_default/common/eeconfig.o
                0x000000000000351c                eeconfig_init
 .text.eeconfig_update_handedness
                0x0000000000003520        0xa .build/obj_NECOvalCreamPC98_default/common/eeconfig.o
                0x0000000000003520                eeconfig_update_handedness
 .text.has_anykey
                0x000000000000352a       0x28 .build/obj_NECOvalCreamPC98_default/common/report.o
                0x000000000000352a                has_anykey
 .text.is_key_pressed
                0x0000000000003552       0x60 .build/obj_NECOvalCreamPC98_default/common/report.o
                0x0000000000003552                is_key_pressed
 .text.add_key_byte
                0x00000000000035b2       0x34 .build/obj_NECOvalCreamPC98_default/common/report.o
                0x00000000000035b2                add_key_byte
 .text.del_key_byte
                0x00000000000035e6       0x1a .build/obj_NECOvalCreamPC98_default/common/report.o
                0x00000000000035e6                del_key_byte
 .text.add_key_bit
                0x0000000000003600       0x28 .build/obj_NECOvalCreamPC98_default/common/report.o
                0x0000000000003600                add_key_bit
 .text.del_key_bit
                0x0000000000003628       0x2a .build/obj_NECOvalCreamPC98_default/common/report.o
                0x0000000000003628                del_key_bit
 .text.add_key_to_report
                0x0000000000003652       0x16 .build/obj_NECOvalCreamPC98_default/common/report.o
                0x0000000000003652                add_key_to_report
 .text.del_key_from_report
                0x0000000000003668       0x16 .build/obj_NECOvalCreamPC98_default/common/report.o
                0x0000000000003668                del_key_from_report
 .text.clear_keys_from_report
                0x000000000000367e       0x24 .build/obj_NECOvalCreamPC98_default/common/report.o
                0x000000000000367e                clear_keys_from_report
 .text.matrix_power_up
                0x00000000000036a2        0x2 .build/obj_NECOvalCreamPC98_default/common/avr/suspend.o
                0x00000000000036a2                matrix_power_up
 .text.suspend_power_down_user
                0x00000000000036a4        0x2 .build/obj_NECOvalCreamPC98_default/common/avr/suspend.o
                0x00000000000036a4                suspend_power_down_user
 .text.suspend_power_down_kb
                0x00000000000036a6        0x4 .build/obj_NECOvalCreamPC98_default/common/avr/suspend.o
                0x00000000000036a6                suspend_power_down_kb
 .text.suspend_power_down
                0x00000000000036aa       0x60 .build/obj_NECOvalCreamPC98_default/common/avr/suspend.o
                0x00000000000036aa                suspend_power_down
 .text.matrix_power_down
                0x000000000000370a        0x2 .build/obj_NECOvalCreamPC98_default/common/avr/suspend.o
                0x000000000000370a                matrix_power_down
 .text.suspend_wakeup_condition
                0x000000000000370c       0x2a .build/obj_NECOvalCreamPC98_default/common/avr/suspend.o
                0x000000000000370c                suspend_wakeup_condition
 .text.suspend_wakeup_init_user
                0x0000000000003736        0x2 .build/obj_NECOvalCreamPC98_default/common/avr/suspend.o
                0x0000000000003736                suspend_wakeup_init_user
 .text.suspend_wakeup_init_kb
                0x0000000000003738        0x4 .build/obj_NECOvalCreamPC98_default/common/avr/suspend.o
                0x0000000000003738                suspend_wakeup_init_kb
 .text.suspend_wakeup_init
                0x000000000000373c       0x10 .build/obj_NECOvalCreamPC98_default/common/avr/suspend.o
                0x000000000000373c                suspend_wakeup_init
 .text.__vector_12
                0x000000000000374c       0x4e .build/obj_NECOvalCreamPC98_default/common/avr/suspend.o
                0x000000000000374c                __vector_12
 .text.timer_init
                0x000000000000379a       0x12 .build/obj_NECOvalCreamPC98_default/common/avr/timer.o
                0x000000000000379a                timer_init
 .text.timer_read
                0x00000000000037ac       0x18 .build/obj_NECOvalCreamPC98_default/common/avr/timer.o
                0x00000000000037ac                timer_read
 .text.timer_elapsed
                0x00000000000037c4       0x1e .build/obj_NECOvalCreamPC98_default/common/avr/timer.o
                0x00000000000037c4                timer_elapsed
 .text.__vector_21
                0x00000000000037e2       0x48 .build/obj_NECOvalCreamPC98_default/common/avr/timer.o
                0x00000000000037e2                __vector_21
 .text.bootloader_jump
                0x000000000000382a       0x48 .build/obj_NECOvalCreamPC98_default/common/avr/bootloader.o
                0x000000000000382a                bootloader_jump
 .text.scan_keycode
                0x0000000000003872       0x7a .build/obj_NECOvalCreamPC98_default/common/bootmagic.o
 .text.bootmagic_scan_keycode
                0x00000000000038ec       0x1c .build/obj_NECOvalCreamPC98_default/common/bootmagic.o
                0x00000000000038ec                bootmagic_scan_keycode
 .text.bootmagic
                0x0000000000003908      0x24a .build/obj_NECOvalCreamPC98_default/common/bootmagic.o
                0x0000000000003908                bootmagic
 .text.move_unit
                0x0000000000003b52       0x94 .build/obj_NECOvalCreamPC98_default/common/mousekey.o
 .text.wheel_unit
                0x0000000000003be6       0x72 .build/obj_NECOvalCreamPC98_default/common/mousekey.o
 .text.mousekey_on
                0x0000000000003c58       0xd0 .build/obj_NECOvalCreamPC98_default/common/mousekey.o
                0x0000000000003c58                mousekey_on
 .text.mousekey_off
                0x0000000000003d28      0x106 .build/obj_NECOvalCreamPC98_default/common/mousekey.o
                0x0000000000003d28                mousekey_off
 .text.mousekey_send
                0x0000000000003e2e       0x36 .build/obj_NECOvalCreamPC98_default/common/mousekey.o
                0x0000000000003e2e                mousekey_send
 .text.mousekey_task
                0x0000000000003e64      0x218 .build/obj_NECOvalCreamPC98_default/common/mousekey.o
                0x0000000000003e64                mousekey_task
 .text.mousekey_clear
                0x000000000000407c       0x1c .build/obj_NECOvalCreamPC98_default/common/mousekey.o
                0x000000000000407c                mousekey_clear
 .text.keyboard_leds
                0x0000000000004098        0x6 .build/obj_NECOvalCreamPC98_default/lufa.o
 .text.send_extra
                0x000000000000409e       0x66 .build/obj_NECOvalCreamPC98_default/lufa.o
 .text.send_consumer
                0x0000000000004104        0x8 .build/obj_NECOvalCreamPC98_default/lufa.o
 .text.send_system
                0x000000000000410c        0x8 .build/obj_NECOvalCreamPC98_default/lufa.o
 .text.send_mouse
                0x0000000000004114       0x42 .build/obj_NECOvalCreamPC98_default/lufa.o
 .text.send_keyboard
                0x0000000000004156       0x80 .build/obj_NECOvalCreamPC98_default/lufa.o
 .text.EVENT_USB_Device_Connect
                0x00000000000041d6       0x1c .build/obj_NECOvalCreamPC98_default/lufa.o
                0x00000000000041d6                EVENT_USB_Device_Connect
 .text.EVENT_USB_Device_Disconnect
                0x00000000000041f2        0x6 .build/obj_NECOvalCreamPC98_default/lufa.o
                0x00000000000041f2                EVENT_USB_Device_Disconnect
 .text.EVENT_USB_Device_Reset
                0x00000000000041f8        0x2 .build/obj_NECOvalCreamPC98_default/lufa.o
                0x00000000000041f8                EVENT_USB_Device_Reset
 .text.EVENT_USB_Device_Suspend
                0x00000000000041fa        0x2 .build/obj_NECOvalCreamPC98_default/lufa.o
                0x00000000000041fa                EVENT_USB_Device_Suspend
 .text.EVENT_USB_Device_WakeUp
                0x00000000000041fc        0x4 .build/obj_NECOvalCreamPC98_default/lufa.o
                0x00000000000041fc                EVENT_USB_Device_WakeUp
 .text.EVENT_USB_Device_ConfigurationChanged
                0x0000000000004200       0x14 .build/obj_NECOvalCreamPC98_default/lufa.o
                0x0000000000004200                EVENT_USB_Device_ConfigurationChanged
 .text.EVENT_USB_Device_ControlRequest
                0x0000000000004214      0x16e .build/obj_NECOvalCreamPC98_default/lufa.o
                0x0000000000004214                EVENT_USB_Device_ControlRequest
 .text.startup.main
                0x0000000000004382       0x86 .build/obj_NECOvalCreamPC98_default/lufa.o
                0x0000000000004382                main
 .text.CALLBACK_USB_GetDescriptor
                0x0000000000004408        0x4 .build/obj_NECOvalCreamPC98_default/lufa.o
                0x0000000000004408                CALLBACK_USB_GetDescriptor
 .text.get_usb_descriptor
                0x000000000000440c       0xb0 .build/obj_NECOvalCreamPC98_default/usb_descriptor.o
                0x000000000000440c                get_usb_descriptor
 .text.USB_Device_SendRemoteWakeup
                0x00000000000044bc       0x2c .build/obj_NECOvalCreamPC98_default/lib/lufa/LUFA/Drivers/USB/Core/AVR8/Device_AVR8.o
                0x00000000000044bc                USB_Device_SendRemoteWakeup
 .text.Endpoint_Write_Stream_LE
                0x00000000000044e8       0x9e .build/obj_NECOvalCreamPC98_default/lib/lufa/LUFA/Drivers/USB/Core/AVR8/EndpointStream_AVR8.o
                0x00000000000044e8                Endpoint_Write_Stream_LE
 .text.Endpoint_Write_Control_Stream_LE
                0x0000000000004586       0xba .build/obj_NECOvalCreamPC98_default/lib/lufa/LUFA/Drivers/USB/Core/AVR8/EndpointStream_AVR8.o
                0x0000000000004586                Endpoint_Write_Control_Stream_LE
 .text.Endpoint_Write_Control_PStream_LE
                0x0000000000004640       0xbc .build/obj_NECOvalCreamPC98_default/lib/lufa/LUFA/Drivers/USB/Core/AVR8/EndpointStream_AVR8.o
                0x0000000000004640                Endpoint_Write_Control_PStream_LE
 .text.Endpoint_ConfigureEndpoint_Prv
                0x00000000000046fc       0x68 .build/obj_NECOvalCreamPC98_default/lib/lufa/LUFA/Drivers/USB/Core/AVR8/Endpoint_AVR8.o
                0x00000000000046fc                Endpoint_ConfigureEndpoint_Prv
 .text.Endpoint_ClearStatusStage
                0x0000000000004764       0x3e .build/obj_NECOvalCreamPC98_default/lib/lufa/LUFA/Drivers/USB/Core/AVR8/Endpoint_AVR8.o
                0x0000000000004764                Endpoint_ClearStatusStage
 .text.Endpoint_WaitUntilReady
                0x00000000000047a2       0x62 .build/obj_NECOvalCreamPC98_default/lib/lufa/LUFA/Drivers/USB/Core/AVR8/Endpoint_AVR8.o
                0x00000000000047a2                Endpoint_WaitUntilReady
 .text.USB_Disable
                0x0000000000004804       0x34 .build/obj_NECOvalCreamPC98_default/lib/lufa/LUFA/Drivers/USB/Core/AVR8/USBController_AVR8.o
                0x0000000000004804                USB_Disable
 .text.USB_ResetInterface
                0x0000000000004838       0x90 .build/obj_NECOvalCreamPC98_default/lib/lufa/LUFA/Drivers/USB/Core/AVR8/USBController_AVR8.o
                0x0000000000004838                USB_ResetInterface
 .text.USB_Init
                0x00000000000048c8       0x1e .build/obj_NECOvalCreamPC98_default/lib/lufa/LUFA/Drivers/USB/Core/AVR8/USBController_AVR8.o
                0x00000000000048c8                USB_Init
 .text.USB_INT_DisableAllInterrupts
                0x00000000000048e6       0x10 .build/obj_NECOvalCreamPC98_default/lib/lufa/LUFA/Drivers/USB/Core/AVR8/USBInterrupt_AVR8.o
                0x00000000000048e6                USB_INT_DisableAllInterrupts
 .text.USB_INT_ClearAllInterrupts
                0x00000000000048f6        0xa .build/obj_NECOvalCreamPC98_default/lib/lufa/LUFA/Drivers/USB/Core/AVR8/USBInterrupt_AVR8.o
                0x00000000000048f6                USB_INT_ClearAllInterrupts
 .text.__vector_10
                0x0000000000004900      0x1b0 .build/obj_NECOvalCreamPC98_default/lib/lufa/LUFA/Drivers/USB/Core/AVR8/USBInterrupt_AVR8.o
                0x0000000000004900                __vector_10
 .text.__vector_11
                0x0000000000004ab0       0x90 .build/obj_NECOvalCreamPC98_default/lib/lufa/LUFA/Drivers/USB/Core/AVR8/USBInterrupt_AVR8.o
                0x0000000000004ab0                __vector_11
 .text.USB_Device_ProcessControlRequest
                0x0000000000004b40      0x2a4 .build/obj_NECOvalCreamPC98_default/lib/lufa/LUFA/Drivers/USB/Core/DeviceStandardReq.o
                0x0000000000004b40                USB_Device_ProcessControlRequest
 .text.USB_Event_Stub
                0x0000000000004de4        0x2 .build/obj_NECOvalCreamPC98_default/lib/lufa/LUFA/Drivers/USB/Core/Events.o
                0x0000000000004de4                USB_Event_Stub
                0x0000000000004de4                EVENT_USB_Device_StartOfFrame
 .text.USB_USBTask
                0x0000000000004de6       0x36 .build/obj_NECOvalCreamPC98_default/lib/lufa/LUFA/Drivers/USB/Core/USBTask.o
                0x0000000000004de6                USB_USBTask
 .text.libgcc.div
                0x0000000000004e1c       0x28 /usr/lib/gcc/avr/8.3.0/avr51/libgcc.a(_divmodhi4.o)
                0x0000000000004e1c                __divmodhi4
                0x0000000000004e1c                _div
 .text.libgcc   0x0000000000004e44       0x12 /usr/lib/gcc/avr/8.3.0/avr51/libgcc.a(_tablejump2.o)
                0x0000000000004e44                __tablejump2__
 .text.libgcc.div
                0x0000000000004e56       0x28 /usr/lib/gcc/avr/8.3.0/avr51/libgcc.a(_udivmodhi4.o)
                0x0000000000004e56                __udivmodhi4
 .text.avr-libc
                0x0000000000004e7e       0x10 /usr/lib/gcc/avr/8.3.0/../../../../avr/lib/avr51/libat90usb1286.a(eerd_byte.o)
                0x0000000000004e7e                eeprom_read_byte
 .text.avr-libc
                0x0000000000004e8e        0xc /usr/lib/gcc/avr/8.3.0/../../../../avr/lib/avr51/libat90usb1286.a(eerd_word.o)
                0x0000000000004e8e                eeprom_read_word
 .text.avr-libc
                0x0000000000004e9a       0x24 /usr/lib/gcc/avr/8.3.0/../../../../avr/lib/avr51/libat90usb1286.a(eeupd_byte.o)
                0x0000000000004e9a                eeprom_update_byte
                0x0000000000004e9c                eeprom_update_r18
 .text.avr-libc
                0x0000000000004ebe       0x18 /usr/lib/gcc/avr/8.3.0/../../../../avr/lib/avr51/libat90usb1286.a(eeupd_dword.o)
                0x0000000000004ebe                eeprom_update_dword
                0x0000000000004ebe                eeprom_update_float
 .text.avr-libc
                0x0000000000004ed6        0xc /usr/lib/gcc/avr/8.3.0/../../../../avr/lib/avr51/libat90usb1286.a(eeupd_word.o)
                0x0000000000004ed6                eeprom_update_word
 .text.avr-libc
                0x0000000000004ee2       0x20 /usr/lib/gcc/avr/8.3.0/../../../../avr/lib/avr51/libat90usb1286.a(eerd_block.o)
                0x0000000000004ee2                eeprom_read_block
                0x0000000000004ee6                eeprom_read_blraw
                0x0000000000004f02                . = ALIGN (0x2)
 *(.fini9)
 .fini9         0x0000000000004f02        0x0 /usr/lib/gcc/avr/8.3.0/avr51/libgcc.a(_exit.o)
                0x0000000000004f02                exit
                0x0000000000004f02                _exit
 *(.fini9)
 *(.fini8)
 *(.fini8)
 *(.fini7)
 *(.fini7)
 *(.fini6)
 *(.fini6)
 *(.fini5)
 *(.fini5)
 *(.fini4)
 *(.fini4)
 *(.fini3)
 *(.fini3)
 *(.fini2)
 *(.fini2)
 *(.fini1)
 *(.fini1)
 *(.fini0)
 .fini0         0x0000000000004f02        0x4 /usr/lib/gcc/avr/8.3.0/avr51/libgcc.a(_exit.o)
 *(.fini0)
 *(.hightext)
 *(.hightext*)
 *(.progmemx.*)
                0x0000000000004f06                . = ALIGN (0x2)
 *(.jumptables)
 *(.jumptables*)
 .jumptables.gcc.process_action
                0x0000000000004f06       0x20 .build/obj_NECOvalCreamPC98_default/common/action.o
 .jumptables.gcc.is_tap_action
                0x0000000000004f26       0x1c .build/obj_NECOvalCreamPC98_default/common/action.o
 .jumptables.gcc.USB_Device_ProcessControlRequest
                0x0000000000004f42       0x14 .build/obj_NECOvalCreamPC98_default/lib/lufa/LUFA/Drivers/USB/Core/DeviceStandardReq.o
                0x0000000000004f56                _etext = .

.data           0x0000000000800100       0x8e load address 0x0000000000004f56
                0x0000000000800100                PROVIDE (__data_start = .)
 *(.data)
 *(.data*)
 .data.keyboard_report
                0x0000000000800100        0x2 .build/obj_NECOvalCreamPC98_default/common/action_util.o
                0x0000000000800100                keyboard_report
 .data.mk_wheel_time_to_max
                0x0000000000800102        0x1 .build/obj_NECOvalCreamPC98_default/common/mousekey.o
                0x0000000000800102                mk_wheel_time_to_max
 .data.mk_wheel_max_speed
                0x0000000000800103        0x1 .build/obj_NECOvalCreamPC98_default/common/mousekey.o
                0x0000000000800103                mk_wheel_max_speed
 .data.mk_wheel_interval
                0x0000000000800104        0x1 .build/obj_NECOvalCreamPC98_default/common/mousekey.o
                0x0000000000800104                mk_wheel_interval
 .data.mk_wheel_delay
                0x0000000000800105        0x1 .build/obj_NECOvalCreamPC98_default/common/mousekey.o
                0x0000000000800105                mk_wheel_delay
 .data.mk_time_to_max
                0x0000000000800106        0x1 .build/obj_NECOvalCreamPC98_default/common/mousekey.o
                0x0000000000800106                mk_time_to_max
 .data.mk_max_speed
                0x0000000000800107        0x1 .build/obj_NECOvalCreamPC98_default/common/mousekey.o
                0x0000000000800107                mk_max_speed
 .data.mk_interval
                0x0000000000800108        0x1 .build/obj_NECOvalCreamPC98_default/common/mousekey.o
                0x0000000000800108                mk_interval
 .data.mk_delay
                0x0000000000800109        0x1 .build/obj_NECOvalCreamPC98_default/common/mousekey.o
                0x0000000000800109                mk_delay
 .data.lufa_driver
                0x000000000080010a        0xa .build/obj_NECOvalCreamPC98_default/lufa.o
                0x000000000080010a                lufa_driver
 .data.keyboard_protocol
                0x0000000000800114        0x1 .build/obj_NECOvalCreamPC98_default/lufa.o
                0x0000000000800114                keyboard_protocol
 *(.gnu.linkonce.d*)
 *(.rodata)
 *(.rodata*)
 .rodata.CSWTCH.1
                0x0000000000800115       0x2e .build/obj_NECOvalCreamPC98_default/quantum/keymap_common.o
 .rodata.CSWTCH.0
                0x0000000000800143        0x3 .build/obj_NECOvalCreamPC98_default/quantum/keymap_common.o
 .rodata.col_pins
                0x0000000000800146        0xf .build/obj_NECOvalCreamPC98_default/quantum/matrix.o
 .rodata.row_pins
                0x0000000000800155        0x8 .build/obj_NECOvalCreamPC98_default/quantum/matrix.o
 .rodata.CSWTCH.11
                0x000000000080015d       0x2e .build/obj_NECOvalCreamPC98_default/common/action.o
 .rodata.CSWTCH.10
                0x000000000080018b        0x3 .build/obj_NECOvalCreamPC98_default/common/action.o
 *(.gnu.linkonce.r*)
                0x000000000080018e                . = ALIGN (0x2)
                0x000000000080018e                _edata = .
                0x000000000080018e                PROVIDE (__data_end = .)

.bss            0x000000000080018e      0x133
                0x000000000080018e                PROVIDE (__bss_start = .)
 *(.bss)
 *(.bss*)
 .bss.debouncing_time
                0x000000000080018e        0x2 .build/obj_NECOvalCreamPC98_default/quantum/debounce/sym_defer_g.o
 .bss.debouncing
                0x0000000000800190        0x1 .build/obj_NECOvalCreamPC98_default/quantum/debounce/sym_defer_g.o
 .bss.sc_timer  0x0000000000800191        0x2 .build/obj_NECOvalCreamPC98_default/quantum/process_keycode/process_space_cadet.o
 .bss.sc_last   0x0000000000800193        0x1 .build/obj_NECOvalCreamPC98_default/quantum/process_keycode/process_space_cadet.o
 .bss.grave_esc_was_shifted
                0x0000000000800194        0x1 .build/obj_NECOvalCreamPC98_default/quantum/process_keycode/process_grave_esc.o
 .bss.last_consumer_report
                0x0000000000800195        0x2 .build/obj_NECOvalCreamPC98_default/common/host.o
 .bss.last_system_report
                0x0000000000800197        0x2 .build/obj_NECOvalCreamPC98_default/common/host.o
 .bss.driver    0x0000000000800199        0x2 .build/obj_NECOvalCreamPC98_default/common/host.o
 .bss.led_status.5679
                0x000000000080019b        0x1 .build/obj_NECOvalCreamPC98_default/common/keyboard.o
 .bss.matrix_prev.5678
                0x000000000080019c       0x10 .build/obj_NECOvalCreamPC98_default/common/keyboard.o
 .bss.disable_action_cache
                0x00000000008001ac        0x1 .build/obj_NECOvalCreamPC98_default/common/action.o
                0x00000000008001ac                disable_action_cache
 .bss.waiting_buffer_tail
                0x00000000008001ad        0x1 .build/obj_NECOvalCreamPC98_default/common/action_tapping.o
 .bss.waiting_buffer_head
                0x00000000008001ae        0x1 .build/obj_NECOvalCreamPC98_default/common/action_tapping.o
 .bss.waiting_buffer
                0x00000000008001af       0x30 .build/obj_NECOvalCreamPC98_default/common/action_tapping.o
 .bss.tapping_key
                0x00000000008001df        0x6 .build/obj_NECOvalCreamPC98_default/common/action_tapping.o
 .bss.source_layers_cache
                0x00000000008001e5       0x4b .build/obj_NECOvalCreamPC98_default/common/action_layer.o
                0x00000000008001e5                source_layers_cache
 .bss.layer_state
                0x0000000000800230        0x4 .build/obj_NECOvalCreamPC98_default/common/action_layer.o
                0x0000000000800230                layer_state
 .bss.default_layer_state
                0x0000000000800234        0x4 .build/obj_NECOvalCreamPC98_default/common/action_layer.o
                0x0000000000800234                default_layer_state
 .bss.oneshot_layer_data
                0x0000000000800238        0x1 .build/obj_NECOvalCreamPC98_default/common/action_util.o
 .bss.oneshot_mods
                0x0000000000800239        0x1 .build/obj_NECOvalCreamPC98_default/common/action_util.o
 .bss.__compound_literal.0
                0x000000000080023a       0x20 .build/obj_NECOvalCreamPC98_default/common/action_util.o
 .bss.macro_mods
                0x000000000080025a        0x1 .build/obj_NECOvalCreamPC98_default/common/action_util.o
 .bss.weak_mods
                0x000000000080025b        0x1 .build/obj_NECOvalCreamPC98_default/common/action_util.o
 .bss.real_mods
                0x000000000080025c        0x1 .build/obj_NECOvalCreamPC98_default/common/action_util.o
 .bss.debug_config
                0x000000000080025d        0x1 .build/obj_NECOvalCreamPC98_default/common/debug.o
                0x000000000080025d                debug_config
 .bss.wdt_timeout
                0x000000000080025e        0x1 .build/obj_NECOvalCreamPC98_default/common/avr/suspend.o
 .bss.last_timer_w
                0x000000000080025f        0x2 .build/obj_NECOvalCreamPC98_default/common/mousekey.o
 .bss.last_timer_c
                0x0000000000800261        0x2 .build/obj_NECOvalCreamPC98_default/common/mousekey.o
 .bss.mousekey_wheel_repeat
                0x0000000000800263        0x1 .build/obj_NECOvalCreamPC98_default/common/mousekey.o
 .bss.mousekey_repeat
                0x0000000000800264        0x1 .build/obj_NECOvalCreamPC98_default/common/mousekey.o
 .bss.mousekey_accel
                0x0000000000800265        0x1 .build/obj_NECOvalCreamPC98_default/common/mousekey.o
 .bss.mouse_report
                0x0000000000800266        0x6 .build/obj_NECOvalCreamPC98_default/common/mousekey.o
 .bss.keyboard_report_sent
                0x000000000080026c       0x20 .build/obj_NECOvalCreamPC98_default/lufa.o
 .bss.keyboard_led_state
                0x000000000080028c        0x1 .build/obj_NECOvalCreamPC98_default/lufa.o
 .bss.keyboard_idle
                0x000000000080028d        0x1 .build/obj_NECOvalCreamPC98_default/lufa.o
                0x000000000080028d                keyboard_idle
 *(COMMON)
 COMMON         0x000000000080028e       0x20 .build/obj_NECOvalCreamPC98_default/quantum/matrix_common.o
                0x000000000080028e                raw_matrix
                0x000000000080029e                matrix
 COMMON         0x00000000008002ae        0x4 .build/obj_NECOvalCreamPC98_default/common/avr/timer.o
                0x00000000008002ae                timer_count
 COMMON         0x00000000008002b2        0x2 .build/obj_NECOvalCreamPC98_default/common/bootmagic.o
                0x00000000008002b2                keymap_config
 COMMON         0x00000000008002b4        0x3 .build/obj_NECOvalCreamPC98_default/lib/lufa/LUFA/Drivers/USB/Core/DeviceStandardReq.o
                0x00000000008002b4                USB_Device_ConfigurationNumber
                0x00000000008002b5                USB_Device_CurrentlySelfPowered
                0x00000000008002b6                USB_Device_RemoteWakeupEnabled
 COMMON         0x00000000008002b7        0xa .build/obj_NECOvalCreamPC98_default/lib/lufa/LUFA/Drivers/USB/Core/USBTask.o
                0x00000000008002b7                USB_IsInitialized
                0x00000000008002b8                USB_DeviceState
                0x00000000008002b9                USB_ControlRequest
                0x00000000008002c1                PROVIDE (__bss_end = .)
                0x0000000000004f56                __data_load_start = LOADADDR (.data)
                0x0000000000004fe4                __data_load_end = (__data_load_start + SIZEOF (.data))

.noinit         0x00000000008002c1        0x4
                [!provide]                        PROVIDE (__noinit_start = .)
 *(.noinit .noinit.* .gnu.linkonce.n.*)
 .noinit        0x00000000008002c1        0x4 .build/obj_NECOvalCreamPC98_default/common/avr/bootloader.o
                0x00000000008002c1                reset_key
                [!provide]                        PROVIDE (__noinit_end = .)
                0x00000000008002c5                _end = .
                [!provide]                        PROVIDE (__heap_start = .)

.eeprom         0x0000000000810000        0x0
 *(.eeprom*)
                0x0000000000810000                __eeprom_end = .

.fuse
 *(.fuse)
 *(.lfuse)
 *(.hfuse)
 *(.efuse)

.lock
 *(.lock*)

.signature
 *(.signature*)

.stab
 *(.stab)

.stabstr        0x0000000000000000       0x6d
 *(.stabstr)
 .stabstr       0x0000000000000000       0x6d .build/obj_NECOvalCreamPC98_default/common/avr/xprintf.o

.stab.excl
 *(.stab.excl)

.stab.exclstr
 *(.stab.exclstr)

.stab.index
 *(.stab.index)

.stab.indexstr
 *(.stab.indexstr)

.comment        0x0000000000000000       0x11
 *(.comment)
 .comment       0x0000000000000000       0x11 .build/obj_NECOvalCreamPC98_default/keyboards/NECOvalCreamPC98/keymaps/default/keymap.o
                                         0x12 (size before relaxing)
 .comment       0x0000000000000011       0x12 .build/obj_NECOvalCreamPC98_default/quantum/quantum.o
 .comment       0x0000000000000011       0x12 .build/obj_NECOvalCreamPC98_default/quantum/led.o
 .comment       0x0000000000000011       0x12 .build/obj_NECOvalCreamPC98_default/quantum/keymap_common.o
 .comment       0x0000000000000011       0x12 .build/obj_NECOvalCreamPC98_default/quantum/keycode_config.o
 .comment       0x0000000000000011       0x12 .build/obj_NECOvalCreamPC98_default/quantum/matrix_common.o
 .comment       0x0000000000000011       0x12 .build/obj_NECOvalCreamPC98_default/quantum/matrix.o
 .comment       0x0000000000000011       0x12 .build/obj_NECOvalCreamPC98_default/quantum/debounce/sym_defer_g.o
 .comment       0x0000000000000011       0x12 .build/obj_NECOvalCreamPC98_default/quantum/process_keycode/process_space_cadet.o
 .comment       0x0000000000000011       0x12 .build/obj_NECOvalCreamPC98_default/quantum/process_keycode/process_magic.o
 .comment       0x0000000000000011       0x12 .build/obj_NECOvalCreamPC98_default/quantum/process_keycode/process_grave_esc.o
 .comment       0x0000000000000011       0x12 .build/obj_NECOvalCreamPC98_default/common/host.o
 .comment       0x0000000000000011       0x12 .build/obj_NECOvalCreamPC98_default/common/keyboard.o
 .comment       0x0000000000000011       0x12 .build/obj_NECOvalCreamPC98_default/common/action.o
 .comment       0x0000000000000011       0x12 .build/obj_NECOvalCreamPC98_default/common/action_tapping.o
 .comment       0x0000000000000011       0x12 .build/obj_NECOvalCreamPC98_default/common/action_macro.o
 .comment       0x0000000000000011       0x12 .build/obj_NECOvalCreamPC98_default/common/action_layer.o
 .comment       0x0000000000000011       0x12 .build/obj_NECOvalCreamPC98_default/common/action_util.o
 .comment       0x0000000000000011       0x12 .build/obj_NECOvalCreamPC98_default/common/debug.o
 .comment       0x0000000000000011       0x12 .build/obj_NECOvalCreamPC98_default/common/eeconfig.o
 .comment       0x0000000000000011       0x12 .build/obj_NECOvalCreamPC98_default/common/report.o
 .comment       0x0000000000000011       0x12 .build/obj_NECOvalCreamPC98_default/common/avr/suspend.o
 .comment       0x0000000000000011       0x12 .build/obj_NECOvalCreamPC98_default/common/avr/timer.o
 .comment       0x0000000000000011       0x12 .build/obj_NECOvalCreamPC98_default/common/avr/bootloader.o
 .comment       0x0000000000000011       0x12 .build/obj_NECOvalCreamPC98_default/common/bootmagic.o
 .comment       0x0000000000000011       0x12 .build/obj_NECOvalCreamPC98_default/common/mousekey.o
 .comment       0x0000000000000011       0x12 .build/obj_NECOvalCreamPC98_default/lufa.o
 .comment       0x0000000000000011       0x12 .build/obj_NECOvalCreamPC98_default/usb_descriptor.o
 .comment       0x0000000000000011       0x12 .build/obj_NECOvalCreamPC98_default/lib/lufa/LUFA/Drivers/USB/Core/AVR8/Device_AVR8.o
 .comment       0x0000000000000011       0x12 .build/obj_NECOvalCreamPC98_default/lib/lufa/LUFA/Drivers/USB/Core/AVR8/EndpointStream_AVR8.o
 .comment       0x0000000000000011       0x12 .build/obj_NECOvalCreamPC98_default/lib/lufa/LUFA/Drivers/USB/Core/AVR8/Endpoint_AVR8.o
 .comment       0x0000000000000011       0x12 .build/obj_NECOvalCreamPC98_default/lib/lufa/LUFA/Drivers/USB/Core/AVR8/USBController_AVR8.o
 .comment       0x0000000000000011       0x12 .build/obj_NECOvalCreamPC98_default/lib/lufa/LUFA/Drivers/USB/Core/AVR8/USBInterrupt_AVR8.o
 .comment       0x0000000000000011       0x12 .build/obj_NECOvalCreamPC98_default/lib/lufa/LUFA/Drivers/USB/Core/DeviceStandardReq.o
 .comment       0x0000000000000011       0x12 .build/obj_NECOvalCreamPC98_default/lib/lufa/LUFA/Drivers/USB/Core/Events.o
 .comment       0x0000000000000011       0x12 .build/obj_NECOvalCreamPC98_default/lib/lufa/LUFA/Drivers/USB/Core/USBTask.o

.note.gnu.avr.deviceinfo
                0x0000000000000000       0x40
 .note.gnu.avr.deviceinfo
                0x0000000000000000       0x40 /usr/lib/gcc/avr/8.3.0/../../../../avr/lib/avr51/crtat90usb1286.o

.note.gnu.build-id
 *(.note.gnu.build-id)

.debug
 *(.debug)

.line
 *(.line)

.debug_srcinfo
 *(.debug_srcinfo)

.debug_sfnames
 *(.debug_sfnames)

.debug_aranges  0x0000000000000000      0xce8
 *(.debug_aranges)
 .debug_aranges
                0x0000000000000000       0x30 .build/obj_NECOvalCreamPC98_default/keyboards/NECOvalCreamPC98/keymaps/default/keymap.o
 .debug_aranges
                0x0000000000000030      0x118 .build/obj_NECOvalCreamPC98_default/quantum/quantum.o
 .debug_aranges
                0x0000000000000148       0x48 .build/obj_NECOvalCreamPC98_default/quantum/led.o
 .debug_aranges
                0x0000000000000190       0x40 .build/obj_NECOvalCreamPC98_default/quantum/keymap_common.o
 .debug_aranges
                0x00000000000001d0       0x28 .build/obj_NECOvalCreamPC98_default/quantum/keycode_config.o
 .debug_aranges
                0x00000000000001f8       0x90 .build/obj_NECOvalCreamPC98_default/quantum/matrix_common.o
 .debug_aranges
                0x0000000000000288       0x30 .build/obj_NECOvalCreamPC98_default/quantum/matrix.o
 .debug_aranges
                0x00000000000002b8       0x30 .build/obj_NECOvalCreamPC98_default/quantum/debounce/sym_defer_g.o
 .debug_aranges
                0x00000000000002e8       0x28 .build/obj_NECOvalCreamPC98_default/quantum/process_keycode/process_space_cadet.o
 .debug_aranges
                0x0000000000000310       0x20 .build/obj_NECOvalCreamPC98_default/quantum/process_keycode/process_magic.o
 .debug_aranges
                0x0000000000000330       0x20 .build/obj_NECOvalCreamPC98_default/quantum/process_keycode/process_grave_esc.o
 .debug_aranges
                0x0000000000000350       0x68 .build/obj_NECOvalCreamPC98_default/common/host.o
 .debug_aranges
                0x00000000000003b8       0x68 .build/obj_NECOvalCreamPC98_default/common/keyboard.o
 .debug_aranges
                0x0000000000000420       0xd0 .build/obj_NECOvalCreamPC98_default/common/action.o
 .debug_aranges
                0x00000000000004f0       0x48 .build/obj_NECOvalCreamPC98_default/common/action_tapping.o
 .debug_aranges
                0x0000000000000538       0x20 .build/obj_NECOvalCreamPC98_default/common/action_macro.o
 .debug_aranges
                0x0000000000000558       0xe0 .build/obj_NECOvalCreamPC98_default/common/action_layer.o
 .debug_aranges
                0x0000000000000638      0x150 .build/obj_NECOvalCreamPC98_default/common/action_util.o
 .debug_aranges
                0x0000000000000788       0x18 .build/obj_NECOvalCreamPC98_default/common/debug.o
 .debug_aranges
                0x00000000000007a0       0xe8 .build/obj_NECOvalCreamPC98_default/common/eeconfig.o
 .debug_aranges
                0x0000000000000888       0x68 .build/obj_NECOvalCreamPC98_default/common/report.o
 .debug_aranges
                0x00000000000008f0       0x58 .build/obj_NECOvalCreamPC98_default/common/avr/suspend.o
 .debug_aranges
                0x0000000000000948       0x50 .build/obj_NECOvalCreamPC98_default/common/avr/timer.o
 .debug_aranges
                0x0000000000000998       0x28 .build/obj_NECOvalCreamPC98_default/common/avr/bootloader.o
 .debug_aranges
                0x00000000000009c0       0x30 .build/obj_NECOvalCreamPC98_default/common/bootmagic.o
 .debug_aranges
                0x00000000000009f0       0x50 .build/obj_NECOvalCreamPC98_default/common/mousekey.o
 .debug_aranges
                0x0000000000000a40       0x88 .build/obj_NECOvalCreamPC98_default/lufa.o
 .debug_aranges
                0x0000000000000ac8       0x20 .build/obj_NECOvalCreamPC98_default/usb_descriptor.o
 .debug_aranges
                0x0000000000000ae8       0x20 .build/obj_NECOvalCreamPC98_default/lib/lufa/LUFA/Drivers/USB/Core/AVR8/Device_AVR8.o
 .debug_aranges
                0x0000000000000b08       0xc8 .build/obj_NECOvalCreamPC98_default/lib/lufa/LUFA/Drivers/USB/Core/AVR8/EndpointStream_AVR8.o
 .debug_aranges
                0x0000000000000bd0       0x40 .build/obj_NECOvalCreamPC98_default/lib/lufa/LUFA/Drivers/USB/Core/AVR8/Endpoint_AVR8.o
 .debug_aranges
                0x0000000000000c10       0x30 .build/obj_NECOvalCreamPC98_default/lib/lufa/LUFA/Drivers/USB/Core/AVR8/USBController_AVR8.o
 .debug_aranges
                0x0000000000000c40       0x38 .build/obj_NECOvalCreamPC98_default/lib/lufa/LUFA/Drivers/USB/Core/AVR8/USBInterrupt_AVR8.o
 .debug_aranges
                0x0000000000000c78       0x20 .build/obj_NECOvalCreamPC98_default/lib/lufa/LUFA/Drivers/USB/Core/DeviceStandardReq.o
 .debug_aranges
                0x0000000000000c98       0x30 .build/obj_NECOvalCreamPC98_default/lib/lufa/LUFA/Drivers/USB/Core/Events.o
 .debug_aranges
                0x0000000000000cc8       0x20 .build/obj_NECOvalCreamPC98_default/lib/lufa/LUFA/Drivers/USB/Core/USBTask.o

.debug_pubnames
 *(.debug_pubnames)

.debug_info     0x0000000000000000    0x1e128
 *(.debug_info .gnu.linkonce.wi.*)
 .debug_info    0x0000000000000000      0x995 /usr/lib/gcc/avr/8.3.0/../../../../avr/lib/avr51/crtat90usb1286.o
 .debug_info    0x0000000000000995     0x183b .build/obj_NECOvalCreamPC98_default/keyboards/NECOvalCreamPC98/keymaps/default/keymap.o
 .debug_info    0x00000000000021d0     0x2994 .build/obj_NECOvalCreamPC98_default/quantum/quantum.o
 .debug_info    0x0000000000004b64      0x7f1 .build/obj_NECOvalCreamPC98_default/quantum/led.o
 .debug_info    0x0000000000005355     0x2001 .build/obj_NECOvalCreamPC98_default/quantum/keymap_common.o
 .debug_info    0x0000000000007356      0x63c .build/obj_NECOvalCreamPC98_default/quantum/keycode_config.o
 .debug_info    0x0000000000007992      0x5e1 .build/obj_NECOvalCreamPC98_default/quantum/matrix_common.o
 .debug_info    0x0000000000007f73      0xb1d .build/obj_NECOvalCreamPC98_default/quantum/matrix.o
 .debug_info    0x0000000000008a90      0x732 .build/obj_NECOvalCreamPC98_default/quantum/debounce/sym_defer_g.o
 .debug_info    0x00000000000091c2     0x1796 .build/obj_NECOvalCreamPC98_default/quantum/process_keycode/process_space_cadet.o
 .debug_info    0x000000000000a958     0x124f .build/obj_NECOvalCreamPC98_default/quantum/process_keycode/process_magic.o
 .debug_info    0x000000000000bba7     0x16af .build/obj_NECOvalCreamPC98_default/quantum/process_keycode/process_grave_esc.o
 .debug_info    0x000000000000d256      0x89c .build/obj_NECOvalCreamPC98_default/common/host.o
 .debug_info    0x000000000000daf2      0x97f .build/obj_NECOvalCreamPC98_default/common/keyboard.o
 .debug_info    0x000000000000e471     0x232a .build/obj_NECOvalCreamPC98_default/common/action.o
 .debug_info    0x000000000001079b      0xf99 .build/obj_NECOvalCreamPC98_default/common/action_tapping.o
 .debug_info    0x0000000000011734      0xb40 .build/obj_NECOvalCreamPC98_default/common/action_macro.o
 .debug_info    0x0000000000012274      0xc9a .build/obj_NECOvalCreamPC98_default/common/action_layer.o
 .debug_info    0x0000000000012f0e      0xe17 .build/obj_NECOvalCreamPC98_default/common/action_util.o
 .debug_info    0x0000000000013d25      0x110 .build/obj_NECOvalCreamPC98_default/common/debug.o
 .debug_info    0x0000000000013e35      0x911 .build/obj_NECOvalCreamPC98_default/common/eeconfig.o
 .debug_info    0x0000000000014746      0xc7f .build/obj_NECOvalCreamPC98_default/common/report.o
 .debug_info    0x00000000000153c5      0x780 .build/obj_NECOvalCreamPC98_default/common/avr/suspend.o
 .debug_info    0x0000000000015b45      0x443 .build/obj_NECOvalCreamPC98_default/common/avr/timer.o
 .debug_info    0x0000000000015f88      0x3c7 .build/obj_NECOvalCreamPC98_default/common/avr/bootloader.o
 .debug_info    0x000000000001634f      0xe17 .build/obj_NECOvalCreamPC98_default/common/bootmagic.o
 .debug_info    0x0000000000017166      0x83c .build/obj_NECOvalCreamPC98_default/common/mousekey.o
 .debug_info    0x00000000000179a2     0x168d .build/obj_NECOvalCreamPC98_default/lufa.o
 .debug_info    0x000000000001902f      0x9b2 .build/obj_NECOvalCreamPC98_default/usb_descriptor.o
 .debug_info    0x00000000000199e1      0x1c0 .build/obj_NECOvalCreamPC98_default/lib/lufa/LUFA/Drivers/USB/Core/AVR8/Device_AVR8.o
 .debug_info    0x0000000000019ba1     0x1da4 .build/obj_NECOvalCreamPC98_default/lib/lufa/LUFA/Drivers/USB/Core/AVR8/EndpointStream_AVR8.o
 .debug_info    0x000000000001b945      0x75d .build/obj_NECOvalCreamPC98_default/lib/lufa/LUFA/Drivers/USB/Core/AVR8/Endpoint_AVR8.o
 .debug_info    0x000000000001c0a2      0x606 .build/obj_NECOvalCreamPC98_default/lib/lufa/LUFA/Drivers/USB/Core/AVR8/USBController_AVR8.o
 .debug_info    0x000000000001c6a8      0xa43 .build/obj_NECOvalCreamPC98_default/lib/lufa/LUFA/Drivers/USB/Core/AVR8/USBInterrupt_AVR8.o
 .debug_info    0x000000000001d0eb      0xc59 .build/obj_NECOvalCreamPC98_default/lib/lufa/LUFA/Drivers/USB/Core/DeviceStandardReq.o
 .debug_info    0x000000000001dd44       0xe9 .build/obj_NECOvalCreamPC98_default/lib/lufa/LUFA/Drivers/USB/Core/Events.o
 .debug_info    0x000000000001de2d      0x2fb .build/obj_NECOvalCreamPC98_default/lib/lufa/LUFA/Drivers/USB/Core/USBTask.o

.debug_abbrev   0x0000000000000000     0x6536
 *(.debug_abbrev)
 .debug_abbrev  0x0000000000000000      0x910 /usr/lib/gcc/avr/8.3.0/../../../../avr/lib/avr51/crtat90usb1286.o
 .debug_abbrev  0x0000000000000910      0x235 .build/obj_NECOvalCreamPC98_default/keyboards/NECOvalCreamPC98/keymaps/default/keymap.o
 .debug_abbrev  0x0000000000000b45      0x4c9 .build/obj_NECOvalCreamPC98_default/quantum/quantum.o
 .debug_abbrev  0x000000000000100e      0x24a .build/obj_NECOvalCreamPC98_default/quantum/led.o
 .debug_abbrev  0x0000000000001258      0x317 .build/obj_NECOvalCreamPC98_default/quantum/keymap_common.o
 .debug_abbrev  0x000000000000156f      0x119 .build/obj_NECOvalCreamPC98_default/quantum/keycode_config.o
 .debug_abbrev  0x0000000000001688      0x31d .build/obj_NECOvalCreamPC98_default/quantum/matrix_common.o
 .debug_abbrev  0x00000000000019a5      0x376 .build/obj_NECOvalCreamPC98_default/quantum/matrix.o
 .debug_abbrev  0x0000000000001d1b      0x231 .build/obj_NECOvalCreamPC98_default/quantum/debounce/sym_defer_g.o
 .debug_abbrev  0x0000000000001f4c      0x233 .build/obj_NECOvalCreamPC98_default/quantum/process_keycode/process_space_cadet.o
 .debug_abbrev  0x000000000000217f      0x1cf .build/obj_NECOvalCreamPC98_default/quantum/process_keycode/process_magic.o
 .debug_abbrev  0x000000000000234e      0x21d .build/obj_NECOvalCreamPC98_default/quantum/process_keycode/process_grave_esc.o
 .debug_abbrev  0x000000000000256b      0x282 .build/obj_NECOvalCreamPC98_default/common/host.o
 .debug_abbrev  0x00000000000027ed      0x32b .build/obj_NECOvalCreamPC98_default/common/keyboard.o
 .debug_abbrev  0x0000000000002b18      0x4b9 .build/obj_NECOvalCreamPC98_default/common/action.o
 .debug_abbrev  0x0000000000002fd1      0x35f .build/obj_NECOvalCreamPC98_default/common/action_tapping.o
 .debug_abbrev  0x0000000000003330      0x284 .build/obj_NECOvalCreamPC98_default/common/action_macro.o
 .debug_abbrev  0x00000000000035b4      0x30f .build/obj_NECOvalCreamPC98_default/common/action_layer.o
 .debug_abbrev  0x00000000000038c3      0x3a3 .build/obj_NECOvalCreamPC98_default/common/action_util.o
 .debug_abbrev  0x0000000000003c66       0xa2 .build/obj_NECOvalCreamPC98_default/common/debug.o
 .debug_abbrev  0x0000000000003d08      0x135 .build/obj_NECOvalCreamPC98_default/common/eeconfig.o
 .debug_abbrev  0x0000000000003e3d      0x2a9 .build/obj_NECOvalCreamPC98_default/common/report.o
 .debug_abbrev  0x00000000000040e6      0x321 .build/obj_NECOvalCreamPC98_default/common/avr/suspend.o
 .debug_abbrev  0x0000000000004407      0x1ba .build/obj_NECOvalCreamPC98_default/common/avr/timer.o
 .debug_abbrev  0x00000000000045c1      0x26c .build/obj_NECOvalCreamPC98_default/common/avr/bootloader.o
 .debug_abbrev  0x000000000000482d      0x2f5 .build/obj_NECOvalCreamPC98_default/common/bootmagic.o
 .debug_abbrev  0x0000000000004b22      0x2fd .build/obj_NECOvalCreamPC98_default/common/mousekey.o
 .debug_abbrev  0x0000000000004e1f      0x551 .build/obj_NECOvalCreamPC98_default/lufa.o
 .debug_abbrev  0x0000000000005370      0x207 .build/obj_NECOvalCreamPC98_default/usb_descriptor.o
 .debug_abbrev  0x0000000000005577       0xcb .build/obj_NECOvalCreamPC98_default/lib/lufa/LUFA/Drivers/USB/Core/AVR8/Device_AVR8.o
 .debug_abbrev  0x0000000000005642      0x23b .build/obj_NECOvalCreamPC98_default/lib/lufa/LUFA/Drivers/USB/Core/AVR8/EndpointStream_AVR8.o
 .debug_abbrev  0x000000000000587d      0x29d .build/obj_NECOvalCreamPC98_default/lib/lufa/LUFA/Drivers/USB/Core/AVR8/Endpoint_AVR8.o
 .debug_abbrev  0x0000000000005b1a      0x1f5 .build/obj_NECOvalCreamPC98_default/lib/lufa/LUFA/Drivers/USB/Core/AVR8/USBController_AVR8.o
 .debug_abbrev  0x0000000000005d0f      0x2a5 .build/obj_NECOvalCreamPC98_default/lib/lufa/LUFA/Drivers/USB/Core/AVR8/USBInterrupt_AVR8.o
 .debug_abbrev  0x0000000000005fb4      0x346 .build/obj_NECOvalCreamPC98_default/lib/lufa/LUFA/Drivers/USB/Core/DeviceStandardReq.o
 .debug_abbrev  0x00000000000062fa       0x89 .build/obj_NECOvalCreamPC98_default/lib/lufa/LUFA/Drivers/USB/Core/Events.o
 .debug_abbrev  0x0000000000006383      0x1b3 .build/obj_NECOvalCreamPC98_default/lib/lufa/LUFA/Drivers/USB/Core/USBTask.o

.debug_line     0x0000000000000000    0x12bcb
 *(.debug_line .debug_line.* .debug_line_end)
 .debug_line    0x0000000000000000       0x1d /usr/lib/gcc/avr/8.3.0/../../../../avr/lib/avr51/crtat90usb1286.o
 .debug_line    0x000000000000001d      0x2b6 .build/obj_NECOvalCreamPC98_default/keyboards/NECOvalCreamPC98/keymaps/default/keymap.o
 .debug_line    0x00000000000002d3     0x1586 .build/obj_NECOvalCreamPC98_default/quantum/quantum.o
 .debug_line    0x0000000000001859      0x2b4 .build/obj_NECOvalCreamPC98_default/quantum/led.o
 .debug_line    0x0000000000001b0d      0x6f0 .build/obj_NECOvalCreamPC98_default/quantum/keymap_common.o
 .debug_line    0x00000000000021fd      0x57b .build/obj_NECOvalCreamPC98_default/quantum/keycode_config.o
 .debug_line    0x0000000000002778      0x47e .build/obj_NECOvalCreamPC98_default/quantum/matrix_common.o
 .debug_line    0x0000000000002bf6      0x561 .build/obj_NECOvalCreamPC98_default/quantum/matrix.o
 .debug_line    0x0000000000003157      0x320 .build/obj_NECOvalCreamPC98_default/quantum/debounce/sym_defer_g.o
 .debug_line    0x0000000000003477      0x527 .build/obj_NECOvalCreamPC98_default/quantum/process_keycode/process_space_cadet.o
 .debug_line    0x000000000000399e      0x4c7 .build/obj_NECOvalCreamPC98_default/quantum/process_keycode/process_magic.o
 .debug_line    0x0000000000003e65      0x2fe .build/obj_NECOvalCreamPC98_default/quantum/process_keycode/process_grave_esc.o
 .debug_line    0x0000000000004163      0x43c .build/obj_NECOvalCreamPC98_default/common/host.o
 .debug_line    0x000000000000459f      0x591 .build/obj_NECOvalCreamPC98_default/common/keyboard.o
 .debug_line    0x0000000000004b30     0x1636 .build/obj_NECOvalCreamPC98_default/common/action.o
 .debug_line    0x0000000000006166      0xcc3 .build/obj_NECOvalCreamPC98_default/common/action_tapping.o
 .debug_line    0x0000000000006e29      0x48d .build/obj_NECOvalCreamPC98_default/common/action_macro.o
 .debug_line    0x00000000000072b6      0x8f1 .build/obj_NECOvalCreamPC98_default/common/action_layer.o
 .debug_line    0x0000000000007ba7      0xa52 .build/obj_NECOvalCreamPC98_default/common/action_util.o
 .debug_line    0x00000000000085f9       0x60 .build/obj_NECOvalCreamPC98_default/common/debug.o
 .debug_line    0x0000000000008659      0x4e7 .build/obj_NECOvalCreamPC98_default/common/eeconfig.o
 .debug_line    0x0000000000008b40      0x6b5 .build/obj_NECOvalCreamPC98_default/common/report.o
 .debug_line    0x00000000000091f5      0x444 .build/obj_NECOvalCreamPC98_default/common/avr/suspend.o
 .debug_line    0x0000000000009639      0x433 .build/obj_NECOvalCreamPC98_default/common/avr/timer.o
 .debug_line    0x0000000000009a6c      0x2c3 .build/obj_NECOvalCreamPC98_default/common/avr/bootloader.o
 .debug_line    0x0000000000009d2f      0x8d2 .build/obj_NECOvalCreamPC98_default/common/bootmagic.o
 .debug_line    0x000000000000a601      0xf8d .build/obj_NECOvalCreamPC98_default/common/mousekey.o
 .debug_line    0x000000000000b58e     0x1086 .build/obj_NECOvalCreamPC98_default/lufa.o
 .debug_line    0x000000000000c614      0x360 .build/obj_NECOvalCreamPC98_default/usb_descriptor.o
 .debug_line    0x000000000000c974      0x225 .build/obj_NECOvalCreamPC98_default/lib/lufa/LUFA/Drivers/USB/Core/AVR8/Device_AVR8.o
 .debug_line    0x000000000000cb99     0x32bb .build/obj_NECOvalCreamPC98_default/lib/lufa/LUFA/Drivers/USB/Core/AVR8/EndpointStream_AVR8.o
 .debug_line    0x000000000000fe54      0x97f .build/obj_NECOvalCreamPC98_default/lib/lufa/LUFA/Drivers/USB/Core/AVR8/Endpoint_AVR8.o
 .debug_line    0x00000000000107d3      0x67a .build/obj_NECOvalCreamPC98_default/lib/lufa/LUFA/Drivers/USB/Core/AVR8/USBController_AVR8.o
 .debug_line    0x0000000000010e4d      0xd18 .build/obj_NECOvalCreamPC98_default/lib/lufa/LUFA/Drivers/USB/Core/AVR8/USBInterrupt_AVR8.o
 .debug_line    0x0000000000011b65      0xd42 .build/obj_NECOvalCreamPC98_default/lib/lufa/LUFA/Drivers/USB/Core/DeviceStandardReq.o
 .debug_line    0x00000000000128a7       0xd5 .build/obj_NECOvalCreamPC98_default/lib/lufa/LUFA/Drivers/USB/Core/Events.o
 .debug_line    0x000000000001297c      0x24f .build/obj_NECOvalCreamPC98_default/lib/lufa/LUFA/Drivers/USB/Core/USBTask.o

.debug_frame    0x0000000000000000     0x1f6c
 *(.debug_frame)
 .debug_frame   0x0000000000000000       0x54 .build/obj_NECOvalCreamPC98_default/keyboards/NECOvalCreamPC98/keymaps/default/keymap.o
 .debug_frame   0x0000000000000054      0x368 .build/obj_NECOvalCreamPC98_default/quantum/quantum.o
 .debug_frame   0x00000000000003bc       0x7c .build/obj_NECOvalCreamPC98_default/quantum/led.o
 .debug_frame   0x0000000000000438       0x70 .build/obj_NECOvalCreamPC98_default/quantum/keymap_common.o
 .debug_frame   0x00000000000004a8       0x34 .build/obj_NECOvalCreamPC98_default/quantum/keycode_config.o
 .debug_frame   0x00000000000004dc      0x13c .build/obj_NECOvalCreamPC98_default/quantum/matrix_common.o
 .debug_frame   0x0000000000000618       0x80 .build/obj_NECOvalCreamPC98_default/quantum/matrix.o
 .debug_frame   0x0000000000000698       0x60 .build/obj_NECOvalCreamPC98_default/quantum/debounce/sym_defer_g.o
 .debug_frame   0x00000000000006f8       0x70 .build/obj_NECOvalCreamPC98_default/quantum/process_keycode/process_space_cadet.o
 .debug_frame   0x0000000000000768       0x30 .build/obj_NECOvalCreamPC98_default/quantum/process_keycode/process_magic.o
 .debug_frame   0x0000000000000798       0x30 .build/obj_NECOvalCreamPC98_default/quantum/process_keycode/process_grave_esc.o
 .debug_frame   0x00000000000007c8       0xb4 .build/obj_NECOvalCreamPC98_default/common/host.o
 .debug_frame   0x000000000000087c      0x14c .build/obj_NECOvalCreamPC98_default/common/keyboard.o
 .debug_frame   0x00000000000009c8      0x214 .build/obj_NECOvalCreamPC98_default/common/action.o
 .debug_frame   0x0000000000000bdc       0xe4 .build/obj_NECOvalCreamPC98_default/common/action_tapping.o
 .debug_frame   0x0000000000000cc0       0x44 .build/obj_NECOvalCreamPC98_default/common/action_macro.o
 .debug_frame   0x0000000000000d04      0x288 .build/obj_NECOvalCreamPC98_default/common/action_layer.o
 .debug_frame   0x0000000000000f8c      0x2a4 .build/obj_NECOvalCreamPC98_default/common/action_util.o
 .debug_frame   0x0000000000001230      0x1c4 .build/obj_NECOvalCreamPC98_default/common/eeconfig.o
 .debug_frame   0x00000000000013f4       0xc0 .build/obj_NECOvalCreamPC98_default/common/report.o
 .debug_frame   0x00000000000014b4       0xdc .build/obj_NECOvalCreamPC98_default/common/avr/suspend.o
 .debug_frame   0x0000000000001590       0xa8 .build/obj_NECOvalCreamPC98_default/common/avr/timer.o
 .debug_frame   0x0000000000001638       0x34 .build/obj_NECOvalCreamPC98_default/common/avr/bootloader.o
 .debug_frame   0x000000000000166c       0x84 .build/obj_NECOvalCreamPC98_default/common/bootmagic.o
 .debug_frame   0x00000000000016f0       0xa8 .build/obj_NECOvalCreamPC98_default/common/mousekey.o
 .debug_frame   0x0000000000001798      0x120 .build/obj_NECOvalCreamPC98_default/lufa.o
 .debug_frame   0x00000000000018b8       0x24 .build/obj_NECOvalCreamPC98_default/usb_descriptor.o
 .debug_frame   0x00000000000018dc       0x24 .build/obj_NECOvalCreamPC98_default/lib/lufa/LUFA/Drivers/USB/Core/AVR8/Device_AVR8.o
 .debug_frame   0x0000000000001900      0x404 .build/obj_NECOvalCreamPC98_default/lib/lufa/LUFA/Drivers/USB/Core/AVR8/EndpointStream_AVR8.o
 .debug_frame   0x0000000000001d04       0x78 .build/obj_NECOvalCreamPC98_default/lib/lufa/LUFA/Drivers/USB/Core/AVR8/Endpoint_AVR8.o
 .debug_frame   0x0000000000001d7c       0x58 .build/obj_NECOvalCreamPC98_default/lib/lufa/LUFA/Drivers/USB/Core/AVR8/USBController_AVR8.o
 .debug_frame   0x0000000000001dd4       0xec .build/obj_NECOvalCreamPC98_default/lib/lufa/LUFA/Drivers/USB/Core/AVR8/USBInterrupt_AVR8.o
 .debug_frame   0x0000000000001ec0       0x3c .build/obj_NECOvalCreamPC98_default/lib/lufa/LUFA/Drivers/USB/Core/DeviceStandardReq.o
 .debug_frame   0x0000000000001efc       0x44 .build/obj_NECOvalCreamPC98_default/lib/lufa/LUFA/Drivers/USB/Core/Events.o
 .debug_frame   0x0000000000001f40       0x2c .build/obj_NECOvalCreamPC98_default/lib/lufa/LUFA/Drivers/USB/Core/USBTask.o

.debug_str      0x0000000000000000     0x5d6c
 *(.debug_str)
 .debug_str     0x0000000000000000      0x349 /usr/lib/gcc/avr/8.3.0/../../../../avr/lib/avr51/crtat90usb1286.o
 .debug_str     0x0000000000000349     0x1e62 .build/obj_NECOvalCreamPC98_default/keyboards/NECOvalCreamPC98/keymaps/default/keymap.o
                                       0x1f2a (size before relaxing)
 .debug_str     0x00000000000021ab      0x404 .build/obj_NECOvalCreamPC98_default/quantum/quantum.o
                                       0x1fef (size before relaxing)
 .debug_str     0x00000000000025af       0x80 .build/obj_NECOvalCreamPC98_default/quantum/led.o