Archive member included to satisfy reference by file (symbol)

/usr/lib/gcc/avr/8.3.0/../../../../avr/lib/avr51/libm.a(fixunssfsi.o)
                              .build/obj_PanasonicBusinessPartner286_default/protocol/host.o (__fixunssfsi)
/usr/lib/gcc/avr/8.3.0/../../../../avr/lib/avr51/libm.a(fp_split3.o)
                              /usr/lib/gcc/avr/8.3.0/../../../../avr/lib/avr51/libm.a(fixunssfsi.o) (__fp_splitA)
/usr/lib/gcc/avr/8.3.0/../../../../avr/lib/avr51/libm.a(fp_zero.o)
                              /usr/lib/gcc/avr/8.3.0/../../../../avr/lib/avr51/libm.a(fixunssfsi.o) (__fp_zero)
/usr/lib/gcc/avr/8.3.0/../../../../avr/lib/avr51/libm.a(mulsf3.o)
                              .build/obj_PanasonicBusinessPartner286_default/protocol/host.o (__mulsf3)
/usr/lib/gcc/avr/8.3.0/../../../../avr/lib/avr51/libm.a(mulsf3x.o)
                              /usr/lib/gcc/avr/8.3.0/../../../../avr/lib/avr51/libm.a(mulsf3.o) (__mulsf3x)
/usr/lib/gcc/avr/8.3.0/../../../../avr/lib/avr51/libm.a(fp_inf.o)
                              /usr/lib/gcc/avr/8.3.0/../../../../avr/lib/avr51/libm.a(mulsf3x.o) (__fp_inf)
/usr/lib/gcc/avr/8.3.0/../../../../avr/lib/avr51/libm.a(fp_nan.o)
                              /usr/lib/gcc/avr/8.3.0/../../../../avr/lib/avr51/libm.a(mulsf3x.o) (__fp_nan)
/usr/lib/gcc/avr/8.3.0/../../../../avr/lib/avr51/libm.a(fp_pscA.o)
                              /usr/lib/gcc/avr/8.3.0/../../../../avr/lib/avr51/libm.a(mulsf3x.o) (__fp_pscA)
/usr/lib/gcc/avr/8.3.0/../../../../avr/lib/avr51/libm.a(fp_pscB.o)
                              /usr/lib/gcc/avr/8.3.0/../../../../avr/lib/avr51/libm.a(mulsf3x.o) (__fp_pscB)
/usr/lib/gcc/avr/8.3.0/../../../../avr/lib/avr51/libm.a(fp_round.o)
                              /usr/lib/gcc/avr/8.3.0/../../../../avr/lib/avr51/libm.a(mulsf3.o) (__fp_round)
/usr/lib/gcc/avr/8.3.0/avr51/libgcc.a(_divmodhi4.o)
                              .build/obj_PanasonicBusinessPartner286_default/quantum/send_string.o (__divmodhi4)
/usr/lib/gcc/avr/8.3.0/avr51/libgcc.a(_udivmodsi4.o)
                              .build/obj_PanasonicBusinessPartner286_default/quantum/quantum.o (__udivmodsi4)
/usr/lib/gcc/avr/8.3.0/avr51/libgcc.a(_exit.o)
                              /usr/lib/gcc/avr/8.3.0/../../../../avr/lib/avr51/crtat90usb1286.o (exit)
/usr/lib/gcc/avr/8.3.0/avr51/libgcc.a(_tablejump2.o)
                              .build/obj_PanasonicBusinessPartner286_default/quantum/action.o (__tablejump2__)
/usr/lib/gcc/avr/8.3.0/avr51/libgcc.a(_copy_data.o)
                              .build/obj_PanasonicBusinessPartner286_default/quantum/quantum.o (__do_copy_data)
/usr/lib/gcc/avr/8.3.0/avr51/libgcc.a(_clear_bss.o)
                              .build/obj_PanasonicBusinessPartner286_default/quantum/quantum.o (__do_clear_bss)
/usr/lib/gcc/avr/8.3.0/avr51/libgcc.a(_udivmodhi4.o)
                              /usr/lib/gcc/avr/8.3.0/avr51/libgcc.a(_divmodhi4.o) (__udivmodhi4)
/usr/lib/gcc/avr/8.3.0/../../../../avr/lib/avr51/libc.a(rand.o)
                              .build/obj_PanasonicBusinessPartner286_default/quantum/send_string.o (rand)
/usr/lib/gcc/avr/8.3.0/../../../../avr/lib/avr51/libc.a(memcmp.o)
                              .build/obj_PanasonicBusinessPartner286_default/quantum/action_util.o (memcmp)
/usr/lib/gcc/avr/8.3.0/../../../../avr/lib/avr51/libat90usb1286.a(eerd_byte.o)
                              .build/obj_PanasonicBusinessPartner286_default/quantum/eeconfig.o (eeprom_read_byte)
/usr/lib/gcc/avr/8.3.0/../../../../avr/lib/avr51/libat90usb1286.a(eerd_dword.o)
                              .build/obj_PanasonicBusinessPartner286_default/quantum/eeconfig.o (eeprom_read_dword)
/usr/lib/gcc/avr/8.3.0/../../../../avr/lib/avr51/libat90usb1286.a(eerd_word.o)
                              .build/obj_PanasonicBusinessPartner286_default/quantum/eeconfig.o (eeprom_read_word)
/usr/lib/gcc/avr/8.3.0/../../../../avr/lib/avr51/libat90usb1286.a(eeupd_byte.o)
                              .build/obj_PanasonicBusinessPartner286_default/quantum/eeconfig.o (eeprom_update_byte)
/usr/lib/gcc/avr/8.3.0/../../../../avr/lib/avr51/libat90usb1286.a(eeupd_dword.o)
                              .build/obj_PanasonicBusinessPartner286_default/quantum/eeconfig.o (eeprom_update_dword)
/usr/lib/gcc/avr/8.3.0/../../../../avr/lib/avr51/libat90usb1286.a(eeupd_word.o)
                              .build/obj_PanasonicBusinessPartner286_default/quantum/eeconfig.o (eeprom_update_word)
/usr/lib/gcc/avr/8.3.0/../../../../avr/lib/avr51/libat90usb1286.a(eerd_block.o)
                              /usr/lib/gcc/avr/8.3.0/../../../../avr/lib/avr51/libat90usb1286.a(eerd_dword.o) (eeprom_read_blraw)
/usr/lib/gcc/avr/8.3.0/avr51/libgcc.a(_divmodsi4.o)
                              /usr/lib/gcc/avr/8.3.0/../../../../avr/lib/avr51/libc.a(rand.o) (__divmodsi4)
/usr/lib/gcc/avr/8.3.0/avr51/libgcc.a(_negsi2.o)
                              /usr/lib/gcc/avr/8.3.0/avr51/libgcc.a(_divmodsi4.o) (__negsi2)
[...]
Memory Configuration

Name             Origin             Length             Attributes
text             0x0000000000000000 0x0000000000020000 xr
data             0x0000000000800100 0x000000000000ff00 rw !x
eeprom           0x0000000000810000 0x0000000000010000 rw !x
fuse             0x0000000000820000 0x0000000000000003 rw !x
lock             0x0000000000830000 0x0000000000000400 rw !x
signature        0x0000000000840000 0x0000000000000400 rw !x
user_signatures  0x0000000000850000 0x0000000000000400 rw !x
*default*        0x0000000000000000 0xffffffffffffffff

Linker script and memory map

Address of section .data set to 0x800100
LOAD /usr/lib/gcc/avr/8.3.0/../../../../avr/lib/avr51/crtat90usb1286.o
LOAD .build/obj_PanasonicBusinessPartner286_default/keyboards/PanasonicBusinessPartner286/PanasonicBusinessPartner286.o
LOAD .build/obj_PanasonicBusinessPartner286_default/keyboards/PanasonicBusinessPartner286/keymaps/default/keymap.o
LOAD .build/obj_PanasonicBusinessPartner286_default/quantum/quantum.o
LOAD .build/obj_PanasonicBusinessPartner286_default/quantum/send_string.o
LOAD .build/obj_PanasonicBusinessPartner286_default/quantum/bitwise.o
LOAD .build/obj_PanasonicBusinessPartner286_default/quantum/led.o
LOAD .build/obj_PanasonicBusinessPartner286_default/quantum/action.o
LOAD .build/obj_PanasonicBusinessPartner286_default/quantum/action_layer.o
LOAD .build/obj_PanasonicBusinessPartner286_default/quantum/action_tapping.o
LOAD .build/obj_PanasonicBusinessPartner286_default/quantum/action_util.o
LOAD .build/obj_PanasonicBusinessPartner286_default/quantum/eeconfig.o
LOAD .build/obj_PanasonicBusinessPartner286_default/quantum/keyboard.o
LOAD .build/obj_PanasonicBusinessPartner286_default/quantum/keymap_common.o
LOAD .build/obj_PanasonicBusinessPartner286_default/quantum/keycode_config.o
LOAD .build/obj_PanasonicBusinessPartner286_default/quantum/sync_timer.o
LOAD .build/obj_PanasonicBusinessPartner286_default/quantum/logging/debug.o
LOAD .build/obj_PanasonicBusinessPartner286_default/quantum/logging/sendchar.o
LOAD .build/obj_PanasonicBusinessPartner286_default/quantum/bootmagic/bootmagic_lite.o
LOAD .build/obj_PanasonicBusinessPartner286_default/quantum/bootmagic/magic.o
LOAD .build/obj_PanasonicBusinessPartner286_default/quantum/matrix_common.o
LOAD .build/obj_PanasonicBusinessPartner286_default/quantum/matrix.o
LOAD .build/obj_PanasonicBusinessPartner286_default/quantum/debounce/sym_defer_g.o
LOAD .build/obj_PanasonicBusinessPartner286_default/quantum/main.o
LOAD .build/obj_PanasonicBusinessPartner286_default/quantum/mousekey.o
LOAD .build/obj_PanasonicBusinessPartner286_default/quantum/process_keycode/process_magic.o
LOAD .build/obj_PanasonicBusinessPartner286_default/quantum/process_keycode/process_grave_esc.o
LOAD .build/obj_PanasonicBusinessPartner286_default/quantum/process_keycode/process_space_cadet.o
LOAD .build/obj_PanasonicBusinessPartner286_default/platforms/avr/xprintf.o
LOAD .build/obj_PanasonicBusinessPartner286_default/platforms/avr/printf.o
LOAD .build/obj_PanasonicBusinessPartner286_default/protocol/host.o
LOAD .build/obj_PanasonicBusinessPartner286_default/protocol/report.o
LOAD .build/obj_PanasonicBusinessPartner286_default/protocol/usb_device_state.o
LOAD .build/obj_PanasonicBusinessPartner286_default/protocol/usb_util.o
LOAD .build/obj_PanasonicBusinessPartner286_default/platforms/suspend.o
LOAD .build/obj_PanasonicBusinessPartner286_default/platforms/avr/platform.o
LOAD .build/obj_PanasonicBusinessPartner286_default/platforms/avr/suspend.o
LOAD .build/obj_PanasonicBusinessPartner286_default/platforms/avr/timer.o
LOAD .build/obj_PanasonicBusinessPartner286_default/platforms/avr/bootloaders/halfkay.o
LOAD .build/obj_PanasonicBusinessPartner286_default/lufa.o
LOAD .build/obj_PanasonicBusinessPartner286_default/usb_descriptor.o
LOAD .build/obj_PanasonicBusinessPartner286_default/lib/lufa/LUFA/Drivers/USB/Class/Common/HIDParser.o
LOAD .build/obj_PanasonicBusinessPartner286_default/lib/lufa/LUFA/Drivers/USB/Core/AVR8/Device_AVR8.o
LOAD .build/obj_PanasonicBusinessPartner286_default/lib/lufa/LUFA/Drivers/USB/Core/AVR8/EndpointStream_AVR8.o
LOAD .build/obj_PanasonicBusinessPartner286_default/lib/lufa/LUFA/Drivers/USB/Core/AVR8/Endpoint_AVR8.o
LOAD .build/obj_PanasonicBusinessPartner286_default/lib/lufa/LUFA/Drivers/USB/Core/AVR8/Host_AVR8.o
LOAD .build/obj_PanasonicBusinessPartner286_default/lib/lufa/LUFA/Drivers/USB/Core/AVR8/PipeStream_AVR8.o
LOAD .build/obj_PanasonicBusinessPartner286_default/lib/lufa/LUFA/Drivers/USB/Core/AVR8/Pipe_AVR8.o
LOAD .build/obj_PanasonicBusinessPartner286_default/lib/lufa/LUFA/Drivers/USB/Core/AVR8/USBController_AVR8.o
LOAD .build/obj_PanasonicBusinessPartner286_default/lib/lufa/LUFA/Drivers/USB/Core/AVR8/USBInterrupt_AVR8.o
LOAD .build/obj_PanasonicBusinessPartner286_default/lib/lufa/LUFA/Drivers/USB/Core/ConfigDescriptors.o
LOAD .build/obj_PanasonicBusinessPartner286_default/lib/lufa/LUFA/Drivers/USB/Core/DeviceStandardReq.o
LOAD .build/obj_PanasonicBusinessPartner286_default/lib/lufa/LUFA/Drivers/USB/Core/Events.o
LOAD .build/obj_PanasonicBusinessPartner286_default/lib/lufa/LUFA/Drivers/USB/Core/HostStandardReq.o
LOAD .build/obj_PanasonicBusinessPartner286_default/lib/lufa/LUFA/Drivers/USB/Core/USBTask.o
LOAD .build/obj_PanasonicBusinessPartner286_default/protocol/lufa/usb_util.o
LOAD /usr/lib/gcc/avr/8.3.0/../../../../avr/lib/avr51/libm.a
START GROUP
LOAD /usr/lib/gcc/avr/8.3.0/avr51/libgcc.a
LOAD /usr/lib/gcc/avr/8.3.0/../../../../avr/lib/avr51/libm.a
LOAD /usr/lib/gcc/avr/8.3.0/../../../../avr/lib/avr51/libc.a
LOAD /usr/lib/gcc/avr/8.3.0/../../../../avr/lib/avr51/libat90usb1286.a
END GROUP
                0x0000000000020000                __TEXT_REGION_LENGTH__ = DEFINED (__TEXT_REGION_LENGTH__)?__TEXT_REGION_LENGTH__:0x20000
                0x000000000000ff00                __DATA_REGION_LENGTH__ = DEFINED (__DATA_REGION_LENGTH__)?__DATA_REGION_LENGTH__:0xff00
                0x0000000000010000                __EEPROM_REGION_LENGTH__ = DEFINED (__EEPROM_REGION_LENGTH__)?__EEPROM_REGION_LENGTH__:0x10000
                [0x0000000000000003]                __FUSE_REGION_LENGTH__ = DEFINED (__FUSE_REGION_LENGTH__)?__FUSE_REGION_LENGTH__:0x400
                0x0000000000000400                __LOCK_REGION_LENGTH__ = DEFINED (__LOCK_REGION_LENGTH__)?__LOCK_REGION_LENGTH__:0x400
                0x0000000000000400                __SIGNATURE_REGION_LENGTH__ = DEFINED (__SIGNATURE_REGION_LENGTH__)?__SIGNATURE_REGION_LENGTH__:0x400
                0x0000000000000400                __USER_SIGNATURE_REGION_LENGTH__ = DEFINED (__USER_SIGNATURE_REGION_LENGTH__)?__USER_SIGNATURE_REGION_LENGTH__:0x400

.hash
 *(.hash)

.dynsym
 *(.dynsym)

.dynstr
 *(.dynstr)

.gnu.version
 *(.gnu.version)

.gnu.version_d
 *(.gnu.version_d)

.gnu.version_r
 *(.gnu.version_r)

.rel.init
 *(.rel.init)

.rela.init
 *(.rela.init)

.rel.text
 *(.rel.text)
 *(.rel.text.*)
 *(.rel.gnu.linkonce.t*)

.rela.text
 *(.rela.text)
 *(.rela.text.*)
 *(.rela.gnu.linkonce.t*)

.rel.fini
 *(.rel.fini)

.rela.fini
 *(.rela.fini)

.rel.rodata
 *(.rel.rodata)
 *(.rel.rodata.*)
 *(.rel.gnu.linkonce.r*)

.rela.rodata
 *(.rela.rodata)
 *(.rela.rodata.*)
 *(.rela.gnu.linkonce.r*)

.rel.data
 *(.rel.data)
 *(.rel.data.*)
 *(.rel.gnu.linkonce.d*)

.rela.data
 *(.rela.data)
 *(.rela.data.*)
 *(.rela.gnu.linkonce.d*)

.rel.ctors
 *(.rel.ctors)

.rela.ctors
 *(.rela.ctors)

.rel.dtors
 *(.rel.dtors)

.rela.dtors
 *(.rela.dtors)

.rel.got
 *(.rel.got)

.rela.got
 *(.rela.got)

.rel.bss
 *(.rel.bss)

.rela.bss
 *(.rela.bss)

.rel.plt
 *(.rel.plt)

.rela.plt
 *(.rela.plt)

.text           0x0000000000000000     0x406e
 *(.vectors)
 .vectors       0x0000000000000000       0x98 /usr/lib/gcc/avr/8.3.0/../../../../avr/lib/avr51/crtat90usb1286.o
                0x0000000000000000                __vectors
                0x0000000000000000                __vector_default
 *(.vectors)
 *(.progmem.gcc*)
                0x0000000000000098                . = ALIGN (0x2)
                0x0000000000000098                __trampolines_start = .
 *(.trampolines)
 .trampolines   0x0000000000000098        0x0 linker stubs
 *(.trampolines*)
                0x0000000000000098                __trampolines_end = .
 *libprintf_flt.a:*(.progmem.data)
 *libc.a:*(.progmem.data)
 *(.progmem.*)
 .progmem.data.keymaps
                0x0000000000000098      0x200 .build/obj_PanasonicBusinessPartner286_default/keyboards/PanasonicBusinessPartner286/keymaps/default/keymap.o
                0x0000000000000098                keymaps
 .progmem.data.ProductString
                0x0000000000000298       0x30 .build/obj_PanasonicBusinessPartner286_default/usb_descriptor.o
                0x0000000000000298                ProductString
 .progmem.data.ManufacturerString
                0x00000000000002c8       0x1a .build/obj_PanasonicBusinessPartner286_default/usb_descriptor.o
                0x00000000000002c8                ManufacturerString
 .progmem.data.LanguageString
                0x00000000000002e2        0x4 .build/obj_PanasonicBusinessPartner286_default/usb_descriptor.o
                0x00000000000002e2                LanguageString
 .progmem.data.ConfigurationDescriptor
                0x00000000000002e6       0x3b .build/obj_PanasonicBusinessPartner286_default/usb_descriptor.o
                0x00000000000002e6                ConfigurationDescriptor
 .progmem.data.DeviceDescriptor
                0x0000000000000321       0x12 .build/obj_PanasonicBusinessPartner286_default/usb_descriptor.o
                0x0000000000000321                DeviceDescriptor
 .progmem.data.SharedReport
                0x0000000000000333       0xb6 .build/obj_PanasonicBusinessPartner286_default/usb_descriptor.o
                0x0000000000000333                SharedReport
 .progmem.data.KeyboardReport
                0x00000000000003e9       0x40 .build/obj_PanasonicBusinessPartner286_default/usb_descriptor.o
                0x00000000000003e9                KeyboardReport
                0x000000000000042a                . = ALIGN (0x2)
 *fill*         0x0000000000000429        0x1 
 *(.lowtext)
 *(.lowtext*)
                0x000000000000042a                __ctors_start = .
 *(.ctors)
                0x000000000000042a                __ctors_end = .
                0x000000000000042a                __dtors_start = .
 *(.dtors)
                0x000000000000042a                __dtors_end = .
 SORT_BY_NAME(*)(.ctors)
 SORT_BY_NAME(*)(.dtors)
 *(.init0)
 .init0         0x000000000000042a        0x0 /usr/lib/gcc/avr/8.3.0/../../../../avr/lib/avr51/crtat90usb1286.o
                0x000000000000042a                __init
 *(.init0)
 *(.init1)
 *(.init1)
 *(.init2)
 .init2         0x000000000000042a        0xc /usr/lib/gcc/avr/8.3.0/../../../../avr/lib/avr51/crtat90usb1286.o
 *(.init2)
 *(.init3)
 *(.init3)
 *(.init4)
 .init4         0x0000000000000436       0x1a /usr/lib/gcc/avr/8.3.0/avr51/libgcc.a(_copy_data.o)
                0x0000000000000436                __do_copy_data
 .init4         0x0000000000000450       0x10 /usr/lib/gcc/avr/8.3.0/avr51/libgcc.a(_clear_bss.o)
                0x0000000000000450                __do_clear_bss
 *(.init4)
 *(.init5)
 *(.init5)
 *(.init6)
 *(.init6)
 *(.init7)
 *(.init7)
 *(.init8)
 *(.init8)
 *(.init9)
 .init9         0x0000000000000460        0x8 /usr/lib/gcc/avr/8.3.0/../../../../avr/lib/avr51/crtat90usb1286.o
 *(.init9)
 *(.text)
 .text          0x0000000000000468        0x4 /usr/lib/gcc/avr/8.3.0/../../../../avr/lib/avr51/crtat90usb1286.o
                0x0000000000000468                __vector_22
                0x0000000000000468                __vector_28
                0x0000000000000468                __vector_1
                0x0000000000000468                __vector_32
                0x0000000000000468                __vector_34
                0x0000000000000468                __vector_24
                0x0000000000000468                __bad_interrupt
                0x0000000000000468                __vector_6
                0x0000000000000468                __vector_31
                0x0000000000000468                __vector_35
                0x0000000000000468                __vector_3
                0x0000000000000468                __vector_23
                0x0000000000000468                __vector_30
                0x0000000000000468                __vector_25
                0x0000000000000468                __vector_13
                0x0000000000000468                __vector_17
                0x0000000000000468                __vector_19
                0x0000000000000468                __vector_7
                0x0000000000000468                __vector_27
                0x0000000000000468                __vector_5
                0x0000000000000468                __vector_33
                0x0000000000000468                __vector_37
                0x0000000000000468                __vector_4
                0x0000000000000468                __vector_9
                0x0000000000000468                __vector_2
                0x0000000000000468                __vector_15
                0x0000000000000468                __vector_36
                0x0000000000000468                __vector_29
                0x0000000000000468                __vector_8
                0x0000000000000468                __vector_26
                0x0000000000000468                __vector_14
                0x0000000000000468                __vector_16
                0x0000000000000468                __vector_18
                0x0000000000000468                __vector_20
                0x000000000000046c                . = ALIGN (0x2)
 *(.text.*)
 .text.matrix_init_user
                0x000000000000046c        0xe .build/obj_PanasonicBusinessPartner286_default/keyboards/PanasonicBusinessPartner286/keymaps/default/keymap.o
                0x000000000000046c                matrix_init_user
 .text.led_update_kb
                0x000000000000047a       0x2e .build/obj_PanasonicBusinessPartner286_default/keyboards/PanasonicBusinessPartner286/keymaps/default/keymap.o
                0x000000000000047a                led_update_kb
 .text.process_action_kb
                0x00000000000004a8        0x4 .build/obj_PanasonicBusinessPartner286_default/quantum/quantum.o
                0x00000000000004a8                process_action_kb
 .text.process_record_user
                0x00000000000004ac        0x4 .build/obj_PanasonicBusinessPartner286_default/quantum/quantum.o
                0x00000000000004ac                process_record_user
 .text.process_record_kb
                0x00000000000004b0        0x4 .build/obj_PanasonicBusinessPartner286_default/quantum/quantum.o
                0x00000000000004b0                process_record_kb
 .text.post_process_record_user
                0x00000000000004b4        0x2 .build/obj_PanasonicBusinessPartner286_default/quantum/quantum.o
                0x00000000000004b4                post_process_record_user
 .text.post_process_record_kb
                0x00000000000004b6        0x4 .build/obj_PanasonicBusinessPartner286_default/quantum/quantum.o
                0x00000000000004b6                post_process_record_kb
 .text.get_event_keycode
                0x00000000000004ba       0x66 .build/obj_PanasonicBusinessPartner286_default/quantum/quantum.o
                0x00000000000004ba                get_event_keycode
 .text.get_record_keycode
                0x0000000000000520       0x12 .build/obj_PanasonicBusinessPartner286_default/quantum/quantum.o
                0x0000000000000520                get_record_keycode
 .text.pre_process_record_quantum
                0x0000000000000532        0x4 .build/obj_PanasonicBusinessPartner286_default/quantum/quantum.o
                0x0000000000000532                pre_process_record_quantum
 .text.post_process_record_quantum
                0x0000000000000536       0x16 .build/obj_PanasonicBusinessPartner286_default/quantum/quantum.o
                0x0000000000000536                post_process_record_quantum
 .text.matrix_init_quantum
                0x000000000000054c        0x4 .build/obj_PanasonicBusinessPartner286_default/quantum/quantum.o
                0x000000000000054c                matrix_init_quantum
 .text.matrix_scan_quantum
                0x0000000000000550        0x4 .build/obj_PanasonicBusinessPartner286_default/quantum/quantum.o
                0x0000000000000550                matrix_scan_quantum
 .text.shutdown_user
                0x0000000000000554        0x2 .build/obj_PanasonicBusinessPartner286_default/quantum/quantum.o
                0x0000000000000554                shutdown_user
 .text.reset_keyboard
                0x0000000000000556       0x1e .build/obj_PanasonicBusinessPartner286_default/quantum/quantum.o
                0x0000000000000556                reset_keyboard
 .text.process_record_quantum
                0x0000000000000574       0xa4 .build/obj_PanasonicBusinessPartner286_default/quantum/quantum.o
                0x0000000000000574                process_record_quantum
 .text.suspend_power_down_quantum
                0x0000000000000618        0x8 .build/obj_PanasonicBusinessPartner286_default/quantum/quantum.o
                0x0000000000000618                suspend_power_down_quantum
 .text.suspend_wakeup_init_quantum
                0x0000000000000620        0x8 .build/obj_PanasonicBusinessPartner286_default/quantum/quantum.o
                0x0000000000000620                suspend_wakeup_init_quantum
 .text.led_set_user
                0x0000000000000628        0x2 .build/obj_PanasonicBusinessPartner286_default/quantum/led.o
                0x0000000000000628                led_set_user
 .text.led_set_kb
                0x000000000000062a        0x4 .build/obj_PanasonicBusinessPartner286_default/quantum/led.o
                0x000000000000062a                led_set_kb
 .text.led_update_user
                0x000000000000062e        0x4 .build/obj_PanasonicBusinessPartner286_default/quantum/led.o
                0x000000000000062e                led_update_user
 .text.led_init_ports
                0x0000000000000632        0x2 .build/obj_PanasonicBusinessPartner286_default/quantum/led.o
                0x0000000000000632                led_init_ports
 .text.led_set  0x0000000000000634       0x10 .build/obj_PanasonicBusinessPartner286_default/quantum/led.o
                0x0000000000000634                led_set
 .text.led_suspend
                0x0000000000000644        0x6 .build/obj_PanasonicBusinessPartner286_default/quantum/led.o
                0x0000000000000644                led_suspend
 .text.led_wakeup
                0x000000000000064a        0x8 .build/obj_PanasonicBusinessPartner286_default/quantum/led.o
                0x000000000000064a                led_wakeup
 .text.led_task
                0x0000000000000652       0x16 .build/obj_PanasonicBusinessPartner286_default/quantum/led.o
                0x0000000000000652                led_task
 .text.action_exec
                0x0000000000000668       0x7c .build/obj_PanasonicBusinessPartner286_default/quantum/action.o
                0x0000000000000668                action_exec
 .text.process_record_tap_hint
                0x00000000000006e4        0xa .build/obj_PanasonicBusinessPartner286_default/quantum/action.o
                0x00000000000006e4                process_record_tap_hint
 .text.register_code
                0x00000000000006ee       0x9c .build/obj_PanasonicBusinessPartner286_default/quantum/action.o
                0x00000000000006ee                register_code
 .text.unregister_code
                0x000000000000078a       0x5e .build/obj_PanasonicBusinessPartner286_default/quantum/action.o
                0x000000000000078a                unregister_code
 .text.tap_code_delay
                0x00000000000007e8       0x2e .build/obj_PanasonicBusinessPartner286_default/quantum/action.o
                0x00000000000007e8                tap_code_delay
 .text.tap_code
                0x0000000000000816       0x10 .build/obj_PanasonicBusinessPartner286_default/quantum/action.o
                0x0000000000000816                tap_code
 .text.register_mods
                0x0000000000000826        0xe .build/obj_PanasonicBusinessPartner286_default/quantum/action.o
                0x0000000000000826                register_mods
 .text.unregister_mods
                0x0000000000000834        0xe .build/obj_PanasonicBusinessPartner286_default/quantum/action.o
                0x0000000000000834                unregister_mods
 .text.process_action
                0x0000000000000842      0x44c .build/obj_PanasonicBusinessPartner286_default/quantum/action.o
                0x0000000000000842                process_action
 .text.process_record_handler
                0x0000000000000c8e       0x2e .build/obj_PanasonicBusinessPartner286_default/quantum/action.o
                0x0000000000000c8e                process_record_handler
 .text.process_record
                0x0000000000000cbc       0x58 .build/obj_PanasonicBusinessPartner286_default/quantum/action.o
                0x0000000000000cbc                process_record
 .text.clear_keyboard_but_mods_and_keys
                0x0000000000000d14       0x20 .build/obj_PanasonicBusinessPartner286_default/quantum/action.o
                0x0000000000000d14                clear_keyboard_but_mods_and_keys
 .text.clear_keyboard_but_mods
                0x0000000000000d34        0x8 .build/obj_PanasonicBusinessPartner286_default/quantum/action.o
                0x0000000000000d34                clear_keyboard_but_mods
 .text.clear_keyboard
                0x0000000000000d3c        0x8 .build/obj_PanasonicBusinessPartner286_default/quantum/action.o
                0x0000000000000d3c                clear_keyboard
 .text.is_tap_action
                0x0000000000000d44       0x36 .build/obj_PanasonicBusinessPartner286_default/quantum/action.o
                0x0000000000000d44                is_tap_action
 .text.is_tap_record
                0x0000000000000d7a        0xe .build/obj_PanasonicBusinessPartner286_default/quantum/action.o
                0x0000000000000d7a                is_tap_record
 .text.debug_event
                0x0000000000000d88       0x1e .build/obj_PanasonicBusinessPartner286_default/quantum/action.o
                0x0000000000000d88                debug_event
 .text.debug_record
                0x0000000000000da6       0x20 .build/obj_PanasonicBusinessPartner286_default/quantum/action.o
                0x0000000000000da6                debug_record
 .text.default_layer_state_set_user
                0x0000000000000dc6        0x2 .build/obj_PanasonicBusinessPartner286_default/quantum/action_layer.o
                0x0000000000000dc6                default_layer_state_set_user
 .text.default_layer_state_set_kb
                0x0000000000000dc8        0x4 .build/obj_PanasonicBusinessPartner286_default/quantum/action_layer.o
                0x0000000000000dc8                default_layer_state_set_kb
 .text.default_layer_state_set
                0x0000000000000dcc       0x18 .build/obj_PanasonicBusinessPartner286_default/quantum/action_layer.o
 .text.default_layer_debug
                0x0000000000000de4        0x2 .build/obj_PanasonicBusinessPartner286_default/quantum/action_layer.o
                0x0000000000000de4                default_layer_debug
 .text.default_layer_set
                0x0000000000000de6        0x4 .build/obj_PanasonicBusinessPartner286_default/quantum/action_layer.o
                0x0000000000000de6                default_layer_set
 .text.default_layer_or
                0x0000000000000dea       0x24 .build/obj_PanasonicBusinessPartner286_default/quantum/action_layer.o
                0x0000000000000dea                default_layer_or
 .text.default_layer_and
                0x0000000000000e0e       0x24 .build/obj_PanasonicBusinessPartner286_default/quantum/action_layer.o
                0x0000000000000e0e                default_layer_and
 .text.default_layer_xor
                0x0000000000000e32       0x24 .build/obj_PanasonicBusinessPartner286_default/quantum/action_layer.o
                0x0000000000000e32                default_layer_xor
 .text.layer_state_set_user
                0x0000000000000e56        0x4 .build/obj_PanasonicBusinessPartner286_default/quantum/action_layer.o
                0x0000000000000e56                layer_state_set_user
 .text.layer_state_set_kb
                0x0000000000000e5a        0x4 .build/obj_PanasonicBusinessPartner286_default/quantum/action_layer.o
                0x0000000000000e5a                layer_state_set_kb
 .text.layer_state_set
                0x0000000000000e5e       0x18 .build/obj_PanasonicBusinessPartner286_default/quantum/action_layer.o
                0x0000000000000e5e                layer_state_set
 .text.layer_clear
                0x0000000000000e76        0xa .build/obj_PanasonicBusinessPartner286_default/quantum/action_layer.o
                0x0000000000000e76                layer_clear
 .text.layer_move
                0x0000000000000e80       0x2a .build/obj_PanasonicBusinessPartner286_default/quantum/action_layer.o
                0x0000000000000e80                layer_move
 .text.layer_on
                0x0000000000000eaa       0x42 .build/obj_PanasonicBusinessPartner286_default/quantum/action_layer.o
                0x0000000000000eaa                layer_on
 .text.layer_off
                0x0000000000000eec       0x46 .build/obj_PanasonicBusinessPartner286_default/quantum/action_layer.o
                0x0000000000000eec                layer_off
 .text.layer_invert
                0x0000000000000f32       0x42 .build/obj_PanasonicBusinessPartner286_default/quantum/action_layer.o
                0x0000000000000f32                layer_invert
 .text.layer_or
                0x0000000000000f74       0x24 .build/obj_PanasonicBusinessPartner286_default/quantum/action_layer.o
                0x0000000000000f74                layer_or
 .text.layer_and
                0x0000000000000f98       0x24 .build/obj_PanasonicBusinessPartner286_default/quantum/action_layer.o
                0x0000000000000f98                layer_and
 .text.layer_xor
                0x0000000000000fbc       0x24 .build/obj_PanasonicBusinessPartner286_default/quantum/action_layer.o
                0x0000000000000fbc                layer_xor
 .text.layer_debug
                0x0000000000000fe0        0x2 .build/obj_PanasonicBusinessPartner286_default/quantum/action_layer.o
                0x0000000000000fe0                layer_debug
 .text.update_source_layers_cache
                0x0000000000000fe2       0x58 .build/obj_PanasonicBusinessPartner286_default/quantum/action_layer.o
                0x0000000000000fe2                update_source_layers_cache
 .text.read_source_layers_cache
                0x000000000000103a       0x4e .build/obj_PanasonicBusinessPartner286_default/quantum/action_layer.o
                0x000000000000103a                read_source_layers_cache
 .text.layer_switch_get_layer
                0x0000000000001088       0x84 .build/obj_PanasonicBusinessPartner286_default/quantum/action_layer.o
                0x0000000000001088                layer_switch_get_layer
 .text.layer_switch_get_action
                0x000000000000110c       0x14 .build/obj_PanasonicBusinessPartner286_default/quantum/action_layer.o
                0x000000000000110c                layer_switch_get_action
 .text.store_or_get_action
                0x0000000000001120       0x48 .build/obj_PanasonicBusinessPartner286_default/quantum/action_layer.o
                0x0000000000001120                store_or_get_action
 .text.debug_waiting_buffer
                0x0000000000001168       0x42 .build/obj_PanasonicBusinessPartner286_default/quantum/action_tapping.o
 .text.debug_tapping_key
                0x00000000000011aa       0x1c .build/obj_PanasonicBusinessPartner286_default/quantum/action_tapping.o
 .text.waiting_buffer_scan_tap
                0x00000000000011c6       0xc2 .build/obj_PanasonicBusinessPartner286_default/quantum/action_tapping.o
 .text.process_tapping
                0x0000000000001288      0x348 .build/obj_PanasonicBusinessPartner286_default/quantum/action_tapping.o
 .text.action_tapping_process
                0x00000000000015d0      0x134 .build/obj_PanasonicBusinessPartner286_default/quantum/action_tapping.o
                0x00000000000015d0                action_tapping_process
 .text.add_key  0x0000000000001704        0xe .build/obj_PanasonicBusinessPartner286_default/quantum/action_util.o
                0x0000000000001704                add_key
 .text.del_key  0x0000000000001712        0xe .build/obj_PanasonicBusinessPartner286_default/quantum/action_util.o
                0x0000000000001712                del_key
 .text.clear_keys
                0x0000000000001720        0xc .build/obj_PanasonicBusinessPartner286_default/quantum/action_util.o
                0x0000000000001720                clear_keys
 .text.get_oneshot_layer
                0x000000000000172c        0xc .build/obj_PanasonicBusinessPartner286_default/quantum/action_util.o
                0x000000000000172c                get_oneshot_layer
 .text.get_oneshot_layer_state
                0x0000000000001738        0x8 .build/obj_PanasonicBusinessPartner286_default/quantum/action_util.o
                0x0000000000001738                get_oneshot_layer_state
 .text.is_oneshot_layer_active
                0x0000000000001740        0xe .build/obj_PanasonicBusinessPartner286_default/quantum/action_util.o
                0x0000000000001740                is_oneshot_layer_active
 .text.get_mods
                0x000000000000174e        0x6 .build/obj_PanasonicBusinessPartner286_default/quantum/action_util.o
                0x000000000000174e                get_mods
 .text.add_mods
                0x0000000000001754        0xc .build/obj_PanasonicBusinessPartner286_default/quantum/action_util.o
                0x0000000000001754                add_mods
 .text.del_mods
                0x0000000000001760        0xe .build/obj_PanasonicBusinessPartner286_default/quantum/action_util.o
                0x0000000000001760                del_mods
 .text.clear_mods
                0x000000000000176e        0x6 .build/obj_PanasonicBusinessPartner286_default/quantum/action_util.o
                0x000000000000176e                clear_mods
 .text.add_weak_mods
                0x0000000000001774        0xc .build/obj_PanasonicBusinessPartner286_default/quantum/action_util.o
                0x0000000000001774                add_weak_mods
 .text.del_weak_mods
                0x0000000000001780        0xe .build/obj_PanasonicBusinessPartner286_default/quantum/action_util.o
                0x0000000000001780                del_weak_mods
 .text.clear_weak_mods
                0x000000000000178e        0x6 .build/obj_PanasonicBusinessPartner286_default/quantum/action_util.o
                0x000000000000178e                clear_weak_mods
 .text.get_oneshot_mods
                0x0000000000001794        0x6 .build/obj_PanasonicBusinessPartner286_default/quantum/action_util.o
                0x0000000000001794                get_oneshot_mods
 .text.oneshot_mods_changed_user
                0x000000000000179a        0x2 .build/obj_PanasonicBusinessPartner286_default/quantum/action_util.o
                0x000000000000179a                oneshot_mods_changed_user
 .text.oneshot_mods_changed_kb
                0x000000000000179c        0x4 .build/obj_PanasonicBusinessPartner286_default/quantum/action_util.o
                0x000000000000179c                oneshot_mods_changed_kb
 .text.set_oneshot_mods
                0x00000000000017a0       0x1a .build/obj_PanasonicBusinessPartner286_default/quantum/action_util.o
                0x00000000000017a0                set_oneshot_mods
 .text.clear_oneshot_mods
                0x00000000000017ba       0x14 .build/obj_PanasonicBusinessPartner286_default/quantum/action_util.o
                0x00000000000017ba                clear_oneshot_mods
 .text.send_keyboard_report
                0x00000000000017ce       0x86 .build/obj_PanasonicBusinessPartner286_default/quantum/action_util.o
                0x00000000000017ce                send_keyboard_report
 .text.oneshot_layer_changed_user
                0x0000000000001854        0x2 .build/obj_PanasonicBusinessPartner286_default/quantum/action_util.o
                0x0000000000001854                oneshot_layer_changed_user
 .text.oneshot_layer_changed_kb
                0x0000000000001856        0x4 .build/obj_PanasonicBusinessPartner286_default/quantum/action_util.o
                0x0000000000001856                oneshot_layer_changed_kb
 .text.set_oneshot_layer
                0x000000000000185a       0x2c .build/obj_PanasonicBusinessPartner286_default/quantum/action_util.o
                0x000000000000185a                set_oneshot_layer
 .text.reset_oneshot_layer
                0x0000000000001886        0xa .build/obj_PanasonicBusinessPartner286_default/quantum/action_util.o
                0x0000000000001886                reset_oneshot_layer
 .text.clear_oneshot_layer_state
                0x0000000000001890       0x38 .build/obj_PanasonicBusinessPartner286_default/quantum/action_util.o
                0x0000000000001890                clear_oneshot_layer_state
 .text.oneshot_set
                0x00000000000018c8       0x2a .build/obj_PanasonicBusinessPartner286_default/quantum/action_util.o
                0x00000000000018c8                oneshot_set
 .text.oneshot_toggle
                0x00000000000018f2       0x12 .build/obj_PanasonicBusinessPartner286_default/quantum/action_util.o
                0x00000000000018f2                oneshot_toggle
 .text.oneshot_enable
                0x0000000000001904        0x6 .build/obj_PanasonicBusinessPartner286_default/quantum/action_util.o
                0x0000000000001904                oneshot_enable
 .text.oneshot_disable
                0x000000000000190a        0x6 .build/obj_PanasonicBusinessPartner286_default/quantum/action_util.o
                0x000000000000190a                oneshot_disable
 .text.eeconfig_disable
                0x0000000000001910        0xc .build/obj_PanasonicBusinessPartner286_default/quantum/eeconfig.o
                0x0000000000001910                eeconfig_disable
 .text.eeconfig_is_enabled
                0x000000000000191c       0x16 .build/obj_PanasonicBusinessPartner286_default/quantum/eeconfig.o
                0x000000000000191c                eeconfig_is_enabled
 .text.eeconfig_read_debug
                0x0000000000001932        0x8 .build/obj_PanasonicBusinessPartner286_default/quantum/eeconfig.o
                0x0000000000001932                eeconfig_read_debug
 .text.eeconfig_read_default_layer
                0x000000000000193a        0x8 .build/obj_PanasonicBusinessPartner286_default/quantum/eeconfig.o
                0x000000000000193a                eeconfig_read_default_layer
 .text.eeconfig_read_keymap
                0x0000000000001942       0x1c .build/obj_PanasonicBusinessPartner286_default/quantum/eeconfig.o
                0x0000000000001942                eeconfig_read_keymap
 .text.eeconfig_update_keymap
                0x000000000000195e       0x1a .build/obj_PanasonicBusinessPartner286_default/quantum/eeconfig.o
                0x000000000000195e                eeconfig_update_keymap
 .text.eeconfig_update_kb
                0x0000000000001978        0xc .build/obj_PanasonicBusinessPartner286_default/quantum/eeconfig.o
                0x0000000000001978                eeconfig_update_kb
 .text.eeconfig_update_user
                0x0000000000001984        0xc .build/obj_PanasonicBusinessPartner286_default/quantum/eeconfig.o
                0x0000000000001984                eeconfig_update_user
 .text.eeconfig_init_user
                0x0000000000001990        0xa .build/obj_PanasonicBusinessPartner286_default/quantum/eeconfig.o
                0x0000000000001990                eeconfig_init_user
 .text.eeconfig_init_kb
                0x000000000000199a        0xe .build/obj_PanasonicBusinessPartner286_default/quantum/eeconfig.o
                0x000000000000199a                eeconfig_init_kb
 .text.eeconfig_init_quantum
                0x00000000000019a8       0xbe .build/obj_PanasonicBusinessPartner286_default/quantum/eeconfig.o
                0x00000000000019a8                eeconfig_init_quantum
 .text.eeconfig_init
                0x0000000000001a66        0x4 .build/obj_PanasonicBusinessPartner286_default/quantum/eeconfig.o
                0x0000000000001a66                eeconfig_init
 .text.eeconfig_update_handedness
                0x0000000000001a6a        0xa .build/obj_PanasonicBusinessPartner286_default/quantum/eeconfig.o
                0x0000000000001a6a                eeconfig_update_handedness
 .text.last_matrix_activity_trigger
                0x0000000000001a74       0x26 .build/obj_PanasonicBusinessPartner286_default/quantum/keyboard.o
                0x0000000000001a74                last_matrix_activity_trigger
 .text.disable_jtag
                0x0000000000001a9a        0xe .build/obj_PanasonicBusinessPartner286_default/quantum/keyboard.o
                0x0000000000001a9a                disable_jtag
 .text.matrix_setup
                0x0000000000001aa8        0x2 .build/obj_PanasonicBusinessPartner286_default/quantum/keyboard.o
                0x0000000000001aa8                matrix_setup
 .text.keyboard_pre_init_user
                0x0000000000001aaa        0x2 .build/obj_PanasonicBusinessPartner286_default/quantum/keyboard.o
                0x0000000000001aaa                keyboard_pre_init_user
 .text.keyboard_pre_init_kb
                0x0000000000001aac        0x4 .build/obj_PanasonicBusinessPartner286_default/quantum/keyboard.o
                0x0000000000001aac                keyboard_pre_init_kb
 .text.keyboard_post_init_user
                0x0000000000001ab0        0x2 .build/obj_PanasonicBusinessPartner286_default/quantum/keyboard.o
                0x0000000000001ab0                keyboard_post_init_user
 .text.keyboard_post_init_kb
                0x0000000000001ab2        0x4 .build/obj_PanasonicBusinessPartner286_default/quantum/keyboard.o
                0x0000000000001ab2                keyboard_post_init_kb
 .text.keyboard_setup
                0x0000000000001ab6       0x14 .build/obj_PanasonicBusinessPartner286_default/quantum/keyboard.o
                0x0000000000001ab6                keyboard_setup
 .text.is_keyboard_master
                0x0000000000001aca        0x4 .build/obj_PanasonicBusinessPartner286_default/quantum/keyboard.o
                0x0000000000001aca                is_keyboard_master
 .text.should_process_keypress
                0x0000000000001ace        0x4 .build/obj_PanasonicBusinessPartner286_default/quantum/keyboard.o
                0x0000000000001ace                should_process_keypress
 .text.housekeeping_task_kb
                0x0000000000001ad2        0x2 .build/obj_PanasonicBusinessPartner286_default/quantum/keyboard.o
                0x0000000000001ad2                housekeeping_task_kb
 .text.housekeeping_task_user
                0x0000000000001ad4        0x2 .build/obj_PanasonicBusinessPartner286_default/quantum/keyboard.o
                0x0000000000001ad4                housekeeping_task_user
 .text.housekeeping_task
                0x0000000000001ad6        0x8 .build/obj_PanasonicBusinessPartner286_default/quantum/keyboard.o
                0x0000000000001ad6                housekeeping_task
 .text.quantum_init
                0x0000000000001ade        0x8 .build/obj_PanasonicBusinessPartner286_default/quantum/keyboard.o
                0x0000000000001ade                quantum_init
 .text.keyboard_init
                0x0000000000001ae6       0x26 .build/obj_PanasonicBusinessPartner286_default/quantum/keyboard.o
                0x0000000000001ae6                keyboard_init
 .text.matrix_scan_task
                0x0000000000001b0c      0x136 .build/obj_PanasonicBusinessPartner286_default/quantum/keyboard.o
                0x0000000000001b0c                matrix_scan_task
 .text.keyboard_task
                0x0000000000001c42        0xc .build/obj_PanasonicBusinessPartner286_default/quantum/keyboard.o
                0x0000000000001c42                keyboard_task
 .text.action_for_keycode
                0x0000000000001c4e      0x1f0 .build/obj_PanasonicBusinessPartner286_default/quantum/keymap_common.o
                0x0000000000001c4e                action_for_keycode
 .text.keymap_key_to_keycode
                0x0000000000001e3e       0x2a .build/obj_PanasonicBusinessPartner286_default/quantum/keymap_common.o
                0x0000000000001e3e                keymap_key_to_keycode
 .text.action_for_key
                0x0000000000001e68        0x8 .build/obj_PanasonicBusinessPartner286_default/quantum/keymap_common.o
                0x0000000000001e68                action_for_key
 .text.keycode_config
                0x0000000000001e70      0x12e .build/obj_PanasonicBusinessPartner286_default/quantum/keycode_config.o
                0x0000000000001e70                keycode_config
 .text.mod_config
                0x0000000000001f9e       0x86 .build/obj_PanasonicBusinessPartner286_default/quantum/keycode_config.o
                0x0000000000001f9e                mod_config
 .text.sendchar
                0x0000000000002024        0x4 .build/obj_PanasonicBusinessPartner286_default/quantum/logging/sendchar.o
                0x0000000000002024                sendchar
 .text.bootmagic_lite_reset_eeprom
                0x0000000000002028        0x4 .build/obj_PanasonicBusinessPartner286_default/quantum/bootmagic/bootmagic_lite.o
                0x0000000000002028                bootmagic_lite_reset_eeprom
 .text.bootmagic_lite
                0x000000000000202c       0x2e .build/obj_PanasonicBusinessPartner286_default/quantum/bootmagic/bootmagic_lite.o
                0x000000000000202c                bootmagic_lite
 .text.bootmagic
                0x000000000000205a        0x4 .build/obj_PanasonicBusinessPartner286_default/quantum/bootmagic/bootmagic_lite.o
                0x000000000000205a                bootmagic
 .text.magic    0x000000000000205e       0x48 .build/obj_PanasonicBusinessPartner286_default/quantum/bootmagic/magic.o
                0x000000000000205e                magic
 .text.matrix_init_kb
                0x00000000000020a6        0x4 .build/obj_PanasonicBusinessPartner286_default/quantum/matrix_common.o
                0x00000000000020a6                matrix_init_kb
 .text.matrix_scan_user
                0x00000000000020aa        0x2 .build/obj_PanasonicBusinessPartner286_default/quantum/matrix_common.o
                0x00000000000020aa                matrix_scan_user
 .text.matrix_scan_kb
                0x00000000000020ac        0x4 .build/obj_PanasonicBusinessPartner286_default/quantum/matrix_common.o
                0x00000000000020ac                matrix_scan_kb
 .text.matrix_get_row
                0x00000000000020b0       0x12 .build/obj_PanasonicBusinessPartner286_default/quantum/matrix_common.o
                0x00000000000020b0                matrix_get_row
 .text.matrix_print
                0x00000000000020c2        0x2 .build/obj_PanasonicBusinessPartner286_default/quantum/matrix_common.o
                0x00000000000020c2                matrix_print
 .text.matrix_io_delay
                0x00000000000020c4        0x8 .build/obj_PanasonicBusinessPartner286_default/quantum/matrix_common.o
                0x00000000000020c4                matrix_io_delay
 .text.matrix_output_select_delay
                0x00000000000020cc        0x4 .build/obj_PanasonicBusinessPartner286_default/quantum/matrix_common.o
                0x00000000000020cc                matrix_output_select_delay
 .text.matrix_output_unselect_delay
                0x00000000000020d0        0x4 .build/obj_PanasonicBusinessPartner286_default/quantum/matrix_common.o
                0x00000000000020d0                matrix_output_unselect_delay
 .text.setPinInputHigh_atomic
                0x00000000000020d4       0x2e .build/obj_PanasonicBusinessPartner286_default/quantum/matrix.o
 .text.matrix_init_pins
                0x0000000000002102       0x40 .build/obj_PanasonicBusinessPartner286_default/quantum/matrix.o
                0x0000000000002102                matrix_init_pins
 .text.matrix_read_rows_on_col
                0x0000000000002142      0x10e .build/obj_PanasonicBusinessPartner286_default/quantum/matrix.o
                0x0000000000002142                matrix_read_rows_on_col
 .text.matrix_init
                0x0000000000002250       0x2a .build/obj_PanasonicBusinessPartner286_default/quantum/matrix.o
                0x0000000000002250                matrix_init
 .text.matrix_scan
                0x000000000000227a       0xaa .build/obj_PanasonicBusinessPartner286_default/quantum/matrix.o
                0x000000000000227a                matrix_scan
 .text.debounce_init
                0x0000000000002324        0x2 .build/obj_PanasonicBusinessPartner286_default/quantum/debounce/sym_defer_g.o
                0x0000000000002324                debounce_init
 .text.debounce
                0x0000000000002326       0x72 .build/obj_PanasonicBusinessPartner286_default/quantum/debounce/sym_defer_g.o
                0x0000000000002326                debounce
 .text.protocol_init
                0x0000000000002398        0xc .build/obj_PanasonicBusinessPartner286_default/quantum/main.o
                0x0000000000002398                protocol_init
 .text.protocol_task
                0x00000000000023a4        0xc .build/obj_PanasonicBusinessPartner286_default/quantum/main.o
                0x00000000000023a4                protocol_task
 .text.startup.main
                0x00000000000023b0       0x1a .build/obj_PanasonicBusinessPartner286_default/quantum/main.o
                0x00000000000023b0                main
 .text.move_unit
                0x00000000000023ca       0x7c .build/obj_PanasonicBusinessPartner286_default/quantum/mousekey.o
 .text.wheel_unit
                0x0000000000002446       0x72 .build/obj_PanasonicBusinessPartner286_default/quantum/mousekey.o
 .text.mousekey_on
                0x00000000000024b8       0xb4 .build/obj_PanasonicBusinessPartner286_default/quantum/mousekey.o
                0x00000000000024b8                mousekey_on
 .text.mousekey_off
                0x000000000000256c       0xf2 .build/obj_PanasonicBusinessPartner286_default/quantum/mousekey.o
                0x000000000000256c                mousekey_off
 .text.mousekey_send
                0x000000000000265e       0x36 .build/obj_PanasonicBusinessPartner286_default/quantum/mousekey.o
                0x000000000000265e                mousekey_send
 .text.mousekey_task
                0x0000000000002694      0x218 .build/obj_PanasonicBusinessPartner286_default/quantum/mousekey.o
                0x0000000000002694                mousekey_task
 .text.mousekey_clear
                0x00000000000028ac       0x1c .build/obj_PanasonicBusinessPartner286_default/quantum/mousekey.o
                0x00000000000028ac                mousekey_clear
 .text.process_magic
                0x00000000000028c8      0x27a .build/obj_PanasonicBusinessPartner286_default/quantum/process_keycode/process_magic.o
                0x00000000000028c8                process_magic
 .text.process_grave_esc
                0x0000000000002b42       0x5e .build/obj_PanasonicBusinessPartner286_default/quantum/process_keycode/process_grave_esc.o
                0x0000000000002b42                process_grave_esc
 .text.perform_space_cadet
                0x0000000000002ba0       0xd8 .build/obj_PanasonicBusinessPartner286_default/quantum/process_keycode/process_space_cadet.o
                0x0000000000002ba0                perform_space_cadet
 .text.process_space_cadet
                0x0000000000002c78       0xa4 .build/obj_PanasonicBusinessPartner286_default/quantum/process_keycode/process_space_cadet.o
                0x0000000000002c78                process_space_cadet
 .text.print_set_sendchar
                0x0000000000002d1c        0xa .build/obj_PanasonicBusinessPartner286_default/platforms/avr/printf.o
                0x0000000000002d1c                print_set_sendchar
 .text.host_set_driver
                0x0000000000002d26        0xa .build/obj_PanasonicBusinessPartner286_default/protocol/host.o
                0x0000000000002d26                host_set_driver
 .text.host_keyboard_leds
                0x0000000000002d30       0x18 .build/obj_PanasonicBusinessPartner286_default/protocol/host.o
                0x0000000000002d30                host_keyboard_leds
 .text.host_keyboard_send
                0x0000000000002d48       0x34 .build/obj_PanasonicBusinessPartner286_default/protocol/host.o
                0x0000000000002d48                host_keyboard_send
 .text.host_mouse_send
                0x0000000000002d7c       0x1c .build/obj_PanasonicBusinessPartner286_default/protocol/host.o
                0x0000000000002d7c                host_mouse_send
 .text.host_system_send
                0x0000000000002d98       0x2c .build/obj_PanasonicBusinessPartner286_default/protocol/host.o
                0x0000000000002d98                host_system_send
 .text.host_consumer_send
                0x0000000000002dc4       0x2c .build/obj_PanasonicBusinessPartner286_default/protocol/host.o
                0x0000000000002dc4                host_consumer_send
 .text.has_anykey
                0x0000000000002df0       0x28 .build/obj_PanasonicBusinessPartner286_default/protocol/report.o
                0x0000000000002df0                has_anykey
 .text.is_key_pressed
                0x0000000000002e18       0x60 .build/obj_PanasonicBusinessPartner286_default/protocol/report.o
                0x0000000000002e18                is_key_pressed
 .text.add_key_byte
                0x0000000000002e78       0x34 .build/obj_PanasonicBusinessPartner286_default/protocol/report.o
                0x0000000000002e78                add_key_byte
 .text.del_key_byte
                0x0000000000002eac       0x1a .build/obj_PanasonicBusinessPartner286_default/protocol/report.o
                0x0000000000002eac                del_key_byte
 .text.add_key_bit
                0x0000000000002ec6       0x28 .build/obj_PanasonicBusinessPartner286_default/protocol/report.o
                0x0000000000002ec6                add_key_bit
 .text.del_key_bit
                0x0000000000002eee       0x2a .build/obj_PanasonicBusinessPartner286_default/protocol/report.o
                0x0000000000002eee                del_key_bit
 .text.add_key_to_report
                0x0000000000002f18       0x16 .build/obj_PanasonicBusinessPartner286_default/protocol/report.o
                0x0000000000002f18                add_key_to_report
 .text.del_key_from_report
                0x0000000000002f2e       0x16 .build/obj_PanasonicBusinessPartner286_default/protocol/report.o
                0x0000000000002f2e                del_key_from_report
 .text.clear_keys_from_report
                0x0000000000002f44       0x24 .build/obj_PanasonicBusinessPartner286_default/protocol/report.o
                0x0000000000002f44                clear_keys_from_report
 .text.notify_usb_device_state_change_user
                0x0000000000002f68        0x2 .build/obj_PanasonicBusinessPartner286_default/protocol/usb_device_state.o
                0x0000000000002f68                notify_usb_device_state_change_user
 .text.notify_usb_device_state_change_kb
                0x0000000000002f6a        0x4 .build/obj_PanasonicBusinessPartner286_default/protocol/usb_device_state.o
                0x0000000000002f6a                notify_usb_device_state_change_kb
 .text.usb_device_state_set_configuration
                0x0000000000002f6e       0x12 .build/obj_PanasonicBusinessPartner286_default/protocol/usb_device_state.o
                0x0000000000002f6e                usb_device_state_set_configuration
 .text.usb_device_state_set_suspend
                0x0000000000002f80        0xa .build/obj_PanasonicBusinessPartner286_default/protocol/usb_device_state.o
                0x0000000000002f80                usb_device_state_set_suspend
 .text.usb_device_state_set_resume
                0x0000000000002f8a        0x4 .build/obj_PanasonicBusinessPartner286_default/protocol/usb_device_state.o
                0x0000000000002f8a                usb_device_state_set_resume
 .text.usb_device_state_set_reset
                0x0000000000002f8e        0xa .build/obj_PanasonicBusinessPartner286_default/protocol/usb_device_state.o
                0x0000000000002f8e                usb_device_state_set_reset
 .text.usb_device_state_init
                0x0000000000002f98        0x4 .build/obj_PanasonicBusinessPartner286_default/protocol/usb_device_state.o
                0x0000000000002f98                usb_device_state_init
 .text.suspend_wakeup_init_user
                0x0000000000002f9c        0x2 .build/obj_PanasonicBusinessPartner286_default/platforms/suspend.o
                0x0000000000002f9c                suspend_wakeup_init_user
 .text.suspend_power_down_user
                0x0000000000002f9e        0x2 .build/obj_PanasonicBusinessPartner286_default/platforms/suspend.o
                0x0000000000002f9e                suspend_power_down_user
 .text.suspend_power_down_kb
                0x0000000000002fa0        0x4 .build/obj_PanasonicBusinessPartner286_default/platforms/suspend.o
                0x0000000000002fa0                suspend_power_down_kb
 .text.matrix_power_up
                0x0000000000002fa4        0x2 .build/obj_PanasonicBusinessPartner286_default/platforms/suspend.o
                0x0000000000002fa4                matrix_power_up
 .text.matrix_power_down
                0x0000000000002fa6        0x2 .build/obj_PanasonicBusinessPartner286_default/platforms/suspend.o
                0x0000000000002fa6                matrix_power_down
 .text.suspend_wakeup_init_kb
                0x0000000000002fa8        0x4 .build/obj_PanasonicBusinessPartner286_default/platforms/suspend.o
                0x0000000000002fa8                suspend_wakeup_init_kb
 .text.suspend_wakeup_condition
                0x0000000000002fac       0x2a .build/obj_PanasonicBusinessPartner286_default/platforms/suspend.o
                0x0000000000002fac                suspend_wakeup_condition
 .text.platform_setup
                0x0000000000002fd6        0x2 .build/obj_PanasonicBusinessPartner286_default/platforms/avr/platform.o
                0x0000000000002fd6                platform_setup
 .text.__vector_12
                0x0000000000002fd8       0x4e .build/obj_PanasonicBusinessPartner286_default/platforms/avr/suspend.o
                0x0000000000002fd8                __vector_12
 .text.suspend_power_down
                0x0000000000003026       0x56 .build/obj_PanasonicBusinessPartner286_default/platforms/avr/suspend.o
                0x0000000000003026                suspend_power_down
 .text.suspend_wakeup_init
                0x000000000000307c        0x8 .build/obj_PanasonicBusinessPartner286_default/platforms/avr/suspend.o
                0x000000000000307c                suspend_wakeup_init
 .text.timer_init
                0x0000000000003084       0x12 .build/obj_PanasonicBusinessPartner286_default/platforms/avr/timer.o
                0x0000000000003084                timer_init
 .text.timer_read
                0x0000000000003096       0x18 .build/obj_PanasonicBusinessPartner286_default/platforms/avr/timer.o
                0x0000000000003096                timer_read
 .text.timer_read32
                0x00000000000030ae       0x18 .build/obj_PanasonicBusinessPartner286_default/platforms/avr/timer.o
                0x00000000000030ae                timer_read32
 .text.timer_elapsed
                0x00000000000030c6       0x1e .build/obj_PanasonicBusinessPartner286_default/platforms/avr/timer.o
                0x00000000000030c6                timer_elapsed
 .text.__vector_21
                0x00000000000030e4       0x48 .build/obj_PanasonicBusinessPartner286_default/platforms/avr/timer.o
                0x00000000000030e4                __vector_21
 .text.bootloader_jump
                0x000000000000312c       0x64 .build/obj_PanasonicBusinessPartner286_default/platforms/avr/bootloaders/halfkay.o
                0x000000000000312c                bootloader_jump
 .text.keyboard_leds
                0x0000000000003190        0x6 .build/obj_PanasonicBusinessPartner286_default/lufa.o
 .text.send_programmable_button
                0x0000000000003196        0x2 .build/obj_PanasonicBusinessPartner286_default/lufa.o
 .text.send_mouse
                0x0000000000003198       0x42 .build/obj_PanasonicBusinessPartner286_default/lufa.o
 .text.send_keyboard
                0x00000000000031da       0x80 .build/obj_PanasonicBusinessPartner286_default/lufa.o
 .text.send_extra
                0x000000000000325a       0x56 .build/obj_PanasonicBusinessPartner286_default/lufa.o
 .text.send_consumer
                0x00000000000032b0        0x8 .build/obj_PanasonicBusinessPartner286_default/lufa.o
 .text.send_system
                0x00000000000032b8        0x8 .build/obj_PanasonicBusinessPartner286_default/lufa.o
 .text.EVENT_USB_Device_Connect
                0x00000000000032c0       0x1c .build/obj_PanasonicBusinessPartner286_default/lufa.o
                0x00000000000032c0                EVENT_USB_Device_Connect
 .text.EVENT_USB_Device_Disconnect
                0x00000000000032dc        0x6 .build/obj_PanasonicBusinessPartner286_default/lufa.o
                0x00000000000032dc                EVENT_USB_Device_Disconnect
 .text.EVENT_USB_Device_Reset
                0x00000000000032e2        0x4 .build/obj_PanasonicBusinessPartner286_default/lufa.o
                0x00000000000032e2                EVENT_USB_Device_Reset
 .text.EVENT_USB_Device_Suspend
                0x00000000000032e6       0x10 .build/obj_PanasonicBusinessPartner286_default/lufa.o
                0x00000000000032e6                EVENT_USB_Device_Suspend
 .text.EVENT_USB_Device_WakeUp
                0x00000000000032f6       0x14 .build/obj_PanasonicBusinessPartner286_default/lufa.o
                0x00000000000032f6                EVENT_USB_Device_WakeUp
 .text.EVENT_USB_Device_ConfigurationChanged
                0x000000000000330a       0x28 .build/obj_PanasonicBusinessPartner286_default/lufa.o
                0x000000000000330a                EVENT_USB_Device_ConfigurationChanged
 .text.EVENT_USB_Device_ControlRequest
                0x0000000000003332      0x170 .build/obj_PanasonicBusinessPartner286_default/lufa.o
                0x0000000000003332                EVENT_USB_Device_ControlRequest
 .text.protocol_setup
                0x00000000000034a2       0x32 .build/obj_PanasonicBusinessPartner286_default/lufa.o
                0x00000000000034a2                protocol_setup
 .text.protocol_pre_init
                0x00000000000034d4       0x18 .build/obj_PanasonicBusinessPartner286_default/lufa.o
                0x00000000000034d4                protocol_pre_init
 .text.protocol_post_init
                0x00000000000034ec        0x8 .build/obj_PanasonicBusinessPartner286_default/lufa.o
                0x00000000000034ec                protocol_post_init
 .text.protocol_pre_task
                0x00000000000034f4       0x34 .build/obj_PanasonicBusinessPartner286_default/lufa.o
                0x00000000000034f4                protocol_pre_task
 .text.protocol_post_task
                0x0000000000003528        0x2 .build/obj_PanasonicBusinessPartner286_default/lufa.o
                0x0000000000003528                protocol_post_task
 .text.CALLBACK_USB_GetDescriptor
                0x000000000000352a        0x4 .build/obj_PanasonicBusinessPartner286_default/lufa.o
                0x000000000000352a                CALLBACK_USB_GetDescriptor
 .text.get_usb_descriptor
                0x000000000000352e       0xb0 .build/obj_PanasonicBusinessPartner286_default/usb_descriptor.o
                0x000000000000352e                get_usb_descriptor
 .text.USB_Device_SendRemoteWakeup
                0x00000000000035de       0x2c .build/obj_PanasonicBusinessPartner286_default/lib/lufa/LUFA/Drivers/USB/Core/AVR8/Device_AVR8.o
                0x00000000000035de                USB_Device_SendRemoteWakeup
 .text.Endpoint_Write_Stream_LE
                0x000000000000360a       0x9e .build/obj_PanasonicBusinessPartner286_default/lib/lufa/LUFA/Drivers/USB/Core/AVR8/EndpointStream_AVR8.o
                0x000000000000360a                Endpoint_Write_Stream_LE
 .text.Endpoint_Write_Control_Stream_LE
                0x00000000000036a8       0xba .build/obj_PanasonicBusinessPartner286_default/lib/lufa/LUFA/Drivers/USB/Core/AVR8/EndpointStream_AVR8.o
                0x00000000000036a8                Endpoint_Write_Control_Stream_LE
 .text.Endpoint_Write_Control_PStream_LE
                0x0000000000003762       0xbc .build/obj_PanasonicBusinessPartner286_default/lib/lufa/LUFA/Drivers/USB/Core/AVR8/EndpointStream_AVR8.o
                0x0000000000003762                Endpoint_Write_Control_PStream_LE
 .text.Endpoint_ConfigureEndpoint_Prv
                0x000000000000381e       0x68 .build/obj_PanasonicBusinessPartner286_default/lib/lufa/LUFA/Drivers/USB/Core/AVR8/Endpoint_AVR8.o
                0x000000000000381e                Endpoint_ConfigureEndpoint_Prv
 .text.Endpoint_ClearStatusStage
                0x0000000000003886       0x3e .build/obj_PanasonicBusinessPartner286_default/lib/lufa/LUFA/Drivers/USB/Core/AVR8/Endpoint_AVR8.o
                0x0000000000003886                Endpoint_ClearStatusStage
 .text.Endpoint_WaitUntilReady
                0x00000000000038c4       0x62 .build/obj_PanasonicBusinessPartner286_default/lib/lufa/LUFA/Drivers/USB/Core/AVR8/Endpoint_AVR8.o
                0x00000000000038c4                Endpoint_WaitUntilReady
 .text.USB_Disable
                0x0000000000003926       0x34 .build/obj_PanasonicBusinessPartner286_default/lib/lufa/LUFA/Drivers/USB/Core/AVR8/USBController_AVR8.o
                0x0000000000003926                USB_Disable
 .text.USB_ResetInterface
                0x000000000000395a       0x90 .build/obj_PanasonicBusinessPartner286_default/lib/lufa/LUFA/Drivers/USB/Core/AVR8/USBController_AVR8.o
                0x000000000000395a                USB_ResetInterface
 .text.USB_Init
                0x00000000000039ea       0x1e .build/obj_PanasonicBusinessPartner286_default/lib/lufa/LUFA/Drivers/USB/Core/AVR8/USBController_AVR8.o
                0x00000000000039ea                USB_Init
 .text.USB_INT_DisableAllInterrupts
                0x0000000000003a08       0x10 .build/obj_PanasonicBusinessPartner286_default/lib/lufa/LUFA/Drivers/USB/Core/AVR8/USBInterrupt_AVR8.o
                0x0000000000003a08                USB_INT_DisableAllInterrupts
 .text.USB_INT_ClearAllInterrupts
                0x0000000000003a18        0xa .build/obj_PanasonicBusinessPartner286_default/lib/lufa/LUFA/Drivers/USB/Core/AVR8/USBInterrupt_AVR8.o
                0x0000000000003a18                USB_INT_ClearAllInterrupts
 .text.__vector_10
                0x0000000000003a22      0x1b0 .build/obj_PanasonicBusinessPartner286_default/lib/lufa/LUFA/Drivers/USB/Core/AVR8/USBInterrupt_AVR8.o
                0x0000000000003a22                __vector_10
 .text.__vector_11
                0x0000000000003bd2       0x90 .build/obj_PanasonicBusinessPartner286_default/lib/lufa/LUFA/Drivers/USB/Core/AVR8/USBInterrupt_AVR8.o
                0x0000000000003bd2                __vector_11
 .text.USB_Device_ProcessControlRequest
                0x0000000000003c62      0x2a4 .build/obj_PanasonicBusinessPartner286_default/lib/lufa/LUFA/Drivers/USB/Core/DeviceStandardReq.o
                0x0000000000003c62                USB_Device_ProcessControlRequest
 .text.USB_Event_Stub
                0x0000000000003f06        0x2 .build/obj_PanasonicBusinessPartner286_default/lib/lufa/LUFA/Drivers/USB/Core/Events.o
                0x0000000000003f06                USB_Event_Stub
                0x0000000000003f06                EVENT_USB_Device_StartOfFrame
 .text.USB_USBTask
                0x0000000000003f08       0x36 .build/obj_PanasonicBusinessPartner286_default/lib/lufa/LUFA/Drivers/USB/Core/USBTask.o
                0x0000000000003f08                USB_USBTask
 .text.libgcc.div
                0x0000000000003f3e       0x28 /usr/lib/gcc/avr/8.3.0/avr51/libgcc.a(_divmodhi4.o)
                0x0000000000003f3e                __divmodhi4
                0x0000000000003f3e                _div
 .text.libgcc   0x0000000000003f66       0x12 /usr/lib/gcc/avr/8.3.0/avr51/libgcc.a(_tablejump2.o)
                0x0000000000003f66                __tablejump2__
 .text.libgcc.div
                0x0000000000003f78       0x28 /usr/lib/gcc/avr/8.3.0/avr51/libgcc.a(_udivmodhi4.o)
                0x0000000000003f78                __udivmodhi4
 .text.avr-libc
                0x0000000000003fa0       0x1a /usr/lib/gcc/avr/8.3.0/../../../../avr/lib/avr51/libc.a(memcmp.o)
                0x0000000000003fa0                memcmp
 .text.avr-libc
                0x0000000000003fba       0x10 /usr/lib/gcc/avr/8.3.0/../../../../avr/lib/avr51/libat90usb1286.a(eerd_byte.o)
                0x0000000000003fba                eeprom_read_byte
 .text.avr-libc
                0x0000000000003fca        0xc /usr/lib/gcc/avr/8.3.0/../../../../avr/lib/avr51/libat90usb1286.a(eerd_word.o)
                0x0000000000003fca                eeprom_read_word
 .text.avr-libc
                0x0000000000003fd6       0x24 /usr/lib/gcc/avr/8.3.0/../../../../avr/lib/avr51/libat90usb1286.a(eeupd_byte.o)
                0x0000000000003fd6                eeprom_update_byte
                0x0000000000003fd8                eeprom_update_r18
 .text.avr-libc
                0x0000000000003ffa       0x18 /usr/lib/gcc/avr/8.3.0/../../../../avr/lib/avr51/libat90usb1286.a(eeupd_dword.o)
                0x0000000000003ffa                eeprom_update_dword
                0x0000000000003ffa                eeprom_update_float
 .text.avr-libc
                0x0000000000004012        0xc /usr/lib/gcc/avr/8.3.0/../../../../avr/lib/avr51/libat90usb1286.a(eeupd_word.o)
                0x0000000000004012                eeprom_update_word
 .text.avr-libc
                0x000000000000401e       0x20 /usr/lib/gcc/avr/8.3.0/../../../../avr/lib/avr51/libat90usb1286.a(eerd_block.o)
                0x000000000000401e                eeprom_read_block
                0x0000000000004022                eeprom_read_blraw
                0x000000000000403e                . = ALIGN (0x2)
 *(.fini9)
 .fini9         0x000000000000403e        0x0 /usr/lib/gcc/avr/8.3.0/avr51/libgcc.a(_exit.o)
                0x000000000000403e                exit
                0x000000000000403e                _exit
 *(.fini9)
 *(.fini8)
 *(.fini8)
 *(.fini7)
 *(.fini7)
 *(.fini6)
 *(.fini6)
 *(.fini5)
 *(.fini5)
 *(.fini4)
 *(.fini4)
 *(.fini3)
 *(.fini3)
 *(.fini2)
 *(.fini2)
 *(.fini1)
 *(.fini1)
 *(.fini0)
 .fini0         0x000000000000403e        0x4 /usr/lib/gcc/avr/8.3.0/avr51/libgcc.a(_exit.o)
 *(.fini0)
 *(.hightext)
 *(.hightext*)
 *(.progmemx.*)
                0x0000000000004042                . = ALIGN (0x2)
 *(.jumptables)
 *(.jumptables*)
 .jumptables.gcc.process_action
                0x0000000000004042       0x18 .build/obj_PanasonicBusinessPartner286_default/quantum/action.o
 .jumptables.gcc.USB_Device_ProcessControlRequest
                0x000000000000405a       0x14 .build/obj_PanasonicBusinessPartner286_default/lib/lufa/LUFA/Drivers/USB/Core/DeviceStandardReq.o
                0x000000000000406e                _etext = .

.data           0x0000000000800100       0x94 load address 0x000000000000406e
                0x0000000000800100                PROVIDE (__data_start = .)
 *(.data)
 *(.data*)
 .data.g_tapping_term
                0x0000000000800100        0x2 .build/obj_PanasonicBusinessPartner286_default/quantum/action_tapping.o
                0x0000000000800100                g_tapping_term
 .data.keyboard_report
                0x0000000000800102        0x2 .build/obj_PanasonicBusinessPartner286_default/quantum/action_util.o
                0x0000000000800102                keyboard_report
 .data.mk_wheel_time_to_max
                0x0000000000800104        0x1 .build/obj_PanasonicBusinessPartner286_default/quantum/mousekey.o
                0x0000000000800104                mk_wheel_time_to_max
 .data.mk_wheel_max_speed
                0x0000000000800105        0x1 .build/obj_PanasonicBusinessPartner286_default/quantum/mousekey.o
                0x0000000000800105                mk_wheel_max_speed
 .data.mk_wheel_interval
                0x0000000000800106        0x1 .build/obj_PanasonicBusinessPartner286_default/quantum/mousekey.o
                0x0000000000800106                mk_wheel_interval
 .data.mk_wheel_delay
                0x0000000000800107        0x1 .build/obj_PanasonicBusinessPartner286_default/quantum/mousekey.o
                0x0000000000800107                mk_wheel_delay
 .data.mk_time_to_max
                0x0000000000800108        0x1 .build/obj_PanasonicBusinessPartner286_default/quantum/mousekey.o
                0x0000000000800108                mk_time_to_max
 .data.mk_max_speed
                0x0000000000800109        0x1 .build/obj_PanasonicBusinessPartner286_default/quantum/mousekey.o
                0x0000000000800109                mk_max_speed
 .data.mk_interval
                0x000000000080010a        0x1 .build/obj_PanasonicBusinessPartner286_default/quantum/mousekey.o
                0x000000000080010a                mk_interval
 .data.mk_delay
                0x000000000080010b        0x1 .build/obj_PanasonicBusinessPartner286_default/quantum/mousekey.o
                0x000000000080010b                mk_delay
 .data.lufa_driver
                0x000000000080010c        0xc .build/obj_PanasonicBusinessPartner286_default/lufa.o
                0x000000000080010c                lufa_driver
 .data.keyboard_protocol
                0x0000000000800118        0x1 .build/obj_PanasonicBusinessPartner286_default/lufa.o
                0x0000000000800118                keyboard_protocol
 *(.gnu.linkonce.d*)
 *(.rodata)
 *(.rodata*)
 .rodata.CSWTCH.12
                0x0000000000800119       0x2e .build/obj_PanasonicBusinessPartner286_default/quantum/action.o
 .rodata.CSWTCH.11
                0x0000000000800147        0x3 .build/obj_PanasonicBusinessPartner286_default/quantum/action.o
 .rodata.CSWTCH.1
                0x000000000080014a       0x2e .build/obj_PanasonicBusinessPartner286_default/quantum/keymap_common.o
 .rodata.CSWTCH.0
                0x0000000000800178        0x3 .build/obj_PanasonicBusinessPartner286_default/quantum/keymap_common.o
 .rodata.col_pins
                0x000000000080017b       0x10 .build/obj_PanasonicBusinessPartner286_default/quantum/matrix.o
 .rodata.row_pins
                0x000000000080018b        0x8 .build/obj_PanasonicBusinessPartner286_default/quantum/matrix.o
 *(.gnu.linkonce.r*)
                0x0000000000800194                . = ALIGN (0x2)
 *fill*         0x0000000000800193        0x1 
                0x0000000000800194                _edata = .
                0x0000000000800194                PROVIDE (__data_end = .)

.bss            0x0000000000800194      0x165
                0x0000000000800194                PROVIDE (__bss_start = .)
 *(.bss)
 .bss           0x0000000000800194        0x2 .build/obj_PanasonicBusinessPartner286_default/platforms/avr/xprintf.o
                0x0000000000800194                xfunc_out
 *(.bss*)
 .bss.last_led_status.4966
                0x0000000000800196        0x1 .build/obj_PanasonicBusinessPartner286_default/quantum/led.o
 .bss.disable_action_cache
                0x0000000000800197        0x1 .build/obj_PanasonicBusinessPartner286_default/quantum/action.o
                0x0000000000800197                disable_action_cache
 .bss.source_layers_cache
                0x0000000000800198       0x50 .build/obj_PanasonicBusinessPartner286_default/quantum/action_layer.o
                0x0000000000800198                source_layers_cache
 .bss.layer_state
                0x00000000008001e8        0x4 .build/obj_PanasonicBusinessPartner286_default/quantum/action_layer.o
                0x00000000008001e8                layer_state
 .bss.default_layer_state
                0x00000000008001ec        0x4 .build/obj_PanasonicBusinessPartner286_default/quantum/action_layer.o
                0x00000000008001ec                default_layer_state
 .bss.waiting_buffer_tail
                0x00000000008001f0        0x1 .build/obj_PanasonicBusinessPartner286_default/quantum/action_tapping.o
 .bss.waiting_buffer_head
                0x00000000008001f1        0x1 .build/obj_PanasonicBusinessPartner286_default/quantum/action_tapping.o
 .bss.waiting_buffer
                0x00000000008001f2       0x30 .build/obj_PanasonicBusinessPartner286_default/quantum/action_tapping.o
 .bss.tapping_key
                0x0000000000800222        0x6 .build/obj_PanasonicBusinessPartner286_default/quantum/action_tapping.o
 .bss.last_report.5464
                0x0000000000800228       0x20 .build/obj_PanasonicBusinessPartner286_default/quantum/action_util.o
 .bss.oneshot_layer_data
                0x0000000000800248        0x1 .build/obj_PanasonicBusinessPartner286_default/quantum/action_util.o
 .bss.oneshot_mods
                0x0000000000800249        0x1 .build/obj_PanasonicBusinessPartner286_default/quantum/action_util.o
 .bss.__compound_literal.0
                0x000000000080024a       0x20 .build/obj_PanasonicBusinessPartner286_default/quantum/action_util.o
 .bss.weak_mods
                0x000000000080026a        0x1 .build/obj_PanasonicBusinessPartner286_default/quantum/action_util.o
 .bss.real_mods
                0x000000000080026b        0x1 .build/obj_PanasonicBusinessPartner286_default/quantum/action_util.o
 .bss.matrix_prev.6440
                0x000000000080026c       0x10 .build/obj_PanasonicBusinessPartner286_default/quantum/keyboard.o
 .bss.last_matrix_modification_time
                0x000000000080027c        0x4 .build/obj_PanasonicBusinessPartner286_default/quantum/keyboard.o
 .bss.last_input_modification_time
                0x0000000000800280        0x4 .build/obj_PanasonicBusinessPartner286_default/quantum/keyboard.o
 .bss.debug_config
                0x0000000000800284        0x1 .build/obj_PanasonicBusinessPartner286_default/quantum/logging/debug.o
                0x0000000000800284                debug_config
 .bss.debouncing_time
                0x0000000000800285        0x2 .build/obj_PanasonicBusinessPartner286_default/quantum/debounce/sym_defer_g.o
 .bss.debouncing
                0x0000000000800287        0x1 .build/obj_PanasonicBusinessPartner286_default/quantum/debounce/sym_defer_g.o
 .bss.last_timer_w
                0x0000000000800288        0x2 .build/obj_PanasonicBusinessPartner286_default/quantum/mousekey.o
 .bss.last_timer_c
                0x000000000080028a        0x2 .build/obj_PanasonicBusinessPartner286_default/quantum/mousekey.o
 .bss.mousekey_wheel_repeat
                0x000000000080028c        0x1 .build/obj_PanasonicBusinessPartner286_default/quantum/mousekey.o
 .bss.mousekey_repeat
                0x000000000080028d        0x1 .build/obj_PanasonicBusinessPartner286_default/quantum/mousekey.o
 .bss.mousekey_accel
                0x000000000080028e        0x1 .build/obj_PanasonicBusinessPartner286_default/quantum/mousekey.o
 .bss.mouse_report
                0x000000000080028f        0x6 .build/obj_PanasonicBusinessPartner286_default/quantum/mousekey.o
 .bss.grave_esc_was_shifted
                0x0000000000800295        0x1 .build/obj_PanasonicBusinessPartner286_default/quantum/process_keycode/process_grave_esc.o
 .bss.sc_timer  0x0000000000800296        0x2 .build/obj_PanasonicBusinessPartner286_default/quantum/process_keycode/process_space_cadet.o
 .bss.sc_last   0x0000000000800298        0x1 .build/obj_PanasonicBusinessPartner286_default/quantum/process_keycode/process_space_cadet.o
 .bss.last_consumer_report
                0x0000000000800299        0x2 .build/obj_PanasonicBusinessPartner286_default/protocol/host.o
 .bss.last_system_report
                0x000000000080029b        0x2 .build/obj_PanasonicBusinessPartner286_default/protocol/host.o
 .bss.driver    0x000000000080029d        0x2 .build/obj_PanasonicBusinessPartner286_default/protocol/host.o
 .bss.usb_device_state
                0x000000000080029f        0x1 .build/obj_PanasonicBusinessPartner286_default/protocol/usb_device_state.o
                0x000000000080029f                usb_device_state
 .bss.wdt_timeout
                0x00000000008002a0        0x1 .build/obj_PanasonicBusinessPartner286_default/platforms/avr/suspend.o
 .bss.r.6477    0x00000000008002a1        0x3 .build/obj_PanasonicBusinessPartner286_default/lufa.o
 .bss.keyboard_report_sent
                0x00000000008002a4       0x20 .build/obj_PanasonicBusinessPartner286_default/lufa.o
 .bss.keyboard_led_state
                0x00000000008002c4        0x1 .build/obj_PanasonicBusinessPartner286_default/lufa.o
 .bss.keyboard_idle
                0x00000000008002c5        0x1 .build/obj_PanasonicBusinessPartner286_default/lufa.o
                0x00000000008002c5                keyboard_idle
 *(COMMON)
 COMMON         0x00000000008002c6        0x2 .build/obj_PanasonicBusinessPartner286_default/quantum/bootmagic/magic.o
                0x00000000008002c6                keymap_config
 COMMON         0x00000000008002c8       0x20 .build/obj_PanasonicBusinessPartner286_default/quantum/matrix_common.o
                0x00000000008002c8                raw_matrix
                0x00000000008002d8                matrix
 COMMON         0x00000000008002e8        0x4 .build/obj_PanasonicBusinessPartner286_default/platforms/avr/timer.o
                0x00000000008002e8                timer_count
 COMMON         0x00000000008002ec        0x3 .build/obj_PanasonicBusinessPartner286_default/lib/lufa/LUFA/Drivers/USB/Core/DeviceStandardReq.o
                0x00000000008002ec                USB_Device_ConfigurationNumber
                0x00000000008002ed                USB_Device_CurrentlySelfPowered
                0x00000000008002ee                USB_Device_RemoteWakeupEnabled
 COMMON         0x00000000008002ef        0xa .build/obj_PanasonicBusinessPartner286_default/lib/lufa/LUFA/Drivers/USB/Core/USBTask.o
                0x00000000008002ef                USB_IsInitialized
                0x00000000008002f0                USB_DeviceState
                0x00000000008002f1                USB_ControlRequest
                0x00000000008002f9                PROVIDE (__bss_end = .)
                0x000000000000406e                __data_load_start = LOADADDR (.data)
                0x0000000000004102                __data_load_end = (__data_load_start + SIZEOF (.data))

.noinit         0x00000000008002f9        0x0
                [!provide]                        PROVIDE (__noinit_start = .)
 *(.noinit .noinit.* .gnu.linkonce.n.*)
                [!provide]                        PROVIDE (__noinit_end = .)
                0x00000000008002f9                _end = .
                [!provide]                        PROVIDE (__heap_start = .)

.eeprom         0x0000000000810000        0x0
 *(.eeprom*)
                0x0000000000810000                __eeprom_end = .

.fuse
 *(.fuse)
 *(.lfuse)
 *(.hfuse)
 *(.efuse)

.lock
 *(.lock*)

.signature
 *(.signature*)

.stab
 *(.stab)

.stabstr
 *(.stabstr)

.stab.excl
 *(.stab.excl)

.stab.exclstr
 *(.stab.exclstr)

.stab.index
 *(.stab.index)

.stab.indexstr
 *(.stab.indexstr)

.comment        0x0000000000000000       0x11
 *(.comment)
 .comment       0x0000000000000000       0x11 .build/obj_PanasonicBusinessPartner286_default/keyboards/PanasonicBusinessPartner286/keymaps/default/keymap.o
                                         0x12 (size before relaxing)
 .comment       0x0000000000000011       0x12 .build/obj_PanasonicBusinessPartner286_default/quantum/quantum.o
 .comment       0x0000000000000011       0x12 .build/obj_PanasonicBusinessPartner286_default/quantum/led.o
 .comment       0x0000000000000011       0x12 .build/obj_PanasonicBusinessPartner286_default/quantum/action.o
 .comment       0x0000000000000011       0x12 .build/obj_PanasonicBusinessPartner286_default/quantum/action_layer.o
 .comment       0x0000000000000011       0x12 .build/obj_PanasonicBusinessPartner286_default/quantum/action_tapping.o
 .comment       0x0000000000000011       0x12 .build/obj_PanasonicBusinessPartner286_default/quantum/action_util.o
 .comment       0x0000000000000011       0x12 .build/obj_PanasonicBusinessPartner286_default/quantum/eeconfig.o
 .comment       0x0000000000000011       0x12 .build/obj_PanasonicBusinessPartner286_default/quantum/keyboard.o
 .comment       0x0000000000000011       0x12 .build/obj_PanasonicBusinessPartner286_default/quantum/keymap_common.o
 .comment       0x0000000000000011       0x12 .build/obj_PanasonicBusinessPartner286_default/quantum/keycode_config.o
 .comment       0x0000000000000011       0x12 .build/obj_PanasonicBusinessPartner286_default/quantum/logging/debug.o
 .comment       0x0000000000000011       0x12 .build/obj_PanasonicBusinessPartner286_default/quantum/logging/sendchar.o
 .comment       0x0000000000000011       0x12 .build/obj_PanasonicBusinessPartner286_default/quantum/bootmagic/bootmagic_lite.o
 .comment       0x0000000000000011       0x12 .build/obj_PanasonicBusinessPartner286_default/quantum/bootmagic/magic.o
 .comment       0x0000000000000011       0x12 .build/obj_PanasonicBusinessPartner286_default/quantum/matrix_common.o
 .comment       0x0000000000000011       0x12 .build/obj_PanasonicBusinessPartner286_default/quantum/matrix.o
 .comment       0x0000000000000011       0x12 .build/obj_PanasonicBusinessPartner286_default/quantum/debounce/sym_defer_g.o
 .comment       0x0000000000000011       0x12 .build/obj_PanasonicBusinessPartner286_default/quantum/main.o
 .comment       0x0000000000000011       0x12 .build/obj_PanasonicBusinessPartner286_default/quantum/mousekey.o
 .comment       0x0000000000000011       0x12 .build/obj_PanasonicBusinessPartner286_default/quantum/process_keycode/process_magic.o
 .comment       0x0000000000000011       0x12 .build/obj_PanasonicBusinessPartner286_default/quantum/process_keycode/process_grave_esc.o
 .comment       0x0000000000000011       0x12 .build/obj_PanasonicBusinessPartner286_default/quantum/process_keycode/process_space_cadet.o
 .comment       0x0000000000000011       0x12 .build/obj_PanasonicBusinessPartner286_default/platforms/avr/printf.o
 .comment       0x0000000000000011       0x12 .build/obj_PanasonicBusinessPartner286_default/protocol/host.o
 .comment       0x0000000000000011       0x12 .build/obj_PanasonicBusinessPartner286_default/protocol/report.o
 .comment       0x0000000000000011       0x12 .build/obj_PanasonicBusinessPartner286_default/protocol/usb_device_state.o
 .comment       0x0000000000000011       0x12 .build/obj_PanasonicBusinessPartner286_default/platforms/suspend.o
 .comment       0x0000000000000011       0x12 .build/obj_PanasonicBusinessPartner286_default/platforms/avr/platform.o
 .comment       0x0000000000000011       0x12 .build/obj_PanasonicBusinessPartner286_default/platforms/avr/suspend.o
 .comment       0x0000000000000011       0x12 .build/obj_PanasonicBusinessPartner286_default/platforms/avr/timer.o
 .comment       0x0000000000000011       0x12 .build/obj_PanasonicBusinessPartner286_default/platforms/avr/bootloaders/halfkay.o
 .comment       0x0000000000000011       0x12 .build/obj_PanasonicBusinessPartner286_default/lufa.o
 .comment       0x0000000000000011       0x12 .build/obj_PanasonicBusinessPartner286_default/usb_descriptor.o
 .comment       0x0000000000000011       0x12 .build/obj_PanasonicBusinessPartner286_default/lib/lufa/LUFA/Drivers/USB/Core/AVR8/Device_AVR8.o
 .comment       0x0000000000000011       0x12 .build/obj_PanasonicBusinessPartner286_default/lib/lufa/LUFA/Drivers/USB/Core/AVR8/EndpointStream_AVR8.o
 .comment       0x0000000000000011       0x12 .build/obj_PanasonicBusinessPartner286_default/lib/lufa/LUFA/Drivers/USB/Core/AVR8/Endpoint_AVR8.o
 .comment       0x0000000000000011       0x12 .build/obj_PanasonicBusinessPartner286_default/lib/lufa/LUFA/Drivers/USB/Core/AVR8/USBController_AVR8.o
 .comment       0x0000000000000011       0x12 .build/obj_PanasonicBusinessPartner286_default/lib/lufa/LUFA/Drivers/USB/Core/AVR8/USBInterrupt_AVR8.o
 .comment       0x0000000000000011       0x12 .build/obj_PanasonicBusinessPartner286_default/lib/lufa/LUFA/Drivers/USB/Core/DeviceStandardReq.o
 .comment       0x0000000000000011       0x12 .build/obj_PanasonicBusinessPartner286_default/lib/lufa/LUFA/Drivers/USB/Core/Events.o
 .comment       0x0000000000000011       0x12 .build/obj_PanasonicBusinessPartner286_default/lib/lufa/LUFA/Drivers/USB/Core/USBTask.o

.note.gnu.avr.deviceinfo
                0x0000000000000000       0x40
 .note.gnu.avr.deviceinfo
                0x0000000000000000       0x40 /usr/lib/gcc/avr/8.3.0/../../../../avr/lib/avr51/crtat90usb1286.o

.note.gnu.build-id
 *(.note.gnu.build-id)

.debug
 *(.debug)

.line
 *(.line)

.debug_srcinfo
 *(.debug_srcinfo)

.debug_sfnames
 *(.debug_sfnames)

.debug_aranges  0x0000000000000000      0xe78
 *(.debug_aranges)
 .debug_aranges
                0x0000000000000000       0x28 .build/obj_PanasonicBusinessPartner286_default/keyboards/PanasonicBusinessPartner286/keymaps/default/keymap.o
 .debug_aranges
                0x0000000000000028       0xf0 .build/obj_PanasonicBusinessPartner286_default/quantum/quantum.o
 .debug_aranges
                0x0000000000000118       0x60 .build/obj_PanasonicBusinessPartner286_default/quantum/led.o
 .debug_aranges
                0x0000000000000178       0xe0 .build/obj_PanasonicBusinessPartner286_default/quantum/action.o
 .debug_aranges
                0x0000000000000258       0xe0 .build/obj_PanasonicBusinessPartner286_default/quantum/action_layer.o
 .debug_aranges
                0x0000000000000338       0x48 .build/obj_PanasonicBusinessPartner286_default/quantum/action_tapping.o
 .debug_aranges
                0x0000000000000380      0x150 .build/obj_PanasonicBusinessPartner286_default/quantum/action_util.o
 .debug_aranges
                0x00000000000004d0       0xd8 .build/obj_PanasonicBusinessPartner286_default/quantum/eeconfig.o
 .debug_aranges
                0x00000000000005a8       0xc8 .build/obj_PanasonicBusinessPartner286_default/quantum/keyboard.o
 .debug_aranges
                0x0000000000000670       0x30 .build/obj_PanasonicBusinessPartner286_default/quantum/keymap_common.o
 .debug_aranges
                0x00000000000006a0       0x28 .build/obj_PanasonicBusinessPartner286_default/quantum/keycode_config.o
 .debug_aranges
                0x00000000000006c8       0x18 .build/obj_PanasonicBusinessPartner286_default/quantum/logging/debug.o
 .debug_aranges
                0x00000000000006e0       0x20 .build/obj_PanasonicBusinessPartner286_default/quantum/logging/sendchar.o
 .debug_aranges
                0x0000000000000700       0x30 .build/obj_PanasonicBusinessPartner286_default/quantum/bootmagic/bootmagic_lite.o
 .debug_aranges
                0x0000000000000730       0x28 .build/obj_PanasonicBusinessPartner286_default/quantum/bootmagic/magic.o
 .debug_aranges
                0x0000000000000758       0x98 .build/obj_PanasonicBusinessPartner286_default/quantum/matrix_common.o
 .debug_aranges
                0x00000000000007f0       0x40 .build/obj_PanasonicBusinessPartner286_default/quantum/matrix.o
 .debug_aranges
                0x0000000000000830       0x30 .build/obj_PanasonicBusinessPartner286_default/quantum/debounce/sym_defer_g.o
 .debug_aranges
                0x0000000000000860       0x30 .build/obj_PanasonicBusinessPartner286_default/quantum/main.o
 .debug_aranges
                0x0000000000000890       0x58 .build/obj_PanasonicBusinessPartner286_default/quantum/mousekey.o
 .debug_aranges
                0x00000000000008e8       0x20 .build/obj_PanasonicBusinessPartner286_default/quantum/process_keycode/process_magic.o
 .debug_aranges
                0x0000000000000908       0x20 .build/obj_PanasonicBusinessPartner286_default/quantum/process_keycode/process_grave_esc.o
 .debug_aranges
                0x0000000000000928       0x28 .build/obj_PanasonicBusinessPartner286_default/quantum/process_keycode/process_space_cadet.o
 .debug_aranges
                0x0000000000000950       0x20 .build/obj_PanasonicBusinessPartner286_default/platforms/avr/printf.o
 .debug_aranges
                0x0000000000000970       0x88 .build/obj_PanasonicBusinessPartner286_default/protocol/host.o
 .debug_aranges
                0x00000000000009f8       0x68 .build/obj_PanasonicBusinessPartner286_default/protocol/report.o
 .debug_aranges
                0x0000000000000a60       0x40 .build/obj_PanasonicBusinessPartner286_default/protocol/usb_device_state.o
 .debug_aranges
                0x0000000000000aa0       0x38 .build/obj_PanasonicBusinessPartner286_default/platforms/suspend.o
 .debug_aranges
                0x0000000000000ad8       0x20 .build/obj_PanasonicBusinessPartner286_default/platforms/avr/platform.o
 .debug_aranges
                0x0000000000000af8       0x30 .build/obj_PanasonicBusinessPartner286_default/platforms/avr/suspend.o
 .debug_aranges
                0x0000000000000b28       0x50 .build/obj_PanasonicBusinessPartner286_default/platforms/avr/timer.o
 .debug_aranges
                0x0000000000000b78       0x20 .build/obj_PanasonicBusinessPartner286_default/platforms/avr/bootloaders/halfkay.o
 .debug_aranges
                0x0000000000000b98       0xc0 .build/obj_PanasonicBusinessPartner286_default/lufa.o
 .debug_aranges
                0x0000000000000c58       0x20 .build/obj_PanasonicBusinessPartner286_default/usb_descriptor.o
 .debug_aranges
                0x0000000000000c78       0x20 .build/obj_PanasonicBusinessPartner286_default/lib/lufa/LUFA/Drivers/USB/Core/AVR8/Device_AVR8.o
 .debug_aranges
                0x0000000000000c98       0xc8 .build/obj_PanasonicBusinessPartner286_default/lib/lufa/LUFA/Drivers/USB/Core/AVR8/EndpointStream_AVR8.o
 .debug_aranges
                0x0000000000000d60       0x40 .build/obj_PanasonicBusinessPartner286_default/lib/lufa/LUFA/Drivers/USB/Core/AVR8/Endpoint_AVR8.o
 .debug_aranges
                0x0000000000000da0       0x30 .build/obj_PanasonicBusinessPartner286_default/lib/lufa/LUFA/Drivers/USB/Core/AVR8/USBController_AVR8.o
 .debug_aranges
                0x0000000000000dd0       0x38 .build/obj_PanasonicBusinessPartner286_default/lib/lufa/LUFA/Drivers/USB/Core/AVR8/USBInterrupt_AVR8.o
 .debug_aranges
                0x0000000000000e08       0x20 .build/obj_PanasonicBusinessPartner286_default/lib/lufa/LUFA/Drivers/USB/Core/DeviceStandardReq.o
 .debug_aranges
                0x0000000000000e28       0x30 .build/obj_PanasonicBusinessPartner286_default/lib/lufa/LUFA/Drivers/USB/Core/Events.o
 .debug_aranges
                0x0000000000000e58       0x20 .build/obj_PanasonicBusinessPartner286_default/lib/lufa/LUFA/Drivers/USB/Core/USBTask.o

.debug_pubnames
 *(.debug_pubnames)

.debug_info     0x0000000000000000    0x1fead
 *(.debug_info .gnu.linkonce.wi.*)
 .debug_info    0x0000000000000000      0x995 /usr/lib/gcc/avr/8.3.0/../../../../avr/lib/avr51/crtat90usb1286.o
 .debug_info    0x0000000000000995     0x19cf .build/obj_PanasonicBusinessPartner286_default/keyboards/PanasonicBusinessPartner286/keymaps/default/keymap.o
 .debug_info    0x0000000000002364     0x2738 .build/obj_PanasonicBusinessPartner286_default/quantum/quantum.o
 .debug_info    0x0000000000004a9c      0x5ad .build/obj_PanasonicBusinessPartner286_default/quantum/led.o
 .debug_info    0x0000000000005049     0x2263 .build/obj_PanasonicBusinessPartner286_default/quantum/action.o
 .debug_info    0x00000000000072ac      0xc52 .build/obj_PanasonicBusinessPartner286_default/quantum/action_layer.o
 .debug_info    0x0000000000007efe      0xf49 .build/obj_PanasonicBusinessPartner286_default/quantum/action_tapping.o
 .debug_info    0x0000000000008e47      0xead .build/obj_PanasonicBusinessPartner286_default/quantum/action_util.o
 .debug_info    0x0000000000009cf4      0x8b5 .build/obj_PanasonicBusinessPartner286_default/quantum/eeconfig.o
 .debug_info    0x000000000000a5a9      0xe8a .build/obj_PanasonicBusinessPartner286_default/quantum/keyboard.o
 .debug_info    0x000000000000b433     0x2190 .build/obj_PanasonicBusinessPartner286_default/quantum/keymap_common.o
 .debug_info    0x000000000000d5c3      0x64e .build/obj_PanasonicBusinessPartner286_default/quantum/keycode_config.o
 .debug_info    0x000000000000dc11      0x110 .build/obj_PanasonicBusinessPartner286_default/quantum/logging/debug.o
 .debug_info    0x000000000000dd21       0xa8 .build/obj_PanasonicBusinessPartner286_default/quantum/logging/sendchar.o
 .debug_info    0x000000000000ddc9      0x935 .build/obj_PanasonicBusinessPartner286_default/quantum/bootmagic/bootmagic_lite.o
 .debug_info    0x000000000000e6fe      0x6fd .build/obj_PanasonicBusinessPartner286_default/quantum/bootmagic/magic.o
 .debug_info    0x000000000000edfb      0xc96 .build/obj_PanasonicBusinessPartner286_default/quantum/matrix_common.o
 .debug_info    0x000000000000fa91      0xdb9 .build/obj_PanasonicBusinessPartner286_default/quantum/matrix.o
 .debug_info    0x000000000001084a      0x92b .build/obj_PanasonicBusinessPartner286_default/quantum/debounce/sym_defer_g.o
 .debug_info    0x0000000000011175      0x1bb .build/obj_PanasonicBusinessPartner286_default/quantum/main.o
 .debug_info    0x0000000000011330      0x83d .build/obj_PanasonicBusinessPartner286_default/quantum/mousekey.o
 .debug_info    0x0000000000011b6d     0x1666 .build/obj_PanasonicBusinessPartner286_default/quantum/process_keycode/process_magic.o
 .debug_info    0x00000000000131d3     0x1ac6 .build/obj_PanasonicBusinessPartner286_default/quantum/process_keycode/process_grave_esc.o
 .debug_info    0x0000000000014c99     0x1b7b .build/obj_PanasonicBusinessPartner286_default/quantum/process_keycode/process_space_cadet.o
 .debug_info    0x0000000000016814       0xe7 .build/obj_PanasonicBusinessPartner286_default/platforms/avr/printf.o