Archive member included to satisfy reference by file (symbol)

/usr/lib/gcc/avr/11.2.0/../../../../avr/lib/avr51/libm.a(fixsfsi.o)
                              .build/obj_kb_default/common/mousekey.o (__fixsfsi)
/usr/lib/gcc/avr/11.2.0/../../../../avr/lib/avr51/libm.a(fixunssfsi.o)
                              /usr/lib/gcc/avr/11.2.0/../../../../avr/lib/avr51/libm.a(fixsfsi.o) (__fixunssfsi)
/usr/lib/gcc/avr/11.2.0/../../../../avr/lib/avr51/libm.a(floatsisf.o)
                              .build/obj_kb_default/common/mousekey.o (__floatsisf)
/usr/lib/gcc/avr/11.2.0/../../../../avr/lib/avr51/libm.a(fp_split3.o)
                              /usr/lib/gcc/avr/11.2.0/../../../../avr/lib/avr51/libm.a(fixunssfsi.o) (__fp_splitA)
/usr/lib/gcc/avr/11.2.0/../../../../avr/lib/avr51/libm.a(fp_zero.o)
                              /usr/lib/gcc/avr/11.2.0/../../../../avr/lib/avr51/libm.a(fixunssfsi.o) (__fp_zero)
/usr/lib/gcc/avr/11.2.0/../../../../avr/lib/avr51/libm.a(mulsf3.o)
                              .build/obj_kb_default/common/mousekey.o (__mulsf3)
/usr/lib/gcc/avr/11.2.0/../../../../avr/lib/avr51/libm.a(mulsf3x.o)
                              /usr/lib/gcc/avr/11.2.0/../../../../avr/lib/avr51/libm.a(mulsf3.o) (__mulsf3x)
/usr/lib/gcc/avr/11.2.0/../../../../avr/lib/avr51/libm.a(fp_inf.o)
                              /usr/lib/gcc/avr/11.2.0/../../../../avr/lib/avr51/libm.a(mulsf3x.o) (__fp_inf)
/usr/lib/gcc/avr/11.2.0/../../../../avr/lib/avr51/libm.a(fp_nan.o)
                              /usr/lib/gcc/avr/11.2.0/../../../../avr/lib/avr51/libm.a(mulsf3x.o) (__fp_nan)
/usr/lib/gcc/avr/11.2.0/../../../../avr/lib/avr51/libm.a(fp_pscA.o)
                              /usr/lib/gcc/avr/11.2.0/../../../../avr/lib/avr51/libm.a(mulsf3x.o) (__fp_pscA)
/usr/lib/gcc/avr/11.2.0/../../../../avr/lib/avr51/libm.a(fp_pscB.o)
                              /usr/lib/gcc/avr/11.2.0/../../../../avr/lib/avr51/libm.a(mulsf3x.o) (__fp_pscB)
/usr/lib/gcc/avr/11.2.0/../../../../avr/lib/avr51/libm.a(fp_round.o)
                              /usr/lib/gcc/avr/11.2.0/../../../../avr/lib/avr51/libm.a(mulsf3.o) (__fp_round)
/usr/lib/gcc/avr/11.2.0/avr51/libgcc.a(_divmodhi4.o)
                              .build/obj_kb_default/quantum/quantum.o (__divmodhi4)
/usr/lib/gcc/avr/11.2.0/avr51/libgcc.a(_exit.o)
                              /usr/lib/gcc/avr/11.2.0/../../../../avr/lib/avr51/crtat90usb1286.o (exit)
/usr/lib/gcc/avr/11.2.0/avr51/libgcc.a(_tablejump2.o)
                              .build/obj_kb_default/quantum/quantum.o (__tablejump2__)
/usr/lib/gcc/avr/11.2.0/avr51/libgcc.a(_copy_data.o)
                              .build/obj_kb_default/quantum/keymap_common.o (__do_copy_data)
/usr/lib/gcc/avr/11.2.0/avr51/libgcc.a(_clear_bss.o)
                              .build/obj_kb_default/quantum/quantum.o (__do_clear_bss)
/usr/lib/gcc/avr/11.2.0/avr51/libgcc.a(_popcounthi2.o)
                              .build/obj_kb_default/common/util.o (__popcounthi2)
/usr/lib/gcc/avr/11.2.0/avr51/libgcc.a(_popcountsi2.o)
                              .build/obj_kb_default/common/util.o (__popcountsi2)
/usr/lib/gcc/avr/11.2.0/avr51/libgcc.a(_popcountqi2.o)
                              /usr/lib/gcc/avr/11.2.0/avr51/libgcc.a(_popcounthi2.o) (__popcountqi2)
/usr/lib/gcc/avr/11.2.0/avr51/libgcc.a(_udivmodhi4.o)
                              /usr/lib/gcc/avr/11.2.0/avr51/libgcc.a(_divmodhi4.o) (__udivmodhi4)
/usr/lib/gcc/avr/11.2.0/../../../../avr/lib/avr51/libc.a(rand.o)
                              .build/obj_kb_default/quantum/quantum.o (rand)
/usr/lib/gcc/avr/11.2.0/../../../../avr/lib/avr51/libc.a(memmove.o)
                              .build/obj_kb_default/protocol/lufa/LUFA-git/LUFA/Drivers/USB/Class/Common/HIDParser.o (memmove)
/usr/lib/gcc/avr/11.2.0/../../../../avr/lib/avr51/libc.a(memcpy.o)
                              /usr/lib/gcc/avr/11.2.0/../../../../avr/lib/avr51/libc.a(memmove.o) (memcpy)
/usr/lib/gcc/avr/11.2.0/../../../../avr/lib/avr51/libat90usb1286.a(eerd_byte.o)
                              .build/obj_kb_default/common/eeconfig.o (eeprom_read_byte)
/usr/lib/gcc/avr/11.2.0/../../../../avr/lib/avr51/libat90usb1286.a(eerd_word.o)
                              .build/obj_kb_default/common/eeconfig.o (eeprom_read_word)
/usr/lib/gcc/avr/11.2.0/../../../../avr/lib/avr51/libat90usb1286.a(eeupd_byte.o)
                              .build/obj_kb_default/common/eeconfig.o (eeprom_update_byte)
/usr/lib/gcc/avr/11.2.0/../../../../avr/lib/avr51/libat90usb1286.a(eeupd_word.o)
                              .build/obj_kb_default/common/eeconfig.o (eeprom_update_word)
/usr/lib/gcc/avr/11.2.0/../../../../avr/lib/avr51/libat90usb1286.a(eerd_block.o)
                              /usr/lib/gcc/avr/11.2.0/../../../../avr/lib/avr51/libat90usb1286.a(eerd_word.o) (eeprom_read_blraw)
/usr/lib/gcc/avr/11.2.0/avr51/libgcc.a(_divmodsi4.o)
                              /usr/lib/gcc/avr/11.2.0/../../../../avr/lib/avr51/libc.a(rand.o) (__divmodsi4)
[...]
Memory Configuration

Name             Origin             Length             Attributes
text             0x0000000000000000 0x0000000000020000 xr
data             0x0000000000800100 0x000000000000ff00 rw !x
eeprom           0x0000000000810000 0x0000000000010000 rw !x
fuse             0x0000000000820000 0x0000000000000003 rw !x
lock             0x0000000000830000 0x0000000000000400 rw !x
signature        0x0000000000840000 0x0000000000000400 rw !x
user_signatures  0x0000000000850000 0x0000000000000400 rw !x
*default*        0x0000000000000000 0xffffffffffffffff

Linker script and memory map

Address of section .data set to 0x800100
LOAD /usr/lib/gcc/avr/11.2.0/../../../../avr/lib/avr51/crtat90usb1286.o
LOAD .build/obj_kb_default/keyboards/kb/kb.o
LOAD .build/obj_kb_default/keyboards/kb/keymaps/default/keymap.o
LOAD .build/obj_kb_default/quantum/quantum.o
LOAD .build/obj_kb_default/quantum/keymap_common.o
LOAD .build/obj_kb_default/quantum/keycode_config.o
LOAD .build/obj_kb_default/quantum/process_keycode/process_leader.o
LOAD .build/obj_kb_default/quantum/matrix.o
LOAD .build/obj_kb_default/common/host.o
LOAD .build/obj_kb_default/common/keyboard.o
LOAD .build/obj_kb_default/common/action.o
LOAD .build/obj_kb_default/common/action_tapping.o
LOAD .build/obj_kb_default/common/action_macro.o
LOAD .build/obj_kb_default/common/action_layer.o
LOAD .build/obj_kb_default/common/action_util.o
LOAD .build/obj_kb_default/common/print.o
LOAD .build/obj_kb_default/common/debug.o
LOAD .build/obj_kb_default/common/util.o
LOAD .build/obj_kb_default/common/eeconfig.o
LOAD .build/obj_kb_default/common/avr/suspend.o
LOAD .build/obj_kb_default/common/avr/timer.o
LOAD .build/obj_kb_default/common/avr/bootloader.o
LOAD .build/obj_kb_default/common/avr/xprintf.o
LOAD .build/obj_kb_default/common/bootmagic.o
LOAD .build/obj_kb_default/common/mousekey.o
LOAD .build/obj_kb_default/lufa.o
LOAD .build/obj_kb_default/descriptor.o
LOAD .build/obj_kb_default/protocol/lufa/LUFA-git/LUFA/Drivers/USB/Class/Common/HIDParser.o
LOAD .build/obj_kb_default/protocol/lufa/LUFA-git/LUFA/Drivers/USB/Core/AVR8/Device_AVR8.o
LOAD .build/obj_kb_default/protocol/lufa/LUFA-git/LUFA/Drivers/USB/Core/AVR8/EndpointStream_AVR8.o
LOAD .build/obj_kb_default/protocol/lufa/LUFA-git/LUFA/Drivers/USB/Core/AVR8/Endpoint_AVR8.o
LOAD .build/obj_kb_default/protocol/lufa/LUFA-git/LUFA/Drivers/USB/Core/AVR8/Host_AVR8.o
LOAD .build/obj_kb_default/protocol/lufa/LUFA-git/LUFA/Drivers/USB/Core/AVR8/PipeStream_AVR8.o
LOAD .build/obj_kb_default/protocol/lufa/LUFA-git/LUFA/Drivers/USB/Core/AVR8/Pipe_AVR8.o
LOAD .build/obj_kb_default/protocol/lufa/LUFA-git/LUFA/Drivers/USB/Core/AVR8/USBController_AVR8.o
LOAD .build/obj_kb_default/protocol/lufa/LUFA-git/LUFA/Drivers/USB/Core/AVR8/USBInterrupt_AVR8.o
LOAD .build/obj_kb_default/protocol/lufa/LUFA-git/LUFA/Drivers/USB/Core/ConfigDescriptors.o
LOAD .build/obj_kb_default/protocol/lufa/LUFA-git/LUFA/Drivers/USB/Core/DeviceStandardReq.o
LOAD .build/obj_kb_default/protocol/lufa/LUFA-git/LUFA/Drivers/USB/Core/Events.o
LOAD .build/obj_kb_default/protocol/lufa/LUFA-git/LUFA/Drivers/USB/Core/HostStandardReq.o
LOAD .build/obj_kb_default/protocol/lufa/LUFA-git/LUFA/Drivers/USB/Core/USBTask.o
LOAD /usr/lib/gcc/avr/11.2.0/../../../../avr/lib/avr51/libm.a
START GROUP
LOAD /usr/lib/gcc/avr/11.2.0/avr51/libgcc.a
LOAD /usr/lib/gcc/avr/11.2.0/../../../../avr/lib/avr51/libm.a
LOAD /usr/lib/gcc/avr/11.2.0/../../../../avr/lib/avr51/libc.a
LOAD /usr/lib/gcc/avr/11.2.0/../../../../avr/lib/avr51/libat90usb1286.a
END GROUP
                0x0000000000020000                __TEXT_REGION_LENGTH__ = DEFINED (__TEXT_REGION_LENGTH__)?__TEXT_REGION_LENGTH__:0x20000
                0x000000000000ff00                __DATA_REGION_LENGTH__ = DEFINED (__DATA_REGION_LENGTH__)?__DATA_REGION_LENGTH__:0xff00
                0x0000000000010000                __EEPROM_REGION_LENGTH__ = DEFINED (__EEPROM_REGION_LENGTH__)?__EEPROM_REGION_LENGTH__:0x10000
                [0x0000000000000003]                __FUSE_REGION_LENGTH__ = DEFINED (__FUSE_REGION_LENGTH__)?__FUSE_REGION_LENGTH__:0x400
                0x0000000000000400                __LOCK_REGION_LENGTH__ = DEFINED (__LOCK_REGION_LENGTH__)?__LOCK_REGION_LENGTH__:0x400
                0x0000000000000400                __SIGNATURE_REGION_LENGTH__ = DEFINED (__SIGNATURE_REGION_LENGTH__)?__SIGNATURE_REGION_LENGTH__:0x400
                0x0000000000000400                __USER_SIGNATURE_REGION_LENGTH__ = DEFINED (__USER_SIGNATURE_REGION_LENGTH__)?__USER_SIGNATURE_REGION_LENGTH__:0x400

.hash
 *(.hash)

.dynsym
 *(.dynsym)

.dynstr
 *(.dynstr)

.gnu.version
 *(.gnu.version)

.gnu.version_d
 *(.gnu.version_d)

.gnu.version_r
 *(.gnu.version_r)

.rel.init
 *(.rel.init)

.rela.init
 *(.rela.init)

.rel.text
 *(.rel.text)
 *(.rel.text.*)
 *(.rel.gnu.linkonce.t*)

.rela.text
 *(.rela.text)
 *(.rela.text.*)
 *(.rela.gnu.linkonce.t*)

.rel.fini
 *(.rel.fini)

.rela.fini
 *(.rela.fini)

.rel.rodata
 *(.rel.rodata)
 *(.rel.rodata.*)
 *(.rel.gnu.linkonce.r*)

.rela.rodata
 *(.rela.rodata)
 *(.rela.rodata.*)
 *(.rela.gnu.linkonce.r*)

.rel.data
 *(.rel.data)
 *(.rel.data.*)
 *(.rel.gnu.linkonce.d*)

.rela.data
 *(.rela.data)
 *(.rela.data.*)
 *(.rela.gnu.linkonce.d*)

.rel.ctors
 *(.rel.ctors)

.rela.ctors
 *(.rela.ctors)

.rel.dtors
 *(.rel.dtors)

.rela.dtors
 *(.rela.dtors)

.rel.got
 *(.rel.got)

.rela.got
 *(.rela.got)

.rel.bss
 *(.rel.bss)

.rela.bss
 *(.rela.bss)

.rel.plt
 *(.rel.plt)

.rela.plt
 *(.rela.plt)

.text           0x0000000000000000     0x5804
 *(.vectors)
 .vectors       0x0000000000000000       0x98 /usr/lib/gcc/avr/11.2.0/../../../../avr/lib/avr51/crtat90usb1286.o
                0x0000000000000000                __vectors
                0x0000000000000000                __vector_default
 *(.vectors)
 *(.progmem.gcc*)
                0x0000000000000098                . = ALIGN (0x2)
                0x0000000000000098                __trampolines_start = .
 *(.trampolines)
 .trampolines   0x0000000000000098        0x0 linker stubs
 *(.trampolines*)
                0x0000000000000098                __trampolines_end = .
 *libprintf_flt.a:*(.progmem.data)
 *libc.a:*(.progmem.data)
 *(.progmem.*)
 .progmem.data.keymaps
                0x0000000000000098     0x1900 .build/obj_kb_default/keyboards/kb/keymaps/default/keymap.o
                0x0000000000000098                keymaps
 .progmem.data.fn_actions
                0x0000000000001998        0x0 .build/obj_kb_default/quantum/keymap_common.o
                0x0000000000001998                fn_actions
 .progmem.data.ProductString
                0x0000000000001998       0x14 .build/obj_kb_default/descriptor.o
                0x0000000000001998                ProductString
 .progmem.data.ManufacturerString
                0x00000000000019ac       0x18 .build/obj_kb_default/descriptor.o
                0x00000000000019ac                ManufacturerString
 .progmem.data.LanguageString
                0x00000000000019c4        0x4 .build/obj_kb_default/descriptor.o
                0x00000000000019c4                LanguageString
 .progmem.data.ConfigurationDescriptor
                0x00000000000019c8       0x6d .build/obj_kb_default/descriptor.o
                0x00000000000019c8                ConfigurationDescriptor
 .progmem.data.DeviceDescriptor
                0x0000000000001a35       0x12 .build/obj_kb_default/descriptor.o
                0x0000000000001a35                DeviceDescriptor
 .progmem.data.NKROReport
                0x0000000000001a47       0x39 .build/obj_kb_default/descriptor.o
                0x0000000000001a47                NKROReport
 .progmem.data.ExtrakeyReport
                0x0000000000001a80       0x36 .build/obj_kb_default/descriptor.o
                0x0000000000001a80                ExtrakeyReport
 .progmem.data.MouseReport
                0x0000000000001ab6       0x4d .build/obj_kb_default/descriptor.o
                0x0000000000001ab6                MouseReport
 .progmem.data.KeyboardReport
                0x0000000000001b03       0x40 .build/obj_kb_default/descriptor.o
                0x0000000000001b03                KeyboardReport
                0x0000000000001b44                . = ALIGN (0x2)
 *fill*         0x0000000000001b43        0x1 
 *(.lowtext)
 *(.lowtext*)
                0x0000000000001b44                __ctors_start = .
 *(.ctors)
                0x0000000000001b44                __ctors_end = .
                0x0000000000001b44                __dtors_start = .
 *(.dtors)
                0x0000000000001b44                __dtors_end = .
 SORT_BY_NAME(*)(.ctors)
 SORT_BY_NAME(*)(.dtors)
 *(.init0)
 .init0         0x0000000000001b44        0x0 /usr/lib/gcc/avr/11.2.0/../../../../avr/lib/avr51/crtat90usb1286.o
                0x0000000000001b44                __init
 *(.init0)
 *(.init1)
 *(.init1)
 *(.init2)
 .init2         0x0000000000001b44        0xc /usr/lib/gcc/avr/11.2.0/../../../../avr/lib/avr51/crtat90usb1286.o
 *(.init2)
 *(.init3)
 .init3         0x0000000000001b50       0x54 .build/obj_kb_default/common/avr/bootloader.o
                0x0000000000001b50                bootloader_jump_after_watchdog_reset
 *(.init3)
 *(.init4)
 .init4         0x0000000000001ba4       0x1a /usr/lib/gcc/avr/11.2.0/avr51/libgcc.a(_copy_data.o)
                0x0000000000001ba4                __do_copy_data
 .init4         0x0000000000001bbe       0x10 /usr/lib/gcc/avr/11.2.0/avr51/libgcc.a(_clear_bss.o)
                0x0000000000001bbe                __do_clear_bss
 *(.init4)
 *(.init5)
 *(.init5)
 *(.init6)
 *(.init6)
 *(.init7)
 *(.init7)
 *(.init8)
 *(.init8)
 *(.init9)
 .init9         0x0000000000001bce        0x8 /usr/lib/gcc/avr/11.2.0/../../../../avr/lib/avr51/crtat90usb1286.o
 *(.init9)
 *(.text)
 .text          0x0000000000001bd6        0x4 /usr/lib/gcc/avr/11.2.0/../../../../avr/lib/avr51/crtat90usb1286.o
                0x0000000000001bd6                __vector_22
                0x0000000000001bd6                __vector_28
                0x0000000000001bd6                __vector_1
                0x0000000000001bd6                __vector_32
                0x0000000000001bd6                __vector_34
                0x0000000000001bd6                __vector_24
                0x0000000000001bd6                __bad_interrupt
                0x0000000000001bd6                __vector_6
                0x0000000000001bd6                __vector_31
                0x0000000000001bd6                __vector_35
                0x0000000000001bd6                __vector_3
                0x0000000000001bd6                __vector_23
                0x0000000000001bd6                __vector_30
                0x0000000000001bd6                __vector_25
                0x0000000000001bd6                __vector_13
                0x0000000000001bd6                __vector_17
                0x0000000000001bd6                __vector_19
                0x0000000000001bd6                __vector_7
                0x0000000000001bd6                __vector_27
                0x0000000000001bd6                __vector_5
                0x0000000000001bd6                __vector_33
                0x0000000000001bd6                __vector_37
                0x0000000000001bd6                __vector_4
                0x0000000000001bd6                __vector_9
                0x0000000000001bd6                __vector_2
                0x0000000000001bd6                __vector_15
                0x0000000000001bd6                __vector_36
                0x0000000000001bd6                __vector_29
                0x0000000000001bd6                __vector_8
                0x0000000000001bd6                __vector_26
                0x0000000000001bd6                __vector_14
                0x0000000000001bd6                __vector_16
                0x0000000000001bd6                __vector_18
                0x0000000000001bd6                __vector_20
                0x0000000000001bda                . = ALIGN (0x2)
 *(.text.*)
 .text.action_get_macro
                0x0000000000001bda        0x6 .build/obj_kb_default/keyboards/kb/keymaps/default/keymap.o
                0x0000000000001bda                action_get_macro
 .text.matrix_init_user
                0x0000000000001be0        0x2 .build/obj_kb_default/keyboards/kb/keymaps/default/keymap.o
                0x0000000000001be0                matrix_init_user
 .text.matrix_scan_user
                0x0000000000001be2        0x2 .build/obj_kb_default/keyboards/kb/keymaps/default/keymap.o
                0x0000000000001be2                matrix_scan_user
 .text.process_record_user
                0x0000000000001be4        0x4 .build/obj_kb_default/keyboards/kb/keymaps/default/keymap.o
                0x0000000000001be4                process_record_user
 .text.led_set_user
                0x0000000000001be8       0x32 .build/obj_kb_default/keyboards/kb/keymaps/default/keymap.o
                0x0000000000001be8                led_set_user
 .text.process_action_kb
                0x0000000000001c1a        0x4 .build/obj_kb_default/quantum/quantum.o
                0x0000000000001c1a                process_action_kb
 .text.process_record_kb
                0x0000000000001c1e        0x4 .build/obj_kb_default/quantum/quantum.o
                0x0000000000001c1e                process_record_kb
 .text.reset_keyboard
                0x0000000000001c22       0x1a .build/obj_kb_default/quantum/quantum.o
                0x0000000000001c22                reset_keyboard
 .text.process_record_quantum
                0x0000000000001c3c      0x25e .build/obj_kb_default/quantum/quantum.o
                0x0000000000001c3c                process_record_quantum
 .text.matrix_init_quantum
                0x0000000000001e9a        0x4 .build/obj_kb_default/quantum/quantum.o
                0x0000000000001e9a                matrix_init_quantum
 .text.matrix_scan_quantum
                0x0000000000001e9e        0x4 .build/obj_kb_default/quantum/quantum.o
                0x0000000000001e9e                matrix_scan_quantum
 .text.led_set_kb
                0x0000000000001ea2        0x4 .build/obj_kb_default/quantum/quantum.o
                0x0000000000001ea2                led_set_kb
 .text.led_set  0x0000000000001ea6        0x4 .build/obj_kb_default/quantum/quantum.o
                0x0000000000001ea6                led_set
 .text.action_function
                0x0000000000001eaa        0x2 .build/obj_kb_default/quantum/keymap_common.o
                0x0000000000001eaa                action_function
 .text.keymap_key_to_keycode
                0x0000000000001eac       0x28 .build/obj_kb_default/quantum/keymap_common.o
                0x0000000000001eac                keymap_key_to_keycode
 .text.keymap_function_id_to_action
                0x0000000000001ed4       0x10 .build/obj_kb_default/quantum/keymap_common.o
                0x0000000000001ed4                keymap_function_id_to_action
 .text.action_for_key
                0x0000000000001ee4      0x1d0 .build/obj_kb_default/quantum/keymap_common.o
                0x0000000000001ee4                action_for_key
 .text.keycode_config
                0x00000000000020b4       0xf6 .build/obj_kb_default/quantum/keycode_config.o
                0x00000000000020b4                keycode_config
 .text.leader_start
                0x00000000000021aa        0x2 .build/obj_kb_default/quantum/process_keycode/process_leader.o
                0x00000000000021aa                leader_start
 .text.process_leader
                0x00000000000021ac       0x9e .build/obj_kb_default/quantum/process_keycode/process_leader.o
                0x00000000000021ac                process_leader
 .text.matrix_init_kb
                0x000000000000224a        0x4 .build/obj_kb_default/quantum/matrix.o
                0x000000000000224a                matrix_init_kb
 .text.matrix_scan_kb
                0x000000000000224e        0x4 .build/obj_kb_default/quantum/matrix.o
                0x000000000000224e                matrix_scan_kb
 .text.matrix_init
                0x0000000000002252       0x9c .build/obj_kb_default/quantum/matrix.o
                0x0000000000002252                matrix_init
 .text.matrix_scan
                0x00000000000022ee      0x1d8 .build/obj_kb_default/quantum/matrix.o
                0x00000000000022ee                matrix_scan
 .text.matrix_get_row
                0x00000000000024c6       0x32 .build/obj_kb_default/quantum/matrix.o
                0x00000000000024c6                matrix_get_row
 .text.matrix_print
                0x00000000000024f8        0x2 .build/obj_kb_default/quantum/matrix.o
                0x00000000000024f8                matrix_print
 .text.host_set_driver
                0x00000000000024fa        0xa .build/obj_kb_default/common/host.o
                0x00000000000024fa                host_set_driver
 .text.host_keyboard_leds
                0x0000000000002504       0x18 .build/obj_kb_default/common/host.o
                0x0000000000002504                host_keyboard_leds
 .text.host_keyboard_send
                0x000000000000251c       0x16 .build/obj_kb_default/common/host.o
                0x000000000000251c                host_keyboard_send
 .text.host_mouse_send
                0x0000000000002532       0x16 .build/obj_kb_default/common/host.o
                0x0000000000002532                host_mouse_send
 .text.host_system_send
                0x0000000000002548       0x2c .build/obj_kb_default/common/host.o
                0x0000000000002548                host_system_send
 .text.host_consumer_send
                0x0000000000002574       0x2c .build/obj_kb_default/common/host.o
                0x0000000000002574                host_consumer_send
 .text.matrix_setup
                0x00000000000025a0        0x2 .build/obj_kb_default/common/keyboard.o
                0x00000000000025a0                matrix_setup
 .text.keyboard_setup
                0x00000000000025a2        0x4 .build/obj_kb_default/common/keyboard.o
                0x00000000000025a2                keyboard_setup
 .text.keyboard_init
                0x00000000000025a6        0xc .build/obj_kb_default/common/keyboard.o
                0x00000000000025a6                keyboard_init
 .text.keyboard_task
                0x00000000000025b2      0x19e .build/obj_kb_default/common/keyboard.o
                0x00000000000025b2                keyboard_task
 .text.action_exec
                0x0000000000002750       0x52 .build/obj_kb_default/common/action.o
                0x0000000000002750                action_exec
 .text.register_code
                0x00000000000027a2       0xc4 .build/obj_kb_default/common/action.o
                0x00000000000027a2                register_code
 .text.unregister_code
                0x0000000000002866       0x9e .build/obj_kb_default/common/action.o
                0x0000000000002866                unregister_code
 .text.register_mods
                0x0000000000002904        0xe .build/obj_kb_default/common/action.o
                0x0000000000002904                register_mods
 .text.unregister_mods
                0x0000000000002912        0xe .build/obj_kb_default/common/action.o
                0x0000000000002912                unregister_mods
 .text.process_action
                0x0000000000002920      0x4a6 .build/obj_kb_default/common/action.o
                0x0000000000002920                process_action
 .text.process_record
                0x0000000000002dc6       0x54 .build/obj_kb_default/common/action.o
                0x0000000000002dc6                process_record
 .text.clear_keyboard_but_mods
                0x0000000000002e1a       0x28 .build/obj_kb_default/common/action.o
                0x0000000000002e1a                clear_keyboard_but_mods
 .text.clear_keyboard
                0x0000000000002e42        0x8 .build/obj_kb_default/common/action.o
                0x0000000000002e42                clear_keyboard
 .text.is_tap_key
                0x0000000000002e4a       0x56 .build/obj_kb_default/common/action.o
                0x0000000000002e4a                is_tap_key
 .text.debug_event
                0x0000000000002ea0       0x1e .build/obj_kb_default/common/action.o
                0x0000000000002ea0                debug_event
 .text.debug_record
                0x0000000000002ebe       0x20 .build/obj_kb_default/common/action.o
                0x0000000000002ebe                debug_record
 .text.debug_waiting_buffer
                0x0000000000002ede       0x42 .build/obj_kb_default/common/action_tapping.o
 .text.debug_tapping_key
                0x0000000000002f20       0x1c .build/obj_kb_default/common/action_tapping.o
 .text.waiting_buffer_scan_tap
                0x0000000000002f3c       0xba .build/obj_kb_default/common/action_tapping.o
 .text.process_tapping
                0x0000000000002ff6      0x326 .build/obj_kb_default/common/action_tapping.o
 .text.action_tapping_process
                0x000000000000331c      0x134 .build/obj_kb_default/common/action_tapping.o
                0x000000000000331c                action_tapping_process
 .text.action_macro_play
                0x0000000000003450       0xfc .build/obj_kb_default/common/action_macro.o
                0x0000000000003450                action_macro_play
 .text.default_layer_debug
                0x000000000000354c        0x2 .build/obj_kb_default/common/action_layer.o
                0x000000000000354c                default_layer_debug
 .text.default_layer_set
                0x000000000000354e       0x14 .build/obj_kb_default/common/action_layer.o
                0x000000000000354e                default_layer_set
 .text.default_layer_or
                0x0000000000003562       0x54 .build/obj_kb_default/common/action_layer.o
                0x0000000000003562                default_layer_or
 .text.default_layer_and
                0x00000000000035b6       0x54 .build/obj_kb_default/common/action_layer.o
                0x00000000000035b6                default_layer_and
 .text.default_layer_xor
                0x000000000000360a       0x54 .build/obj_kb_default/common/action_layer.o
                0x000000000000360a                default_layer_xor
 .text.layer_clear
                0x000000000000365e       0x14 .build/obj_kb_default/common/action_layer.o
                0x000000000000365e                layer_clear
 .text.layer_move
                0x0000000000003672       0x2a .build/obj_kb_default/common/action_layer.o
                0x0000000000003672                layer_move
 .text.layer_on
                0x000000000000369c       0x42 .build/obj_kb_default/common/action_layer.o
                0x000000000000369c                layer_on
 .text.layer_off
                0x00000000000036de       0x4a .build/obj_kb_default/common/action_layer.o
                0x00000000000036de                layer_off
 .text.layer_invert
                0x0000000000003728       0x42 .build/obj_kb_default/common/action_layer.o
                0x0000000000003728                layer_invert
 .text.layer_or
                0x000000000000376a       0x54 .build/obj_kb_default/common/action_layer.o
                0x000000000000376a                layer_or
 .text.layer_and
                0x00000000000037be       0x54 .build/obj_kb_default/common/action_layer.o
                0x00000000000037be                layer_and
 .text.layer_xor
                0x0000000000003812       0x54 .build/obj_kb_default/common/action_layer.o
                0x0000000000003812                layer_xor
 .text.layer_debug
                0x0000000000003866        0x2 .build/obj_kb_default/common/action_layer.o
                0x0000000000003866                layer_debug
 .text.update_source_layers_cache
                0x0000000000003868       0x5c .build/obj_kb_default/common/action_layer.o
                0x0000000000003868                update_source_layers_cache
 .text.read_source_layers_cache
                0x00000000000038c4       0x52 .build/obj_kb_default/common/action_layer.o
                0x00000000000038c4                read_source_layers_cache
 .text.layer_switch_get_layer
                0x0000000000003916       0x84 .build/obj_kb_default/common/action_layer.o
                0x0000000000003916                layer_switch_get_layer
 .text.layer_switch_get_action
                0x000000000000399a       0x18 .build/obj_kb_default/common/action_layer.o
                0x000000000000399a                layer_switch_get_action
 .text.store_or_get_action
                0x00000000000039b2       0x54 .build/obj_kb_default/common/action_layer.o
                0x00000000000039b2                store_or_get_action
 .text.get_oneshot_layer
                0x0000000000003a06        0xc .build/obj_kb_default/common/action_util.o
                0x0000000000003a06                get_oneshot_layer
 .text.get_oneshot_layer_state
                0x0000000000003a12        0x8 .build/obj_kb_default/common/action_util.o
                0x0000000000003a12                get_oneshot_layer_state
 .text.set_oneshot_layer
                0x0000000000003a1a       0x12 .build/obj_kb_default/common/action_util.o
                0x0000000000003a1a                set_oneshot_layer
 .text.clear_oneshot_layer_state
                0x0000000000003a2c       0x2c .build/obj_kb_default/common/action_util.o
                0x0000000000003a2c                clear_oneshot_layer_state
 .text.is_oneshot_layer_active
                0x0000000000003a58        0xe .build/obj_kb_default/common/action_util.o
                0x0000000000003a58                is_oneshot_layer_active
 .text.add_key  0x0000000000003a66       0x78 .build/obj_kb_default/common/action_util.o
                0x0000000000003a66                add_key
 .text.del_key  0x0000000000003ade       0x6a .build/obj_kb_default/common/action_util.o
                0x0000000000003ade                del_key
 .text.clear_keys
                0x0000000000003b48       0x1c .build/obj_kb_default/common/action_util.o
                0x0000000000003b48                clear_keys
 .text.add_mods
                0x0000000000003b64        0xc .build/obj_kb_default/common/action_util.o
                0x0000000000003b64                add_mods
 .text.del_mods
                0x0000000000003b70       0x10 .build/obj_kb_default/common/action_util.o
                0x0000000000003b70                del_mods
 .text.clear_mods
                0x0000000000003b80        0x6 .build/obj_kb_default/common/action_util.o
                0x0000000000003b80                clear_mods
 .text.add_weak_mods
                0x0000000000003b86        0xc .build/obj_kb_default/common/action_util.o
                0x0000000000003b86                add_weak_mods
 .text.del_weak_mods
                0x0000000000003b92       0x10 .build/obj_kb_default/common/action_util.o
                0x0000000000003b92                del_weak_mods
 .text.clear_weak_mods
                0x0000000000003ba2        0x6 .build/obj_kb_default/common/action_util.o
                0x0000000000003ba2                clear_weak_mods
 .text.add_macro_mods
                0x0000000000003ba8        0xc .build/obj_kb_default/common/action_util.o
                0x0000000000003ba8                add_macro_mods
 .text.del_macro_mods
                0x0000000000003bb4       0x10 .build/obj_kb_default/common/action_util.o
                0x0000000000003bb4                del_macro_mods
 .text.clear_macro_mods
                0x0000000000003bc4        0x6 .build/obj_kb_default/common/action_util.o
                0x0000000000003bc4                clear_macro_mods
 .text.set_oneshot_mods
                0x0000000000003bca        0x6 .build/obj_kb_default/common/action_util.o
                0x0000000000003bca                set_oneshot_mods
 .text.clear_oneshot_mods
                0x0000000000003bd0        0x6 .build/obj_kb_default/common/action_util.o
                0x0000000000003bd0                clear_oneshot_mods
 .text.has_anykey
                0x0000000000003bd6       0x20 .build/obj_kb_default/common/action_util.o
                0x0000000000003bd6                has_anykey
 .text.send_keyboard_report
                0x0000000000003bf6       0x5e .build/obj_kb_default/common/action_util.o
                0x0000000000003bf6                send_keyboard_report
 .text.eeconfig_init
                0x0000000000003c54       0x34 .build/obj_kb_default/common/eeconfig.o
                0x0000000000003c54                eeconfig_init
 .text.eeconfig_is_enabled
                0x0000000000003c88       0x16 .build/obj_kb_default/common/eeconfig.o
                0x0000000000003c88                eeconfig_is_enabled
 .text.eeconfig_read_debug
                0x0000000000003c9e        0x8 .build/obj_kb_default/common/eeconfig.o
                0x0000000000003c9e                eeconfig_read_debug
 .text.eeconfig_update_debug
                0x0000000000003ca6        0xa .build/obj_kb_default/common/eeconfig.o
                0x0000000000003ca6                eeconfig_update_debug
 .text.eeconfig_read_default_layer
                0x0000000000003cb0        0x8 .build/obj_kb_default/common/eeconfig.o
                0x0000000000003cb0                eeconfig_read_default_layer
 .text.eeconfig_update_default_layer
                0x0000000000003cb8        0xa .build/obj_kb_default/common/eeconfig.o
                0x0000000000003cb8                eeconfig_update_default_layer
 .text.eeconfig_read_keymap
                0x0000000000003cc2        0x8 .build/obj_kb_default/common/eeconfig.o
                0x0000000000003cc2                eeconfig_read_keymap
 .text.eeconfig_update_keymap
                0x0000000000003cca        0xa .build/obj_kb_default/common/eeconfig.o
                0x0000000000003cca                eeconfig_update_keymap
 .text.suspend_power_down
                0x0000000000003cd4       0x58 .build/obj_kb_default/common/avr/suspend.o
                0x0000000000003cd4                suspend_power_down
 .text.matrix_power_up
                0x0000000000003d2c        0x2 .build/obj_kb_default/common/avr/suspend.o
                0x0000000000003d2c                matrix_power_up
 .text.matrix_power_down
                0x0000000000003d2e        0x2 .build/obj_kb_default/common/avr/suspend.o
                0x0000000000003d2e                matrix_power_down
 .text.suspend_wakeup_condition
                0x0000000000003d30       0x4a .build/obj_kb_default/common/avr/suspend.o
                0x0000000000003d30                suspend_wakeup_condition
 .text.suspend_wakeup_init
                0x0000000000003d7a        0xc .build/obj_kb_default/common/avr/suspend.o
                0x0000000000003d7a                suspend_wakeup_init
 .text.__vector_12
                0x0000000000003d86       0x4e .build/obj_kb_default/common/avr/suspend.o
                0x0000000000003d86                __vector_12
 .text.timer_init
                0x0000000000003dd4       0x12 .build/obj_kb_default/common/avr/timer.o
                0x0000000000003dd4                timer_init
 .text.timer_read
                0x0000000000003de6       0x18 .build/obj_kb_default/common/avr/timer.o
                0x0000000000003de6                timer_read
 .text.timer_elapsed
                0x0000000000003dfe       0x4a .build/obj_kb_default/common/avr/timer.o
                0x0000000000003dfe                timer_elapsed
 .text.__vector_21
                0x0000000000003e48       0x46 .build/obj_kb_default/common/avr/timer.o
                0x0000000000003e48                __vector_21
 .text.bootloader_jump
                0x0000000000003e8e       0x44 .build/obj_kb_default/common/avr/bootloader.o
                0x0000000000003e8e                bootloader_jump
 .text.scan_keycode
                0x0000000000003ed2       0x78 .build/obj_kb_default/common/bootmagic.o
 .text.bootmagic_scan_keycode
                0x0000000000003f4a       0x1c .build/obj_kb_default/common/bootmagic.o
                0x0000000000003f4a                bootmagic_scan_keycode
 .text.bootmagic
                0x0000000000003f66      0x270 .build/obj_kb_default/common/bootmagic.o
                0x0000000000003f66                bootmagic
 .text.move_unit
                0x00000000000041d6       0x94 .build/obj_kb_default/common/mousekey.o
 .text.wheel_unit
                0x000000000000426a       0x72 .build/obj_kb_default/common/mousekey.o
 .text.mousekey_on
                0x00000000000042dc       0xa4 .build/obj_kb_default/common/mousekey.o
                0x00000000000042dc                mousekey_on
 .text.mousekey_off
                0x0000000000004380       0xe6 .build/obj_kb_default/common/mousekey.o
                0x0000000000004380                mousekey_off
 .text.mousekey_send
                0x0000000000004466       0x16 .build/obj_kb_default/common/mousekey.o
                0x0000000000004466                mousekey_send
 .text.mousekey_task
                0x000000000000447c      0x1cc .build/obj_kb_default/common/mousekey.o
                0x000000000000447c                mousekey_task
 .text.mousekey_clear
                0x0000000000004648       0x18 .build/obj_kb_default/common/mousekey.o
                0x0000000000004648                mousekey_clear
 .text.keyboard_leds
                0x0000000000004660        0x6 .build/obj_kb_default/lufa.o
 .text.send_consumer
                0x0000000000004666       0x66 .build/obj_kb_default/lufa.o
 .text.send_system
                0x00000000000046cc       0x6e .build/obj_kb_default/lufa.o
 .text.send_mouse
                0x000000000000473a       0x46 .build/obj_kb_default/lufa.o
 .text.send_keyboard
                0x0000000000004780       0xa6 .build/obj_kb_default/lufa.o
 .text.EVENT_USB_Device_Connect
                0x0000000000004826       0x1c .build/obj_kb_default/lufa.o
                0x0000000000004826                EVENT_USB_Device_Connect
 .text.EVENT_USB_Device_Disconnect
                0x0000000000004842        0x6 .build/obj_kb_default/lufa.o
                0x0000000000004842                EVENT_USB_Device_Disconnect
 .text.EVENT_USB_Device_Reset
                0x0000000000004848        0x2 .build/obj_kb_default/lufa.o
                0x0000000000004848                EVENT_USB_Device_Reset
 .text.EVENT_USB_Device_Suspend
                0x000000000000484a        0x2 .build/obj_kb_default/lufa.o
                0x000000000000484a                EVENT_USB_Device_Suspend
 .text.EVENT_USB_Device_WakeUp
                0x000000000000484c        0x4 .build/obj_kb_default/lufa.o
                0x000000000000484c                EVENT_USB_Device_WakeUp
 .text.EVENT_USB_Device_ConfigurationChanged
                0x0000000000004850       0x28 .build/obj_kb_default/lufa.o
                0x0000000000004850                EVENT_USB_Device_ConfigurationChanged
 .text.EVENT_USB_Device_ControlRequest
                0x0000000000004878      0x15a .build/obj_kb_default/lufa.o
                0x0000000000004878                EVENT_USB_Device_ControlRequest
 .text.startup.main
                0x00000000000049d2       0x76 .build/obj_kb_default/lufa.o
                0x00000000000049d2                main
 .text.CALLBACK_USB_GetDescriptor
                0x0000000000004a48       0xac .build/obj_kb_default/descriptor.o
                0x0000000000004a48                CALLBACK_USB_GetDescriptor
 .text.USB_Device_SendRemoteWakeup
                0x0000000000004af4       0x2c .build/obj_kb_default/protocol/lufa/LUFA-git/LUFA/Drivers/USB/Core/AVR8/Device_AVR8.o
                0x0000000000004af4                USB_Device_SendRemoteWakeup
 .text.Endpoint_Write_Stream_LE
                0x0000000000004b20       0x9e .build/obj_kb_default/protocol/lufa/LUFA-git/LUFA/Drivers/USB/Core/AVR8/EndpointStream_AVR8.o
                0x0000000000004b20                Endpoint_Write_Stream_LE
 .text.Endpoint_Write_Control_Stream_LE
                0x0000000000004bbe       0xb4 .build/obj_kb_default/protocol/lufa/LUFA-git/LUFA/Drivers/USB/Core/AVR8/EndpointStream_AVR8.o
                0x0000000000004bbe                Endpoint_Write_Control_Stream_LE
 .text.Endpoint_Write_Control_PStream_LE
                0x0000000000004c72       0xb6 .build/obj_kb_default/protocol/lufa/LUFA-git/LUFA/Drivers/USB/Core/AVR8/EndpointStream_AVR8.o
                0x0000000000004c72                Endpoint_Write_Control_PStream_LE
 .text.Endpoint_ConfigureEndpoint_Prv
                0x0000000000004d28       0x68 .build/obj_kb_default/protocol/lufa/LUFA-git/LUFA/Drivers/USB/Core/AVR8/Endpoint_AVR8.o
                0x0000000000004d28                Endpoint_ConfigureEndpoint_Prv
 .text.Endpoint_ClearStatusStage
                0x0000000000004d90       0x3e .build/obj_kb_default/protocol/lufa/LUFA-git/LUFA/Drivers/USB/Core/AVR8/Endpoint_AVR8.o
                0x0000000000004d90                Endpoint_ClearStatusStage
 .text.Endpoint_WaitUntilReady
                0x0000000000004dce       0x62 .build/obj_kb_default/protocol/lufa/LUFA-git/LUFA/Drivers/USB/Core/AVR8/Endpoint_AVR8.o
                0x0000000000004dce                Endpoint_WaitUntilReady
 .text.USB_Disable
                0x0000000000004e30       0x34 .build/obj_kb_default/protocol/lufa/LUFA-git/LUFA/Drivers/USB/Core/AVR8/USBController_AVR8.o
                0x0000000000004e30                USB_Disable
 .text.USB_ResetInterface
                0x0000000000004e64       0x90 .build/obj_kb_default/protocol/lufa/LUFA-git/LUFA/Drivers/USB/Core/AVR8/USBController_AVR8.o
                0x0000000000004e64                USB_ResetInterface
 .text.USB_Init
                0x0000000000004ef4       0x1e .build/obj_kb_default/protocol/lufa/LUFA-git/LUFA/Drivers/USB/Core/AVR8/USBController_AVR8.o
                0x0000000000004ef4                USB_Init
 .text.USB_INT_DisableAllInterrupts
                0x0000000000004f12       0x10 .build/obj_kb_default/protocol/lufa/LUFA-git/LUFA/Drivers/USB/Core/AVR8/USBInterrupt_AVR8.o
                0x0000000000004f12                USB_INT_DisableAllInterrupts
 .text.USB_INT_ClearAllInterrupts
                0x0000000000004f22        0xa .build/obj_kb_default/protocol/lufa/LUFA-git/LUFA/Drivers/USB/Core/AVR8/USBInterrupt_AVR8.o
                0x0000000000004f22                USB_INT_ClearAllInterrupts
 .text.__vector_10
                0x0000000000004f2c      0x1ae .build/obj_kb_default/protocol/lufa/LUFA-git/LUFA/Drivers/USB/Core/AVR8/USBInterrupt_AVR8.o
                0x0000000000004f2c                __vector_10
 .text.__vector_11
                0x00000000000050da       0x9a .build/obj_kb_default/protocol/lufa/LUFA-git/LUFA/Drivers/USB/Core/AVR8/USBInterrupt_AVR8.o
                0x00000000000050da                __vector_11
 .text.USB_Device_ProcessControlRequest
                0x0000000000005174      0x296 .build/obj_kb_default/protocol/lufa/LUFA-git/LUFA/Drivers/USB/Core/DeviceStandardReq.o
                0x0000000000005174                USB_Device_ProcessControlRequest
 .text.USB_Event_Stub
                0x000000000000540a        0x2 .build/obj_kb_default/protocol/lufa/LUFA-git/LUFA/Drivers/USB/Core/Events.o
                0x000000000000540a                USB_Event_Stub
                0x000000000000540a                EVENT_USB_Device_StartOfFrame
 .text.USB_USBTask
                0x000000000000540c       0x34 .build/obj_kb_default/protocol/lufa/LUFA-git/LUFA/Drivers/USB/Core/USBTask.o
                0x000000000000540c                USB_USBTask
 .text.avr-libc.fplib
                0x0000000000005440        0xe /usr/lib/gcc/avr/11.2.0/../../../../avr/lib/avr51/libm.a(fixsfsi.o)
                0x0000000000005440                __fixsfsi
 .text.avr-libc.fplib
                0x000000000000544e       0x5e /usr/lib/gcc/avr/11.2.0/../../../../avr/lib/avr51/libm.a(fixunssfsi.o)
                0x000000000000544e                __fixunssfsi
 .text.avr-libc.fplib
                0x00000000000054ac       0x7a /usr/lib/gcc/avr/11.2.0/../../../../avr/lib/avr51/libm.a(floatsisf.o)
                0x00000000000054ac                __floatunsisf
                0x00000000000054b0                __floatsisf
 .text.avr-libc.fplib
                0x0000000000005526       0x44 /usr/lib/gcc/avr/11.2.0/../../../../avr/lib/avr51/libm.a(fp_split3.o)
                0x0000000000005526                __fp_split3
                0x0000000000005536                __fp_splitA
 .text.avr-libc.fplib
                0x000000000000556a        0xe /usr/lib/gcc/avr/11.2.0/../../../../avr/lib/avr51/libm.a(fp_zero.o)
                0x000000000000556a                __fp_zero
                0x000000000000556c                __fp_szero
 .text.avr-libc.fplib
                0x0000000000005578        0x8 /usr/lib/gcc/avr/11.2.0/../../../../avr/lib/avr51/libm.a(mulsf3.o)
                0x0000000000005578                __mulsf3
 .text.avr-libc.fplib
                0x0000000000005580       0xd2 /usr/lib/gcc/avr/11.2.0/../../../../avr/lib/avr51/libm.a(mulsf3x.o)
                0x000000000000559e                __mulsf3x
                0x00000000000055a4                __mulsf3_pse
 .text.avr-libc.fplib
                0x0000000000005652        0xc /usr/lib/gcc/avr/11.2.0/../../../../avr/lib/avr51/libm.a(fp_inf.o)
                0x0000000000005652                __fp_inf
 .text.avr-libc.fplib
                0x000000000000565e        0x6 /usr/lib/gcc/avr/11.2.0/../../../../avr/lib/avr51/libm.a(fp_nan.o)
                0x000000000000565e                __fp_nan
 .text.avr-libc.fplib
                0x0000000000005664        0xe /usr/lib/gcc/avr/11.2.0/../../../../avr/lib/avr51/libm.a(fp_pscA.o)
                0x0000000000005664                __fp_pscA
 .text.avr-libc.fplib
                0x0000000000005672        0xe /usr/lib/gcc/avr/11.2.0/../../../../avr/lib/avr51/libm.a(fp_pscB.o)
                0x0000000000005672                __fp_pscB
 .text.avr-libc.fplib
                0x0000000000005680       0x22 /usr/lib/gcc/avr/11.2.0/../../../../avr/lib/avr51/libm.a(fp_round.o)
                0x0000000000005680                __fp_round
 .text.libgcc.div
                0x00000000000056a2       0x28 /usr/lib/gcc/avr/11.2.0/avr51/libgcc.a(_divmodhi4.o)
                0x00000000000056a2                __divmodhi4
                0x00000000000056a2                _div
 .text.libgcc   0x00000000000056ca       0x12 /usr/lib/gcc/avr/11.2.0/avr51/libgcc.a(_tablejump2.o)
                0x00000000000056ca                __tablejump2__
 .text.libgcc.div
                0x00000000000056dc       0x28 /usr/lib/gcc/avr/11.2.0/avr51/libgcc.a(_udivmodhi4.o)
                0x00000000000056dc                __udivmodhi4
 .text.avr-libc
                0x0000000000005704       0x10 /usr/lib/gcc/avr/11.2.0/../../../../avr/lib/avr51/libat90usb1286.a(eerd_byte.o)
                0x0000000000005704                eeprom_read_byte
 .text.avr-libc
                0x0000000000005714        0xc /usr/lib/gcc/avr/11.2.0/../../../../avr/lib/avr51/libat90usb1286.a(eerd_word.o)
                0x0000000000005714                eeprom_read_word
 .text.avr-libc
                0x0000000000005720       0x24 /usr/lib/gcc/avr/11.2.0/../../../../avr/lib/avr51/libat90usb1286.a(eeupd_byte.o)
                0x0000000000005720                eeprom_update_byte
                0x0000000000005722                eeprom_update_r18
 .text.avr-libc
                0x0000000000005744        0xc /usr/lib/gcc/avr/11.2.0/../../../../avr/lib/avr51/libat90usb1286.a(eeupd_word.o)
                0x0000000000005744                eeprom_update_word
 .text.avr-libc
                0x0000000000005750       0x20 /usr/lib/gcc/avr/11.2.0/../../../../avr/lib/avr51/libat90usb1286.a(eerd_block.o)
                0x0000000000005750                eeprom_read_block
                0x0000000000005754                eeprom_read_blraw
                0x0000000000005770                . = ALIGN (0x2)
 *(.fini9)
 .fini9         0x0000000000005770        0x0 /usr/lib/gcc/avr/11.2.0/avr51/libgcc.a(_exit.o)
                0x0000000000005770                exit
                0x0000000000005770                _exit
 *(.fini9)
 *(.fini8)
 *(.fini8)
 *(.fini7)
 *(.fini7)
 *(.fini6)
 *(.fini6)
 *(.fini5)
 *(.fini5)
 *(.fini4)
 *(.fini4)
 *(.fini3)
 *(.fini3)
 *(.fini2)
 *(.fini2)
 *(.fini1)
 *(.fini1)
 *(.fini0)
 .fini0         0x0000000000005770        0x4 /usr/lib/gcc/avr/11.2.0/avr51/libgcc.a(_exit.o)
 *(.fini0)
 *(.hightext)
 *(.hightext*)
 *(.progmemx.*)
                0x0000000000005774                . = ALIGN (0x2)
 *(.jumptables)
 *(.jumptables*)
 .jumptables.gcc.process_record_quantum
                0x0000000000005774       0x24 .build/obj_kb_default/quantum/quantum.o
 .jumptables.gcc.process_action
                0x0000000000005798       0x20 .build/obj_kb_default/common/action.o
 .jumptables.gcc.mousekey_on
                0x00000000000057b8       0x20 .build/obj_kb_default/common/mousekey.o
 .jumptables.gcc.mousekey_off
                0x00000000000057d8       0x18 .build/obj_kb_default/common/mousekey.o
 .jumptables.gcc.USB_Device_ProcessControlRequest
                0x00000000000057f0       0x14 .build/obj_kb_default/protocol/lufa/LUFA-git/LUFA/Drivers/USB/Core/DeviceStandardReq.o
                0x0000000000005804                _etext = .

.data           0x0000000000800100       0x9a load address 0x0000000000005804
                0x0000000000800100                PROVIDE (__data_start = .)
 *(.data)
 *(.data*)
 .data.keyboard_report
                0x0000000000800100        0x2 .build/obj_kb_default/common/action_util.o
                0x0000000000800100                keyboard_report
 .data.mk_wheel_time_to_max
                0x0000000000800102        0x1 .build/obj_kb_default/common/mousekey.o
                0x0000000000800102                mk_wheel_time_to_max
 .data.mk_wheel_max_speed
                0x0000000000800103        0x1 .build/obj_kb_default/common/mousekey.o
                0x0000000000800103                mk_wheel_max_speed
 .data.mk_time_to_max
                0x0000000000800104        0x1 .build/obj_kb_default/common/mousekey.o
                0x0000000000800104                mk_time_to_max
 .data.mk_max_speed
                0x0000000000800105        0x1 .build/obj_kb_default/common/mousekey.o
                0x0000000000800105                mk_max_speed
 .data.mk_interval
                0x0000000000800106        0x1 .build/obj_kb_default/common/mousekey.o
                0x0000000000800106                mk_interval
 .data.mk_delay
                0x0000000000800107        0x1 .build/obj_kb_default/common/mousekey.o
                0x0000000000800107                mk_delay
 .data.lufa_driver
                0x0000000000800108        0xa .build/obj_kb_default/lufa.o
                0x0000000000800108                lufa_driver
 .data.keyboard_protocol
                0x0000000000800112        0x1 .build/obj_kb_default/lufa.o
                0x0000000000800112                keyboard_protocol
 *(.gnu.linkonce.d*)
 *(.rodata)
 *(.rodata*)
 .rodata.CSWTCH.30
                0x0000000000800113       0x28 .build/obj_kb_default/quantum/keymap_common.o
 .rodata.col_pins
                0x000000000080013b       0x19 .build/obj_kb_default/quantum/matrix.o
 .rodata.row_pins
                0x0000000000800154        0x8 .build/obj_kb_default/quantum/matrix.o
 .rodata.CSWTCH.33
                0x000000000080015c       0x2a .build/obj_kb_default/common/action.o
 .rodata.CSWTCH.3
                0x0000000000800186        0x4 .build/obj_kb_default/descriptor.o
 .rodata.CSWTCH.2
                0x000000000080018a        0x8 .build/obj_kb_default/descriptor.o
 .rodata.CSWTCH.1
                0x0000000000800192        0x8 .build/obj_kb_default/descriptor.o
 *(.gnu.linkonce.r*)
                0x000000000080019a                . = ALIGN (0x2)
                0x000000000080019a                _edata = .
                0x000000000080019a                PROVIDE (__data_end = .)

.bss            0x000000000080019a      0x19f
                0x000000000080019a                PROVIDE (__bss_start = .)
 *(.bss)
 *(.bss*)
 .bss.scs_timer
                0x000000000080019a        0x2 .build/obj_kb_default/quantum/quantum.o
 .bss.shift_interrupted
                0x000000000080019c        0x2 .build/obj_kb_default/quantum/quantum.o
 .bss.leader_sequence_size
                0x000000000080019e        0x1 .build/obj_kb_default/quantum/process_keycode/process_leader.o
                0x000000000080019e                leader_sequence_size
 .bss.leader_sequence
                0x000000000080019f        0xa .build/obj_kb_default/quantum/process_keycode/process_leader.o
                0x000000000080019f                leader_sequence
 .bss.leader_time
                0x00000000008001a9        0x2 .build/obj_kb_default/quantum/process_keycode/process_leader.o
                0x00000000008001a9                leader_time
 .bss.leading   0x00000000008001ab        0x1 .build/obj_kb_default/quantum/process_keycode/process_leader.o
                0x00000000008001ab                leading
 .bss.matrix_debouncing
                0x00000000008001ac       0x20 .build/obj_kb_default/quantum/matrix.o
 .bss.matrix    0x00000000008001cc       0x20 .build/obj_kb_default/quantum/matrix.o
 .bss.debouncing
                0x00000000008001ec        0x1 .build/obj_kb_default/quantum/matrix.o
 .bss.debouncing_time
                0x00000000008001ed        0x2 .build/obj_kb_default/quantum/matrix.o
 .bss.last_consumer_report
                0x00000000008001ef        0x2 .build/obj_kb_default/common/host.o
 .bss.last_system_report
                0x00000000008001f1        0x2 .build/obj_kb_default/common/host.o
 .bss.driver    0x00000000008001f3        0x2 .build/obj_kb_default/common/host.o
 .bss.led_status.0
                0x00000000008001f5        0x1 .build/obj_kb_default/common/keyboard.o
 .bss.matrix_prev.1
                0x00000000008001f6       0x20 .build/obj_kb_default/common/keyboard.o
 .bss.disable_action_cache
                0x0000000000800216        0x1 .build/obj_kb_default/common/action.o
                0x0000000000800216                disable_action_cache
 .bss.waiting_buffer_tail
                0x0000000000800217        0x1 .build/obj_kb_default/common/action_tapping.o
 .bss.waiting_buffer_head
                0x0000000000800218        0x1 .build/obj_kb_default/common/action_tapping.o
 .bss.waiting_buffer
                0x0000000000800219       0x30 .build/obj_kb_default/common/action_tapping.o
 .bss.tapping_key
                0x0000000000800249        0x6 .build/obj_kb_default/common/action_tapping.o
 .bss.source_layers_cache
                0x000000000080024f       0x7d .build/obj_kb_default/common/action_layer.o
                0x000000000080024f                source_layers_cache
 .bss.layer_state
                0x00000000008002cc        0x4 .build/obj_kb_default/common/action_layer.o
                0x00000000008002cc                layer_state
 .bss.default_layer_state
                0x00000000008002d0        0x4 .build/obj_kb_default/common/action_layer.o
                0x00000000008002d0                default_layer_state
 .bss.oneshot_layer_data
                0x00000000008002d4        0x1 .build/obj_kb_default/common/action_util.o
 .bss.oneshot_mods
                0x00000000008002d5        0x1 .build/obj_kb_default/common/action_util.o
 .bss.__compound_literal.0
                0x00000000008002d6       0x20 .build/obj_kb_default/common/action_util.o
 .bss.macro_mods
                0x00000000008002f6        0x1 .build/obj_kb_default/common/action_util.o
 .bss.weak_mods
                0x00000000008002f7        0x1 .build/obj_kb_default/common/action_util.o
 .bss.real_mods
                0x00000000008002f8        0x1 .build/obj_kb_default/common/action_util.o
 .bss.debug_config
                0x00000000008002f9        0x1 .build/obj_kb_default/common/debug.o
                0x00000000008002f9                debug_config
 .bss.wdt_timeout
                0x00000000008002fa        0x1 .build/obj_kb_default/common/avr/suspend.o
 .bss.timer_count
                0x00000000008002fb        0x4 .build/obj_kb_default/common/avr/timer.o
                0x00000000008002fb                timer_count
 .bss.keymap_config
                0x00000000008002ff        0x2 .build/obj_kb_default/common/bootmagic.o
                0x00000000008002ff                keymap_config
 .bss.last_timer
                0x0000000000800301        0x2 .build/obj_kb_default/common/mousekey.o
 .bss.mousekey_accel
                0x0000000000800303        0x1 .build/obj_kb_default/common/mousekey.o
 .bss.mousekey_repeat
                0x0000000000800304        0x1 .build/obj_kb_default/common/mousekey.o
 .bss.mouse_report
                0x0000000000800305        0x5 .build/obj_kb_default/common/mousekey.o
 .bss.keyboard_report_sent
                0x000000000080030a       0x20 .build/obj_kb_default/lufa.o
 .bss.keyboard_led_stats
                0x000000000080032a        0x1 .build/obj_kb_default/lufa.o
 .bss.keyboard_idle
                0x000000000080032b        0x1 .build/obj_kb_default/lufa.o
                0x000000000080032b                keyboard_idle
 .bss.USB_Device_RemoteWakeupEnabled
                0x000000000080032c        0x1 .build/obj_kb_default/protocol/lufa/LUFA-git/LUFA/Drivers/USB/Core/DeviceStandardReq.o
                0x000000000080032c                USB_Device_RemoteWakeupEnabled
 .bss.USB_Device_CurrentlySelfPowered
                0x000000000080032d        0x1 .build/obj_kb_default/protocol/lufa/LUFA-git/LUFA/Drivers/USB/Core/DeviceStandardReq.o
                0x000000000080032d                USB_Device_CurrentlySelfPowered
 .bss.USB_Device_ConfigurationNumber
                0x000000000080032e        0x1 .build/obj_kb_default/protocol/lufa/LUFA-git/LUFA/Drivers/USB/Core/DeviceStandardReq.o
                0x000000000080032e                USB_Device_ConfigurationNumber
 .bss.USB_DeviceState
                0x000000000080032f        0x1 .build/obj_kb_default/protocol/lufa/LUFA-git/LUFA/Drivers/USB/Core/USBTask.o
                0x000000000080032f                USB_DeviceState
 .bss.USB_ControlRequest
                0x0000000000800330        0x8 .build/obj_kb_default/protocol/lufa/LUFA-git/LUFA/Drivers/USB/Core/USBTask.o
                0x0000000000800330                USB_ControlRequest
 .bss.USB_IsInitialized
                0x0000000000800338        0x1 .build/obj_kb_default/protocol/lufa/LUFA-git/LUFA/Drivers/USB/Core/USBTask.o
                0x0000000000800338                USB_IsInitialized
 *(COMMON)
                0x0000000000800339                PROVIDE (__bss_end = .)
                0x0000000000005804                __data_load_start = LOADADDR (.data)
                0x000000000000589e                __data_load_end = (__data_load_start + SIZEOF (.data))

.noinit         0x0000000000800339        0x4
                [!provide]                        PROVIDE (__noinit_start = .)
 *(.noinit .noinit.* .gnu.linkonce.n.*)
 .noinit        0x0000000000800339        0x4 .build/obj_kb_default/common/avr/bootloader.o
                0x0000000000800339                reset_key
                [!provide]                        PROVIDE (__noinit_end = .)
                0x000000000080033d                _end = .
                [!provide]                        PROVIDE (__heap_start = .)

.eeprom         0x0000000000810000        0x0
 *(.eeprom*)
                0x0000000000810000                __eeprom_end = .

.fuse
 *(.fuse)
 *(.lfuse)
 *(.hfuse)
 *(.efuse)

.lock
 *(.lock*)

.signature
 *(.signature*)

.stab
 *(.stab)

.stabstr        0x0000000000000000       0x6f
 *(.stabstr)
 .stabstr       0x0000000000000000       0x6f .build/obj_kb_default/common/avr/xprintf.o

.stab.excl
 *(.stab.excl)

.stab.exclstr
 *(.stab.exclstr)

.stab.index
 *(.stab.index)

.stab.indexstr
 *(.stab.indexstr)

.comment        0x0000000000000000       0x12
 *(.comment)
 .comment       0x0000000000000000       0x12 .build/obj_kb_default/keyboards/kb/keymaps/default/keymap.o
                                         0x13 (size before relaxing)
 .comment       0x0000000000000012       0x13 .build/obj_kb_default/quantum/quantum.o
 .comment       0x0000000000000012       0x13 .build/obj_kb_default/quantum/keymap_common.o
 .comment       0x0000000000000012       0x13 .build/obj_kb_default/quantum/keycode_config.o
 .comment       0x0000000000000012       0x13 .build/obj_kb_default/quantum/process_keycode/process_leader.o
 .comment       0x0000000000000012       0x13 .build/obj_kb_default/quantum/matrix.o
 .comment       0x0000000000000012       0x13 .build/obj_kb_default/common/host.o
 .comment       0x0000000000000012       0x13 .build/obj_kb_default/common/keyboard.o
 .comment       0x0000000000000012       0x13 .build/obj_kb_default/common/action.o
 .comment       0x0000000000000012       0x13 .build/obj_kb_default/common/action_tapping.o
 .comment       0x0000000000000012       0x13 .build/obj_kb_default/common/action_macro.o
 .comment       0x0000000000000012       0x13 .build/obj_kb_default/common/action_layer.o
 .comment       0x0000000000000012       0x13 .build/obj_kb_default/common/action_util.o
 .comment       0x0000000000000012       0x13 .build/obj_kb_default/common/debug.o
 .comment       0x0000000000000012       0x13 .build/obj_kb_default/common/eeconfig.o
 .comment       0x0000000000000012       0x13 .build/obj_kb_default/common/avr/suspend.o
 .comment       0x0000000000000012       0x13 .build/obj_kb_default/common/avr/timer.o
 .comment       0x0000000000000012       0x13 .build/obj_kb_default/common/avr/bootloader.o
 .comment       0x0000000000000012       0x13 .build/obj_kb_default/common/bootmagic.o
 .comment       0x0000000000000012       0x13 .build/obj_kb_default/common/mousekey.o
 .comment       0x0000000000000012       0x13 .build/obj_kb_default/lufa.o
 .comment       0x0000000000000012       0x13 .build/obj_kb_default/descriptor.o
 .comment       0x0000000000000012       0x13 .build/obj_kb_default/protocol/lufa/LUFA-git/LUFA/Drivers/USB/Core/AVR8/Device_AVR8.o
 .comment       0x0000000000000012       0x13 .build/obj_kb_default/protocol/lufa/LUFA-git/LUFA/Drivers/USB/Core/AVR8/EndpointStream_AVR8.o
 .comment       0x0000000000000012       0x13 .build/obj_kb_default/protocol/lufa/LUFA-git/LUFA/Drivers/USB/Core/AVR8/Endpoint_AVR8.o
 .comment       0x0000000000000012       0x13 .build/obj_kb_default/protocol/lufa/LUFA-git/LUFA/Drivers/USB/Core/AVR8/USBController_AVR8.o
 .comment       0x0000000000000012       0x13 .build/obj_kb_default/protocol/lufa/LUFA-git/LUFA/Drivers/USB/Core/AVR8/USBInterrupt_AVR8.o
 .comment       0x0000000000000012       0x13 .build/obj_kb_default/protocol/lufa/LUFA-git/LUFA/Drivers/USB/Core/DeviceStandardReq.o
 .comment       0x0000000000000012       0x13 .build/obj_kb_default/protocol/lufa/LUFA-git/LUFA/Drivers/USB/Core/Events.o
 .comment       0x0000000000000012       0x13 .build/obj_kb_default/protocol/lufa/LUFA-git/LUFA/Drivers/USB/Core/USBTask.o

.note.gnu.avr.deviceinfo
                0x0000000000000000       0x40
 .note.gnu.avr.deviceinfo
                0x0000000000000000       0x40 /usr/lib/gcc/avr/11.2.0/../../../../avr/lib/avr51/crtat90usb1286.o

.note.gnu.build-id
 *(.note.gnu.build-id)

.debug
 *(.debug)

.line
 *(.line)

.debug_srcinfo
 *(.debug_srcinfo)

.debug_sfnames
 *(.debug_sfnames)

.debug_aranges  0x0000000000000000      0x9c0
 *(.debug_aranges)
 .debug_aranges
                0x0000000000000000       0x38 .build/obj_kb_default/keyboards/kb/keymaps/default/keymap.o
 .debug_aranges
                0x0000000000000038       0xc8 .build/obj_kb_default/quantum/quantum.o
 .debug_aranges
                0x0000000000000100       0x40 .build/obj_kb_default/quantum/keymap_common.o
 .debug_aranges
                0x0000000000000140       0x20 .build/obj_kb_default/quantum/keycode_config.o
 .debug_aranges
                0x0000000000000160       0x28 .build/obj_kb_default/quantum/process_keycode/process_leader.o
 .debug_aranges
                0x0000000000000188       0x88 .build/obj_kb_default/quantum/matrix.o
 .debug_aranges
                0x0000000000000210       0x60 .build/obj_kb_default/common/host.o
 .debug_aranges
                0x0000000000000270       0x40 .build/obj_kb_default/common/keyboard.o
 .debug_aranges
                0x00000000000002b0       0x90 .build/obj_kb_default/common/action.o
 .debug_aranges
                0x0000000000000340       0x40 .build/obj_kb_default/common/action_tapping.o
 .debug_aranges
                0x0000000000000380       0x20 .build/obj_kb_default/common/action_macro.o
 .debug_aranges
                0x00000000000003a0       0xa8 .build/obj_kb_default/common/action_layer.o
 .debug_aranges
                0x0000000000000448      0x128 .build/obj_kb_default/common/action_util.o
 .debug_aranges
                0x0000000000000570       0x18 .build/obj_kb_default/common/debug.o
 .debug_aranges
                0x0000000000000588       0x68 .build/obj_kb_default/common/eeconfig.o
 .debug_aranges
                0x00000000000005f0       0x48 .build/obj_kb_default/common/avr/suspend.o
 .debug_aranges
                0x0000000000000638       0x50 .build/obj_kb_default/common/avr/timer.o
 .debug_aranges
                0x0000000000000688       0x28 .build/obj_kb_default/common/avr/bootloader.o
 .debug_aranges
                0x00000000000006b0       0x30 .build/obj_kb_default/common/bootmagic.o
 .debug_aranges
                0x00000000000006e0       0x50 .build/obj_kb_default/common/mousekey.o
 .debug_aranges
                0x0000000000000730       0x80 .build/obj_kb_default/lufa.o
 .debug_aranges
                0x00000000000007b0       0x20 .build/obj_kb_default/descriptor.o
 .debug_aranges
                0x00000000000007d0       0x20 .build/obj_kb_default/protocol/lufa/LUFA-git/LUFA/Drivers/USB/Core/AVR8/Device_AVR8.o
 .debug_aranges
                0x00000000000007f0       0xc8 .build/obj_kb_default/protocol/lufa/LUFA-git/LUFA/Drivers/USB/Core/AVR8/EndpointStream_AVR8.o
 .debug_aranges
                0x00000000000008b8       0x40 .build/obj_kb_default/protocol/lufa/LUFA-git/LUFA/Drivers/USB/Core/AVR8/Endpoint_AVR8.o
 .debug_aranges
                0x00000000000008f8       0x30 .build/obj_kb_default/protocol/lufa/LUFA-git/LUFA/Drivers/USB/Core/AVR8/USBController_AVR8.o
 .debug_aranges
                0x0000000000000928       0x38 .build/obj_kb_default/protocol/lufa/LUFA-git/LUFA/Drivers/USB/Core/AVR8/USBInterrupt_AVR8.o
 .debug_aranges
                0x0000000000000960       0x20 .build/obj_kb_default/protocol/lufa/LUFA-git/LUFA/Drivers/USB/Core/DeviceStandardReq.o
 .debug_aranges
                0x0000000000000980       0x20 .build/obj_kb_default/protocol/lufa/LUFA-git/LUFA/Drivers/USB/Core/Events.o
 .debug_aranges
                0x00000000000009a0       0x20 .build/obj_kb_default/protocol/lufa/LUFA-git/LUFA/Drivers/USB/Core/USBTask.o

.debug_pubnames
 *(.debug_pubnames)

.debug_info     0x0000000000000000    0x12366
 *(.debug_info .gnu.linkonce.wi.*)
 .debug_info    0x0000000000000000      0x995 /usr/lib/gcc/avr/11.2.0/../../../../avr/lib/avr51/crtat90usb1286.o
 .debug_info    0x0000000000000995      0xbd5 .build/obj_kb_default/keyboards/kb/keymaps/default/keymap.o
 .debug_info    0x000000000000156a     0x17e1 .build/obj_kb_default/quantum/quantum.o
 .debug_info    0x0000000000002d4b     0x11a0 .build/obj_kb_default/quantum/keymap_common.o
 .debug_info    0x0000000000003eeb      0x595 .build/obj_kb_default/quantum/keycode_config.o
 .debug_info    0x0000000000004480      0x58c .build/obj_kb_default/quantum/process_keycode/process_leader.o
 .debug_info    0x0000000000004a0c      0x7b7 .build/obj_kb_default/quantum/matrix.o
 .debug_info    0x00000000000051c3      0x4e3 .build/obj_kb_default/common/host.o
 .debug_info    0x00000000000056a6      0x468 .build/obj_kb_default/common/keyboard.o
 .debug_info    0x0000000000005b0e     0x1996 .build/obj_kb_default/common/action.o
 .debug_info    0x00000000000074a4      0xed7 .build/obj_kb_default/common/action_tapping.o
 .debug_info    0x000000000000837b      0x852 .build/obj_kb_default/common/action_macro.o
 .debug_info    0x0000000000008bcd      0xb8f .build/obj_kb_default/common/action_layer.o
 .debug_info    0x000000000000975c      0xa7a .build/obj_kb_default/common/action_util.o
 .debug_info    0x000000000000a1d6      0x110 .build/obj_kb_default/common/debug.o
 .debug_info    0x000000000000a2e6      0x3bd .build/obj_kb_default/common/eeconfig.o
 .debug_info    0x000000000000a6a3      0x333 .build/obj_kb_default/common/avr/suspend.o
 .debug_info    0x000000000000a9d6      0x445 .build/obj_kb_default/common/avr/timer.o
 .debug_info    0x000000000000ae1b      0x27f .build/obj_kb_default/common/avr/bootloader.o
 .debug_info    0x000000000000b09a      0xbae .build/obj_kb_default/common/bootmagic.o
 .debug_info    0x000000000000bc48      0x6ba .build/obj_kb_default/common/mousekey.o
 .debug_info    0x000000000000c302     0x13d0 .build/obj_kb_default/lufa.o
 .debug_info    0x000000000000d6d2      0x837 .build/obj_kb_default/descriptor.o
 .debug_info    0x000000000000df09       0xf5 .build/obj_kb_default/protocol/lufa/LUFA-git/LUFA/Drivers/USB/Core/AVR8/Device_AVR8.o
 .debug_info    0x000000000000dffe     0x1d7b .build/obj_kb_default/protocol/lufa/LUFA-git/LUFA/Drivers/USB/Core/AVR8/EndpointStream_AVR8.o
 .debug_info    0x000000000000fd79      0x720 .build/obj_kb_default/protocol/lufa/LUFA-git/LUFA/Drivers/USB/Core/AVR8/Endpoint_AVR8.o
 .debug_info    0x0000000000010499      0x5a4 .build/obj_kb_default/protocol/lufa/LUFA-git/LUFA/Drivers/USB/Core/AVR8/USBController_AVR8.o
 .debug_info    0x0000000000010a3d      0x9ab .build/obj_kb_default/protocol/lufa/LUFA-git/LUFA/Drivers/USB/Core/AVR8/USBInterrupt_AVR8.o
 .debug_info    0x00000000000113e8      0xc41 .build/obj_kb_default/protocol/lufa/LUFA-git/LUFA/Drivers/USB/Core/DeviceStandardReq.o
 .debug_info    0x0000000000012029       0x79 .build/obj_kb_default/protocol/lufa/LUFA-git/LUFA/Drivers/USB/Core/Events.o
 .debug_info    0x00000000000120a2      0x2c4 .build/obj_kb_default/protocol/lufa/LUFA-git/LUFA/Drivers/USB/Core/USBTask.o

.debug_abbrev   0x0000000000000000     0x4e40
 *(.debug_abbrev)
 .debug_abbrev  0x0000000000000000      0x910 /usr/lib/gcc/avr/11.2.0/../../../../avr/lib/avr51/crtat90usb1286.o
 .debug_abbrev  0x0000000000000910      0x1bd .build/obj_kb_default/keyboards/kb/keymaps/default/keymap.o
 .debug_abbrev  0x0000000000000acd      0x4e8 .build/obj_kb_default/quantum/quantum.o
 .debug_abbrev  0x0000000000000fb5      0x27b .build/obj_kb_default/quantum/keymap_common.o
 .debug_abbrev  0x0000000000001230       0xe7 .build/obj_kb_default/quantum/keycode_config.o
 .debug_abbrev  0x0000000000001317      0x173 .build/obj_kb_default/quantum/process_keycode/process_leader.o
 .debug_abbrev  0x000000000000148a      0x3b2 .build/obj_kb_default/quantum/matrix.o
 .debug_abbrev  0x000000000000183c      0x1cd .build/obj_kb_default/common/host.o
 .debug_abbrev  0x0000000000001a09      0x261 .build/obj_kb_default/common/keyboard.o
 .debug_abbrev  0x0000000000001c6a      0x3a2 .build/obj_kb_default/common/action.o
 .debug_abbrev  0x000000000000200c      0x399 .build/obj_kb_default/common/action_tapping.o
 .debug_abbrev  0x00000000000023a5      0x1db .build/obj_kb_default/common/action_macro.o
 .debug_abbrev  0x0000000000002580      0x2f4 .build/obj_kb_default/common/action_layer.o
 .debug_abbrev  0x0000000000002874      0x361 .build/obj_kb_default/common/action_util.o
 .debug_abbrev  0x0000000000002bd5       0xa2 .build/obj_kb_default/common/debug.o
 .debug_abbrev  0x0000000000002c77      0x118 .build/obj_kb_default/common/eeconfig.o
 .debug_abbrev  0x0000000000002d8f      0x259 .build/obj_kb_default/common/avr/suspend.o
 .debug_abbrev  0x0000000000002fe8      0x1ca .build/obj_kb_default/common/avr/timer.o
 .debug_abbrev  0x00000000000031b2      0x1c9 .build/obj_kb_default/common/avr/bootloader.o
 .debug_abbrev  0x000000000000337b      0x2e4 .build/obj_kb_default/common/bootmagic.o
 .debug_abbrev  0x000000000000365f      0x22f .build/obj_kb_default/common/mousekey.o
 .debug_abbrev  0x000000000000388e      0x512 .build/obj_kb_default/lufa.o
 .debug_abbrev  0x0000000000003da0      0x178 .build/obj_kb_default/descriptor.o
 .debug_abbrev  0x0000000000003f18       0x91 .build/obj_kb_default/protocol/lufa/LUFA-git/LUFA/Drivers/USB/Core/AVR8/Device_AVR8.o
 .debug_abbrev  0x0000000000003fa9      0x252 .build/obj_kb_default/protocol/lufa/LUFA-git/LUFA/Drivers/USB/Core/AVR8/EndpointStream_AVR8.o
 .debug_abbrev  0x00000000000041fb      0x29d .build/obj_kb_default/protocol/lufa/LUFA-git/LUFA/Drivers/USB/Core/AVR8/Endpoint_AVR8.o
 .debug_abbrev  0x0000000000004498      0x1d2 .build/obj_kb_default/protocol/lufa/LUFA-git/LUFA/Drivers/USB/Core/AVR8/USBController_AVR8.o
 .debug_abbrev  0x000000000000466a      0x26e .build/obj_kb_default/protocol/lufa/LUFA-git/LUFA/Drivers/USB/Core/AVR8/USBInterrupt_AVR8.o
 .debug_abbrev  0x00000000000048d8      0x379 .build/obj_kb_default/protocol/lufa/LUFA-git/LUFA/Drivers/USB/Core/DeviceStandardReq.o
 .debug_abbrev  0x0000000000004c51       0x46 .build/obj_kb_default/protocol/lufa/LUFA-git/LUFA/Drivers/USB/Core/Events.o
 .debug_abbrev  0x0000000000004c97      0x1a9 .build/obj_kb_default/protocol/lufa/LUFA-git/LUFA/Drivers/USB/Core/USBTask.o

.debug_line     0x0000000000000000     0xf94a
 *(.debug_line .debug_line.* .debug_line_end)
 .debug_line    0x0000000000000000       0x1d /usr/lib/gcc/avr/11.2.0/../../../../avr/lib/avr51/crtat90usb1286.o
 .debug_line    0x000000000000001d      0x2c1 .build/obj_kb_default/keyboards/kb/keymaps/default/keymap.o
 .debug_line    0x00000000000002de      0xd87 .build/obj_kb_default/quantum/quantum.o
 .debug_line    0x0000000000001065      0x489 .build/obj_kb_default/quantum/keymap_common.o
 .debug_line    0x00000000000014ee      0x276 .build/obj_kb_default/quantum/keycode_config.o
 .debug_line    0x0000000000001764      0x256 .build/obj_kb_default/quantum/process_keycode/process_leader.o
 .debug_line    0x00000000000019ba      0x71d .build/obj_kb_default/quantum/matrix.o
 .debug_line    0x00000000000020d7      0x2b7 .build/obj_kb_default/common/host.o
 .debug_line    0x000000000000238e      0x3d3 .build/obj_kb_default/common/keyboard.o
 .debug_line    0x0000000000002761     0x10a3 .build/obj_kb_default/common/action.o
 .debug_line    0x0000000000003804      0xc59 .build/obj_kb_default/common/action_tapping.o
 .debug_line    0x000000000000445d      0x41f .build/obj_kb_default/common/action_macro.o
 .debug_line    0x000000000000487c      0xab4 .build/obj_kb_default/common/action_layer.o
 .debug_line    0x0000000000005330      0xad1 .build/obj_kb_default/common/action_util.o
 .debug_line    0x0000000000005e01       0x62 .build/obj_kb_default/common/debug.o
 .debug_line    0x0000000000005e63      0x208 .build/obj_kb_default/common/eeconfig.o
 .debug_line    0x000000000000606b      0x3cb .build/obj_kb_default/common/avr/suspend.o
 .debug_line    0x0000000000006436      0x4dd .build/obj_kb_default/common/avr/timer.o
 .debug_line    0x0000000000006913      0x261 .build/obj_kb_default/common/avr/bootloader.o
 .debug_line    0x0000000000006b74      0x877 .build/obj_kb_default/common/bootmagic.o
 .debug_line    0x00000000000073eb      0xbae .build/obj_kb_default/common/mousekey.o
 .debug_line    0x0000000000007f99     0x12cb .build/obj_kb_default/lufa.o
 .debug_line    0x0000000000009264      0x2c5 .build/obj_kb_default/descriptor.o
 .debug_line    0x0000000000009529      0x1d0 .build/obj_kb_default/protocol/lufa/LUFA-git/LUFA/Drivers/USB/Core/AVR8/Device_AVR8.o
 .debug_line    0x00000000000096f9     0x331b .build/obj_kb_default/protocol/lufa/LUFA-git/LUFA/Drivers/USB/Core/AVR8/EndpointStream_AVR8.o
 .debug_line    0x000000000000ca14      0xa28 .build/obj_kb_default/protocol/lufa/LUFA-git/LUFA/Drivers/USB/Core/AVR8/Endpoint_AVR8.o
 .debug_line    0x000000000000d43c      0x6c1 .build/obj_kb_default/protocol/lufa/LUFA-git/LUFA/Drivers/USB/Core/AVR8/USBController_AVR8.o
 .debug_line    0x000000000000dafd      0xd87 .build/obj_kb_default/protocol/lufa/LUFA-git/LUFA/Drivers/USB/Core/AVR8/USBInterrupt_AVR8.o
 .debug_line    0x000000000000e884      0xdb3 .build/obj_kb_default/protocol/lufa/LUFA-git/LUFA/Drivers/USB/Core/DeviceStandardReq.o
 .debug_line    0x000000000000f637       0x79 .build/obj_kb_default/protocol/lufa/LUFA-git/LUFA/Drivers/USB/Core/Events.o
 .debug_line    0x000000000000f6b0      0x29a .build/obj_kb_default/protocol/lufa/LUFA-git/LUFA/Drivers/USB/Core/USBTask.o

.debug_frame    0x0000000000000000     0x18a4
 *(.debug_frame)
 .debug_frame   0x0000000000000000       0x64 .build/obj_kb_default/keyboards/kb/keymaps/default/keymap.o
 .debug_frame   0x0000000000000064      0x25c .build/obj_kb_default/quantum/quantum.o
 .debug_frame   0x00000000000002c0       0x64 .build/obj_kb_default/quantum/keymap_common.o
 .debug_frame   0x0000000000000324       0x24 .build/obj_kb_default/quantum/keycode_config.o
 .debug_frame   0x0000000000000348       0x54 .build/obj_kb_default/quantum/process_keycode/process_leader.o
 .debug_frame   0x000000000000039c      0x190 .build/obj_kb_default/quantum/matrix.o
 .debug_frame   0x000000000000052c       0xa4 .build/obj_kb_default/common/host.o
 .debug_frame   0x00000000000005d0       0xb8 .build/obj_kb_default/common/keyboard.o
 .debug_frame   0x0000000000000688      0x188 .build/obj_kb_default/common/action.o
 .debug_frame   0x0000000000000810       0xd4 .build/obj_kb_default/common/action_tapping.o
 .debug_frame   0x00000000000008e4       0x44 .build/obj_kb_default/common/action_macro.o
 .debug_frame   0x0000000000000928      0x1f0 .build/obj_kb_default/common/action_layer.o
 .debug_frame   0x0000000000000b18      0x240 .build/obj_kb_default/common/action_util.o
 .debug_frame   0x0000000000000d58       0xb4 .build/obj_kb_default/common/eeconfig.o
 .debug_frame   0x0000000000000e0c       0xa4 .build/obj_kb_default/common/avr/suspend.o
 .debug_frame   0x0000000000000eb0       0xd4 .build/obj_kb_default/common/avr/timer.o
 .debug_frame   0x0000000000000f84       0x34 .build/obj_kb_default/common/avr/bootloader.o
 .debug_frame   0x0000000000000fb8       0x8c .build/obj_kb_default/common/bootmagic.o
 .debug_frame   0x0000000000001044       0x9c .build/obj_kb_default/common/mousekey.o
 .debug_frame   0x00000000000010e0      0x120 .build/obj_kb_default/lufa.o
 .debug_frame   0x0000000000001200       0x24 .build/obj_kb_default/descriptor.o
 .debug_frame   0x0000000000001224       0x24 .build/obj_kb_default/protocol/lufa/LUFA-git/LUFA/Drivers/USB/Core/AVR8/Device_AVR8.o
 .debug_frame   0x0000000000001248      0x404 .build/obj_kb_default/protocol/lufa/LUFA-git/LUFA/Drivers/USB/Core/AVR8/EndpointStream_AVR8.o
 .debug_frame   0x000000000000164c       0x78 .build/obj_kb_default/protocol/lufa/LUFA-git/LUFA/Drivers/USB/Core/AVR8/Endpoint_AVR8.o
 .debug_frame   0x00000000000016c4       0x58 .build/obj_kb_default/protocol/lufa/LUFA-git/LUFA/Drivers/USB/Core/AVR8/USBController_AVR8.o
 .debug_frame   0x000000000000171c       0xfc .build/obj_kb_default/protocol/lufa/LUFA-git/LUFA/Drivers/USB/Core/AVR8/USBInterrupt_AVR8.o
 .debug_frame   0x0000000000001818       0x3c .build/obj_kb_default/protocol/lufa/LUFA-git/LUFA/Drivers/USB/Core/DeviceStandardReq.o
 .debug_frame   0x0000000000001854       0x24 .build/obj_kb_default/protocol/lufa/LUFA-git/LUFA/Drivers/USB/Core/Events.o
 .debug_frame   0x0000000000001878       0x2c .build/obj_kb_default/protocol/lufa/LUFA-git/LUFA/Drivers/USB/Core/USBTask.o

.debug_str      0x0000000000000000     0x46ce
 *(.debug_str)
 .debug_str     0x0000000000000000      0x349 /usr/lib/gcc/avr/11.2.0/../../../../avr/lib/avr51/crtat90usb1286.o
 .debug_str     0x0000000000000349     0x1043 .build/obj_kb_default/keyboards/kb/keymaps/default/keymap.o
                                       0x10a8 (size before relaxing)
 .debug_str     0x000000000000138c      0x470 .build/obj_kb_default/quantum/quantum.o
                                       0x11f2 (size before relaxing)
 .debug_str     0x00000000000017fc      0x30b .build/obj_kb_default/quantum/keymap_common.o
                                       0x13bf (size before relaxing)
 .debug_str     0x0000000000001b07       0x19 .build/obj_kb_default/quantum/keycode_config.o
                                        0x84a (size before relaxing)
 .debug_str     0x0000000000001b20       0x7a .build/obj_kb_default/quantum/process_keycode/process_leader.o
                                        0x7b8 (size before relaxing)
 .debug_str     0x0000000000001b9a      0x175 .build/obj_kb_default/quantum/matrix.o
                                        0x431 (size before relaxing)
 .debug_str     0x0000000000001d0f      0x12f .build/obj_kb_default/common/host.o
                                        0x3a1 (size before relaxing)
 .debug_str     0x0000000000001e3e       0xd6 .build/obj_kb_default/common/keyboard.o
                                        0x37f (size before relaxing)
 .debug_str     0x0000000000001f14      0x3a6 .build/obj_kb_default/common/action.o
                                       0x12e5 (size before relaxing)
 .debug_str     0x00000000000022ba       0xe8 .build/obj_kb_default/common/action_tapping.o
                                        0xb48 (size before relaxing)
 .debug_str     0x00000000000023a2       0x76 .build/obj_kb_default/common/action_macro.o
                                        0x8cc (size before relaxing)
 .debug_str     0x0000000000002418       0x94 .build/obj_kb_default/common/action_layer.o
                                        0x514 (size before relaxing)
 .debug_str     0x00000000000024ac      0x17f .build/obj_kb_default/common/action_util.o
                                        0x631 (size before relaxing)
 .debug_str     0x000000000000262b       0x1a .build/obj_kb_default/common/debug.o
                                        0x21f (size before relaxing)
 .debug_str     0x0000000000002645       0xea .build/obj_kb_default/common/eeconfig.o
                                        0x304 (size before relaxing)
 .debug_str     0x000000000000272f      0x179 .build/obj_kb_default/common/avr/suspend.o
                                        0x3b5 (size before relaxing)
 .debug_str     0x00000000000028a8       0x81 .build/obj_kb_default/common/avr/timer.o
                                        0x280 (size before relaxing)
 .debug_str     0x0000000000002929       0x69 .build/obj_kb_default/common/avr/bootloader.o
                                        0x2c0 (size before relaxing)
 .debug_str     0x0000000000002992       0x35 .build/obj_kb_default/common/bootmagic.o
                                        0xa51 (size before relaxing)
 .debug_str     0x00000000000029c7       0xf0 .build/obj_kb_default/common/mousekey.o
                                        0x6dc (size before relaxing)
 .debug_str     0x0000000000002ab7      0x4e4 .build/obj_kb_default/lufa.o
                                        0x9e8 (size before relaxing)
 .debug_str     0x0000000000002f9b      0x76e .build/obj_kb_default/descriptor.o
                                        0x9a6 (size before relaxing)
 .debug_str     0x0000000000003709       0x77 .build/obj_kb_default/protocol/lufa/LUFA-git/LUFA/Drivers/USB/Core/AVR8/Device_AVR8.o
                                        0x256 (size before relaxing)
 .debug_str     0x0000000000003780      0x4d5 .build/obj_kb_default/protocol/lufa/LUFA-git/LUFA/Drivers/USB/Core/AVR8/EndpointStream_AVR8.o
                                        0x8b8 (size before relaxing)
 .debug_str     0x0000000000003c55      0x26d .build/obj_kb_default/protocol/lufa/LUFA-git/LUFA/Drivers/USB/Core/AVR8/Endpoint_AVR8.o
                                        0x678 (size before relaxing)
 .debug_str     0x0000000000003ec2      0x1d9 .build/obj_kb_default/protocol/lufa/LUFA-git/LUFA/Drivers/USB/Core/AVR8/USBController_AVR8.o
                                        0x5b7 (size before relaxing)
 .debug_str     0x000000000000409b      0x15f .build/obj_kb_default/protocol/lufa/LUFA-git/LUFA/Drivers/USB/Core/AVR8/USBInterrupt_AVR8.o
                                        0x636 (size before relaxing)
 .debug_str     0x00000000000041fa      0x426 .build/obj_kb_default/protocol/lufa/LUFA-git/LUFA/Drivers/USB/Core/DeviceStandardReq.o
                                        0xa2a (size before relaxing)
 .debug_str     0x0000000000004620       0x50 .build/obj_kb_default/protocol/lufa/LUFA-git/LUFA/Drivers/USB/Core/Events.o
                                        0x205 (size before relaxing)
 .debug_str     0x0000000000004670       0x5e .build/obj_kb_default/protocol/lufa/LUFA-git/LUFA/Drivers/USB/Core/USBTask.o
                                        0x3dd (size before relaxing)

.debug_loc      0x0000000000000000     0x880a
 *(.debug_loc)
 .debug_loc     0x0000000000000000       0x54 .build/obj_kb_default/keyboards/kb/keymaps/default/keymap.o
 .debug_loc     0x0000000000000054      0xa84 .build/obj_kb_default/quantum/quantum.o
 .debug_loc     0x0000000000000ad8      0x521 .build/obj_kb_default/quantum/keymap_common.o
 .debug_loc     0x0000000000000ff9      0x17e .build/obj_kb_default/quantum/keycode_config.o
 .debug_loc     0x0000000000001177       0xf8 .build/obj_kb_default/quantum/process_keycode/process_leader.o
 .debug_loc     0x000000000000126f      0x4f3 .build/obj_kb_default/quantum/matrix.o
 .debug_loc     0x0000000000001762       0xf0 .build/obj_kb_default/common/host.o
 .debug_loc     0x0000000000001852      0x231 .build/obj_kb_default/common/keyboard.o
 .debug_loc     0x0000000000001a83      0x82f .build/obj_kb_default/common/action.o
 .debug_loc     0x00000000000022b2      0x6c0 .build/obj_kb_default/common/action_tapping.o
 .debug_loc     0x0000000000002972      0x5b6 .build/obj_kb_default/common/action_macro.o
 .debug_loc     0x0000000000002f28      0xa23 .build/obj_kb_default/common/action_layer.o
 .debug_loc     0x000000000000394b      0x349 .build/obj_kb_default/common/action_util.o
 .debug_loc     0x0000000000003c94       0x96 .build/obj_kb_default/common/eeconfig.o
 .debug_loc     0x0000000000003d2a       0xfe .build/obj_kb_default/common/avr/suspend.o
 .debug_loc     0x0000000000003e28      0x3c9 .build/obj_kb_default/common/avr/timer.o
 .debug_loc     0x00000000000041f1       0x64 .build/obj_kb_default/common/avr/bootloader.o
 .debug_loc     0x0000000000004255      0x381 .build/obj_kb_default/common/bootmagic.o
 .debug_loc     0x00000000000045d6      0x187 .build/obj_kb_default/common/mousekey.o
 .debug_loc     0x000000000000475d      0x7bf .build/obj_kb_default/lufa.o
 .debug_loc     0x0000000000004f1c      0x386 .build/obj_kb_default/descriptor.o
 .debug_loc     0x00000000000052a2     0x2756 .build/obj_kb_default/protocol/lufa/LUFA-git/LUFA/Drivers/USB/Core/AVR8/EndpointStream_AVR8.o
 .debug_loc     0x00000000000079f8      0x4bd .build/obj_kb_default/protocol/lufa/LUFA-git/LUFA/Drivers/USB/Core/AVR8/Endpoint_AVR8.o
 .debug_loc     0x0000000000007eb5       0xf9 .build/obj_kb_default/protocol/lufa/LUFA-git/LUFA/Drivers/USB/Core/AVR8/USBController_AVR8.o
 .debug_loc     0x0000000000007fae      0x495 .build/obj_kb_default/protocol/lufa/LUFA-git/LUFA/Drivers/USB/Core/AVR8/USBInterrupt_AVR8.o
 .debug_loc     0x0000000000008443      0x365 .build/obj_kb_default/protocol/lufa/LUFA-git/LUFA/Drivers/USB/Core/DeviceStandardReq.o
 .debug_loc     0x00000000000087a8       0x62 .build/obj_kb_default/protocol/lufa/LUFA-git/LUFA/Drivers/USB/Core/USBTask.o

.debug_macinfo
 *(.debug_macinfo)

.debug_weaknames
 *(.debug_weaknames)

.debug_funcnames
 *(.debug_funcnames)

.debug_typenames
 *(.debug_typenames)

.debug_varnames
 *(.debug_varnames)

.debug_pubtypes
 *(.debug_pubtypes)

.debug_ranges   0x0000000000000000     0x1050
 *(.debug_ranges)
 .debug_ranges  0x0000000000000000       0x28 .build/obj_kb_default/keyboards/kb/keymaps/default/keymap.o
 .debug_ranges  0x0000000000000028       0xe8 .build/obj_kb_default/quantum/quantum.o
 .debug_ranges  0x0000000000000110       0x30 .build/obj_kb_default/quantum/keymap_common.o
 .debug_ranges  0x0000000000000140       0x10 .build/obj_kb_default/quantum/keycode_config.o
 .debug_ranges  0x0000000000000150       0x18 .build/obj_kb_default/quantum/process_keycode/process_leader.o
 .debug_ranges  0x0000000000000168      0x148 .build/obj_kb_default/quantum/matrix.o
 .debug_ranges  0x00000000000002b0       0x50 .build/obj_kb_default/common/host.o
 .debug_ranges  0x0000000000000300       0x88 .build/obj_kb_default/common/keyboard.o
 .debug_ranges  0x0000000000000388       0xe0 .build/obj_kb_default/common/action.o
 .debug_ranges  0x0000000000000468       0xe8 .build/obj_kb_default/common/action_tapping.o
 .debug_ranges  0x0000000000000550       0x28 .build/obj_kb_default/common/action_macro.o
 .debug_ranges  0x0000000000000578      0x210 .build/obj_kb_default/common/action_layer.o
 .debug_ranges  0x0000000000000788      0x180 .build/obj_kb_default/common/action_util.o
 .debug_ranges  0x0000000000000908       0x58 .build/obj_kb_default/common/eeconfig.o
 .debug_ranges  0x0000000000000960       0x50 .build/obj_kb_default/common/avr/suspend.o
 .debug_ranges  0x00000000000009b0       0x40 .build/obj_kb_default/common/avr/timer.o
 .debug_ranges  0x00000000000009f0       0x18 .build/obj_kb_default/common/avr/bootloader.o
 .debug_ranges  0x0000000000000a08       0x78 .build/obj_kb_default/common/bootmagic.o
 .debug_ranges  0x0000000000000a80       0x40 .build/obj_kb_default/common/mousekey.o
 .debug_ranges  0x0000000000000ac0      0x100 .build/obj_kb_default/lufa.o
 .debug_ranges  0x0000000000000bc0       0x28 .build/obj_kb_default/descriptor.o
 .debug_ranges  0x0000000000000be8       0x10 .build/obj_kb_default/protocol/lufa/LUFA-git/LUFA/Drivers/USB/Core/AVR8/Device_AVR8.o
 .debug_ranges  0x0000000000000bf8      0x1f8 .build/obj_kb_default/protocol/lufa/LUFA-git/LUFA/Drivers/USB/Core/AVR8/EndpointStream_AVR8.o
 .debug_ranges  0x0000000000000df0       0xd0 .build/obj_kb_default/protocol/lufa/LUFA-git/LUFA/Drivers/USB/Core/AVR8/Endpoint_AVR8.o
 .debug_ranges  0x0000000000000ec0       0x20 .build/obj_kb_default/protocol/lufa/LUFA-git/LUFA/Drivers/USB/Core/AVR8/USBController_AVR8.o
 .debug_ranges  0x0000000000000ee0       0x28 .build/obj_kb_default/protocol/lufa/LUFA-git/LUFA/Drivers/USB/Core/AVR8/USBInterrupt_AVR8.o
 .debug_ranges  0x0000000000000f08      0x128 .build/obj_kb_default/protocol/lufa/LUFA-git/LUFA/Drivers/USB/Core/DeviceStandardReq.o
 .debug_ranges  0x0000000000001030       0x10 .build/obj_kb_default/protocol/lufa/LUFA-git/LUFA/Drivers/USB/Core/Events.o
 .debug_ranges  0x0000000000001040       0x10 .build/obj_kb_default/protocol/lufa/LUFA-git/LUFA/Drivers/USB/Core/USBTask.o

.debug_addr
 *(.debug_addr)

.debug_line_str
 *(.debug_line_str)

.debug_loclists
 *(.debug_loclists)

.debug_macro
 *(.debug_macro)

.debug_names
 *(.debug_names)

.debug_rnglists
 *(.debug_rnglists)

.debug_str_offsets
 *(.debug_str_offsets)

.debug_sup
 *(.debug_sup)
OUTPUT(.build/kb_default.elf elf32-avr)
LOAD linker stubs

Cross Reference Table

Symbol                                            File
CALLBACK_HIDParser_FilterHIDReportItem            .build/obj_kb_default/protocol/lufa/LUFA-git/LUFA/Drivers/USB/Class/Common/HIDParser.o
CALLBACK_USB_GetDescriptor                        .build/obj_kb_default/descriptor.o
                                                  .build/obj_kb_default/protocol/lufa/LUFA-git/LUFA/Drivers/USB/Core/DeviceStandardReq.o
ConfigurationDescriptor                           .build/obj_kb_default/descriptor.o
DeviceDescriptor                                  .build/obj_kb_default/descriptor.o
EVENT_USB_Device_ConfigurationChanged             .build/obj_kb_default/lufa.o
                                                  .build/obj_kb_default/protocol/lufa/LUFA-git/LUFA/Drivers/USB/Core/DeviceStandardReq.o
EVENT_USB_Device_Connect                          .build/obj_kb_default/lufa.o
                                                  .build/obj_kb_default/protocol/lufa/LUFA-git/LUFA/Drivers/USB/Core/AVR8/USBInterrupt_AVR8.o
EVENT_USB_Device_ControlRequest                   .build/obj_kb_default/lufa.o
                                                  .build/obj_kb_default/protocol/lufa/LUFA-git/LUFA/Drivers/USB/Core/DeviceStandardReq.o
EVENT_USB_Device_Disconnect                       .build/obj_kb_default/lufa.o
                                                  .build/obj_kb_default/protocol/lufa/LUFA-git/LUFA/Drivers/USB/Core/AVR8/USBInterrupt_AVR8.o
EVENT_USB_Device_Reset                            .build/obj_kb_default/lufa.o
                                                  .build/obj_kb_default/protocol/lufa/LUFA-git/LUFA/Drivers/USB/Core/AVR8/USBInterrupt_AVR8.o
EVENT_USB_Device_StartOfFrame                     .build/obj_kb_default/protocol/lufa/LUFA-git/LUFA/Drivers/USB/Core/Events.o
                                                  .build/obj_kb_default/protocol/lufa/LUFA-git/LUFA/Drivers/USB/Core/AVR8/USBInterrupt_AVR8.o
EVENT_USB_Device_Suspend                          .build/obj_kb_default/lufa.o
                                                  .build/obj_kb_default/protocol/lufa/LUFA-git/LUFA/Drivers/USB/Core/AVR8/USBInterrupt_AVR8.o
EVENT_USB_Device_WakeUp                           .build/obj_kb_default/lufa.o
                                                  .build/obj_kb_default/protocol/lufa/LUFA-git/LUFA/Drivers/USB/Core/AVR8/USBInterrupt_AVR8.o
Endpoint_ClearEndpoints                           .build/obj_kb_default/protocol/lufa/LUFA-git/LUFA/Drivers/USB/Core/AVR8/Endpoint_AVR8.o
Endpoint_ClearStatusStage                         .build/obj_kb_default/protocol/lufa/LUFA-git/LUFA/Drivers/USB/Core/AVR8/Endpoint_AVR8.o
                                                  .build/obj_kb_default/protocol/lufa/LUFA-git/LUFA/Drivers/USB/Core/DeviceStandardReq.o
                                                  .build/obj_kb_default/lufa.o
Endpoint_ConfigureEndpointTable                   .build/obj_kb_default/protocol/lufa/LUFA-git/LUFA/Drivers/USB/Core/AVR8/Endpoint_AVR8.o
Endpoint_ConfigureEndpoint_Prv                    .build/obj_kb_default/protocol/lufa/LUFA-git/LUFA/Drivers/USB/Core/AVR8/Endpoint_AVR8.o
                                                  .build/obj_kb_default/protocol/lufa/LUFA-git/LUFA/Drivers/USB/Core/AVR8/USBInterrupt_AVR8.o
                                                  .build/obj_kb_default/protocol/lufa/LUFA-git/LUFA/Drivers/USB/Core/AVR8/USBController_AVR8.o
                                                  .build/obj_kb_default/lufa.o
Endpoint_Discard_Stream                           .build/obj_kb_default/protocol/lufa/LUFA-git/LUFA/Drivers/USB/Core/AVR8/EndpointStream_AVR8.o
Endpoint_Null_Stream                              .build/obj_kb_default/protocol/lufa/LUFA-git/LUFA/Drivers/USB/Core/AVR8/EndpointStream_AVR8.o
Endpoint_Read_Control_EStream_BE                  .build/obj_kb_default/protocol/lufa/LUFA-git/LUFA/Drivers/USB/Core/AVR8/EndpointStream_AVR8.o
Endpoint_Read_Control_EStream_LE                  .build/obj_kb_default/protocol/lufa/LUFA-git/LUFA/Drivers/USB/Core/AVR8/EndpointStream_AVR8.o
Endpoint_Read_Control_Stream_BE                   .build/obj_kb_default/protocol/lufa/LUFA-git/LUFA/Drivers/USB/Core/AVR8/EndpointStream_AVR8.o
Endpoint_Read_Control_Stream_LE                   .build/obj_kb_default/protocol/lufa/LUFA-git/LUFA/Drivers/USB/Core/AVR8/EndpointStream_AVR8.o
Endpoint_Read_EStream_BE                          .build/obj_kb_default/protocol/lufa/LUFA-git/LUFA/Drivers/USB/Core/AVR8/EndpointStream_AVR8.o
Endpoint_Read_EStream_LE                          .build/obj_kb_default/protocol/lufa/LUFA-git/LUFA/Drivers/USB/Core/AVR8/EndpointStream_AVR8.o
Endpoint_Read_Stream_BE                           .build/obj_kb_default/protocol/lufa/LUFA-git/LUFA/Drivers/USB/Core/AVR8/EndpointStream_AVR8.o
Endpoint_Read_Stream_LE                           .build/obj_kb_default/protocol/lufa/LUFA-git/LUFA/Drivers/USB/Core/AVR8/EndpointStream_AVR8.o
Endpoint_WaitUntilReady                           .build/obj_kb_default/protocol/lufa/LUFA-git/LUFA/Drivers/USB/Core/AVR8/Endpoint_AVR8.o
                                                  .build/obj_kb_default/protocol/lufa/LUFA-git/LUFA/Drivers/USB/Core/AVR8/EndpointStream_AVR8.o
Endpoint_Write_Control_EStream_BE                 .build/obj_kb_default/protocol/lufa/LUFA-git/LUFA/Drivers/USB/Core/AVR8/EndpointStream_AVR8.o
Endpoint_Write_Control_EStream_LE                 .build/obj_kb_default/protocol/lufa/LUFA-git/LUFA/Drivers/USB/Core/AVR8/EndpointStream_AVR8.o
Endpoint_Write_Control_PStream_BE                 .build/obj_kb_default/protocol/lufa/LUFA-git/LUFA/Drivers/USB/Core/AVR8/EndpointStream_AVR8.o
Endpoint_Write_Control_PStream_LE                 .build/obj_kb_default/protocol/lufa/LUFA-git/LUFA/Drivers/USB/Core/AVR8/EndpointStream_AVR8.o
                                                  .build/obj_kb_default/protocol/lufa/LUFA-git/LUFA/Drivers/USB/Core/DeviceStandardReq.o
Endpoint_Write_Control_Stream_BE                  .build/obj_kb_default/protocol/lufa/LUFA-git/LUFA/Drivers/USB/Core/AVR8/EndpointStream_AVR8.o
Endpoint_Write_Control_Stream_LE                  .build/obj_kb_default/protocol/lufa/LUFA-git/LUFA/Drivers/USB/Core/AVR8/EndpointStream_AVR8.o
                                                  .build/obj_kb_default/protocol/lufa/LUFA-git/LUFA/Drivers/USB/Core/DeviceStandardReq.o
                                                  .build/obj_kb_default/lufa.o
Endpoint_Write_EStream_BE                         .build/obj_kb_default/protocol/lufa/LUFA-git/LUFA/Drivers/USB/Core/AVR8/EndpointStream_AVR8.o
Endpoint_Write_EStream_LE                         .build/obj_kb_default/protocol/lufa/LUFA-git/LUFA/Drivers/USB/Core/AVR8/EndpointStream_AVR8.o
Endpoint_Write_PStream_BE                         .build/obj_kb_default/protocol/lufa/LUFA-git/LUFA/Drivers/USB/Core/AVR8/EndpointStream_AVR8.o
Endpoint_Write_PStream_LE                         .build/obj_kb_default/protocol/lufa/LUFA-git/LUFA/Drivers/USB/Core/AVR8/EndpointStream_AVR8.o
Endpoint_Write_Stream_BE                          .build/obj_kb_default/protocol/lufa/LUFA-git/LUFA/Drivers/USB/Core/AVR8/EndpointStream_AVR8.o
Endpoint_Write_Stream_LE                          .build/obj_kb_default/protocol/lufa/LUFA-git/LUFA/Drivers/USB/Core/AVR8/EndpointStream_AVR8.o
                                                  .build/obj_kb_default/lufa.o
ExtrakeyReport                                    .build/obj_kb_default/descriptor.o