Archive member included to satisfy reference by file (symbol)

/usr/lib/gcc/avr/10.2.0/../../../../avr/lib/avr35/libm.a(fixsfsi.o)
                              obj_news_usb/common/mousekey.o (__fixsfsi)
/usr/lib/gcc/avr/10.2.0/../../../../avr/lib/avr35/libm.a(fixunssfsi.o)
                              /usr/lib/gcc/avr/10.2.0/../../../../avr/lib/avr35/libm.a(fixsfsi.o) (__fixunssfsi)
/usr/lib/gcc/avr/10.2.0/../../../../avr/lib/avr35/libm.a(floatsisf.o)
                              obj_news_usb/common/mousekey.o (__floatsisf)
/usr/lib/gcc/avr/10.2.0/../../../../avr/lib/avr35/libm.a(fp_split3.o)
                              /usr/lib/gcc/avr/10.2.0/../../../../avr/lib/avr35/libm.a(fixunssfsi.o) (__fp_splitA)
/usr/lib/gcc/avr/10.2.0/../../../../avr/lib/avr35/libm.a(fp_zero.o)
                              /usr/lib/gcc/avr/10.2.0/../../../../avr/lib/avr35/libm.a(fixunssfsi.o) (__fp_zero)
/usr/lib/gcc/avr/10.2.0/../../../../avr/lib/avr35/libm.a(mulsf3.o)
                              obj_news_usb/common/mousekey.o (__mulsf3)
/usr/lib/gcc/avr/10.2.0/../../../../avr/lib/avr35/libm.a(mulsf3x.o)
                              /usr/lib/gcc/avr/10.2.0/../../../../avr/lib/avr35/libm.a(mulsf3.o) (__mulsf3x)
/usr/lib/gcc/avr/10.2.0/../../../../avr/lib/avr35/libm.a(fp_inf.o)
                              /usr/lib/gcc/avr/10.2.0/../../../../avr/lib/avr35/libm.a(mulsf3x.o) (__fp_inf)
/usr/lib/gcc/avr/10.2.0/../../../../avr/lib/avr35/libm.a(fp_nan.o)
                              /usr/lib/gcc/avr/10.2.0/../../../../avr/lib/avr35/libm.a(mulsf3x.o) (__fp_nan)
/usr/lib/gcc/avr/10.2.0/../../../../avr/lib/avr35/libm.a(fp_pscA.o)
                              /usr/lib/gcc/avr/10.2.0/../../../../avr/lib/avr35/libm.a(mulsf3x.o) (__fp_pscA)
/usr/lib/gcc/avr/10.2.0/../../../../avr/lib/avr35/libm.a(fp_pscB.o)
                              /usr/lib/gcc/avr/10.2.0/../../../../avr/lib/avr35/libm.a(mulsf3x.o) (__fp_pscB)
/usr/lib/gcc/avr/10.2.0/../../../../avr/lib/avr35/libm.a(fp_round.o)
                              /usr/lib/gcc/avr/10.2.0/../../../../avr/lib/avr35/libm.a(mulsf3.o) (__fp_round)
/usr/lib/gcc/avr/10.2.0/avr35/libgcc.a(_mulhi3.o)
                              obj_news_usb/protocol/lufa/lufa-abcminiuser/LUFA/Drivers/USB/Class/Common/HIDParser.o (__mulhi3)
/usr/lib/gcc/avr/10.2.0/avr35/libgcc.a(_divmodhi4.o)
                              obj_news_usb/common/mousekey.o (__divmodhi4)
/usr/lib/gcc/avr/10.2.0/avr35/libgcc.a(_exit.o)
                              /usr/lib/gcc/avr/10.2.0/../../../../avr/lib/avr35/crtatmega32u2.o (exit)
/usr/lib/gcc/avr/10.2.0/avr35/libgcc.a(_tablejump2.o)
                              obj_news_usb/protocol/lufa/lufa-abcminiuser/LUFA/Drivers/USB/Core/DeviceStandardReq.o (__tablejump2__)
/usr/lib/gcc/avr/10.2.0/avr35/libgcc.a(_copy_data.o)
                              obj_news_usb/protocol/lufa/lufa.o (__do_copy_data)
/usr/lib/gcc/avr/10.2.0/avr35/libgcc.a(_clear_bss.o)
                              obj_news_usb/matrix.o (__do_clear_bss)
/usr/lib/gcc/avr/10.2.0/avr35/libgcc.a(_popcounthi2.o)
                              obj_news_usb/common/util.o (__popcounthi2)
/usr/lib/gcc/avr/10.2.0/avr35/libgcc.a(_popcountsi2.o)
                              obj_news_usb/common/util.o (__popcountsi2)
/usr/lib/gcc/avr/10.2.0/avr35/libgcc.a(_popcountqi2.o)
                              /usr/lib/gcc/avr/10.2.0/avr35/libgcc.a(_popcounthi2.o) (__popcountqi2)
/usr/lib/gcc/avr/10.2.0/avr35/libgcc.a(_udivmodhi4.o)
                              /usr/lib/gcc/avr/10.2.0/avr35/libgcc.a(_divmodhi4.o) (__udivmodhi4)
/usr/lib/gcc/avr/10.2.0/../../../../avr/lib/avr35/libc.a(memmove.o)
                              obj_news_usb/protocol/lufa/lufa-abcminiuser/LUFA/Drivers/USB/Class/Common/HIDParser.o (memmove)
/usr/lib/gcc/avr/10.2.0/../../../../avr/lib/avr35/libc.a(memcpy.o)
                              /usr/lib/gcc/avr/10.2.0/../../../../avr/lib/avr35/libc.a(memmove.o) (memcpy)
/usr/lib/gcc/avr/10.2.0/../../../../avr/lib/avr35/libatmega32u2.a(eerd_byte.o)
                              obj_news_usb/protocol/lufa/lufa-abcminiuser/LUFA/Drivers/USB/Core/AVR8/EndpointStream_AVR8.o (eeprom_read_byte)
/usr/lib/gcc/avr/10.2.0/../../../../avr/lib/avr35/libatmega32u2.a(eerd_word.o)
                              obj_news_usb/common/avr/eeconfig.o (eeprom_read_word)
/usr/lib/gcc/avr/10.2.0/../../../../avr/lib/avr35/libatmega32u2.a(eeupd_byte.o)
                              obj_news_usb/protocol/lufa/lufa-abcminiuser/LUFA/Drivers/USB/Core/AVR8/EndpointStream_AVR8.o (eeprom_update_byte)
/usr/lib/gcc/avr/10.2.0/../../../../avr/lib/avr35/libatmega32u2.a(eewr_byte.o)
                              obj_news_usb/common/avr/eeconfig.o (eeprom_write_byte)
/usr/lib/gcc/avr/10.2.0/../../../../avr/lib/avr35/libatmega32u2.a(eewr_word.o)
                              obj_news_usb/common/avr/eeconfig.o (eeprom_write_word)
/usr/lib/gcc/avr/10.2.0/../../../../avr/lib/avr35/libatmega32u2.a(eerd_block.o)
[...]
Memory Configuration

Name             Origin             Length             Attributes
text             0x0000000000000000 0x0000000000010000 xr
data             0x0000000000800060 0x000000000000ffa0 rw !x
eeprom           0x0000000000810000 0x0000000000010000 rw !x
fuse             0x0000000000820000 0x0000000000000400 rw !x
lock             0x0000000000830000 0x0000000000000400 rw !x
signature        0x0000000000840000 0x0000000000000400 rw !x
user_signatures  0x0000000000850000 0x0000000000000400 rw !x
*default*        0x0000000000000000 0xffffffffffffffff

Linker script and memory map

Address of section .data set to 0x800100
LOAD /usr/lib/gcc/avr/10.2.0/../../../../avr/lib/avr35/crtatmega32u2.o
LOAD obj_news_usb/keymap.o
LOAD obj_news_usb/matrix.o
LOAD obj_news_usb/led.o
LOAD obj_news_usb/news.o
LOAD obj_news_usb/protocol/lufa/lufa.o
LOAD obj_news_usb/protocol/lufa/descriptor.o
LOAD obj_news_usb/protocol/lufa/lufa-abcminiuser/LUFA/Drivers/USB/Core/AVR8/Device_AVR8.o
LOAD obj_news_usb/protocol/lufa/lufa-abcminiuser/LUFA/Drivers/USB/Core/AVR8/Endpoint_AVR8.o
LOAD obj_news_usb/protocol/lufa/lufa-abcminiuser/LUFA/Drivers/USB/Core/AVR8/EndpointStream_AVR8.o
LOAD obj_news_usb/protocol/lufa/lufa-abcminiuser/LUFA/Drivers/USB/Core/DeviceStandardReq.o
LOAD obj_news_usb/protocol/lufa/lufa-abcminiuser/LUFA/Drivers/USB/Core/AVR8/USBController_AVR8.o
LOAD obj_news_usb/protocol/lufa/lufa-abcminiuser/LUFA/Drivers/USB/Core/AVR8/USBInterrupt_AVR8.o
LOAD obj_news_usb/protocol/lufa/lufa-abcminiuser/LUFA/Drivers/USB/Core/ConfigDescriptors.o
LOAD obj_news_usb/protocol/lufa/lufa-abcminiuser/LUFA/Drivers/USB/Core/Events.o
LOAD obj_news_usb/protocol/lufa/lufa-abcminiuser/LUFA/Drivers/USB/Core/USBTask.o
LOAD obj_news_usb/protocol/lufa/lufa-abcminiuser/LUFA/Drivers/USB/Class/Common/HIDParser.o
LOAD obj_news_usb/common/host.o
LOAD obj_news_usb/common/keyboard.o
LOAD obj_news_usb/common/matrix.o
LOAD obj_news_usb/common/action.o
LOAD obj_news_usb/common/action_tapping.o
LOAD obj_news_usb/common/action_macro.o
LOAD obj_news_usb/common/action_layer.o
LOAD obj_news_usb/common/action_util.o
LOAD obj_news_usb/common/print.o
LOAD obj_news_usb/common/debug.o
LOAD obj_news_usb/common/util.o
LOAD obj_news_usb/common/hook.o
LOAD obj_news_usb/common/avr/suspend.o
LOAD obj_news_usb/common/avr/xprintf.o
LOAD obj_news_usb/common/avr/timer.o
LOAD obj_news_usb/common/avr/bootloader.o
LOAD obj_news_usb/common/keymap.o
LOAD obj_news_usb/common/bootmagic.o
LOAD obj_news_usb/common/avr/eeconfig.o
LOAD obj_news_usb/common/mousekey.o
LOAD obj_news_usb/common/command.o
LOAD /usr/lib/gcc/avr/10.2.0/../../../../avr/lib/avr35/libm.a
START GROUP
LOAD /usr/lib/gcc/avr/10.2.0/avr35/libgcc.a
LOAD /usr/lib/gcc/avr/10.2.0/../../../../avr/lib/avr35/libm.a
LOAD /usr/lib/gcc/avr/10.2.0/../../../../avr/lib/avr35/libc.a
LOAD /usr/lib/gcc/avr/10.2.0/../../../../avr/lib/avr35/libatmega32u2.a
END GROUP
                0x0000000000010000                __TEXT_REGION_LENGTH__ = DEFINED (__TEXT_REGION_LENGTH__)?__TEXT_REGION_LENGTH__:0x10000
                0x000000000000ffa0                __DATA_REGION_LENGTH__ = DEFINED (__DATA_REGION_LENGTH__)?__DATA_REGION_LENGTH__:0xffa0
                0x0000000000010000                __EEPROM_REGION_LENGTH__ = DEFINED (__EEPROM_REGION_LENGTH__)?__EEPROM_REGION_LENGTH__:0x10000
                0x0000000000000400                __FUSE_REGION_LENGTH__ = DEFINED (__FUSE_REGION_LENGTH__)?__FUSE_REGION_LENGTH__:0x400
                0x0000000000000400                __LOCK_REGION_LENGTH__ = DEFINED (__LOCK_REGION_LENGTH__)?__LOCK_REGION_LENGTH__:0x400
                0x0000000000000400                __SIGNATURE_REGION_LENGTH__ = DEFINED (__SIGNATURE_REGION_LENGTH__)?__SIGNATURE_REGION_LENGTH__:0x400
                0x0000000000000400                __USER_SIGNATURE_REGION_LENGTH__ = DEFINED (__USER_SIGNATURE_REGION_LENGTH__)?__USER_SIGNATURE_REGION_LENGTH__:0x400

.hash
 *(.hash)

.dynsym
 *(.dynsym)

.dynstr
 *(.dynstr)

.gnu.version
 *(.gnu.version)

.gnu.version_d
 *(.gnu.version_d)

.gnu.version_r
 *(.gnu.version_r)

.rel.init
 *(.rel.init)

.rela.init
 *(.rela.init)

.rel.text
 *(.rel.text)
 *(.rel.text.*)
 *(.rel.gnu.linkonce.t*)

.rela.text
 *(.rela.text)
 *(.rela.text.*)
 *(.rela.gnu.linkonce.t*)

.rel.fini
 *(.rel.fini)

.rela.fini
 *(.rela.fini)

.rel.rodata
 *(.rel.rodata)
 *(.rel.rodata.*)
 *(.rel.gnu.linkonce.r*)

.rela.rodata
 *(.rela.rodata)
 *(.rela.rodata.*)
 *(.rela.gnu.linkonce.r*)

.rel.data
 *(.rel.data)
 *(.rel.data.*)
 *(.rel.gnu.linkonce.d*)

.rela.data
 *(.rela.data)
 *(.rela.data.*)
 *(.rela.gnu.linkonce.d*)

.rel.ctors
 *(.rel.ctors)

.rela.ctors
 *(.rela.ctors)

.rel.dtors
 *(.rel.dtors)

.rela.dtors
 *(.rela.dtors)

.rel.got
 *(.rel.got)

.rela.got
 *(.rela.got)

.rel.bss
 *(.rel.bss)

.rela.bss
 *(.rela.bss)

.rel.plt
 *(.rel.plt)

.rela.plt
 *(.rela.plt)

.text           0x0000000000000000     0x5510
 *(.vectors)
 .vectors       0x0000000000000000       0x74 /usr/lib/gcc/avr/10.2.0/../../../../avr/lib/avr35/crtatmega32u2.o
                0x0000000000000000                __vectors
                0x0000000000000000                __vector_default
 *(.vectors)
 *(.progmem.gcc*)
                0x0000000000000074                . = ALIGN (0x2)
                0x0000000000000074                __trampolines_start = .
 *(.trampolines)
 .trampolines   0x0000000000000074        0x0 linker stubs
 *(.trampolines*)
                0x0000000000000074                __trampolines_end = .
 *libprintf_flt.a:*(.progmem.data)
 *libc.a:*(.progmem.data)
 *(.progmem.*)
 .progmem.data.keymaps
                0x0000000000000074       0x80 obj_news_usb/keymap.o
                0x0000000000000074                keymaps
 .progmem.data.fn_keycode
                0x00000000000000f4        0x8 obj_news_usb/keymap.o
                0x00000000000000f4                fn_keycode
 .progmem.data.fn_layer
                0x00000000000000fc        0x8 obj_news_usb/keymap.o
                0x00000000000000fc                fn_layer
 .progmem.data.__c.0
                0x0000000000000104        0x2 obj_news_usb/matrix.o
 .progmem.data.__c.1
                0x0000000000000106        0x5 obj_news_usb/matrix.o
 .progmem.data.__c.1
                0x000000000000010b       0x12 obj_news_usb/protocol/lufa/lufa.o
 .progmem.data.__c.2
                0x000000000000011d       0x12 obj_news_usb/protocol/lufa/lufa.o
 .progmem.data.__c.3
                0x000000000000012f       0x16 obj_news_usb/protocol/lufa/lufa.o
 .progmem.data.ProductString
                0x0000000000000145       0x3c obj_news_usb/protocol/lufa/descriptor.o
                0x0000000000000145                ProductString
 .progmem.data.ManufacturerString
                0x0000000000000181       0x10 obj_news_usb/protocol/lufa/descriptor.o
                0x0000000000000181                ManufacturerString
 .progmem.data.LanguageString
                0x0000000000000191        0x4 obj_news_usb/protocol/lufa/descriptor.o
                0x0000000000000191                LanguageString
 .progmem.data.ConfigurationDescriptor
                0x0000000000000195       0x74 obj_news_usb/protocol/lufa/descriptor.o
                0x0000000000000195                ConfigurationDescriptor
 .progmem.data.DeviceDescriptor
                0x0000000000000209       0x12 obj_news_usb/protocol/lufa/descriptor.o
                0x0000000000000209                DeviceDescriptor
 .progmem.data.ConsoleReport
                0x000000000000021b       0x22 obj_news_usb/protocol/lufa/descriptor.o
                0x000000000000021b                ConsoleReport
 .progmem.data.ExtrakeyReport
                0x000000000000023d       0x36 obj_news_usb/protocol/lufa/descriptor.o
                0x000000000000023d                ExtrakeyReport
 .progmem.data.MouseReport
                0x0000000000000273       0x4d obj_news_usb/protocol/lufa/descriptor.o
                0x0000000000000273                MouseReport
 .progmem.data.KeyboardReport
                0x00000000000002c0       0x40 obj_news_usb/protocol/lufa/descriptor.o
                0x00000000000002c0                KeyboardReport
 .progmem.data.__c.0
                0x0000000000000300       0x10 obj_news_usb/common/host.o
 .progmem.data.__c.1
                0x0000000000000310        0xe obj_news_usb/common/host.o
 .progmem.data.__c.2
                0x000000000000031e        0x2 obj_news_usb/common/host.o
 .progmem.data.__c.3
                0x0000000000000320        0x6 obj_news_usb/common/host.o
 .progmem.data.__c.4
                0x0000000000000326        0xb obj_news_usb/common/host.o
 .progmem.data.__c.0
                0x0000000000000331        0xb obj_news_usb/common/keyboard.o
 .progmem.data.__c.0
                0x000000000000033c        0xe obj_news_usb/common/matrix.o
 .progmem.data.__c.1
                0x000000000000034a        0xe obj_news_usb/common/matrix.o
 .progmem.data.__c.0
                0x0000000000000358        0x7 obj_news_usb/common/bootmagic.o
 .progmem.data.__c.1
                0x000000000000035f       0x15 obj_news_usb/common/bootmagic.o
 .progmem.data.__c.0
                0x0000000000000374        0x3 obj_news_usb/common/mousekey.o
 .progmem.data.__c.1
                0x0000000000000377        0x3 obj_news_usb/common/mousekey.o
 .progmem.data.__c.2
                0x000000000000037a        0x2 obj_news_usb/common/mousekey.o
 .progmem.data.__c.3
                0x000000000000037c        0x3 obj_news_usb/common/mousekey.o
 .progmem.data.__c.4
                0x000000000000037f        0x3 obj_news_usb/common/mousekey.o
 .progmem.data.__c.5
                0x0000000000000382        0x3 obj_news_usb/common/mousekey.o
 .progmem.data.__c.6
                0x0000000000000385        0x2 obj_news_usb/common/mousekey.o
 .progmem.data.__c.7
                0x0000000000000387        0x3 obj_news_usb/common/mousekey.o
 .progmem.data.__c.8
                0x000000000000038a        0x2 obj_news_usb/common/mousekey.o
 .progmem.data.__c.9
                0x000000000000038c        0x3 obj_news_usb/common/mousekey.o
 .progmem.data.__c.10
                0x000000000000038f        0x2 obj_news_usb/common/mousekey.o
 .progmem.data.__c.11
                0x0000000000000391        0x3 obj_news_usb/common/mousekey.o
 .progmem.data.__c.12
                0x0000000000000394        0x2 obj_news_usb/common/mousekey.o
 .progmem.data.__c.13
                0x0000000000000396        0x5 obj_news_usb/common/mousekey.o
 .progmem.data.__c.14
                0x000000000000039b       0x23 obj_news_usb/common/mousekey.o
 .progmem.data.__c.0
                0x00000000000003be       0x1b obj_news_usb/common/command.o
 .progmem.data.__c.1
                0x00000000000003d9       0x19 obj_news_usb/common/command.o
 .progmem.data.__c.2
                0x00000000000003f2       0x15 obj_news_usb/common/command.o
 .progmem.data.__c.3
                0x0000000000000407       0x13 obj_news_usb/common/command.o
 .progmem.data.__c.4
                0x000000000000041a       0x12 obj_news_usb/common/command.o
 .progmem.data.__c.5
                0x000000000000042c        0xf obj_news_usb/common/command.o
 .progmem.data.__c.6
                0x000000000000043b       0x1b obj_news_usb/common/command.o
 .progmem.data.__c.7
                0x0000000000000456       0x19 obj_news_usb/common/command.o
 .progmem.data.__c.8
                0x000000000000046f       0x15 obj_news_usb/common/command.o
 .progmem.data.__c.9
                0x0000000000000484       0x13 obj_news_usb/common/command.o
 .progmem.data.__c.10
                0x0000000000000497       0x12 obj_news_usb/common/command.o
 .progmem.data.__c.11
                0x00000000000004a9        0xf obj_news_usb/common/command.o
 .progmem.data.__c.12
                0x00000000000004b8        0x2 obj_news_usb/common/command.o
 .progmem.data.__c.13
                0x00000000000004ba        0x3 obj_news_usb/common/command.o
 .progmem.data.__c.14
                0x00000000000004bd       0x17 obj_news_usb/common/command.o
 .progmem.data.__c.15
                0x00000000000004d4        0x2 obj_news_usb/common/command.o
 .progmem.data.__c.16
                0x00000000000004d6        0x3 obj_news_usb/common/command.o
 .progmem.data.__c.17
                0x00000000000004d9       0x15 obj_news_usb/common/command.o
 .progmem.data.__c.18
                0x00000000000004ee        0x2 obj_news_usb/common/command.o
 .progmem.data.__c.19
                0x00000000000004f0        0x3 obj_news_usb/common/command.o
 .progmem.data.__c.20
                0x00000000000004f3       0x11 obj_news_usb/common/command.o
 .progmem.data.__c.21
                0x0000000000000504        0x2 obj_news_usb/common/command.o
 .progmem.data.__c.22
                0x0000000000000506        0x3 obj_news_usb/common/command.o
 .progmem.data.__c.23
                0x0000000000000509        0xf obj_news_usb/common/command.o
 .progmem.data.__c.24
                0x0000000000000518        0x2 obj_news_usb/common/command.o
 .progmem.data.__c.25
                0x000000000000051a        0x3 obj_news_usb/common/command.o
 .progmem.data.__c.26
                0x000000000000051d       0x12 obj_news_usb/common/command.o
 .progmem.data.__c.27
                0x000000000000052f        0x2 obj_news_usb/common/command.o
 .progmem.data.__c.28
                0x0000000000000531        0x3 obj_news_usb/common/command.o
 .progmem.data.__c.29
                0x0000000000000534       0x12 obj_news_usb/common/command.o
 .progmem.data.__c.30
                0x0000000000000546        0xe obj_news_usb/common/command.o
 .progmem.data.__c.31
                0x0000000000000554        0x3 obj_news_usb/common/command.o
 .progmem.data.__c.32
                0x0000000000000557        0x6 obj_news_usb/common/command.o
 .progmem.data.__c.33
                0x000000000000055d        0x2 obj_news_usb/common/command.o
 .progmem.data.__c.34
                0x000000000000055f        0xd obj_news_usb/common/command.o
 .progmem.data.__c.35
                0x000000000000056c        0x4 obj_news_usb/common/command.o
 .progmem.data.__c.36
                0x0000000000000570       0x4e obj_news_usb/common/command.o
 .progmem.data.__c.37
                0x00000000000005be       0xfb obj_news_usb/common/command.o
 .progmem.data.__c.38
                0x00000000000006b9        0x2 obj_news_usb/common/command.o
 .progmem.data.__c.39
                0x00000000000006bb        0x4 obj_news_usb/common/command.o
 .progmem.data.__c.40
                0x00000000000006bf        0x4 obj_news_usb/common/command.o
 .progmem.data.__c.41
                0x00000000000006c3        0x5 obj_news_usb/common/command.o
 .progmem.data.__c.42
                0x00000000000006c8       0x27 obj_news_usb/common/command.o
 .progmem.data.__c.43
                0x00000000000006ef       0x9d obj_news_usb/common/command.o
 .progmem.data.__c.44
                0x000000000000078c        0x2 obj_news_usb/common/command.o
 .progmem.data.__c.45
                0x000000000000078e        0x3 obj_news_usb/common/command.o
 .progmem.data.__c.46
                0x0000000000000791        0x8 obj_news_usb/common/command.o
 .progmem.data.__c.47
                0x0000000000000799        0x2 obj_news_usb/common/command.o
 .progmem.data.__c.48
                0x000000000000079b        0x3 obj_news_usb/common/command.o
 .progmem.data.__c.49
                0x000000000000079e       0x1c obj_news_usb/common/command.o
 .progmem.data.__c.50
                0x00000000000007ba        0x2 obj_news_usb/common/command.o
 .progmem.data.__c.51
                0x00000000000007bc        0x3 obj_news_usb/common/command.o
 .progmem.data.__c.52
                0x00000000000007bf       0x12 obj_news_usb/common/command.o
 .progmem.data.__c.53
                0x00000000000007d1        0x2 obj_news_usb/common/command.o
 .progmem.data.__c.54
                0x00000000000007d3        0x3 obj_news_usb/common/command.o
 .progmem.data.__c.55
                0x00000000000007d6        0xa obj_news_usb/common/command.o
 .progmem.data.__c.56
                0x00000000000007e0        0x2 obj_news_usb/common/command.o
 .progmem.data.__c.57
                0x00000000000007e2        0x3 obj_news_usb/common/command.o
 .progmem.data.__c.58
                0x00000000000007e5       0x12 obj_news_usb/common/command.o
 .progmem.data.__c.59
                0x00000000000007f7        0x2 obj_news_usb/common/command.o
 .progmem.data.__c.60
                0x00000000000007f9        0x3 obj_news_usb/common/command.o
 .progmem.data.__c.61
                0x00000000000007fc       0x12 obj_news_usb/common/command.o
 .progmem.data.__c.62
                0x000000000000080e        0x2 obj_news_usb/common/command.o
 .progmem.data.__c.63
                0x0000000000000810        0x3 obj_news_usb/common/command.o
 .progmem.data.__c.64
                0x0000000000000813       0x17 obj_news_usb/common/command.o
 .progmem.data.__c.65
                0x000000000000082a        0x2 obj_news_usb/common/command.o
 .progmem.data.__c.66
                0x000000000000082c        0x3 obj_news_usb/common/command.o
 .progmem.data.__c.67
                0x000000000000082f       0x19 obj_news_usb/common/command.o
 .progmem.data.__c.68
                0x0000000000000848        0x2 obj_news_usb/common/command.o
 .progmem.data.__c.69
                0x000000000000084a        0x5 obj_news_usb/common/command.o
 .progmem.data.__c.70
                0x000000000000084f       0x14 obj_news_usb/common/command.o
 .progmem.data.__c.71
                0x0000000000000863        0x2 obj_news_usb/common/command.o
 .progmem.data.__c.72
                0x0000000000000865        0x3 obj_news_usb/common/command.o
 .progmem.data.__c.73
                0x0000000000000868        0x9 obj_news_usb/common/command.o
 .progmem.data.__c.74
                0x0000000000000871        0x2 obj_news_usb/common/command.o
 .progmem.data.__c.75
                0x0000000000000873        0x3 obj_news_usb/common/command.o
 .progmem.data.__c.76
                0x0000000000000876        0xc obj_news_usb/common/command.o
 .progmem.data.__c.77
                0x0000000000000882        0x2 obj_news_usb/common/command.o
 .progmem.data.__c.78
                0x0000000000000884        0x3 obj_news_usb/common/command.o
 .progmem.data.__c.79
                0x0000000000000887        0xa obj_news_usb/common/command.o
 .progmem.data.__c.80
                0x0000000000000891        0x2 obj_news_usb/common/command.o
 .progmem.data.__c.81
                0x0000000000000893        0x3 obj_news_usb/common/command.o
 .progmem.data.__c.82
                0x0000000000000896        0xa obj_news_usb/common/command.o
 .progmem.data.__c.83
                0x00000000000008a0        0x2 obj_news_usb/common/command.o
 .progmem.data.__c.84
                0x00000000000008a2        0x5 obj_news_usb/common/command.o
 .progmem.data.__c.85
                0x00000000000008a7       0x13 obj_news_usb/common/command.o
 .progmem.data.__c.86
                0x00000000000008ba        0x2 obj_news_usb/common/command.o
 .progmem.data.__c.87
                0x00000000000008bc        0x3 obj_news_usb/common/command.o
 .progmem.data.__c.88
                0x00000000000008bf       0x10 obj_news_usb/common/command.o
 .progmem.data.__c.89
                0x00000000000008cf        0x2 obj_news_usb/common/command.o
 .progmem.data.__c.90
                0x00000000000008d1       0x17 obj_news_usb/common/command.o
 .progmem.data.__c.91
                0x00000000000008e8       0x13 obj_news_usb/common/command.o
 .progmem.data.__c.92
                0x00000000000008fb       0x17 obj_news_usb/common/command.o
 .progmem.data.__c.93
                0x0000000000000912       0x1a obj_news_usb/common/command.o
 .progmem.data.__c.94
                0x000000000000092c        0xe obj_news_usb/common/command.o
 .progmem.data.__c.95
                0x000000000000093a       0x2d obj_news_usb/common/command.o
 .progmem.data.__c.96
                0x0000000000000967       0x40 obj_news_usb/common/command.o
 .progmem.data.__c.97
                0x00000000000009a7       0x28 obj_news_usb/common/command.o
 .progmem.data.__c.98
                0x00000000000009cf       0x4b obj_news_usb/common/command.o
 .progmem.data.__c.99
                0x0000000000000a1a       0x2c obj_news_usb/common/command.o
 .progmem.data.__c.100
                0x0000000000000a46        0xf obj_news_usb/common/command.o
 .progmem.data.__c.101
                0x0000000000000a55        0xd obj_news_usb/common/command.o
 .progmem.data.__c.102
                0x0000000000000a62        0xc obj_news_usb/common/command.o
 .progmem.data.__c.103
                0x0000000000000a6e       0x10 obj_news_usb/common/command.o
 .progmem.data.__c.104
                0x0000000000000a7e        0xf obj_news_usb/common/command.o
 .progmem.data.__c.105
                0x0000000000000a8d        0xe obj_news_usb/common/command.o
 .progmem.data.__c.106
                0x0000000000000a9b        0xd obj_news_usb/common/command.o
 .progmem.data.__c.107
                0x0000000000000aa8        0xc obj_news_usb/common/command.o
 .progmem.data.__c.108
                0x0000000000000ab4        0xd obj_news_usb/common/command.o
 .progmem.data.__c.109
                0x0000000000000ac1       0x11 obj_news_usb/common/command.o
 .progmem.data.__c.110
                0x0000000000000ad2        0x4 obj_news_usb/common/command.o
 .progmem.data.__c.111
                0x0000000000000ad6        0xb obj_news_usb/common/command.o
                0x0000000000000ae2                . = ALIGN (0x2)
 *fill*         0x0000000000000ae1        0x1 
 *(.lowtext)
 *(.lowtext*)
                0x0000000000000ae2                __ctors_start = .
 *(.ctors)
                0x0000000000000ae2                __ctors_end = .
                0x0000000000000ae2                __dtors_start = .
 *(.dtors)
                0x0000000000000ae2                __dtors_end = .
 SORT_BY_NAME(*)(.ctors)
 SORT_BY_NAME(*)(.dtors)
 *(.init0)
 .init0         0x0000000000000ae2        0x0 /usr/lib/gcc/avr/10.2.0/../../../../avr/lib/avr35/crtatmega32u2.o
                0x0000000000000ae2                __init
 *(.init0)
 *(.init1)
 *(.init1)
 *(.init2)
 .init2         0x0000000000000ae2        0xc /usr/lib/gcc/avr/10.2.0/../../../../avr/lib/avr35/crtatmega32u2.o
 *(.init2)
 *(.init3)
 .init3         0x0000000000000aee       0x56 obj_news_usb/common/avr/bootloader.o
                0x0000000000000aee                bootloader_jump_after_watchdog_reset
 *(.init3)
 *(.init4)
 .init4         0x0000000000000b44       0x16 /usr/lib/gcc/avr/10.2.0/avr35/libgcc.a(_copy_data.o)
                0x0000000000000b44                __do_copy_data
 .init4         0x0000000000000b5a       0x10 /usr/lib/gcc/avr/10.2.0/avr35/libgcc.a(_clear_bss.o)
                0x0000000000000b5a                __do_clear_bss
 *(.init4)
 *(.init5)
 *(.init5)
 *(.init6)
 *(.init6)
 *(.init7)
 *(.init7)
 *(.init8)
 *(.init8)
 *(.init9)
 .init9         0x0000000000000b6a        0x8 /usr/lib/gcc/avr/10.2.0/../../../../avr/lib/avr35/crtatmega32u2.o
 *(.init9)
 *(.text)
 .text          0x0000000000000b72        0x4 /usr/lib/gcc/avr/10.2.0/../../../../avr/lib/avr35/crtatmega32u2.o
                0x0000000000000b72                __vector_22
                0x0000000000000b72                __vector_28
                0x0000000000000b72                __vector_1
                0x0000000000000b72                __vector_24
                0x0000000000000b72                __bad_interrupt
                0x0000000000000b72                __vector_6
                0x0000000000000b72                __vector_3
                0x0000000000000b72                __vector_25
                0x0000000000000b72                __vector_17
                0x0000000000000b72                __vector_7
                0x0000000000000b72                __vector_27
                0x0000000000000b72                __vector_5
                0x0000000000000b72                __vector_4
                0x0000000000000b72                __vector_9
                0x0000000000000b72                __vector_2
                0x0000000000000b72                __vector_21
                0x0000000000000b72                __vector_15
                0x0000000000000b72                __vector_8
                0x0000000000000b72                __vector_26
                0x0000000000000b72                __vector_14
                0x0000000000000b72                __vector_10
                0x0000000000000b72                __vector_16
                0x0000000000000b72                __vector_18
                0x0000000000000b72                __vector_20
 .text          0x0000000000000b76      0x15c obj_news_usb/common/avr/xprintf.o
                0x0000000000000b76                xputc
                0x0000000000000b8e                xputs
                0x0000000000000b9c                xitoa
                0x0000000000000cc0                __xprintf
                0x0000000000000cd2                . = ALIGN (0x2)
 *(.text.*)
 .text.matrix_init
                0x0000000000000cd2       0x14 obj_news_usb/matrix.o
                0x0000000000000cd2                matrix_init
 .text.matrix_scan
                0x0000000000000ce6       0x9a obj_news_usb/matrix.o
                0x0000000000000ce6                matrix_scan
 .text.matrix_get_row
                0x0000000000000d80        0xc obj_news_usb/matrix.o
                0x0000000000000d80                matrix_get_row
 .text.led_set  0x0000000000000d8c        0x2 obj_news_usb/led.o
                0x0000000000000d8c                led_set
 .text.news_init
                0x0000000000000d8e       0x16 obj_news_usb/news.o
                0x0000000000000d8e                news_init
 .text.news_recv
                0x0000000000000da4       0x28 obj_news_usb/news.o
                0x0000000000000da4                news_recv
 .text.__vector_23
                0x0000000000000dcc       0x4e obj_news_usb/news.o
                0x0000000000000dcc                __vector_23
 .text.keyboard_leds
                0x0000000000000e1a        0x6 obj_news_usb/protocol/lufa/lufa.o
 .text.send_consumer
                0x0000000000000e20       0x66 obj_news_usb/protocol/lufa/lufa.o
 .text.send_system
                0x0000000000000e86       0x6e obj_news_usb/protocol/lufa/lufa.o
 .text.send_mouse
                0x0000000000000ef4       0x46 obj_news_usb/protocol/lufa/lufa.o
 .text.send_keyboard
                0x0000000000000f3a       0x6c obj_news_usb/protocol/lufa/lufa.o
 .text.console_is_ready
                0x0000000000000fa6       0x42 obj_news_usb/protocol/lufa/lufa.o
 .text.sendchar
                0x0000000000000fe8      0x1c4 obj_news_usb/protocol/lufa/lufa.o
                0x0000000000000fe8                sendchar
 .text.EVENT_USB_Device_Connect
                0x00000000000011ac       0x12 obj_news_usb/protocol/lufa/lufa.o
                0x00000000000011ac                EVENT_USB_Device_Connect
 .text.EVENT_USB_Device_Disconnect
                0x00000000000011be        0x6 obj_news_usb/protocol/lufa/lufa.o
                0x00000000000011be                EVENT_USB_Device_Disconnect
 .text.EVENT_USB_Device_Reset
                0x00000000000011c4        0x2 obj_news_usb/protocol/lufa/lufa.o
                0x00000000000011c4                EVENT_USB_Device_Reset
 .text.EVENT_USB_Device_ConfigurationChanged
                0x00000000000011c6       0x28 obj_news_usb/protocol/lufa/lufa.o
                0x00000000000011c6                EVENT_USB_Device_ConfigurationChanged
 .text.EVENT_USB_Device_ControlRequest
                0x00000000000011ee      0x154 obj_news_usb/protocol/lufa/lufa.o
                0x00000000000011ee                EVENT_USB_Device_ControlRequest
 .text.hook_early_init
                0x0000000000001342        0x2 obj_news_usb/protocol/lufa/lufa.o
                0x0000000000001342                hook_early_init
 .text.hook_late_init
                0x0000000000001344        0x2 obj_news_usb/protocol/lufa/lufa.o
                0x0000000000001344                hook_late_init
 .text.hook_usb_suspend_loop
                0x0000000000001346       0x18 obj_news_usb/protocol/lufa/lufa.o
                0x0000000000001346                hook_usb_suspend_loop
 .text.hook_usb_startup_wait_loop
                0x000000000000135e        0x2 obj_news_usb/protocol/lufa/lufa.o
                0x000000000000135e                hook_usb_startup_wait_loop
 .text.startup.main
                0x0000000000001360      0x170 obj_news_usb/protocol/lufa/lufa.o
                0x0000000000001360                main
 .text.CALLBACK_USB_GetDescriptor
                0x00000000000014d0       0xb2 obj_news_usb/protocol/lufa/descriptor.o
                0x00000000000014d0                CALLBACK_USB_GetDescriptor
 .text.USB_Device_SendRemoteWakeup
                0x0000000000001582       0x2c obj_news_usb/protocol/lufa/lufa-abcminiuser/LUFA/Drivers/USB/Core/AVR8/Device_AVR8.o
                0x0000000000001582                USB_Device_SendRemoteWakeup
 .text.Endpoint_ConfigureEndpoint_Prv
                0x00000000000015ae       0x68 obj_news_usb/protocol/lufa/lufa-abcminiuser/LUFA/Drivers/USB/Core/AVR8/Endpoint_AVR8.o
                0x00000000000015ae                Endpoint_ConfigureEndpoint_Prv
 .text.Endpoint_ClearStatusStage
                0x0000000000001616       0x3e obj_news_usb/protocol/lufa/lufa-abcminiuser/LUFA/Drivers/USB/Core/AVR8/Endpoint_AVR8.o
                0x0000000000001616                Endpoint_ClearStatusStage
 .text.Endpoint_WaitUntilReady
                0x0000000000001654       0x62 obj_news_usb/protocol/lufa/lufa-abcminiuser/LUFA/Drivers/USB/Core/AVR8/Endpoint_AVR8.o
                0x0000000000001654                Endpoint_WaitUntilReady
 .text.Endpoint_Write_Stream_LE
                0x00000000000016b6       0x9e obj_news_usb/protocol/lufa/lufa-abcminiuser/LUFA/Drivers/USB/Core/AVR8/EndpointStream_AVR8.o
                0x00000000000016b6                Endpoint_Write_Stream_LE
 .text.Endpoint_Write_Control_Stream_LE
                0x0000000000001754       0xb2 obj_news_usb/protocol/lufa/lufa-abcminiuser/LUFA/Drivers/USB/Core/AVR8/EndpointStream_AVR8.o
                0x0000000000001754                Endpoint_Write_Control_Stream_LE
 .text.Endpoint_Write_Control_PStream_LE
                0x0000000000001806       0xb4 obj_news_usb/protocol/lufa/lufa-abcminiuser/LUFA/Drivers/USB/Core/AVR8/EndpointStream_AVR8.o
                0x0000000000001806                Endpoint_Write_Control_PStream_LE
 .text.USB_Device_ProcessControlRequest
                0x00000000000018ba      0x2a2 obj_news_usb/protocol/lufa/lufa-abcminiuser/LUFA/Drivers/USB/Core/DeviceStandardReq.o
                0x00000000000018ba                USB_Device_ProcessControlRequest
 .text.USB_Disable
                0x0000000000001b5c       0x2e obj_news_usb/protocol/lufa/lufa-abcminiuser/LUFA/Drivers/USB/Core/AVR8/USBController_AVR8.o
                0x0000000000001b5c                USB_Disable
 .text.USB_ResetInterface
                0x0000000000001b8a       0x78 obj_news_usb/protocol/lufa/lufa-abcminiuser/LUFA/Drivers/USB/Core/AVR8/USBController_AVR8.o
                0x0000000000001b8a                USB_ResetInterface
 .text.USB_Init
                0x0000000000001c02       0x14 obj_news_usb/protocol/lufa/lufa-abcminiuser/LUFA/Drivers/USB/Core/AVR8/USBController_AVR8.o
                0x0000000000001c02                USB_Init
 .text.USB_INT_DisableAllInterrupts
                0x0000000000001c16        0x6 obj_news_usb/protocol/lufa/lufa-abcminiuser/LUFA/Drivers/USB/Core/AVR8/USBInterrupt_AVR8.o
                0x0000000000001c16                USB_INT_DisableAllInterrupts
 .text.USB_INT_ClearAllInterrupts
                0x0000000000001c1c        0x6 obj_news_usb/protocol/lufa/lufa-abcminiuser/LUFA/Drivers/USB/Core/AVR8/USBInterrupt_AVR8.o
                0x0000000000001c1c                USB_INT_ClearAllInterrupts
 .text.__vector_11
                0x0000000000001c22      0x15e obj_news_usb/protocol/lufa/lufa-abcminiuser/LUFA/Drivers/USB/Core/AVR8/USBInterrupt_AVR8.o
                0x0000000000001c22                __vector_11
 .text.__vector_12
                0x0000000000001d80       0x88 obj_news_usb/protocol/lufa/lufa-abcminiuser/LUFA/Drivers/USB/Core/AVR8/USBInterrupt_AVR8.o
                0x0000000000001d80                __vector_12
 .text.USB_Event_Stub
                0x0000000000001e08        0x2 obj_news_usb/protocol/lufa/lufa-abcminiuser/LUFA/Drivers/USB/Core/Events.o
                0x0000000000001e08                USB_Event_Stub
                0x0000000000001e08                EVENT_USB_Device_StartOfFrame
 .text.host_set_driver
                0x0000000000001e0a        0xa obj_news_usb/common/host.o
                0x0000000000001e0a                host_set_driver
 .text.host_keyboard_leds
                0x0000000000001e14       0x18 obj_news_usb/common/host.o
                0x0000000000001e14                host_keyboard_leds
 .text.host_keyboard_send
                0x0000000000001e2c       0x94 obj_news_usb/common/host.o
                0x0000000000001e2c                host_keyboard_send
 .text.host_mouse_send
                0x0000000000001ec0       0x16 obj_news_usb/common/host.o
                0x0000000000001ec0                host_mouse_send
 .text.host_system_send
                0x0000000000001ed6       0x5a obj_news_usb/common/host.o
                0x0000000000001ed6                host_system_send
 .text.host_consumer_send
                0x0000000000001f30       0x5a obj_news_usb/common/host.o
                0x0000000000001f30                host_consumer_send
 .text.keyboard_setup
                0x0000000000001f8a        0x4 obj_news_usb/common/keyboard.o
                0x0000000000001f8a                keyboard_setup
 .text.keyboard_init
                0x0000000000001f8e        0xc obj_news_usb/common/keyboard.o
                0x0000000000001f8e                keyboard_init
 .text.keyboard_task
                0x0000000000001f9a      0x156 obj_news_usb/common/keyboard.o
                0x0000000000001f9a                keyboard_task
 .text.keyboard_set_leds
                0x00000000000020f0        0x4 obj_news_usb/common/keyboard.o
                0x00000000000020f0                keyboard_set_leds
 .text.matrix_setup
                0x00000000000020f4        0x2 obj_news_usb/common/matrix.o
                0x00000000000020f4                matrix_setup
 .text.matrix_is_on
                0x00000000000020f6       0x28 obj_news_usb/common/matrix.o
                0x00000000000020f6                matrix_is_on
 .text.matrix_print
                0x000000000000211e       0x68 obj_news_usb/common/matrix.o
                0x000000000000211e                matrix_print
 .text.matrix_power_up
                0x0000000000002186        0x2 obj_news_usb/common/matrix.o
                0x0000000000002186                matrix_power_up
 .text.matrix_power_down
                0x0000000000002188        0x2 obj_news_usb/common/matrix.o
                0x0000000000002188                matrix_power_down
 .text.action_exec
                0x000000000000218a       0x6e obj_news_usb/common/action.o
                0x000000000000218a                action_exec
 .text.register_code
                0x00000000000021f8      0x12e obj_news_usb/common/action.o
                0x00000000000021f8                register_code
 .text.unregister_code
                0x0000000000002326       0x50 obj_news_usb/common/action.o
                0x0000000000002326                unregister_code
 .text.register_mods
                0x0000000000002376        0xe obj_news_usb/common/action.o
                0x0000000000002376                register_mods
 .text.unregister_mods
                0x0000000000002384        0xe obj_news_usb/common/action.o
                0x0000000000002384                unregister_mods
 .text.clear_keyboard_but_mods
                0x0000000000002392       0x24 obj_news_usb/common/action.o
                0x0000000000002392                clear_keyboard_but_mods
 .text.clear_keyboard
                0x00000000000023b6        0x8 obj_news_usb/common/action.o
                0x00000000000023b6                clear_keyboard
 .text.process_action
                0x00000000000023be      0x71a obj_news_usb/common/action.o
                0x00000000000023be                process_action
 .text.is_tap_key
                0x0000000000002ad8       0x9a obj_news_usb/common/action.o
                0x0000000000002ad8                is_tap_key
 .text.debug_event
                0x0000000000002b72       0x1e obj_news_usb/common/action.o
                0x0000000000002b72                debug_event
 .text.debug_record
                0x0000000000002b90       0x20 obj_news_usb/common/action.o
                0x0000000000002b90                debug_record
 .text.debug_waiting_buffer
                0x0000000000002bb0       0x3e obj_news_usb/common/action_tapping.o
 .text.debug_tapping_key
                0x0000000000002bee       0x1c obj_news_usb/common/action_tapping.o
 .text.waiting_buffer_scan_tap
                0x0000000000002c0a       0xd6 obj_news_usb/common/action_tapping.o
 .text.process_tapping
                0x0000000000002ce0      0x366 obj_news_usb/common/action_tapping.o
 .text.action_tapping_process
                0x0000000000003046      0x13c obj_news_usb/common/action_tapping.o
                0x0000000000003046                action_tapping_process
 .text.action_macro_play
                0x0000000000003182      0x134 obj_news_usb/common/action_macro.o
                0x0000000000003182                action_macro_play
 .text.layer_state_set
                0x00000000000032b6       0x14 obj_news_usb/common/action_layer.o
 .text.default_layer_debug
                0x00000000000032ca        0x2 obj_news_usb/common/action_layer.o
                0x00000000000032ca                default_layer_debug
 .text.default_layer_set
                0x00000000000032cc       0x14 obj_news_usb/common/action_layer.o
                0x00000000000032cc                default_layer_set
 .text.default_layer_or
                0x00000000000032e0       0x60 obj_news_usb/common/action_layer.o
                0x00000000000032e0                default_layer_or
 .text.default_layer_and
                0x0000000000003340       0x60 obj_news_usb/common/action_layer.o
                0x0000000000003340                default_layer_and
 .text.default_layer_xor
                0x00000000000033a0       0x60 obj_news_usb/common/action_layer.o
                0x00000000000033a0                default_layer_xor
 .text.layer_clear
                0x0000000000003400        0xa obj_news_usb/common/action_layer.o
                0x0000000000003400                layer_clear
 .text.layer_move
                0x000000000000340a       0x4a obj_news_usb/common/action_layer.o
                0x000000000000340a                layer_move
 .text.layer_on
                0x0000000000003454       0x62 obj_news_usb/common/action_layer.o
                0x0000000000003454                layer_on
 .text.layer_off
                0x00000000000034b6       0x6a obj_news_usb/common/action_layer.o
                0x00000000000034b6                layer_off
 .text.layer_invert
                0x0000000000003520       0x62 obj_news_usb/common/action_layer.o
                0x0000000000003520                layer_invert
 .text.layer_or
                0x0000000000003582       0x50 obj_news_usb/common/action_layer.o
                0x0000000000003582                layer_or
 .text.layer_and
                0x00000000000035d2       0x50 obj_news_usb/common/action_layer.o
                0x00000000000035d2                layer_and
 .text.layer_xor
                0x0000000000003622       0x50 obj_news_usb/common/action_layer.o
                0x0000000000003622                layer_xor
 .text.layer_debug
                0x0000000000003672        0x2 obj_news_usb/common/action_layer.o
                0x0000000000003672                layer_debug
 .text.layer_switch_get_action
                0x0000000000003674      0x144 obj_news_usb/common/action_layer.o
                0x0000000000003674                layer_switch_get_action
 .text.add_key  0x00000000000037b8       0x3a obj_news_usb/common/action_util.o
                0x00000000000037b8                add_key
 .text.del_key  0x00000000000037f2       0x24 obj_news_usb/common/action_util.o
                0x00000000000037f2                del_key
 .text.clear_keys
                0x0000000000003816       0x1c obj_news_usb/common/action_util.o
                0x0000000000003816                clear_keys
 .text.get_mods
                0x0000000000003832        0x6 obj_news_usb/common/action_util.o
                0x0000000000003832                get_mods
 .text.add_mods
                0x0000000000003838        0xc obj_news_usb/common/action_util.o
                0x0000000000003838                add_mods
 .text.del_mods
                0x0000000000003844       0x10 obj_news_usb/common/action_util.o
                0x0000000000003844                del_mods
 .text.set_mods
                0x0000000000003854        0x6 obj_news_usb/common/action_util.o
                0x0000000000003854                set_mods
 .text.clear_mods
                0x000000000000385a        0x6 obj_news_usb/common/action_util.o
                0x000000000000385a                clear_mods
 .text.add_weak_mods
                0x0000000000003860        0xc obj_news_usb/common/action_util.o
                0x0000000000003860                add_weak_mods
 .text.del_weak_mods
                0x000000000000386c       0x10 obj_news_usb/common/action_util.o
                0x000000000000386c                del_weak_mods
 .text.clear_weak_mods
                0x000000000000387c        0x6 obj_news_usb/common/action_util.o
                0x000000000000387c                clear_weak_mods
 .text.set_oneshot_mods
                0x0000000000003882        0x6 obj_news_usb/common/action_util.o
                0x0000000000003882                set_oneshot_mods
 .text.clear_oneshot_mods
                0x0000000000003888        0x6 obj_news_usb/common/action_util.o
                0x0000000000003888                clear_oneshot_mods
 .text.has_anykey
                0x000000000000388e       0x20 obj_news_usb/common/action_util.o
                0x000000000000388e                has_anykey
 .text.send_keyboard_report
                0x00000000000038ae       0x4c obj_news_usb/common/action_util.o
                0x00000000000038ae                send_keyboard_report
 .text.print_set_sendchar
                0x00000000000038fa        0xa obj_news_usb/common/print.o
                0x00000000000038fa                print_set_sendchar
 .text.bitrev   0x0000000000003904       0x30 obj_news_usb/common/util.o
                0x0000000000003904                bitrev
 .text.hook_keyboard_loop
                0x0000000000003934        0x2 obj_news_usb/common/hook.o
                0x0000000000003934                hook_keyboard_loop
 .text.hook_matrix_change
                0x0000000000003936       0x1e obj_news_usb/common/hook.o
                0x0000000000003936                hook_matrix_change
 .text.hook_default_layer_change
                0x0000000000003954        0x2 obj_news_usb/common/hook.o
                0x0000000000003954                hook_default_layer_change
 .text.hook_layer_change
                0x0000000000003956        0x2 obj_news_usb/common/hook.o
                0x0000000000003956                hook_layer_change
 .text.hook_keyboard_leds_change
                0x0000000000003958        0x4 obj_news_usb/common/hook.o
                0x0000000000003958                hook_keyboard_leds_change
 .text.hook_bootmagic
                0x000000000000395c        0x2 obj_news_usb/common/hook.o
                0x000000000000395c                hook_bootmagic
 .text.hook_process_action
                0x000000000000395e        0x4 obj_news_usb/common/hook.o
                0x000000000000395e                hook_process_action
 .text.suspend_power_down
                0x0000000000003962       0x52 obj_news_usb/common/avr/suspend.o
                0x0000000000003962                suspend_power_down
 .text.suspend_wakeup_condition
                0x00000000000039b4       0x28 obj_news_usb/common/avr/suspend.o
                0x00000000000039b4                suspend_wakeup_condition
 .text.__vector_13
                0x00000000000039dc       0x4e obj_news_usb/common/avr/suspend.o
                0x00000000000039dc                __vector_13
 .text.timer_init
                0x0000000000003a2a       0x12 obj_news_usb/common/avr/timer.o
                0x0000000000003a2a                timer_init
 .text.timer_read
                0x0000000000003a3c       0x18 obj_news_usb/common/avr/timer.o
                0x0000000000003a3c                timer_read
 .text.timer_read32
                0x0000000000003a54       0x40 obj_news_usb/common/avr/timer.o
                0x0000000000003a54                timer_read32
 .text.timer_elapsed
                0x0000000000003a94       0x4a obj_news_usb/common/avr/timer.o
                0x0000000000003a94                timer_elapsed
 .text.__vector_19
                0x0000000000003ade       0x46 obj_news_usb/common/avr/timer.o
                0x0000000000003ade                __vector_19
 .text.bootloader_jump
                0x0000000000003b24       0x3e obj_news_usb/common/avr/bootloader.o
                0x0000000000003b24                bootloader_jump
 .text.keycode_to_action
                0x0000000000003b62      0x10a obj_news_usb/common/keymap.o
 .text.action_get_macro
                0x0000000000003c6c        0x6 obj_news_usb/common/keymap.o
                0x0000000000003c6c                action_get_macro
 .text.action_function
                0x0000000000003c72        0x2 obj_news_usb/common/keymap.o
                0x0000000000003c72                action_function
 .text.keymap_get_keycode
                0x0000000000003c74       0x28 obj_news_usb/common/keymap.o
                0x0000000000003c74                keymap_get_keycode
 .text.keymap_fn_layer
                0x0000000000003c9c        0xc obj_news_usb/common/keymap.o
                0x0000000000003c9c                keymap_fn_layer
 .text.keymap_fn_keycode
                0x0000000000003ca8        0xc obj_news_usb/common/keymap.o
                0x0000000000003ca8                keymap_fn_keycode
 .text.keymap_key_to_keycode
                0x0000000000003cb4        0x8 obj_news_usb/common/keymap.o
                0x0000000000003cb4                keymap_key_to_keycode
 .text.keymap_fn_to_action
                0x0000000000003cbc       0x4a obj_news_usb/common/keymap.o
                0x0000000000003cbc                keymap_fn_to_action
 .text.action_for_key
                0x0000000000003d06       0xce obj_news_usb/common/keymap.o
                0x0000000000003d06                action_for_key
 .text.scan_key
                0x0000000000003dd4       0x7e obj_news_usb/common/bootmagic.o
 .text.bootmagic_scan_key
                0x0000000000003e52       0x28 obj_news_usb/common/bootmagic.o
                0x0000000000003e52                bootmagic_scan_key
 .text.bootmagic
                0x0000000000003e7a      0x2ae obj_news_usb/common/bootmagic.o
                0x0000000000003e7a                bootmagic
 .text.eeconfig_init
                0x0000000000004128       0x34 obj_news_usb/common/avr/eeconfig.o
                0x0000000000004128                eeconfig_init
 .text.eeconfig_is_enabled
                0x000000000000415c       0x16 obj_news_usb/common/avr/eeconfig.o
                0x000000000000415c                eeconfig_is_enabled
 .text.eeconfig_read_debug
                0x0000000000004172        0x8 obj_news_usb/common/avr/eeconfig.o
                0x0000000000004172                eeconfig_read_debug
 .text.eeconfig_write_debug
                0x000000000000417a        0xa obj_news_usb/common/avr/eeconfig.o
                0x000000000000417a                eeconfig_write_debug
 .text.eeconfig_read_default_layer
                0x0000000000004184        0x8 obj_news_usb/common/avr/eeconfig.o
                0x0000000000004184                eeconfig_read_default_layer
 .text.eeconfig_write_default_layer
                0x000000000000418c        0xa obj_news_usb/common/avr/eeconfig.o
                0x000000000000418c                eeconfig_write_default_layer
 .text.eeconfig_read_keymap
                0x0000000000004196        0x8 obj_news_usb/common/avr/eeconfig.o
                0x0000000000004196                eeconfig_read_keymap
 .text.eeconfig_write_keymap
                0x000000000000419e        0xa obj_news_usb/common/avr/eeconfig.o
                0x000000000000419e                eeconfig_write_keymap
 .text.move_unit
                0x00000000000041a8       0xa0 obj_news_usb/common/mousekey.o
 .text.wheel_unit
                0x0000000000004248       0x76 obj_news_usb/common/mousekey.o
 .text.mousekey_on
                0x00000000000042be       0xd0 obj_news_usb/common/mousekey.o
                0x00000000000042be                mousekey_on
 .text.mousekey_off
                0x000000000000438e       0xfe obj_news_usb/common/mousekey.o
                0x000000000000438e                mousekey_off
 .text.mousekey_send
                0x000000000000448c      0x11a obj_news_usb/common/mousekey.o
                0x000000000000448c                mousekey_send
 .text.mousekey_task
                0x00000000000045a6      0x1d0 obj_news_usb/common/mousekey.o
                0x00000000000045a6                mousekey_task
 .text.mousekey_clear
                0x0000000000004776       0x18 obj_news_usb/common/mousekey.o
                0x0000000000004776                mousekey_clear
 .text.mousekey_console_help
                0x000000000000478e       0x2e obj_news_usb/common/command.o
 .text.mousekey_param_inc
                0x00000000000047bc      0x14a obj_news_usb/common/command.o
 .text.mousekey_param_dec
                0x0000000000004906      0x100 obj_news_usb/common/command.o
 .text.switch_default_layer
                0x0000000000004a06       0x62 obj_news_usb/common/command.o
 .text.command_common
                0x0000000000004a68      0x432 obj_news_usb/common/command.o
 .text.command_extra
                0x0000000000004e9a        0x4 obj_news_usb/common/command.o
                0x0000000000004e9a                command_extra
 .text.command_console_extra
                0x0000000000004e9e        0x4 obj_news_usb/common/command.o
                0x0000000000004e9e                command_console_extra
 .text.command_proc
                0x0000000000004ea2      0x29c obj_news_usb/common/command.o
                0x0000000000004ea2                command_proc
 .text.avr-libc.fplib
                0x000000000000513e        0xe /usr/lib/gcc/avr/10.2.0/../../../../avr/lib/avr35/libm.a(fixsfsi.o)
                0x000000000000513e                __fixsfsi
 .text.avr-libc.fplib
                0x000000000000514c       0x5e /usr/lib/gcc/avr/10.2.0/../../../../avr/lib/avr35/libm.a(fixunssfsi.o)
                0x000000000000514c                __fixunssfsi
 .text.avr-libc.fplib
                0x00000000000051aa       0x7a /usr/lib/gcc/avr/10.2.0/../../../../avr/lib/avr35/libm.a(floatsisf.o)
                0x00000000000051aa                __floatunsisf
                0x00000000000051ae                __floatsisf
 .text.avr-libc.fplib
                0x0000000000005224       0x44 /usr/lib/gcc/avr/10.2.0/../../../../avr/lib/avr35/libm.a(fp_split3.o)
                0x0000000000005224                __fp_split3
                0x0000000000005234                __fp_splitA
 .text.avr-libc.fplib
                0x0000000000005268        0xe /usr/lib/gcc/avr/10.2.0/../../../../avr/lib/avr35/libm.a(fp_zero.o)
                0x0000000000005268                __fp_zero
                0x000000000000526a                __fp_szero
 .text.avr-libc.fplib
                0x0000000000005276        0x8 /usr/lib/gcc/avr/10.2.0/../../../../avr/lib/avr35/libm.a(mulsf3.o)
                0x0000000000005276                __mulsf3
 .text.avr-libc.fplib
                0x000000000000527e       0xe2 /usr/lib/gcc/avr/10.2.0/../../../../avr/lib/avr35/libm.a(mulsf3x.o)
                0x000000000000529a                __mulsf3x
                0x00000000000052a0                __mulsf3_pse
 .text.avr-libc.fplib
                0x0000000000005360        0xc /usr/lib/gcc/avr/10.2.0/../../../../avr/lib/avr35/libm.a(fp_inf.o)
                0x0000000000005360                __fp_inf
 .text.avr-libc.fplib
                0x000000000000536c        0x6 /usr/lib/gcc/avr/10.2.0/../../../../avr/lib/avr35/libm.a(fp_nan.o)
                0x000000000000536c                __fp_nan
 .text.avr-libc.fplib
                0x0000000000005372        0xe /usr/lib/gcc/avr/10.2.0/../../../../avr/lib/avr35/libm.a(fp_pscA.o)
                0x0000000000005372                __fp_pscA
 .text.avr-libc.fplib
                0x0000000000005380        0xe /usr/lib/gcc/avr/10.2.0/../../../../avr/lib/avr35/libm.a(fp_pscB.o)
                0x0000000000005380                __fp_pscB
 .text.avr-libc.fplib
                0x000000000000538e       0x22 /usr/lib/gcc/avr/10.2.0/../../../../avr/lib/avr35/libm.a(fp_round.o)
                0x000000000000538e                __fp_round
 .text.libgcc.mul
                0x00000000000053b0       0x22 /usr/lib/gcc/avr/10.2.0/avr35/libgcc.a(_mulhi3.o)
                0x00000000000053b0                __mulhi3
 .text.libgcc.div
                0x00000000000053d2       0x28 /usr/lib/gcc/avr/10.2.0/avr35/libgcc.a(_divmodhi4.o)
                0x00000000000053d2                __divmodhi4
                0x00000000000053d2                _div
 .text.libgcc   0x00000000000053fa        0xc /usr/lib/gcc/avr/10.2.0/avr35/libgcc.a(_tablejump2.o)
                0x00000000000053fa                __tablejump2__
 .text.libgcc.div
                0x0000000000005406       0x28 /usr/lib/gcc/avr/10.2.0/avr35/libgcc.a(_udivmodhi4.o)
                0x0000000000005406                __udivmodhi4
 .text.avr-libc
                0x000000000000542e       0x10 /usr/lib/gcc/avr/10.2.0/../../../../avr/lib/avr35/libatmega32u2.a(eerd_byte.o)
                0x000000000000542e                eeprom_read_byte
 .text.avr-libc
                0x000000000000543e        0xc /usr/lib/gcc/avr/10.2.0/../../../../avr/lib/avr35/libatmega32u2.a(eerd_word.o)
                0x000000000000543e                eeprom_read_word
 .text.avr-libc
                0x000000000000544a       0x1c /usr/lib/gcc/avr/10.2.0/../../../../avr/lib/avr35/libatmega32u2.a(eewr_byte.o)
                0x000000000000544a                eeprom_write_byte
                0x000000000000544c                eeprom_write_r18
 .text.avr-libc
                0x0000000000005466        0xa /usr/lib/gcc/avr/10.2.0/../../../../avr/lib/avr35/libatmega32u2.a(eewr_word.o)
                0x0000000000005466                eeprom_write_word
 .text.avr-libc
                0x0000000000005470       0x20 /usr/lib/gcc/avr/10.2.0/../../../../avr/lib/avr35/libatmega32u2.a(eerd_block.o)
                0x0000000000005470                eeprom_read_block
                0x0000000000005474                eeprom_read_blraw
                0x0000000000005490                . = ALIGN (0x2)
 *(.fini9)
 .fini9         0x0000000000005490        0x0 /usr/lib/gcc/avr/10.2.0/avr35/libgcc.a(_exit.o)
                0x0000000000005490                exit
                0x0000000000005490                _exit
 *(.fini9)
 *(.fini8)
 *(.fini8)
 *(.fini7)
 *(.fini7)
 *(.fini6)
 *(.fini6)
 *(.fini5)
 *(.fini5)
 *(.fini4)
 *(.fini4)
 *(.fini3)
 *(.fini3)
 *(.fini2)
 *(.fini2)
 *(.fini1)
 *(.fini1)
 *(.fini0)
 .fini0         0x0000000000005490        0x4 /usr/lib/gcc/avr/10.2.0/avr35/libgcc.a(_exit.o)
 *(.fini0)
 *(.hightext)
 *(.hightext*)
 *(.progmemx.*)
                0x0000000000005494                . = ALIGN (0x2)
 *(.jumptables)
 *(.jumptables*)
 .jumptables.gcc.USB_Device_ProcessControlRequest
                0x0000000000005494       0x14 obj_news_usb/protocol/lufa/lufa-abcminiuser/LUFA/Drivers/USB/Core/DeviceStandardReq.o
 .jumptables.gcc.process_action
                0x00000000000054a8       0x20 obj_news_usb/common/action.o
 .jumptables.gcc.command_common
                0x00000000000054c8       0x48 obj_news_usb/common/command.o
                0x0000000000005510                _etext = .

.data           0x0000000000800100       0x38 load address 0x0000000000005510
                0x0000000000800100                PROVIDE (__data_start = .)
 *(.data)
 *(.data*)
 .data.timeout.5
                0x0000000000800100        0x1 obj_news_usb/protocol/lufa/lufa.o
 .data.sendbuf  0x0000000000800101        0x5 obj_news_usb/protocol/lufa/lufa.o
 .data.lufa_driver
                0x0000000000800106        0xa obj_news_usb/protocol/lufa/lufa.o
                0x0000000000800106                lufa_driver
 .data.keyboard_protocol
                0x0000000000800110        0x1 obj_news_usb/protocol/lufa/lufa.o
                0x0000000000800110                keyboard_protocol
 .data.keyboard_report
                0x0000000000800111        0x2 obj_news_usb/common/action_util.o
                0x0000000000800111                keyboard_report
 .data.mk_wheel_time_to_max
                0x0000000000800113        0x1 obj_news_usb/common/mousekey.o
                0x0000000000800113                mk_wheel_time_to_max
 .data.mk_wheel_max_speed
                0x0000000000800114        0x1 obj_news_usb/common/mousekey.o
                0x0000000000800114                mk_wheel_max_speed
 .data.mk_time_to_max
                0x0000000000800115        0x1 obj_news_usb/common/mousekey.o
                0x0000000000800115                mk_time_to_max
 .data.mk_max_speed
                0x0000000000800116        0x1 obj_news_usb/common/mousekey.o
                0x0000000000800116                mk_max_speed
 .data.mk_interval
                0x0000000000800117        0x1 obj_news_usb/common/mousekey.o
                0x0000000000800117                mk_interval
 .data.mk_delay
                0x0000000000800118        0x1 obj_news_usb/common/mousekey.o
                0x0000000000800118                mk_delay
 *(.gnu.linkonce.d*)
 *(.rodata)
 *(.rodata*)
 .rodata.CSWTCH.3
                0x0000000000800119        0x4 obj_news_usb/protocol/lufa/descriptor.o
 .rodata.CSWTCH.2
                0x000000000080011d        0x8 obj_news_usb/protocol/lufa/descriptor.o
 .rodata.CSWTCH.1
                0x0000000000800125        0x8 obj_news_usb/protocol/lufa/descriptor.o
 .rodata.matrix_print.str1.1
                0x000000000080012d        0x1 obj_news_usb/common/matrix.o
 .rodata.CSWTCH.59
                0x000000000080012e        0xa obj_news_usb/common/command.o
 *(.gnu.linkonce.r*)
                0x0000000000800138                . = ALIGN (0x2)
                0x0000000000800138                _edata = .
                0x0000000000800138                PROVIDE (__data_end = .)

.bss            0x0000000000800138      0x22a
                0x0000000000800138                PROVIDE (__bss_start = .)
 *(.bss)
 .bss           0x0000000000800138        0x2 obj_news_usb/common/avr/xprintf.o
                0x0000000000800138                xfunc_out
 *(.bss*)
 .bss.matrix    0x000000000080013a       0x10 obj_news_usb/matrix.o
 .bss.rbuf_tail
                0x000000000080014a        0x1 obj_news_usb/news.o
 .bss.rbuf_head
                0x000000000080014b        0x1 obj_news_usb/news.o
 .bss.rbuf      0x000000000080014c        0x8 obj_news_usb/news.o
 .bss.fn.0      0x0000000000800154        0x2 obj_news_usb/protocol/lufa/lufa.o
 .bss.hid_listen_ready.4
                0x0000000000800156        0x1 obj_news_usb/protocol/lufa/lufa.o
 .bss.sbuf      0x0000000000800157      0x100 obj_news_usb/protocol/lufa/lufa.o
 .bss.keyboard_report_sent
                0x0000000000800257        0x8 obj_news_usb/protocol/lufa/lufa.o
 .bss.keyboard_led_stats
                0x000000000080025f        0x1 obj_news_usb/protocol/lufa/lufa.o
 .bss.keyboard_idle
                0x0000000000800260        0x1 obj_news_usb/protocol/lufa/lufa.o
                0x0000000000800260                keyboard_idle
 .bss.USB_Device_RemoteWakeupEnabled
                0x0000000000800261        0x1 obj_news_usb/protocol/lufa/lufa-abcminiuser/LUFA/Drivers/USB/Core/DeviceStandardReq.o
                0x0000000000800261                USB_Device_RemoteWakeupEnabled
 .bss.USB_Device_CurrentlySelfPowered
                0x0000000000800262        0x1 obj_news_usb/protocol/lufa/lufa-abcminiuser/LUFA/Drivers/USB/Core/DeviceStandardReq.o
                0x0000000000800262                USB_Device_CurrentlySelfPowered
 .bss.USB_Device_ConfigurationNumber
                0x0000000000800263        0x1 obj_news_usb/protocol/lufa/lufa-abcminiuser/LUFA/Drivers/USB/Core/DeviceStandardReq.o
                0x0000000000800263                USB_Device_ConfigurationNumber
 .bss.USB_DeviceState
                0x0000000000800264        0x1 obj_news_usb/protocol/lufa/lufa-abcminiuser/LUFA/Drivers/USB/Core/USBTask.o
                0x0000000000800264                USB_DeviceState
 .bss.USB_ControlRequest
                0x0000000000800265        0x8 obj_news_usb/protocol/lufa/lufa-abcminiuser/LUFA/Drivers/USB/Core/USBTask.o
                0x0000000000800265                USB_ControlRequest
 .bss.USB_IsInitialized
                0x000000000080026d        0x1 obj_news_usb/protocol/lufa/lufa-abcminiuser/LUFA/Drivers/USB/Core/USBTask.o
                0x000000000080026d                USB_IsInitialized
 .bss.last_consumer_report
                0x000000000080026e        0x2 obj_news_usb/common/host.o
 .bss.last_system_report
                0x0000000000800270        0x2 obj_news_usb/common/host.o
 .bss.driver    0x0000000000800272        0x2 obj_news_usb/common/host.o
 .bss.led_status.1
                0x0000000000800274        0x1 obj_news_usb/common/keyboard.o
 .bss.matrix_prev.2
                0x0000000000800275       0x10 obj_news_usb/common/keyboard.o
 .bss.waiting_buffer_tail
                0x0000000000800285        0x1 obj_news_usb/common/action_tapping.o
 .bss.waiting_buffer_head
                0x0000000000800286        0x1 obj_news_usb/common/action_tapping.o
 .bss.waiting_buffer
                0x0000000000800287       0x30 obj_news_usb/common/action_tapping.o
 .bss.tapping_key
                0x00000000008002b7        0x6 obj_news_usb/common/action_tapping.o
 .bss.layer_pressed
                0x00000000008002bd       0x80 obj_news_usb/common/action_layer.o
 .bss.layer_state
                0x000000000080033d        0x4 obj_news_usb/common/action_layer.o
                0x000000000080033d                layer_state
 .bss.default_layer_state
                0x0000000000800341        0x4 obj_news_usb/common/action_layer.o
                0x0000000000800341                default_layer_state
 .bss.oneshot_mods
                0x0000000000800345        0x1 obj_news_usb/common/action_util.o
 .bss.__compound_literal.0
                0x0000000000800346        0x8 obj_news_usb/common/action_util.o
 .bss.weak_mods
                0x000000000080034e        0x1 obj_news_usb/common/action_util.o
 .bss.real_mods
                0x000000000080034f        0x1 obj_news_usb/common/action_util.o
 .bss.debug_config
                0x0000000000800350        0x1 obj_news_usb/common/debug.o
                0x0000000000800350                debug_config
 .bss.wdt_timeout
                0x0000000000800351        0x1 obj_news_usb/common/avr/suspend.o
 .bss.timer_count
                0x0000000000800352        0x4 obj_news_usb/common/avr/timer.o
                0x0000000000800352                timer_count
 .bss.keymap_config
                0x0000000000800356        0x1 obj_news_usb/common/bootmagic.o
                0x0000000000800356                keymap_config
 .bss.last_timer
                0x0000000000800357        0x2 obj_news_usb/common/mousekey.o
 .bss.mousekey_accel
                0x0000000000800359        0x1 obj_news_usb/common/mousekey.o
 .bss.mousekey_repeat
                0x000000000080035a        0x1 obj_news_usb/common/mousekey.o
 .bss.mouse_report
                0x000000000080035b        0x5 obj_news_usb/common/mousekey.o
 .bss.mousekey_param
                0x0000000000800360        0x1 obj_news_usb/common/command.o
 .bss.command_state
                0x0000000000800361        0x1 obj_news_usb/common/command.o
                0x0000000000800361                command_state
 *(COMMON)
                0x0000000000800362                PROVIDE (__bss_end = .)
                0x0000000000005510                __data_load_start = LOADADDR (.data)
                0x0000000000005548                __data_load_end = (__data_load_start + SIZEOF (.data))

.noinit         0x0000000000800362        0x4
                [!provide]                        PROVIDE (__noinit_start = .)
 *(.noinit*)
 .noinit        0x0000000000800362        0x4 obj_news_usb/common/avr/bootloader.o
                0x0000000000800362                reset_key
                [!provide]                        PROVIDE (__noinit_end = .)
                0x0000000000800366                _end = .
                [!provide]                        PROVIDE (__heap_start = .)

.eeprom         0x0000000000810000        0x0
 *(.eeprom*)
                0x0000000000810000                __eeprom_end = .

.fuse
 *(.fuse)
 *(.lfuse)
 *(.hfuse)
 *(.efuse)

.lock
 *(.lock*)

.signature
 *(.signature*)

.stab           0x0000000000000000      0x8b8
 *(.stab)
 .stab          0x0000000000000000      0x8b8 obj_news_usb/common/avr/xprintf.o

.stabstr        0x0000000000000000       0x73
 *(.stabstr)
 .stabstr       0x0000000000000000       0x73 obj_news_usb/common/avr/xprintf.o

.stab.excl
 *(.stab.excl)

.stab.exclstr
 *(.stab.exclstr)

.stab.index
 *(.stab.index)

.stab.indexstr
 *(.stab.indexstr)

.comment        0x0000000000000000       0x12
 *(.comment)
 .comment       0x0000000000000000       0x12 obj_news_usb/keymap.o
                                         0x13 (size before relaxing)
 .comment       0x0000000000000012       0x13 obj_news_usb/matrix.o
 .comment       0x0000000000000012       0x13 obj_news_usb/led.o
 .comment       0x0000000000000012       0x13 obj_news_usb/news.o
 .comment       0x0000000000000012       0x13 obj_news_usb/protocol/lufa/lufa.o
 .comment       0x0000000000000012       0x13 obj_news_usb/protocol/lufa/descriptor.o
 .comment       0x0000000000000012       0x13 obj_news_usb/protocol/lufa/lufa-abcminiuser/LUFA/Drivers/USB/Core/AVR8/Device_AVR8.o
 .comment       0x0000000000000012       0x13 obj_news_usb/protocol/lufa/lufa-abcminiuser/LUFA/Drivers/USB/Core/AVR8/Endpoint_AVR8.o
 .comment       0x0000000000000012       0x13 obj_news_usb/protocol/lufa/lufa-abcminiuser/LUFA/Drivers/USB/Core/AVR8/EndpointStream_AVR8.o
 .comment       0x0000000000000012       0x13 obj_news_usb/protocol/lufa/lufa-abcminiuser/LUFA/Drivers/USB/Core/DeviceStandardReq.o
 .comment       0x0000000000000012       0x13 obj_news_usb/protocol/lufa/lufa-abcminiuser/LUFA/Drivers/USB/Core/AVR8/USBController_AVR8.o
 .comment       0x0000000000000012       0x13 obj_news_usb/protocol/lufa/lufa-abcminiuser/LUFA/Drivers/USB/Core/AVR8/USBInterrupt_AVR8.o
 .comment       0x0000000000000012       0x13 obj_news_usb/protocol/lufa/lufa-abcminiuser/LUFA/Drivers/USB/Core/Events.o
 .comment       0x0000000000000012       0x13 obj_news_usb/protocol/lufa/lufa-abcminiuser/LUFA/Drivers/USB/Core/USBTask.o
 .comment       0x0000000000000012       0x13 obj_news_usb/common/host.o
 .comment       0x0000000000000012       0x13 obj_news_usb/common/keyboard.o
 .comment       0x0000000000000012       0x13 obj_news_usb/common/matrix.o
 .comment       0x0000000000000012       0x13 obj_news_usb/common/action.o
 .comment       0x0000000000000012       0x13 obj_news_usb/common/action_tapping.o
 .comment       0x0000000000000012       0x13 obj_news_usb/common/action_macro.o
 .comment       0x0000000000000012       0x13 obj_news_usb/common/action_layer.o
 .comment       0x0000000000000012       0x13 obj_news_usb/common/action_util.o
 .comment       0x0000000000000012       0x13 obj_news_usb/common/print.o
 .comment       0x0000000000000012       0x13 obj_news_usb/common/debug.o
 .comment       0x0000000000000012       0x13 obj_news_usb/common/util.o
 .comment       0x0000000000000012       0x13 obj_news_usb/common/hook.o
 .comment       0x0000000000000012       0x13 obj_news_usb/common/avr/suspend.o
 .comment       0x0000000000000012       0x13 obj_news_usb/common/avr/timer.o
 .comment       0x0000000000000012       0x13 obj_news_usb/common/avr/bootloader.o
 .comment       0x0000000000000012       0x13 obj_news_usb/common/keymap.o
 .comment       0x0000000000000012       0x13 obj_news_usb/common/bootmagic.o
 .comment       0x0000000000000012       0x13 obj_news_usb/common/avr/eeconfig.o
 .comment       0x0000000000000012       0x13 obj_news_usb/common/mousekey.o
 .comment       0x0000000000000012       0x13 obj_news_usb/common/command.o

.note.gnu.avr.deviceinfo
                0x0000000000000000       0x40
 .note.gnu.avr.deviceinfo
                0x0000000000000000       0x40 /usr/lib/gcc/avr/10.2.0/../../../../avr/lib/avr35/crtatmega32u2.o

.note.gnu.build-id
 *(.note.gnu.build-id)

.debug
 *(.debug)

.line
 *(.line)

.debug_srcinfo
 *(.debug_srcinfo)

.debug_sfnames
 *(.debug_sfnames)

.debug_aranges  0x0000000000000000      0x988
 *(.debug_aranges)
 .debug_aranges
                0x0000000000000000       0x18 obj_news_usb/keymap.o
 .debug_aranges
                0x0000000000000018       0x30 obj_news_usb/matrix.o
 .debug_aranges
                0x0000000000000048       0x20 obj_news_usb/led.o
 .debug_aranges
                0x0000000000000068       0x30 obj_news_usb/news.o
 .debug_aranges
                0x0000000000000098       0xb0 obj_news_usb/protocol/lufa/lufa.o
 .debug_aranges
                0x0000000000000148       0x20 obj_news_usb/protocol/lufa/descriptor.o
 .debug_aranges
                0x0000000000000168       0x20 obj_news_usb/protocol/lufa/lufa-abcminiuser/LUFA/Drivers/USB/Core/AVR8/Device_AVR8.o
 .debug_aranges
                0x0000000000000188       0x40 obj_news_usb/protocol/lufa/lufa-abcminiuser/LUFA/Drivers/USB/Core/AVR8/Endpoint_AVR8.o
 .debug_aranges
                0x00000000000001c8       0xc8 obj_news_usb/protocol/lufa/lufa-abcminiuser/LUFA/Drivers/USB/Core/AVR8/EndpointStream_AVR8.o
 .debug_aranges
                0x0000000000000290       0x20 obj_news_usb/protocol/lufa/lufa-abcminiuser/LUFA/Drivers/USB/Core/DeviceStandardReq.o
 .debug_aranges
                0x00000000000002b0       0x30 obj_news_usb/protocol/lufa/lufa-abcminiuser/LUFA/Drivers/USB/Core/AVR8/USBController_AVR8.o
 .debug_aranges
                0x00000000000002e0       0x38 obj_news_usb/protocol/lufa/lufa-abcminiuser/LUFA/Drivers/USB/Core/AVR8/USBInterrupt_AVR8.o
 .debug_aranges
                0x0000000000000318       0x30 obj_news_usb/protocol/lufa/lufa-abcminiuser/LUFA/Drivers/USB/Core/Events.o
 .debug_aranges
                0x0000000000000348       0x20 obj_news_usb/protocol/lufa/lufa-abcminiuser/LUFA/Drivers/USB/Core/USBTask.o
 .debug_aranges
                0x0000000000000368       0x60 obj_news_usb/common/host.o
 .debug_aranges
                0x00000000000003c8       0x38 obj_news_usb/common/keyboard.o
 .debug_aranges
                0x0000000000000400       0x40 obj_news_usb/common/matrix.o
 .debug_aranges
                0x0000000000000440       0x80 obj_news_usb/common/action.o
 .debug_aranges
                0x00000000000004c0       0x40 obj_news_usb/common/action_tapping.o
 .debug_aranges
                0x0000000000000500       0x20 obj_news_usb/common/action_macro.o
 .debug_aranges
                0x0000000000000520       0x90 obj_news_usb/common/action_layer.o
 .debug_aranges
                0x00000000000005b0       0xb0 obj_news_usb/common/action_util.o
 .debug_aranges
                0x0000000000000660       0x20 obj_news_usb/common/print.o
 .debug_aranges
                0x0000000000000680       0x18 obj_news_usb/common/debug.o
 .debug_aranges
                0x0000000000000698       0x60 obj_news_usb/common/util.o
 .debug_aranges
                0x00000000000006f8       0x40 obj_news_usb/common/hook.o
 .debug_aranges
                0x0000000000000738       0x40 obj_news_usb/common/avr/suspend.o
 .debug_aranges
                0x0000000000000778       0x50 obj_news_usb/common/avr/timer.o
 .debug_aranges
                0x00000000000007c8       0x28 obj_news_usb/common/avr/bootloader.o
 .debug_aranges
                0x00000000000007f0       0x60 obj_news_usb/common/keymap.o
 .debug_aranges
                0x0000000000000850       0x30 obj_news_usb/common/bootmagic.o
 .debug_aranges
                0x0000000000000880       0x68 obj_news_usb/common/avr/eeconfig.o
 .debug_aranges
                0x00000000000008e8       0x50 obj_news_usb/common/mousekey.o
 .debug_aranges
                0x0000000000000938       0x50 obj_news_usb/common/command.o

.debug_pubnames
 *(.debug_pubnames)

.debug_info     0x0000000000000000    0x11bd1
 *(.debug_info .gnu.linkonce.wi.*)
 .debug_info    0x0000000000000000      0x6ba /usr/lib/gcc/avr/10.2.0/../../../../avr/lib/avr35/crtatmega32u2.o
 .debug_info    0x00000000000006ba      0x7dc obj_news_usb/keymap.o
 .debug_info    0x0000000000000e96      0x25e obj_news_usb/matrix.o
 .debug_info    0x00000000000010f4       0x94 obj_news_usb/led.o
 .debug_info    0x0000000000001188      0x12f obj_news_usb/news.o
 .debug_info    0x00000000000012b7     0x1b9f obj_news_usb/protocol/lufa/lufa.o
 .debug_info    0x0000000000002e56      0x838 obj_news_usb/protocol/lufa/descriptor.o
 .debug_info    0x000000000000368e       0xf5 obj_news_usb/protocol/lufa/lufa-abcminiuser/LUFA/Drivers/USB/Core/AVR8/Device_AVR8.o
 .debug_info    0x0000000000003783      0x720 obj_news_usb/protocol/lufa/lufa-abcminiuser/LUFA/Drivers/USB/Core/AVR8/Endpoint_AVR8.o
 .debug_info    0x0000000000003ea3     0x1d5d obj_news_usb/protocol/lufa/lufa-abcminiuser/LUFA/Drivers/USB/Core/AVR8/EndpointStream_AVR8.o
 .debug_info    0x0000000000005c00      0xc28 obj_news_usb/protocol/lufa/lufa-abcminiuser/LUFA/Drivers/USB/Core/DeviceStandardReq.o
 .debug_info    0x0000000000006828      0x525 obj_news_usb/protocol/lufa/lufa-abcminiuser/LUFA/Drivers/USB/Core/AVR8/USBController_AVR8.o
 .debug_info    0x0000000000006d4d      0x898 obj_news_usb/protocol/lufa/lufa-abcminiuser/LUFA/Drivers/USB/Core/AVR8/USBInterrupt_AVR8.o
 .debug_info    0x00000000000075e5       0xe9 obj_news_usb/protocol/lufa/lufa-abcminiuser/LUFA/Drivers/USB/Core/Events.o
 .debug_info    0x00000000000076ce      0x2c7 obj_news_usb/protocol/lufa/lufa-abcminiuser/LUFA/Drivers/USB/Core/USBTask.o
 .debug_info    0x0000000000007995      0x633 obj_news_usb/common/host.o
 .debug_info    0x0000000000007fc8      0x4d1 obj_news_usb/common/keyboard.o
 .debug_info    0x0000000000008499      0x1d8 obj_news_usb/common/matrix.o
 .debug_info    0x0000000000008671     0x16fe obj_news_usb/common/action.o
 .debug_info    0x0000000000009d6f      0xf43 obj_news_usb/common/action_tapping.o
 .debug_info    0x000000000000acb2      0x95f obj_news_usb/common/action_macro.o
 .debug_info    0x000000000000b611      0x964 obj_news_usb/common/action_layer.o
 .debug_info    0x000000000000bf75      0x555 obj_news_usb/common/action_util.o
 .debug_info    0x000000000000c4ca       0xdf obj_news_usb/common/print.o
 .debug_info    0x000000000000c5a9      0x110 obj_news_usb/common/debug.o
 .debug_info    0x000000000000c6b9      0x2e9 obj_news_usb/common/util.o
 .debug_info    0x000000000000c9a2      0x2e4 obj_news_usb/common/hook.o
 .debug_info    0x000000000000cc86      0x308 obj_news_usb/common/avr/suspend.o
 .debug_info    0x000000000000cf8e      0x24a obj_news_usb/common/avr/timer.o
 .debug_info    0x000000000000d1d8      0x1b2 obj_news_usb/common/avr/bootloader.o
 .debug_info    0x000000000000d38a     0x10d7 obj_news_usb/common/keymap.o
 .debug_info    0x000000000000e461     0x10bd obj_news_usb/common/bootmagic.o
 .debug_info    0x000000000000f51e      0x371 obj_news_usb/common/avr/eeconfig.o
 .debug_info    0x000000000000f88f      0x83a obj_news_usb/common/mousekey.o
 .debug_info    0x00000000000100c9     0x1b08 obj_news_usb/common/command.o

.debug_abbrev   0x0000000000000000     0x4772
 *(.debug_abbrev)
 .debug_abbrev  0x0000000000000000      0x65d /usr/lib/gcc/avr/10.2.0/../../../../avr/lib/avr35/crtatmega32u2.o
 .debug_abbrev  0x000000000000065d       0x94 obj_news_usb/keymap.o
 .debug_abbrev  0x00000000000006f1      0x158 obj_news_usb/matrix.o
 .debug_abbrev  0x0000000000000849       0x66 obj_news_usb/led.o
 .debug_abbrev  0x00000000000008af       0xc6 obj_news_usb/news.o
 .debug_abbrev  0x0000000000000975      0x5b9 obj_news_usb/protocol/lufa/lufa.o
 .debug_abbrev  0x0000000000000f2e      0x189 obj_news_usb/protocol/lufa/descriptor.o
 .debug_abbrev  0x00000000000010b7       0x91 obj_news_usb/protocol/lufa/lufa-abcminiuser/LUFA/Drivers/USB/Core/AVR8/Device_AVR8.o
 .debug_abbrev  0x0000000000001148      0x29d obj_news_usb/protocol/lufa/lufa-abcminiuser/LUFA/Drivers/USB/Core/AVR8/Endpoint_AVR8.o
 .debug_abbrev  0x00000000000013e5      0x232 obj_news_usb/protocol/lufa/lufa-abcminiuser/LUFA/Drivers/USB/Core/AVR8/EndpointStream_AVR8.o
 .debug_abbrev  0x0000000000001617      0x33d obj_news_usb/protocol/lufa/lufa-abcminiuser/LUFA/Drivers/USB/Core/DeviceStandardReq.o
 .debug_abbrev  0x0000000000001954      0x1cc obj_news_usb/protocol/lufa/lufa-abcminiuser/LUFA/Drivers/USB/Core/AVR8/USBController_AVR8.o
 .debug_abbrev  0x0000000000001b20      0x285 obj_news_usb/protocol/lufa/lufa-abcminiuser/LUFA/Drivers/USB/Core/AVR8/USBInterrupt_AVR8.o
 .debug_abbrev  0x0000000000001da5       0x89 obj_news_usb/protocol/lufa/lufa-abcminiuser/LUFA/Drivers/USB/Core/Events.o
 .debug_abbrev  0x0000000000001e2e      0x1aa obj_news_usb/protocol/lufa/lufa-abcminiuser/LUFA/Drivers/USB/Core/USBTask.o
 .debug_abbrev  0x0000000000001fd8      0x226 obj_news_usb/common/host.o
 .debug_abbrev  0x00000000000021fe      0x1d9 obj_news_usb/common/keyboard.o
 .debug_abbrev  0x00000000000023d7      0x158 obj_news_usb/common/matrix.o
 .debug_abbrev  0x000000000000252f      0x323 obj_news_usb/common/action.o
 .debug_abbrev  0x0000000000002852      0x36c obj_news_usb/common/action_tapping.o
 .debug_abbrev  0x0000000000002bbe      0x1aa obj_news_usb/common/action_macro.o
 .debug_abbrev  0x0000000000002d68      0x320 obj_news_usb/common/action_layer.o
 .debug_abbrev  0x0000000000003088      0x280 obj_news_usb/common/action_util.o
 .debug_abbrev  0x0000000000003308       0x9f obj_news_usb/common/print.o
 .debug_abbrev  0x00000000000033a7       0xa2 obj_news_usb/common/debug.o
 .debug_abbrev  0x0000000000003449       0xec obj_news_usb/common/util.o
 .debug_abbrev  0x0000000000003535      0x1bb obj_news_usb/common/hook.o
 .debug_abbrev  0x00000000000036f0      0x1f8 obj_news_usb/common/avr/suspend.o
 .debug_abbrev  0x00000000000038e8      0x13d obj_news_usb/common/avr/timer.o
 .debug_abbrev  0x0000000000003a25      0x138 obj_news_usb/common/avr/bootloader.o
 .debug_abbrev  0x0000000000003b5d      0x2ad obj_news_usb/common/keymap.o
 .debug_abbrev  0x0000000000003e0a      0x2be obj_news_usb/common/bootmagic.o
 .debug_abbrev  0x00000000000040c8       0xcf obj_news_usb/common/avr/eeconfig.o
 .debug_abbrev  0x0000000000004197      0x243 obj_news_usb/common/mousekey.o
 .debug_abbrev  0x00000000000043da      0x398 obj_news_usb/common/command.o

.debug_line     0x0000000000000000    0x10c95
 *(.debug_line .debug_line.* .debug_line_end)
 .debug_line    0x0000000000000000       0x1d /usr/lib/gcc/avr/10.2.0/../../../../avr/lib/avr35/crtatmega32u2.o
 .debug_line    0x000000000000001d       0x69 obj_news_usb/keymap.o
 .debug_line    0x0000000000000086      0x24d obj_news_usb/matrix.o
 .debug_line    0x00000000000002d3       0x5b obj_news_usb/led.o
 .debug_line    0x000000000000032e      0x198 obj_news_usb/news.o
 .debug_line    0x00000000000004c6     0x1e62 obj_news_usb/protocol/lufa/lufa.o
 .debug_line    0x0000000000002328      0x2e5 obj_news_usb/protocol/lufa/descriptor.o
 .debug_line    0x000000000000260d      0x218 obj_news_usb/protocol/lufa/lufa-abcminiuser/LUFA/Drivers/USB/Core/AVR8/Device_AVR8.o
 .debug_line    0x0000000000002825      0xaa8 obj_news_usb/protocol/lufa/lufa-abcminiuser/LUFA/Drivers/USB/Core/AVR8/Endpoint_AVR8.o
 .debug_line    0x00000000000032cd     0x3383 obj_news_usb/protocol/lufa/lufa-abcminiuser/LUFA/Drivers/USB/Core/AVR8/EndpointStream_AVR8.o
 .debug_line    0x0000000000006650      0xe26 obj_news_usb/protocol/lufa/lufa-abcminiuser/LUFA/Drivers/USB/Core/DeviceStandardReq.o
 .debug_line    0x0000000000007476      0x67a obj_news_usb/protocol/lufa/lufa-abcminiuser/LUFA/Drivers/USB/Core/AVR8/USBController_AVR8.o
 .debug_line    0x0000000000007af0      0xc2f obj_news_usb/protocol/lufa/lufa-abcminiuser/LUFA/Drivers/USB/Core/AVR8/USBInterrupt_AVR8.o
 .debug_line    0x000000000000871f       0xfa obj_news_usb/protocol/lufa/lufa-abcminiuser/LUFA/Drivers/USB/Core/Events.o
 .debug_line    0x0000000000008819      0x2be obj_news_usb/protocol/lufa/lufa-abcminiuser/LUFA/Drivers/USB/Core/USBTask.o
 .debug_line    0x0000000000008ad7      0x495 obj_news_usb/common/host.o
 .debug_line    0x0000000000008f6c      0x3eb obj_news_usb/common/keyboard.o
 .debug_line    0x0000000000009357      0x1b2 obj_news_usb/common/matrix.o
 .debug_line    0x0000000000009509     0x120a obj_news_usb/common/action.o
 .debug_line    0x000000000000a713      0xcb0 obj_news_usb/common/action_tapping.o
 .debug_line    0x000000000000b3c3      0x477 obj_news_usb/common/action_macro.o
 .debug_line    0x000000000000b83a      0x63d obj_news_usb/common/action_layer.o
 .debug_line    0x000000000000be77      0x65e obj_news_usb/common/action_util.o
 .debug_line    0x000000000000c4d5       0xa5 obj_news_usb/common/print.o
 .debug_line    0x000000000000c57a       0x66 obj_news_usb/common/debug.o
 .debug_line    0x000000000000c5e0      0x65b obj_news_usb/common/util.o
 .debug_line    0x000000000000cc3b      0x11e obj_news_usb/common/hook.o
 .debug_line    0x000000000000cd59      0x3df obj_news_usb/common/avr/suspend.o
 .debug_line    0x000000000000d138      0x372 obj_news_usb/common/avr/timer.o
 .debug_line    0x000000000000d4aa      0x230 obj_news_usb/common/avr/bootloader.o
 .debug_line    0x000000000000d6da      0x763 obj_news_usb/common/keymap.o
 .debug_line    0x000000000000de3d      0x930 obj_news_usb/common/bootmagic.o
 .debug_line    0x000000000000e76d      0x210 obj_news_usb/common/avr/eeconfig.o
 .debug_line    0x000000000000e97d      0xf8c obj_news_usb/common/mousekey.o
 .debug_line    0x000000000000f909     0x138c obj_news_usb/common/command.o

.debug_frame    0x0000000000000000     0x1a4c
 *(.debug_frame)
 .debug_frame   0x0000000000000000       0x64 obj_news_usb/matrix.o
 .debug_frame   0x0000000000000064       0x24 obj_news_usb/led.o
 .debug_frame   0x0000000000000088       0x64 obj_news_usb/news.o
 .debug_frame   0x00000000000000ec      0x1bc obj_news_usb/protocol/lufa/lufa.o
 .debug_frame   0x00000000000002a8       0x24 obj_news_usb/protocol/lufa/descriptor.o
 .debug_frame   0x00000000000002cc       0x24 obj_news_usb/protocol/lufa/lufa-abcminiuser/LUFA/Drivers/USB/Core/AVR8/Device_AVR8.o
 .debug_frame   0x00000000000002f0       0x78 obj_news_usb/protocol/lufa/lufa-abcminiuser/LUFA/Drivers/USB/Core/AVR8/Endpoint_AVR8.o
 .debug_frame   0x0000000000000368      0x404 obj_news_usb/protocol/lufa/lufa-abcminiuser/LUFA/Drivers/USB/Core/AVR8/EndpointStream_AVR8.o
 .debug_frame   0x000000000000076c       0x3c obj_news_usb/protocol/lufa/lufa-abcminiuser/LUFA/Drivers/USB/Core/DeviceStandardReq.o
 .debug_frame   0x00000000000007a8       0x44 obj_news_usb/protocol/lufa/lufa-abcminiuser/LUFA/Drivers/USB/Core/AVR8/USBController_AVR8.o
 .debug_frame   0x00000000000007ec       0xec obj_news_usb/protocol/lufa/lufa-abcminiuser/LUFA/Drivers/USB/Core/AVR8/USBInterrupt_AVR8.o
 .debug_frame   0x00000000000008d8       0x44 obj_news_usb/protocol/lufa/lufa-abcminiuser/LUFA/Drivers/USB/Core/Events.o
 .debug_frame   0x000000000000091c       0x2c obj_news_usb/protocol/lufa/lufa-abcminiuser/LUFA/Drivers/USB/Core/USBTask.o
 .debug_frame   0x0000000000000948      0x10c obj_news_usb/common/host.o
 .debug_frame   0x0000000000000a54       0x94 obj_news_usb/common/keyboard.o
 .debug_frame   0x0000000000000ae8       0xd8 obj_news_usb/common/matrix.o
 .debug_frame   0x0000000000000bc0      0x16c obj_news_usb/common/action.o
 .debug_frame   0x0000000000000d2c       0xdc obj_news_usb/common/action_tapping.o
 .debug_frame   0x0000000000000e08       0x48 obj_news_usb/common/action_macro.o
 .debug_frame   0x0000000000000e50      0x238 obj_news_usb/common/action_layer.o
 .debug_frame   0x0000000000001088      0x144 obj_news_usb/common/action_util.o
 .debug_frame   0x00000000000011cc       0x24 obj_news_usb/common/print.o
 .debug_frame   0x00000000000011f0       0xd8 obj_news_usb/common/util.o
 .debug_frame   0x00000000000012c8       0x94 obj_news_usb/common/hook.o
 .debug_frame   0x000000000000135c       0x7c obj_news_usb/common/avr/suspend.o
 .debug_frame   0x00000000000013d8       0xd4 obj_news_usb/common/avr/timer.o
 .debug_frame   0x00000000000014ac       0x34 obj_news_usb/common/avr/bootloader.o
 .debug_frame   0x00000000000014e0       0xb0 obj_news_usb/common/keymap.o
 .debug_frame   0x0000000000001590       0x84 obj_news_usb/common/bootmagic.o
 .debug_frame   0x0000000000001614       0xb4 obj_news_usb/common/avr/eeconfig.o
 .debug_frame   0x00000000000016c8       0xf4 obj_news_usb/common/mousekey.o
 .debug_frame   0x00000000000017bc      0x290 obj_news_usb/common/command.o

.debug_str      0x0000000000000000     0x41ec
 *(.debug_str)
 .debug_str     0x0000000000000000      0x262 /usr/lib/gcc/avr/10.2.0/../../../../avr/lib/avr35/crtatmega32u2.o
 .debug_str     0x0000000000000262      0xce4 obj_news_usb/keymap.o
                                        0xd35 (size before relaxing)
 .debug_str     0x0000000000000f46       0x5f obj_news_usb/matrix.o
                                        0x21c (size before relaxing)
 .debug_str     0x0000000000000fa5       0x16 obj_news_usb/led.o
                                        0x1ba (size before relaxing)
 .debug_str     0x0000000000000fbb       0x4e obj_news_usb/news.o
                                        0x206 (size before relaxing)
 .debug_str     0x0000000000001009      0x90e obj_news_usb/protocol/lufa/lufa.o
                                        0xb58 (size before relaxing)
 .debug_str     0x0000000000001917      0x781 obj_news_usb/protocol/lufa/descriptor.o
                                        0x98e (size before relaxing)
 .debug_str     0x0000000000002098       0x83 obj_news_usb/protocol/lufa/lufa-abcminiuser/LUFA/Drivers/USB/Core/AVR8/Device_AVR8.o
                                        0x249 (size before relaxing)
 .debug_str     0x000000000000211b      0x244 obj_news_usb/protocol/lufa/lufa-abcminiuser/LUFA/Drivers/USB/Core/AVR8/Endpoint_AVR8.o
                                        0x66b (size before relaxing)
 .debug_str     0x000000000000235f      0x4c0 obj_news_usb/protocol/lufa/lufa-abcminiuser/LUFA/Drivers/USB/Core/AVR8/EndpointStream_AVR8.o
                                        0x8ab (size before relaxing)
 .debug_str     0x000000000000281f      0x497 obj_news_usb/protocol/lufa/lufa-abcminiuser/LUFA/Drivers/USB/Core/DeviceStandardReq.o
                                        0x9fa (size before relaxing)
 .debug_str     0x0000000000002cb6      0x1e4 obj_news_usb/protocol/lufa/lufa-abcminiuser/LUFA/Drivers/USB/Core/AVR8/USBController_AVR8.o
                                        0x581 (size before relaxing)
 .debug_str     0x0000000000002e9a      0x103 obj_news_usb/protocol/lufa/lufa-abcminiuser/LUFA/Drivers/USB/Core/AVR8/USBInterrupt_AVR8.o
                                        0x5d6 (size before relaxing)
 .debug_str     0x0000000000002f9d       0x7e obj_news_usb/protocol/lufa/lufa-abcminiuser/LUFA/Drivers/USB/Core/Events.o
                                        0x222 (size before relaxing)
 .debug_str     0x000000000000301b       0x76 obj_news_usb/protocol/lufa/lufa-abcminiuser/LUFA/Drivers/USB/Core/USBTask.o
                                        0x3d0 (size before relaxing)
 .debug_str     0x0000000000003091       0xd5 obj_news_usb/common/host.o
                                        0x392 (size before relaxing)
 .debug_str     0x0000000000003166      0x103 obj_news_usb/common/keyboard.o
                                        0x3a4 (size before relaxing)
 .debug_str     0x0000000000003269       0x59 obj_news_usb/common/matrix.o
                                        0x24b (size before relaxing)
 .debug_str     0x00000000000032c2      0x567 obj_news_usb/common/action.o
                                       0x13ea (size before relaxing)
 .debug_str     0x0000000000003829       0xec obj_news_usb/common/action_tapping.o
                                        0xd6b (size before relaxing)
 .debug_str     0x0000000000003915       0x99 obj_news_usb/common/action_macro.o
                                        0xb41 (size before relaxing)
 .debug_str     0x00000000000039ae       0xc9 obj_news_usb/common/action_layer.o
                                        0x491 (size before relaxing)
 .debug_str     0x0000000000003a77       0x8f obj_news_usb/common/action_util.o
                                        0x359 (size before relaxing)
 .debug_str     0x0000000000003b06       0x36 obj_news_usb/common/print.o
                                        0x1f4 (size before relaxing)
 .debug_str     0x0000000000003b3c       0x1e obj_news_usb/common/debug.o
                                        0x20a (size before relaxing)
 .debug_str     0x0000000000003b5a       0x5e obj_news_usb/common/util.o
                                        0x220 (size before relaxing)
 .debug_str     0x0000000000003bb8       0x2c obj_news_usb/common/hook.o
                                        0x315 (size before relaxing)
 .debug_str     0x0000000000003be4       0x5a obj_news_usb/common/avr/suspend.o
                                        0x38a (size before relaxing)
 .debug_str     0x0000000000003c3e       0x62 obj_news_usb/common/avr/timer.o
                                        0x247 (size before relaxing)
 .debug_str     0x0000000000003ca0       0x77 obj_news_usb/common/avr/bootloader.o
                                        0x269 (size before relaxing)
 .debug_str     0x0000000000003d17      0x130 obj_news_usb/common/keymap.o
                                       0x114d (size before relaxing)
 .debug_str     0x0000000000003e47       0xe4 obj_news_usb/common/bootmagic.o
                                        0xe30 (size before relaxing)
 .debug_str     0x0000000000003f2b       0x7b obj_news_usb/common/avr/eeconfig.o
                                        0x2ee (size before relaxing)
 .debug_str     0x0000000000003fa6       0xf4 obj_news_usb/common/mousekey.o
                                        0x6ba (size before relaxing)
 .debug_str     0x000000000000409a      0x152 obj_news_usb/common/command.o
                                        0xd33 (size before relaxing)

.debug_loc      0x0000000000000000     0x8fa2
 *(.debug_loc)
 .debug_loc     0x0000000000000000       0xf4 obj_news_usb/matrix.o
 .debug_loc     0x00000000000000f4       0xa9 obj_news_usb/news.o
 .debug_loc     0x000000000000019d      0x940 obj_news_usb/protocol/lufa/lufa.o
 .debug_loc     0x0000000000000add      0x354 obj_news_usb/protocol/lufa/descriptor.o
 .debug_loc     0x0000000000000e31      0x4a0 obj_news_usb/protocol/lufa/lufa-abcminiuser/LUFA/Drivers/USB/Core/AVR8/Endpoint_AVR8.o
 .debug_loc     0x00000000000012d1     0x271c obj_news_usb/protocol/lufa/lufa-abcminiuser/LUFA/Drivers/USB/Core/AVR8/EndpointStream_AVR8.o
 .debug_loc     0x00000000000039ed      0x388 obj_news_usb/protocol/lufa/lufa-abcminiuser/LUFA/Drivers/USB/Core/DeviceStandardReq.o
 .debug_loc     0x0000000000003d75       0x9a obj_news_usb/protocol/lufa/lufa-abcminiuser/LUFA/Drivers/USB/Core/AVR8/USBController_AVR8.o
 .debug_loc     0x0000000000003e0f      0x450 obj_news_usb/protocol/lufa/lufa-abcminiuser/LUFA/Drivers/USB/Core/AVR8/USBInterrupt_AVR8.o
 .debug_loc     0x000000000000425f       0x62 obj_news_usb/protocol/lufa/lufa-abcminiuser/LUFA/Drivers/USB/Core/USBTask.o
 .debug_loc     0x00000000000042c1      0x2c7 obj_news_usb/common/host.o
 .debug_loc     0x0000000000004588      0x194 obj_news_usb/common/keyboard.o
 .debug_loc     0x000000000000471c      0x151 obj_news_usb/common/matrix.o
 .debug_loc     0x000000000000486d      0xd60 obj_news_usb/common/action.o
 .debug_loc     0x00000000000055cd      0x6ba obj_news_usb/common/action_tapping.o
 .debug_loc     0x0000000000005c87      0x6ea obj_news_usb/common/action_macro.o
 .debug_loc     0x0000000000006371      0x811 obj_news_usb/common/action_layer.o
 .debug_loc     0x0000000000006b82      0x1cc obj_news_usb/common/action_util.o
 .debug_loc     0x0000000000006d4e      0x4dd obj_news_usb/common/util.o
 .debug_loc     0x000000000000722b       0x97 obj_news_usb/common/hook.o
 .debug_loc     0x00000000000072c2       0xc9 obj_news_usb/common/avr/suspend.o
 .debug_loc     0x000000000000738b      0x2bc obj_news_usb/common/avr/timer.o
 .debug_loc     0x0000000000007647       0x16 obj_news_usb/common/avr/bootloader.o
 .debug_loc     0x000000000000765d      0x3ac obj_news_usb/common/keymap.o
 .debug_loc     0x0000000000007a09      0x371 obj_news_usb/common/bootmagic.o
 .debug_loc     0x0000000000007d7a       0x96 obj_news_usb/common/avr/eeconfig.o
 .debug_loc     0x0000000000007e10      0x616 obj_news_usb/common/mousekey.o
 .debug_loc     0x0000000000008426      0xb7c obj_news_usb/common/command.o

.debug_macinfo
 *(.debug_macinfo)

.debug_weaknames
 *(.debug_weaknames)

.debug_funcnames
 *(.debug_funcnames)

.debug_typenames
 *(.debug_typenames)

.debug_varnames
 *(.debug_varnames)

.debug_pubtypes
 *(.debug_pubtypes)

.debug_ranges   0x0000000000000000     0x1410
 *(.debug_ranges)
 .debug_ranges  0x0000000000000000       0x20 obj_news_usb/matrix.o
 .debug_ranges  0x0000000000000020       0x10 obj_news_usb/led.o
 .debug_ranges  0x0000000000000030       0x20 obj_news_usb/news.o
 .debug_ranges  0x0000000000000050      0x268 obj_news_usb/protocol/lufa/lufa.o